2021-09-28 17:33:25.665 20141-20182/? W/System.err:     at com.tencent.qqlive.modules.ticker.XCTicker.onRealVrReport(XCTicker.java:1)
2021-09-28 17:33:25.665 20141-20182/? W/System.err:     at android.os.Handler.dispatchMessage(Handler.java:103)
2021-09-28 17:33:25.665 20141-20182/? W/System.err:     at com.tencent.qqlive.qadstorage.base.QADPrefsStorage.remove(QADPrefsStorage.java:1)
2021-09-28 17:33:25.665 20141-20182/? W/System.err:     at com.tencent.qqlive.qadstorage.base.QADPrefsStorage.get(QADPrefsStorage.java:3)
2021-09-28 17:33:25.665 20141-20182/? W/System.err:     at com.tencent.qqlive.qadstorage.QADStorage.get(QADStorage.java:1)
2021-09-28 17:33:25.665 20141-20182/? W/System.err:     at com.tencent.qqlive.qadconfig.common.QAdConfigParser$2.onReadCache(QAdConfigParser.java:2)
2021-09-28 17:33:25.665 20141-20182/? W/System.err:     at com.tencent.qqlive.qconfigparser.QConfig$1.onReadCache(QConfig.java:2)
2021-09-28 17:33:25.665 20141-20182/? W/System.err:     at com.tencent.qqlive.qconfigparser.QConfigLoader.getFieldCacheValue(QConfigLoader.java:2)
2021-09-28 17:33:25.665 20141-20182/? W/System.err:     at com.tencent.qqlive.qconfigparser.QConfigLoader.loadVariableValue(QConfigLoader.java:1)
2021-09-28 17:33:25.665 20141-20182/? W/System.err:     at com.tencent.qqlive.qconfigparser.QConfigLoader.loadValue(QConfigLoader.java:7)
2021-09-28 17:33:25.665 20141-20182/? W/System.err:     at com.tencent.qqlive.qconfigparser.QConfigLoader.loadConfig(QConfigLoader.java:3)
2021-09-28 17:33:25.665 20141-20182/? W/System.err:     at com.tencent.qqlive.qconfigparser.QConfigLoader.loadClassValue(QConfigLoader.java:4)
2021-09-28 17:33:25.665 20141-20182/? W/System.err:     at com.tencent.qqlive.qconfigparser.QConfigLoader.loadValue(QConfigLoader.java:5)
2021-09-28 17:33:25.665 20141-20182/? W/System.err:     at com.tencent.qqlive.qconfigparser.QConfigLoader.loadConfig(QConfigLoader.java:3)
2021-09-28 17:33:25.665 20141-20182/? W/System.err:     at com.tencent.qqlive.qconfigparser.QConfig.loadConfigCache(QConfig.java:2)
2021-09-28 17:33:25.665 20141-20182/? W/System.err:     at com.tencent.qqlive.qadconfig.common.QAdConfigParser.loadConfigCache(QAdConfigParser.java:1)
2021-09-28 17:33:25.665 20141-20182/? W/System.err:     at com.tencent.qqlive.qadconfig.common.QAdCommonConfigModel.loadFromCache(QAdCommonConfigModel.java:2)
2021-09-28 17:33:25.665 20141-20182/? W/System.err:     at com.tencent.qqlive.qadconfig.common.QAdCommonConfigManager.<init>(QAdCommonConfigManager.java:4)
2021-09-28 17:33:25.665 20141-20182/? W/System.err:     at com.tencent.qqlive.modules.ticker.TickUtils.let(TickUtils.java:1)
2021-09-28 17:33:25.665 20141-20182/? W/System.err:     at com.tencent.qqlive.modules.ticker.XCTicker.a(XCTicker.java:1)
2021-09-28 17:33:25.665 20141-20182/? W/System.err: java.lang.NullPointerException: Attempt to invoke interface method 'java.lang.String android.content.SharedPreferences.getString(java.lang.String, java.lang.String)' on a null object reference
2021-09-28 17:33:25.666 20141-20182/? W/System.err:     at com.tencent.qqlive.qadstorage.base.QADPrefsStorage.get(QADPrefsStorage.java:1)
2021-09-28 17:33:25.666 20141-20182/? W/System.err:     at com.tencent.qqlive.qadstorage.QADStorage.get(QADStorage.java:1)
2021-09-28 17:33:25.666 20141-20182/? W/System.err:     at com.tencent.qqlive.qadconfig.common.QAdConfigParser$2.onReadCache(QAdConfigParser.java:2)
2021-09-28 17:33:25.666 20141-20182/? W/System.err:     at com.tencent.qqlive.qconfigparser.QConfig$1.onReadCache(QConfig.java:2)
2021-09-28 17:33:25.666 20141-20182/? W/System.err:     at com.tencent.qqlive.qconfigparser.QConfigLoader.getFieldCacheValue(QConfigLoader.java:2)
2021-09-28 17:33:25.666 20141-20182/? W/System.err:     at com.tencent.qqlive.qconfigparser.QConfigLoader.loadVariableValue(QConfigLoader.java:1)
2021-09-28 17:33:25.666 20141-20182/? W/System.err:     at com.tencent.qqlive.qconfigparser.QConfigLoader.loadValue(QConfigLoader.java:7)
2021-09-28 17:33:25.666 20141-20182/? W/System.err:     at com.tencent.qqlive.qconfigparser.QConfigLoader.loadConfig(QConfigLoader.java:3)
2021-09-28 17:33:25.666 20141-20182/? W/System.err:     at com.tencent.qqlive.qconfigparser.QConfigLoader.loadClassValue(QConfigLoader.java:4)
2021-09-28 17:33:25.666 20141-20182/? W/System.err:     at com.tencent.qqlive.qconfigparser.QConfigLoader.loadValue(QConfigLoader.java:5)
2021-09-28 17:33:25.666 20141-20182/? W/System.err:     at com.tencent.qqlive.qconfigparser.QConfigLoader.loadConfig(QConfigLoader.java:3)
2021-09-28 17:33:25.666 20141-20182/? W/System.err:     at com.tencent.qqlive.qconfigparser.QConfig.loadConfigCache(QConfig.java:2)
2021-09-28 17:33:25.666 20141-20182/? W/System.err:     at com.tencent.qqlive.qadconfig.common.QAdConfigParser.loadConfigCache(QAdConfigParser.java:1)
2021-09-28 17:33:25.666 20141-20182/? W/System.err:     at com.tencent.qqlive.qadconfig.common.QAdCommonConfigModel.loadFromCache(QAdCommonConfigModel.java:2)
2021-09-28 17:33:25.666 20141-20182/? W/System.err:     at com.tencent.qqlive.qadconfig.common.QAdCommonConfigManager.<init>(QAdCommonConfigManager.java:4)
2021-09-28 17:33:25.666 20141-20182/? W/System.err:     at com.tencent.qqlive.qadconfig.common.QAdCommonConfigManager.shareInstance(QAdCommonConfigManager.java:4)
2021-09-28 17:33:25.666 20141-20182/? W/System.err:     at com.tencent.qqlive.qadreport.util.QAdAppConfigHelper.getExpId(QAdAppConfigHelper.java:1)
2021-09-28 17:33:25.666 20141-20182/? W/System.err:     at com.tencent.qqlive.ona.base.launchmonitor.XCTickHelper.setAdExperimentId(XCTickHelper.java:1)
2021-09-28 17:33:25.666 20141-20182/? W/System.err:     at com.tencent.qqlive.ona.base.launchmonitor.XCTickHelper.onReport(XCTickHelper.java:12)
2021-09-28 17:33:25.666 20141-20182/? W/System.err:     at com.tencent.qqlive.modules.ticker.XCTicker.a(XCTicker.java:47)
2021-09-28 17:33:25.666 20141-20182/? W/System.err:     at f.a.d.w.d.f.accept(Unknown Source:4)
2021-09-28 17:33:25.666 20141-20182/? W/System.err:     at com.tencent.qqlive.modules.ticker.TickUtils.let(TickUtils.java:1)
2021-09-28 17:33:25.666 20141-20182/? W/System.err:     at com.tencent.qqlive.modules.ticker.XCTicker.onReport(XCTicker.java:1)
2021-09-28 17:33:25.666 20141-20182/? W/System.err:     at com.tencent.qqlive.modules.ticker.XCTicker.onRealVrReport(XCTicker.java:1)
2021-09-28 17:33:25.666 20141-20182/? W/System.err:     at com.tencent.qqlive.modules.ticker.XCTicker.report(XCTicker.java:7)
2021-09-28 17:33:25.666 20141-20182/? W/System.err:     at com.tencent.qqlive.modules.ticker.XCTicker.a(XCTicker.java:4)
2021-09-28 17:33:25.666 20141-20182/? W/System.err:     at f.a.d.w.d.d.run(Unknown Source:2)
2021-09-28 17:33:25.666 20141-20182/? W/System.err:     at com.tencent.qqlive.modules.ticker.XCTicker.realDisableMonitor(XCTicker.java:8)
2021-09-28 17:33:25.666 20141-20182/? W/System.err:     at android.os.Handler.handleCallback(Handler.java:900)
2021-09-28 17:33:25.666 20141-20182/? W/System.err: java.lang.NullPointerException: Attempt to invoke interface method 'android.content.SharedPreferences$Editor android.content.SharedPreferences.edit()' on a null object reference
2021-09-28 17:33:25.666 20141-20182/? W/System.err:     at com.tencent.qqlive.qadstorage.base.QADPrefsStorage.remove(QADPrefsStorage.java:1)
2021-09-28 17:33:25.666 20141-20182/? W/System.err:     at com.tencent.qqlive.qadstorage.base.QADPrefsStorage.get(QADPrefsStorage.java:3)
2021-09-28 17:33:25.666 20141-20182/? W/System.err:     at com.tencent.qqlive.qadstorage.QADStorage.get(QADStorage.java:1)
2021-09-28 17:33:25.666 20141-20182/? W/System.err:     at com.tencent.qqlive.qadconfig.common.QAdConfigParser$2.onReadCache(QAdConfigParser.java:2)
2021-09-28 17:33:25.666 20141-20182/? W/System.err:     at com.tencent.qqlive.qconfigparser.QConfig$1.onReadCache(QConfig.java:2)
2021-09-28 17:33:25.666 20141-20182/? W/System.err:     at com.tencent.qqlive.qconfigparser.QConfigLoader.getFieldCacheValue(QConfigLoader.java:2)
2021-09-28 17:33:25.666 20141-20182/? W/System.err:     at com.tencent.qqlive.qconfigparser.QConfigLoader.loadVariableValue(QConfigLoader.java:1)
2021-09-28 17:33:25.666 20141-20182/? W/System.err:     at com.tencent.qqlive.qconfigparser.QConfigLoader.loadValue(QConfigLoader.java:7)
2021-09-28 17:33:25.666 20141-20182/? W/System.err:     at com.tencent.qqlive.qconfigparser.QConfig.loadConfigCache(QConfig.java:2)
2021-09-28 17:33:25.666 20141-20182/? W/System.err:     at com.tencent.qqlive.qadconfig.common.QAdCommonConfigManager.<init>(QAdCommonConfigManager.java:4)
2021-09-28 17:33:25.666 20141-20182/? W/System.err:     at com.tencent.qqlive.qadconfig.common.QAdCommonConfigManager.shareInstance(QAdCommonConfigManager.java:4)
2021-09-28 17:33:25.666 20141-20182/? W/System.err:     at com.tencent.qqlive.qadreport.util.QAdAppConfigHelper.getExpId(QAdAppConfigHelper.java:1)
2021-09-28 17:33:25.666 20141-20182/? W/System.err:     at com.tencent.qqlive.ona.base.launchmonitor.XCTickHelper.onReport(XCTickHelper.java:12)
2021-09-28 17:33:25.676 20226-20226/? I/MMKV: <MMKV_IO.cpp:81::loadFromFile> loading [mmkv_inner_prefs_migrate_finish] with 58 actual size, file size 4096, InterProcess 1, meta info version:3
2021-09-28 17:33:25.676 20226-20226/? I/MMKV: <MMKV_IO.cpp:86::loadFromFile> loading [mmkv_inner_prefs_migrate_finish] with crc 4097170385 sequence 1 version 3
2021-09-28 17:33:25.676 20226-20226/? I/MMKV: <MMKV_IO.cpp:130::loadFromFile> loaded [mmkv_inner_prefs_migrate_finish] with 2 key-values
2021-09-28 17:33:25.680 500-500/? I/hwservicemanager: getTransport: Cannot find entry android.hardware.graphics.mapper@3.0::IMapper/default in either framework or device manifest.
2021-09-28 17:33:25.681 20141-20232/? W/Gralloc3: mapper 3.x is not supported
2021-09-28 17:33:25.682 20226-20226/? I/LoadedApk: No resource references to update in package com.huawei.camerakit.impl
2021-09-28 17:33:25.682 20141-20212/? I/chromium: [0928/173325.682319:INFO:tnet_request_adapter.h(49)] new buffer block: 0xb67a6e30
2021-09-28 17:33:25.682 20141-20211/? I/chromium: [0928/173325.682507:INFO:tnet_quic_adapter.cc(233)] TnetAdapter OnRequestFinish with code: 0, this: 0xb53d8440
2021-09-28 17:33:25.683 20141-20196/? I/chromium: [0928/173325.683767:INFO:tnet_quic_adapter.cc(275)] TnetAdapter destroy, this: 0xb53d8440
2021-09-28 17:33:25.683 20141-20196/? I/chromium: [0928/173325.683798:INFO:tnet_quic_adapter.cc(41)] Destroy tnet adapter, this: 0xb53d8440
2021-09-28 17:33:25.683 20141-20196/? I/chromium: [0928/173325.683812:INFO:tnet_request_common.cc(130)] Front request destroy: 0xb47ac920
2021-09-28 17:33:25.683 20141-20196/? I/chromium: [0928/173325.683843:INFO:tnet_quic_adapter.cc(43)] request has been delete
2021-09-28 17:33:25.684 20141-20212/? I/chromium: [0928/173325.684066:INFO:tnet_request_adapter.h(61)] delete buffer block: 0xb67a6e30
2021-09-28 17:33:25.684 20226-20248/? I/HwPartIawareFactory: add android.common.HwPartIawareFactoryImpl to memory.
2021-09-28 17:33:25.684 20226-20248/? I/AwareBitmapCacher: init processName:com.tencent.qqlive:services pid=20226 uid=10307
2021-09-28 17:33:25.692 1649-2974/? E/WifiPermissionsUtil: getUidPermission is DENIED and permissionType android.permission.ACCESS_COARSE_LOCATIONuid 10307
2021-09-28 17:33:25.693 1649-2974/? E/WifiService: enforceCanAccessScanResults: hiding ssid and bssidUID 10307 has no location permission
2021-09-28 17:33:25.694 20226-20226/? I/qqlive:service: System.exit called, status: 0
2021-09-28 17:33:25.694 20226-20226/? I/AndroidRuntime: VM exiting with result code 0, cleanup skipped.
2021-09-28 17:33:25.702 1649-5667/? I/PackageManager: Returning preferred activity: com.huawei.android.launcher/com.huawei.android.launcher.unihome.UniHomeLauncher
2021-09-28 17:33:25.702 1649-5667/? I/PackageManager: choose best activity: com.huawei.android.launcher, com.huawei.android.launcher.unihome.UniHomeLauncher
2021-09-28 17:33:25.703 20141-20358/? D/HiTouch_PressGestureDetector: onAttached, package=com.tencent.qqlive, windowType=1, mHiTouchRestricted=false
2021-09-28 17:33:25.703 1649-2974/? I/WindowManager: dispatchResized : win = Window{1ad97b9 u0 com.tencent.qqlive/com.tencent.qqlive.ona.activity.SplashHomeActivity} drawState = DRAW_PENDING
2021-09-28 17:33:25.708 20141-20232/? D/mali_winsys: EGLint new_window_surface(egl_winsys_display *, void *, EGLSurface, EGLConfig, egl_winsys_surface **, EGLBoolean) returns 0x3000
2021-09-28 17:33:25.718 1649-1719/? I/WindowManager: dispatchResized : win = Window{1ad9699 u0 com.tencent.qqlive/com.tencent.qqlive.ona.activity.SplashHomeActivity} drawState = READY_TO_SHOW
2021-09-28 17:33:25.725 1649-1737/? I/ActivityTaskManager: Displayed com.tencent.qqlive/.ona.activity.SplashHomeActivity: +464ms
2021-09-28 17:33:25.728 20141-20141/? I/HwViewRootImpl: removeInvalidNode jank list is null
2021-09-28 17:33:25.729 1649-1719/? I/ViewRootImpl: dispatchDetachedFromWindow in doDie
2021-09-28 17:33:25.729 1649-1719/? I/WindowManager: removeIfPossible: Window{1894ee1 u0 Splash Screen com.tencent.qqlive} callers=com.android.server.wm.WindowState.removeIfPossible:775388 com.android.server.wm.WindowManagerService.removeWindow:850072 android.view.ViewRootImpl.dispatchDetachedFromWindow:4980192 android.view.ViewRootImpl.doDie:4978372 android.view.ViewRootImpl$ViewRootHandler.handleMessage:5313056
2021-09-28 17:33:25.730 1649-1719/? I/WindowManager: Not removing Window{1894ee1 u0 Splash Screen com.tencent.qqlive EXITING} due to exit animation
2021-09-28 17:33:25.733 20141-20232/? D/OpenGLRenderer: disableOutlineDraw is true
2021-09-28 17:33:25.734 1649-5667/? I/ActivityManager: Process com.tencent.qqlive:services (pid 20226) has died: fore BTOP
2021-09-28 17:33:25.734 677-677/? I/Zygote: Process 20226 exited cleanly (0)
2021-09-28 17:33:25.734 20141-20232/? D/OpenGLRenderer: disableOutlineDraw is true
2021-09-28 17:33:25.734 1649-1744/? I/libprocessgroup: Successfully killed process cgroup uid 10307 pid 20226 in 0ms
2021-09-28 17:33:25.734 1649-5667/? D/ActivityManager: cleanUpApplicationRecord app: 20226:com.tencent.qqlive:services/u0a307, bad: false, restarting: false, allowRestart: true
2021-09-28 17:33:25.734 1649-1731/? I/HwPowerManagerService: appdie release wakelock, pid = 20226, uid = 10307
2021-09-28 17:33:25.734 1649-5667/? W/ActivityManager: Scheduling restart of crashed service com.tencent.qqlive/.modules.vb.wrapperloginservice.WrapperLoginDaemon in 1000ms
2021-09-28 17:33:25.735 1649-2192/? W/HwAudioServiceEx: SoundEffectState bundle get reserved is invalid
2021-09-28 17:33:25.735 1649-2192/? I/HwAudioServiceEx: sendAppKilledIntentForKit, isKitPackageOnPause = false, isKitPackageKill = false, isKitPackageOnResume = false
2021-09-28 17:33:25.736 2793-29624/? E/HsmCoreServiceImpl: onTransact in code is: 102
2021-09-28 17:33:25.736 2793-29624/? I/MediaProcessHandler: processOp opType: 1, uid: 10307, pid: 20226
2021-09-28 17:33:25.736 2793-29624/? W/MediaProcessHandler: only the process it self can do this operation: 10307, 1000, 20226, 2547
2021-09-28 17:33:25.736 2793-29624/? I/MediaProcessHandler: executedCallBack opType: 1 mMediaStatusObservers.size=0
2021-09-28 17:33:25.737 2710-4098/? E/AwareLog: Stub: processProcessDied has not been overridden!
2021-09-28 17:33:25.742 1649-3567/? D/RemoteAnimationController: app-onAnimationFinished(): mOuter=com.android.server.wm.RemoteAnimationController@1afa35f
2021-09-28 17:33:25.742 1649-3567/? D/RemoteAnimationController: onAnimationFinished(): Notify animation finished:
2021-09-28 17:33:25.742 1649-3567/? I/WindowManager: send SET_LAUNCHER_VISIBLE_IN_FINGER_BOOST isVisible:true isNeedHandleWallpaperScale:true, callingPid: 1649
2021-09-28 17:33:25.742 1649-1718/? I/WindowManager: handle SET_LAUNCHER_VISIBLE_IN_FINGER_BOOST isVisible:true isNeedHandleWallpaperScale: true
2021-09-28 17:33:25.742 1649-3567/? I/WindowManager: Animation done in AppWindowToken{1a13159 token=Token{1268ea4 ActivityRecord{1aa5959 u0 com.tencent.qqlive/.ona.activity.SplashHomeActivity t4554}}} isHidden:false hiddenRequested:false
2021-09-28 17:33:25.742 1649-3567/? V/ActivityTaskManager: Stopping ActivityRecord{14decb1 u0 com.huawei.android.launcher/.unihome.UniHomeLauncher t3756}: nowVisible=false animating=true finishing=false
2021-09-28 17:33:25.742 1649-3567/? I/WindowManager: Animation done in AppWindowToken{14e15c9 token=Token{18d1944 ActivityRecord{14decb1 u0 com.huawei.android.launcher/.unihome.UniHomeLauncher t3756}}} isHidden:true hiddenRequested:true
2021-09-28 17:33:25.743 1649-1719/? I/WindowManager: New wallpaper target: null prevTarget: Window{136d971 u0 com.huawei.android.launcher/com.huawei.android.launcher.unihome.UniHomeLauncher}
2021-09-28 17:33:25.743 1077-1465/? E/ScreemCommon: fail to extract lcd fps mode!
2021-09-28 17:33:25.744 396-396/? I/PanelView1: notifyBarPanelExpansionChanged isPanelVisibleBecauseOfHeadsUp=false,mInstantExpanding=false,mTracking=false
2021-09-28 17:33:25.744 396-396/? I/PanelView2: notifyBarPanelExpansionChanged mPeekAnimator is non null?false,mHeightAnimator is non null?false
2021-09-28 17:33:25.744 396-396/? I/PanelView1: notifyBarPanelExpansionChanged isPanelVisibleBecauseOfHeadsUp=false,mInstantExpanding=false,mTracking=false
2021-09-28 17:33:25.744 396-396/? I/PanelView2: notifyBarPanelExpansionChanged mPeekAnimator is non null?false,mHeightAnimator is non null?false
2021-09-28 17:33:25.749 1649-1719/? I/WindowManager: dispatchResized : win = Window{1ad9699 u0 com.tencent.qqlive/com.tencent.qqlive.ona.activity.SplashHomeActivity} drawState = HAS_DRAWN
2021-09-28 17:33:25.749 1649-1719/? I/WindowManager: dispatchResized : win = Window{1894ee1 u0 Splash Screen com.tencent.qqlive EXITING} drawState = HAS_DRAWN
2021-09-28 17:33:25.751 1649-1718/? D/WindowManager: setLauncherVisibleInFingerBoost record=ActivityRecord{14decb1 u0 com.huawei.android.launcher/.unihome.UniHomeLauncher t3756}
2021-09-28 17:33:25.751 1649-1718/? I/WindowManager: setLauncherVisible setAlpha to 1.0
2021-09-28 17:33:25.751 1649-1718/? D/WindowManager: setLauncherVisible wallpaperScale=false
2021-09-28 17:33:25.751 1649-1718/? D/WindowManager: WS setWallpaperScale return, wallpaper no need to recover
2021-09-28 17:33:25.751 1077-1465/? W/ScreemCommon: ProcessEntry, not beta version or commercial log off
2021-09-28 17:33:25.753 31516-31516/? I/HiBoard_11.0.25.336_Workspace: onWindowVisibilityChanged8 isOverlayClosed:true
2021-09-28 17:33:25.755 1649-5667/? V/ActivityTaskManager: Activity idle: Token{1268ea4 ActivityRecord{1aa5959 u0 com.tencent.qqlive/.ona.activity.SplashHomeActivity t4554}}
2021-09-28 17:33:25.756 752-981/? W/BufferQueueProducer: [com.huawei.intelligent.Workspace#0]:1403: disconnect: not connected (req=1)
2021-09-28 17:33:25.757 31516-2332/? W/libEGL: EGLNativeWindowType 0x70655e15d0 disconnect failed
2021-09-28 17:33:25.757 1649-2070/? W/AwareLog: AwareMem_MemoryUtils: invalid swappiness value
2021-09-28 17:33:25.757 716-716/? W/hwcomposer: setGpuFreqBoost:159: boostGpuFreq release !
2021-09-28 17:33:25.763 2793-3007/? D/DollieActivityManagerAdapter: [UidStateChanged]  uid:10089 uidState:6
2021-09-28 17:33:25.763 2793-3007/? E/DollieAdapterService: notifyActivityState pkg:com.huawei.android.launcher/com.huawei.android.launcher.unihome.UniHomeLauncher state:6 fg:false mUid:10089
2021-09-28 17:33:25.763 2793-3007/? I/OllieMsgCenter: publishEvt what:2130771969
2021-09-28 17:33:25.764 2793-3007/? E/BoosterUtil: convertSubIdToSlotId failed, subId:0, slotId:-1
2021-09-28 17:33:25.764 2793-3007/? E/BoosterUtil: getDefaultDataSlotId failed, invalid slotId:-1, subId:0
2021-09-28 17:33:25.764 2793-3007/? E/BroadcastProxy: isDataOn failed, invalid slotId=-1
2021-09-28 17:33:25.764 2793-3007/? I/SmartDualCardConfig: getAppType,pkgName=com.huawei.android.launcher,appType=28
2021-09-28 17:33:25.764 2793-3007/? E/SmartDualCardConfig: isAppInBlackList false,items==null
2021-09-28 17:33:25.764 2793-3007/? I/SmartDualCardConfig: isAppInWhiteList false,uid=10089
2021-09-28 17:33:25.764 2793-3007/? I/OllieMsgCenter: publishEvt what:2134966274
2021-09-28 17:33:25.769 739-12929/? W/uniperfserver: EnterActionProc DoParse failed, cmdId=13261
2021-09-28 17:33:25.770 739-12929/? D/uniperfhal: do UniPerfEvent failed, cmdId=13261, ret=2
2021-09-28 17:33:25.771 752-1525/? W/BufferQueueProducer: [com.huawei.android.launcher/com.huawei.android.launcher.unihome.UniHomeLauncher#0]:1403: disconnect: not connected (req=1)
2021-09-28 17:33:25.771 21263-23993/? W/libEGL: EGLNativeWindowType 0x705f1a89d0 disconnect failed
2021-09-28 17:33:25.773 1649-2648/? I/HiView.HiEvent: trace is not open or not valid
2021-09-28 17:33:25.774 1649-2648/? I/HiView.HiEvent: Flatten done:991311102
2021-09-28 17:33:25.774 1649-2648/? I/hievent_jni: Write to dev len:142
2021-09-28 17:33:25.774 1649-2648/? I/hievent_jni: hievent_writer_write finish
2021-09-28 17:33:25.774 21263-21263/? W/HwLauncher: StateManager Launcher in state:NormalState{551f7bf ordinal = 0,mContainerType = 1,mIsOverviewUi = false}, mConfig.mCurrentAnimationSet == null
2021-09-28 17:33:25.775 21263-21263/? I/HwLauncher: Launcher Icon:44 Widget:1 Folder:6 Icon in folder:46, in drawer:0
2021-09-28 17:33:25.775 21263-21263/? E/RtgSchedManager: endActivityTransaction: margin state not match
2021-09-28 17:33:25.788 1649-2648/? I/WindowManager: notifyAppStopped: AppWindowToken{14e15c9 token=Token{18d1944 ActivityRecord{14decb1 u0 com.huawei.android.launcher/.unihome.UniHomeLauncher t3756}}}
2021-09-28 17:33:25.788 1649-2648/? E/WindowManager: win=Window{12ca9b9 u0 com.huawei.intelligent.Workspace} destroySurfaces: appStopped=true win.mWindowRemovalAllowed=false win.mRemoveOnExit=false
2021-09-28 17:33:25.788 1649-2648/? E/WindowManager: win=Window{136d971 u0 com.huawei.android.launcher/com.huawei.android.launcher.unihome.UniHomeLauncher} destroySurfaces: appStopped=true win.mWindowRemovalAllowed=false win.mRemoveOnExit=false
2021-09-28 17:33:25.792 1649-2070/? D/HwConnectivityServiceEx: set 1000 wlan0 value false
2021-09-28 17:33:25.821 14863-14863/? I/HwLBSService.SensorManager: onSensorChanged, mLightListeners size: 1
2021-09-28 17:33:25.826 2793-3007/? I/OllieMsgCenter: publishEvt what:2135162884
2021-09-28 17:33:25.834 1649-1719/? I/WindowManager: Exit animation finished in Window{1894ee1 u0 Splash Screen com.tencent.qqlive EXITING}: remove=true
2021-09-28 17:33:25.834 1649-1719/? E/WindowManager: win=Window{1894ee1 u0 Splash Screen com.tencent.qqlive EXITING} destroySurfaces: appStopped=false win.mWindowRemovalAllowed=true win.mRemoveOnExit=true
2021-09-28 17:33:25.835 1649-1719/? I/WindowManager: postWindowRemoveCleanupLocked: Window{1894ee1 u0 Splash Screen com.tencent.qqlive}
2021-09-28 17:33:25.835 1649-1719/? I/WindowManager: Removing Window{1894ee1 u0 Splash Screen com.tencent.qqlive} from AppWindowToken{1a13159 token=Token{1268ea4 ActivityRecord{1aa5959 u0 com.tencent.qqlive/.ona.activity.SplashHomeActivity t4554}}}
2021-09-28 17:33:25.836 1649-1716/? I/StatusBarDisable: setFlags what=0 which=1 pkg=Window{1ad97b9 u0 com.tencent.qqlive/com.tencent.qqlive.ona.activity.SplashHomeActivity}
2021-09-28 17:33:25.838 396-396/? D/BarTransitions.HwPhoneStatusBarView: MODE_TRANSPARENT -> MODE_OPAQUE animate=false
2021-09-28 17:33:25.838 396-396/? D/BarTransitions.HwPhoneStatusBarView: applyModeBackground oldMode=MODE_TRANSPARENT newMode=MODE_OPAQUE animate=false
2021-09-28 17:33:25.839 396-396/? D/BarTransitions.HwNavigationBarView: MODE_TRANSPARENT -> MODE_OPAQUE animate=false
2021-09-28 17:33:25.839 396-396/? D/BarTransitions.HwNavigationBarView: applyModeBackground oldMode=MODE_TRANSPARENT newMode=MODE_OPAQUE animate=false
2021-09-28 17:33:25.841 21263-21283/? D/ZrHung.AppEyeUiProbe: not watching, wait.
2021-09-28 17:33:25.890 1649-2166/? I/WificondControl: Noise: -88, Snr: 32, Chload: 202, rssi: -58, txBitrate: 192, rxBitrate: 173, frequency: 5180, UlDelay: -1, currentTxBytes: 36243877, currentTxPackets: 223862, currentTxFailed: 3, currentRxBytes: 599852711, currentRxPackets: 486089
2021-09-28 17:33:25.891 1649-2249/? D/HuaweiWifiWatchdogStateMachine: nothing to do
2021-09-28 17:33:25.891 1649-2249/? I/HuaweiWifiWatchdogStateMachine: POta txb txg rxg:0, 17, 0. Lr =0% Totpkt=17
2021-09-28 17:33:25.891 1649-2165/? I/WiFi_PRO: MSG_RETURN_AP_CURRY_RSSI rssi = -58
2021-09-28 17:33:25.892 1649-2165/? I/QosMonitor: queryRtt: rttType = 3
2021-09-28 17:33:25.892 1649-2165/? I/HwWifiProServiceProxy: ctrlHwWifiNetwork pkgName: WIFIPRO_SERVICE interfaceId: 8
2021-09-28 17:33:25.892 1649-2165/? I/QosMonitor: postEventFromNative: msg=100,arg1=4,arg2=10
2021-09-28 17:33:25.892 1649-2165/? I/HwWifiProServiceProxy: ctrlHwWifiNetwork pkgName: WIFIPRO_SERVICE interfaceId: 8
2021-09-28 17:33:25.892 1649-2165/? I/QosMonitor: postEventFromNative: msg=100,arg1=0,arg2=10
2021-09-28 17:33:25.892 1649-2165/? D/HuaweiWifiWatchdogStateMachine: nothing to do
2021-09-28 17:33:25.892 1649-2165/? I/MQoS: rtt=160,tcpTxPkts=2597190,tcpRxPkts=4963702
2021-09-28 17:33:25.892 1649-2165/? I/QosMonitor: resetRtt: rttType = 3
2021-09-28 17:33:25.892 1649-2165/? I/HwWifiProServiceProxy: ctrlHwWifiNetwork pkgName: WIFIPRO_SERVICE interfaceId: 8
2021-09-28 17:33:25.892 1649-2267/? I/HwDualBandManager: handle2gApStrongWifiRssiChange
2021-09-28 17:33:25.893 1649-9516/? I/MQoS: QOS_level:0(0),wifi-link;SIM error;use level-0
2021-09-28 17:33:25.893 1649-9516/? I/MQoS: skip-low-Level:0(0),wifi-link;SIM error;use level-0
2021-09-28 17:33:25.894 1649-2249/? I/HuaweiWifiWatchdogStateMachine: PTcp RTT:160, rtt pkt=16, tcp_rx=25, tcp_tx=32, tcp_reTran=0, rtRate=0
2021-09-28 17:33:25.894 1649-2249/? I/HuaweiWifiWatchdogStateMachine: rssi bad, mrssi=-58 < TargetRssi=-56
2021-09-28 17:33:25.894 1649-2249/? I/HuaweiWifiWatchdogStateMachine: judge good link######, goodLinkLevel=3
2021-09-28 17:33:25.894 1649-2249/? D/HuaweiWifiWatchdogStateMachine: nothing to do.
2021-09-28 17:33:25.894 1649-2249/? I/HuaweiWifiWatchdogStateMachine: sendResultMsgToQM bssid:b8:3a:**:**:9b:12, qoslevel=3
2021-09-28 17:33:25.894 1649-2249/? I/HuaweiWifiWatchdogStateMachine: link good reported, good base rssi:-54
2021-09-28 17:33:25.894 1649-2249/? I/HuaweiWifiWatchdogStateMachine: start computeQosLevel tcpRtt = 160 ,rssi = -58 ,mBestSpeedInPeriod = 0
2021-09-28 17:33:25.894 1649-2249/? I/HuaweiWifiWatchdogStateMachine: smoothConsecutiveQosResults, currentQosLevel = 3
2021-09-28 17:33:25.894 1649-2165/? I/WiFi_PRO_WifiProStateMachine: onNetworkQosChange, currentWifiLevel == 3, wifiNoInternet = false, updateUiOnly = true
2021-09-28 17:33:25.894 1649-2248/? I/WiFi_PRO_WifiProStateMachine: isSwitching = false, isDialogDisplayed = false, isAllowWiFiHandoverMobile = true, level = 3
2021-09-28 17:33:25.922 1061-1107/? D/AwareLog: iawared: WorkingsetProcessCommand subCmd = 351, userId=10307, pid=20141, com.tencent.qqlive/.ona.activity.SplashHomeActivity
2021-09-28 17:33:25.922 1061-1107/? D/AwareLog: iawared: WorkingsetPause com.tencent.qqlive/.ona.activity.SplashHomeActivity
2021-09-28 17:33:26.034 1649-2166/? I/WificondControl: Noise: -88, Snr: 32, Chload: 202, rssi: -58, txBitrate: 192, rxBitrate: 173, frequency: 5180, UlDelay: -1, currentTxBytes: 36243877, currentTxPackets: 223862, currentTxFailed: 3, currentRxBytes: 599852711, currentRxPackets: 486089
2021-09-28 17:33:26.035 1649-2166/? V/HwWifiServiceFactory: get AllImpl object = com.android.server.wifi.HwWifiServiceFactoryImpl@11e0297
2021-09-28 17:33:26.087 1030-2076/? I/dubaid: [DubaiUtils.cpp] PowerPushToPg# code: 185, tag: cpu, message: 10307:com.tencent.qqlive:0.024:58685:10648#50307:/apex/com.android.runtime/bin/dex2oat:0.033:80544:31769
2021-09-28 17:33:26.090 2710-2710/? I/ThermalTrace:SystemInfo: ThermalTrace:receive high cpu load msg:10307:com.tencent.qqlive:0.024:58685:10648#50307:/apex/com.android.runtime/bin/dex2oat:0.033:80544:31769,timeStamp:20210928 17:33:26
2021-09-28 17:33:26.090 2710-3121/? I/BroadcastAdapter: send hight cpu load msg to thermal!
2021-09-28 17:33:26.157 1649-1719/? I/HiView.HiEvent: trace is not open or not valid
2021-09-28 17:33:26.157 1649-1719/? I/HiView.HiEvent: Flatten done:991311101
2021-09-28 17:33:26.157 1649-1719/? I/hievent_jni: Write to dev len:130
2021-09-28 17:33:26.157 1649-1719/? I/hievent_jni: hievent_writer_write finish
2021-09-28 17:33:26.168 1649-2165/? I/TrafficMonitor: update:rxPkts:37,txPkts:41,rxBytes:16831,txBytes:8228
2021-09-28 17:33:26.168 1649-2165/? I/TrafficMonitor: no expired. level:2
2021-09-28 17:33:26.168 1649-2165/? I/TrafficMonitor: gettimer:interval=2000
2021-09-28 17:33:26.168 1649-2165/? I/TrafficMonitor: during_ms:2001,period_ms:2000
2021-09-28 17:33:26.168 1649-2165/? I/TrafficMonitor: count:344,rx_sum:37,tx_sum:41,rxBytes:16831,during_ms:2001,rx_speed:8411.294352823588,tx_speed:4111.944027986007,rto:0.9024390243902439
2021-09-28 17:33:26.169 1649-2165/? I/HuaweiWifiWatchdogStateMachine: Get speed information rx_speed = 8411 ,tx_speed = 4111 ,isSpeedOk = false ,mBestSpeedInPeriod = 8411
2021-09-28 17:33:26.170 14863-14863/? I/HwLBSService.SensorManager: onSensorChanged, mLightListeners size: 1
2021-09-28 17:33:26.235 724-1561/? I/audio_hw_direct: usb_ext_get_typec_parameters: check show hires (false)
2021-09-28 17:33:26.521 14863-14863/? I/HwLBSService.SensorManager: onSensorChanged, mLightListeners size: 1
2021-09-28 17:33:26.564 2793-3007/? I/HwPacketFilterBypass: getNetworkPolicyFlag flagStr null
2021-09-28 17:33:26.565 2793-3007/? I/HwPacketFilterBypass: isBypassAllowed not allowed reason: DATA_OFF
2021-09-28 17:33:26.565 2793-3007/? I/HwPacketFilterBypass: kernelAddTrackUid uid:10307 allowed:false
2021-09-28 17:33:26.571 2793-4939/? I/Booster_Qoe: AdaBoostPredict rlt,index:6,NisPsSlow:0,NProba:98,rsrp(rssi):0,rsrq(noise):0,rtt(chload):0,buffhigh(uldelay):0,buffcomm(rtt):39
2021-09-28 17:33:26.571 2793-4939/? I/Booster_Qoe: AdaBoostPredict rlt,index:2,NisPsSlow:0,NProba:98,rsrp(rssi):0,rsrq(noise):0,rtt(chload):0,buffhigh(uldelay):0,buffcomm(rtt):34
2021-09-28 17:33:26.571 2793-3007/? I/ChannelQoeData: dumpChannelData: ModelBaseInfo:0,10307,0,0,-1,-1,-1,-1,-1,1048576,-1,-1,-1,-1,-1,1048576,0,0,1,0,0,1,0 DnsInfo:0,11,5 AppUid:1051 ChannelId:2 TcpData:0,0,0,0,0,0,0,0,0,0,0,0,11,2229,11,689,0 AppUid:999 ChannelId:2 TcpData:0,0,0,0,0,0,0,0,0,0,0,0,0,0,0,0,0 AppUid:0 ChannelId:2 TcpData:106,40759,2192,1,107,19942,0,0,18,15,31,150,0,0,0,0,596 AppUid:10307 ChannelId:2 TcpData:2023,2713103,80402,0,322,88648,0,1,44,9,16,425,15,8823,14,6682,218
2021-09-28 17:33:26.572 2793-3007/? I/OllieMsgCenter: publishEvt what:2135031809
2021-09-28 17:33:26.572 2793-3007/? I/NetworkQoeMonitor: networkQoeChanged:10307,4,0,98,1,2,4,0,98,0,0,10,10,0,0,0,0,39,2,1048576,1048576,0
2021-09-28 17:33:26.572 2793-3007/? D/NpdcpAliveManager: ro.odm.npdcp_alive_cfg_enable is false
2021-09-28 17:33:26.573 2793-3844/? I/Hicom_Monitor: handleNetworkQoeReport. rtt: 39, maxRatioChannelId: 2
2021-09-28 17:33:26.573 2793-3844/? I/Hicom_Monitor: handleNetworkQoeReport. qoeString: 10307,4,0,98,1,2,4,0,98,0,0,10,10,0,0,0,0
2021-09-28 17:33:26.573 1649-2248/? I/HwWifiProServiceProxy: ctrlHwWifiNetwork pkgName: WIFIPRO_SERVICE interfaceId: 9
2021-09-28 17:33:26.575 2793-4939/? I/Collector: HandleRawWifiInfo: flag:0, netId:0!
2021-09-28 17:33:26.575 1649-2248/? I/WiFi_PRO_WifiProStateMachine: isWifi2WifiProcess = false, mIsNeedIgnoreQoeUpdate = false, mIsAppInBlacklist = false, mIsAppInBlacklistFullScreen = true, mIsWiFiNoInternet false, screen on = true, full screen = false, isLandscapeMode = false, mNotifyWifiLinkPoorReason = -1
2021-09-28 17:33:26.575 1649-2248/? I/HwWifiProServiceProxy: ctrlHwWifiNetwork pkgName: WIFIPRO_SERVICE interfaceId: 9
2021-09-28 17:33:26.575 1649-2248/? I/WiFi_PRO_WifiProStateMachine: APP_SERVICE_QOE_NOTIFY Qoe info 10307,4,0,98,1,2,4,0,98,0,0,10,10,0,0,0,0 CID 2 mMasterWifiRssi 0 mMasterCardAmbr 1048576 mSlaveCardAmbr 1048576
2021-09-28 17:33:26.576 1649-2248/? I/WiFi_PRO_WifiProStateMachine: mChannelQoeBadCnt = 0, mAppQoeBadCnt = 0, mNetworkSlowReason = 0, mNetworkSlowChannelBadCnt = 0
2021-09-28 17:33:26.619 1649-1722/? I/AppEyeFwkBlock: do monitor
2021-09-28 17:33:26.736 1649-1742/? V/ActivityManager: startProcess: name=com.tencent.qqlive:services app=null knownToBeDead=true thread=null pid=-1 preloadStatus=-1
2021-09-28 17:33:26.758 677-677/? D/Zygote: Forked child process 20361
2021-09-28 17:33:26.762 1649-1743/? I/ActivityManager: Start proc 20361:com.tencent.qqlive:services/u0a307 for service {com.tencent.qqlive/com.tencent.qqlive.modules.vb.wrapperloginservice.WrapperLoginDaemon}
2021-09-28 17:33:26.763 1649-2618/? E/ProcessInfoCollector: getProcessInfo: failed to find this proc.
2021-09-28 17:33:26.768 20361-20361/? I/qqlive:service: Reinit property: dalvik.vm.checkjni= false
2021-09-28 17:33:26.768 20361-20361/? I/qqlive:service: ReInitProperties: persist.vm.debug.dumpapi= false
2021-09-28 17:33:26.769 20361-20361/? E/qqlive:service: Not starting debugger since process cannot load the jdwp agent.
2021-09-28 17:33:26.774 1061-15452/? I/Pged-IPgedBinderService: ****action is 2, pid num is 2***
2021-09-28 17:33:26.774 1061-15452/? I/Pged-Freezer: thawPids
2021-09-28 17:33:26.775 2710-3146/? D/PgedBinderAdapter: unF_Z ok, pid: [32611]
2021-09-28 17:33:26.780 20361-20361/? D/ActivityThread: Attach thread to application
2021-09-28 17:33:26.788 20361-20380/? I/ActivityThread: Init compatible state: true
2021-09-28 17:33:26.789 20361-20380/? D/HwFrameworkSecurityPartsFactory: HwFrameworkSecurityPartsFactory in.
2021-09-28 17:33:26.789 20361-20380/? I/HwFrameworkSecurityPartsFactory: add HwFrameworkSecurityPartsFactory to memory.
2021-09-28 17:33:26.789 20361-20380/? D/BehaviorCollectManager: hook process for AI virus second
2021-09-28 17:33:26.789 20361-20380/? I/BehaviorCollectManager: bindAnalyzerService: huawei.android.security.IAppBehaviorDataAnalyzer$Stub$Proxy@1b7eed0 pid:20361
2021-09-28 17:33:26.792 20361-20361/? I/qqlive:service: The ClassLoaderContext is a special shared library.
2021-09-28 17:33:26.820 20361-20380/? I/HwApiCacheMangerEx: apicache path=/storage/emulated/0 state=mounted key=com.tencent.qqlive#10307#256
2021-09-28 17:33:26.820 20361-20380/? I/HwApiCacheMangerEx: need clear apicache,because volumes changed,oldCnt=0 newCnt=1
2021-09-28 17:33:26.820 20361-20380/? I/HwApiCacheMangerEx: apicache path=/storage/emulated/0 state=mounted key=com.tencent.qqlive#10307#0
2021-09-28 17:33:26.820 20361-20380/? I/HwApiCacheMangerEx: need clear apicache,because volumes changed,oldCnt=1 newCnt=1
2021-09-28 17:33:26.826 2793-3007/? I/OllieMsgCenter: publishEvt what:2135162884
2021-09-28 17:33:26.831 20361-20361/? I/HwApiCacheMangerEx: apicache path=/storage/emulated/0 state=mounted key=com.tencent.qqlive#10307#256
2021-09-28 17:33:26.831 20361-20361/? I/HwApiCacheMangerEx: need clear apicache,because volumes changed,oldCnt=1 newCnt=1
2021-09-28 17:33:26.832 20361-20361/? E/ApplicationProcessUtils: ApplicationWrapper:attachBaseContext: process = com.tencent.qqlive:services, processType = 17
2021-09-28 17:33:26.840 20361-20393/? D/NetworkSecurityConfig: Using Network Security Config from resource h debugBuild: false
2021-09-28 17:33:26.842 675-1453/? W//system/bin/netd: A binder object at 0x7ed767ca80 is being transacted on, however, this object is in the same process as its proxy. Transacting with this binder is expensive compared to just calling the corresponding functionality in the same process.
2021-09-28 17:33:26.843 675-1453/? I/PreDnsController: canPreDnsQuery,persist.sys.predns is false!
2021-09-28 17:33:26.845 1649-1649/? D/HwConnectivityManagerImpl: getNetworkPolicyFlag flagStr null
2021-09-28 17:33:26.851 20361-20361/? E/QQLiveXLogger: new:com.tencent.qqlive:services,services
2021-09-28 17:33:26.871 14863-14863/? I/HwLBSService.SensorManager: onSensorChanged, mLightListeners size: 1
2021-09-28 17:33:26.892 20361-20361/? I/MMKV: <native-bridge.cpp:103::JNI_OnLoad> current API level = 29
2021-09-28 17:33:26.892 20361-20361/? I/MMKV: <MMKV.cpp:156::initialize> version v1.2.8 page size:4096
2021-09-28 17:33:26.892 20361-20361/? I/MMKV: <MMKV.cpp:198::initializeMMKV> root dir: /data/user/0/com.tencent.qqlive/files/mmkv
2021-09-28 17:33:26.896 20361-20361/? I/MMKV: <MMKV_IO.cpp:81::loadFromFile> loading [vb_platformInfo] with 208 actual size, file size 4096, InterProcess 1, meta info version:3
2021-09-28 17:33:26.896 20361-20361/? I/MMKV: <MMKV_IO.cpp:86::loadFromFile> loading [vb_platformInfo] with crc 50688207 sequence 1 version 3
2021-09-28 17:33:26.896 20361-20361/? I/MMKV: <MMKV_IO.cpp:130::loadFromFile> loaded [vb_platformInfo] with 3 key-values
2021-09-28 17:33:26.898 20361-20361/? I/MMKV: <MMKV_IO.cpp:81::loadFromFile> loading [com.tencent.qqlive_preferences] with 93 actual size, file size 4096, InterProcess 1, meta info version:3
2021-09-28 17:33:26.898 20361-20361/? I/MMKV: <MMKV_IO.cpp:86::loadFromFile> loading [com.tencent.qqlive_preferences] with crc 292227433 sequence 1 version 3
2021-09-28 17:33:26.898 20361-20361/? I/MMKV: <MMKV_IO.cpp:130::loadFromFile> loaded [com.tencent.qqlive_preferences] with 1 key-values
2021-09-28 17:33:26.899 20361-20407/? W/SQLiteCompatibilityWalFlags: Cannot read global setting sqlite_compatibility_wal_flags - Application state not available
2021-09-28 17:33:26.904 20361-20407/? E/SQLiteLog: (1) no such table: OnePrefs_UpdatePrefsFile
2021-09-28 17:33:26.914 20361-20361/? I/MMKV: <MMKV_IO.cpp:81::loadFromFile> loading [mmkv_inner_prefs_migrate_finish] with 58 actual size, file size 4096, InterProcess 1, meta info version:3
2021-09-28 17:33:26.914 20361-20361/? I/MMKV: <MMKV_IO.cpp:86::loadFromFile> loading [mmkv_inner_prefs_migrate_finish] with crc 4097170385 sequence 1 version 3
2021-09-28 17:33:26.914 20361-20361/? I/MMKV: <MMKV_IO.cpp:130::loadFromFile> loaded [mmkv_inner_prefs_migrate_finish] with 2 key-values
2021-09-28 17:33:26.919 20361-20361/? I/LoadedApk: No resource references to update in package com.huawei.camerakit.impl
2021-09-28 17:33:26.921 20361-20380/? I/HwPartIawareFactory: add android.common.HwPartIawareFactoryImpl to memory.
2021-09-28 17:33:26.921 20361-20380/? I/AwareBitmapCacher: init processName:com.tencent.qqlive:services pid=20361 uid=10307
2021-09-28 17:33:26.930 1649-5667/? E/WifiPermissionsUtil: getUidPermission is DENIED and permissionType android.permission.ACCESS_COARSE_LOCATIONuid 10307
2021-09-28 17:33:26.930 1649-5667/? E/WifiService: enforceCanAccessScanResults: hiding ssid and bssidUID 10307 has no location permission
2021-09-28 17:33:26.930 20361-20361/? I/qqlive:service: System.exit called, status: 0
2021-09-28 17:33:26.931 20361-20361/? I/AndroidRuntime: VM exiting with result code 0, cleanup skipped.
2021-09-28 17:33:26.974 1649-5667/? I/ActivityManager: Process com.tencent.qqlive:services (pid 20361) has died: fore BTOP
2021-09-28 17:33:26.975 1649-1744/? I/libprocessgroup: Successfully killed process cgroup uid 10307 pid 20361 in 0ms
2021-09-28 17:33:26.975 677-677/? I/Zygote: Process 20361 exited cleanly (0)
2021-09-28 17:33:26.975 1649-2192/? W/HwAudioServiceEx: SoundEffectState bundle get reserved is invalid
2021-09-28 17:33:26.975 1649-5667/? D/ActivityManager: cleanUpApplicationRecord app: 20361:com.tencent.qqlive:services/u0a307, bad: false, restarting: false, allowRestart: true
2021-09-28 17:33:26.975 1649-1731/? I/HwPowerManagerService: appdie release wakelock, pid = 20361, uid = 10307
2021-09-28 17:33:26.975 1649-2192/? I/HwAudioServiceEx: sendAppKilledIntentForKit, isKitPackageOnPause = false, isKitPackageKill = false, isKitPackageOnResume = false
2021-09-28 17:33:26.975 1649-5667/? W/ActivityManager: Scheduling restart of crashed service com.tencent.qqlive/.modules.vb.wrapperloginservice.WrapperLoginDaemon in 4000ms
2021-09-28 17:33:26.977 2793-7526/? E/HsmCoreServiceImpl: onTransact in code is: 102
2021-09-28 17:33:26.977 2793-7526/? I/MediaProcessHandler: processOp opType: 1, uid: 10307, pid: 20361
2021-09-28 17:33:26.978 2793-7526/? W/MediaProcessHandler: only the process it self can do this operation: 10307, 1000, 20361, 2547
2021-09-28 17:33:26.978 2793-7526/? I/MediaProcessHandler: executedCallBack opType: 1 mMediaStatusObservers.size=0
2021-09-28 17:33:26.979 2710-4098/? E/AwareLog: Stub: processProcessDied has not been overridden!
2021-09-28 17:33:27.221 14863-14863/? I/HwLBSService.SensorManager: onSensorChanged, mLightListeners size: 1
2021-09-28 17:33:27.476 724-1561/? I/audio_hw_direct: usb_ext_get_typec_parameters: check show hires (false)
2021-09-28 17:33:27.563 2793-3007/? I/ConnCureStateMonitor: handleMessage: msg[4]
2021-09-28 17:33:27.566 2793-3007/? I/ConnCureStateMonitor: canPerformConnCure: network is not in service.
2021-09-28 17:33:27.569 2793-3007/? D/ConnCureConfigUtil: isCaredApp: input = com.tencent.qqlive
2021-09-28 17:33:27.569 2793-3007/? I/ConnCureStateMonitor: isCaredApp:true,isAllowed:true,isDataEnabled:true
2021-09-28 17:33:27.571 14863-14863/? I/HwLBSService.SensorManager: onSensorChanged, mLightListeners size: 1
2021-09-28 17:33:27.599 2793-4939/? I/Booster_Qoe: AdaBoostPredict rlt,index:6,NisPsSlow:0,NProba:312,rsrp(rssi):-59,rsrq(noise):-85,rtt(chload):354,buffhigh(uldelay):0,buffcomm(rtt):27
2021-09-28 17:33:27.599 2793-4939/? I/Booster_Qoe: AdaBoostPredict rlt,index:2,NisPsSlow:0,NProba:312,rsrp(rssi):-59,rsrq(noise):-85,rtt(chload):354,buffhigh(uldelay):0,buffcomm(rtt):25
2021-09-28 17:33:27.600 2793-3007/? I/ChannelQoeData: dumpChannelData: ModelBaseInfo:0,10307,0,0,-1,-1,-1,-1,-1,1048576,-1,-1,-1,-1,-1,1048576,0,0,1,0,0,1,0 DnsInfo:0,1,0 WifiId:0 WifiInfo:2,1,11444,6073,1926,1733,24,24,0,2,-59,-85,50,354,0 AppUid:1051 ChannelId:2 TcpData:0,0,0,0,0,0,0,0,0,0,0,0,0,0,0,0,0 AppUid:999 ChannelId:2 TcpData:0,0,0,0,0,0,0,0,0,0,0,0,0,0,0,0,0 AppUid:0 ChannelId:2 TcpData:0,0,0,0,0,0,0,0,0,0,0,0,0,0,0,0,0 AppUid:10307 ChannelId:2 TcpData:6,4696,121,0,7,890,0,0,0,1,1,8,0,0,0,0,0
2021-09-28 17:33:27.600 2793-4939/? I/Collector: HandleRawWifiInfo: flag:0, netId:0!
2021-09-28 17:33:27.600 2793-3007/? I/OllieMsgCenter: publishEvt what:2135031809
2021-09-28 17:33:27.600 2793-3007/? I/NetworkQoeMonitor: networkQoeChanged:10307,4,0,312,1,2,4,0,312,192600,173300,10,10,0,47,89,0,27,2,1048576,1048576,-59
2021-09-28 17:33:27.600 2793-3007/? D/NpdcpAliveManager: ro.odm.npdcp_alive_cfg_enable is false
2021-09-28 17:33:27.601 2793-3844/? I/Hicom_Monitor: handleNetworkQoeReport. rtt: 27, maxRatioChannelId: 2
2021-09-28 17:33:27.601 2793-3844/? I/Hicom_Monitor: handleNetworkQoeReport. qoeString: 10307,4,0,312,1,2,4,0,312,192600,173300,10,10,0,47,89,0
2021-09-28 17:33:27.601 1649-2248/? I/HwWifiProServiceProxy: ctrlHwWifiNetwork pkgName: WIFIPRO_SERVICE interfaceId: 9
2021-09-28 17:33:27.601 1649-2248/? I/WiFi_PRO_WifiProStateMachine: isWifi2WifiProcess = false, mIsNeedIgnoreQoeUpdate = false, mIsAppInBlacklist = false, mIsAppInBlacklistFullScreen = true, mIsWiFiNoInternet false, screen on = true, full screen = false, isLandscapeMode = false, mNotifyWifiLinkPoorReason = -1
2021-09-28 17:33:27.601 1649-2248/? I/HwWifiProServiceProxy: ctrlHwWifiNetwork pkgName: WIFIPRO_SERVICE interfaceId: 9
2021-09-28 17:33:27.601 1649-2248/? I/WiFi_PRO_WifiProStateMachine: APP_SERVICE_QOE_NOTIFY Qoe info 10307,4,0,312,1,2,4,0,312,192600,173300,10,10,0,47,89,0 CID 2 mMasterWifiRssi -59 mMasterCardAmbr 1048576 mSlaveCardAmbr 1048576
2021-09-28 17:33:27.602 1649-2248/? I/WiFi_PRO_WifiProStateMachine: mChannelQoeBadCnt = 0, mAppQoeBadCnt = 0, mNetworkSlowReason = 0, mNetworkSlowChannelBadCnt = 0
2021-09-28 17:33:27.828 2793-3007/? I/OllieMsgCenter: publishEvt what:2135162884
2021-09-28 17:33:27.922 14863-14863/? I/HwLBSService.SensorManager: onSensorChanged, mLightListeners size: 1
2021-09-28 17:33:28.173 1649-2165/? I/TrafficMonitor: update:rxPkts:7,txPkts:9,rxBytes:4748,txBytes:990
2021-09-28 17:33:28.173 1649-2165/? I/TrafficMonitor: gettimer:interval=2000
2021-09-28 17:33:28.271 14863-14863/? I/HwLBSService.SensorManager: onSensorChanged, mLightListeners size: 1
2021-09-28 17:33:28.452 900-900/? I/aptouch_daemon: filter_touch_detect, down, in: 1, out: 1
2021-09-28 17:33:28.454 1649-2097/? D/fingersense_manager: Calling fingersense_classify_touch()
2021-09-28 17:33:28.459 1649-2097/? D/fingersense_manager: fingersense_classify_touch() finished
2021-09-28 17:33:28.462 20141-20141/? I/Hwaps: APS: EventAnalyzed: initAPS: version is 11.0.0.4
2021-09-28 17:33:28.463 20141-20141/? D/Hwaps: Fpsrequest create,type:EXACTLY_IDENTIFY
2021-09-28 17:33:28.463 20141-20141/? D/Hwaps: Fpsrequest create,type:EXACTLY_IDENTIFY
2021-09-28 17:33:28.463 20141-20141/? D/Hwaps: Fpsrequest create,type:OPENGL_SETTING
2021-09-28 17:33:28.463 20141-20141/? D/Hwaps: FpsController create
2021-09-28 17:33:28.466 20141-20141/? D/Hwaps: APS: EventAnalyzed: reInitFpsPara :mBaseFps = 60; mMaxFps = 60
2021-09-28 17:33:28.468 20141-20141/? W/Settings: Setting device_provisioned has moved from android.provider.Settings.Secure to android.provider.Settings.Global.
2021-09-28 17:33:28.469 20141-20141/? V/HiTouch_HiTouchSensor: User setup is finished.
2021-09-28 17:33:28.511 1077-1465/? I/ScreemCommon: <LOGMGR> <NotifyTaskFinished> [Start App(Warm) ok, pkg=com.tencent.qqlive, act=com.tencent.qqlive.ona.activity.SplashHomeActivity, fromPkg=com.huawei.android.launcher, totalTime=487, adTime=0, touchTime=65, actCount=1, animTime=422]
2021-09-28 17:33:28.530 900-900/? I/aptouch_daemon: filter_touch_detect, all_touch_up
2021-09-28 17:33:28.538 20141-20141/? W/HwApsManager: HwApsManagerService, registerCallback, start !
2021-09-28 17:33:28.538 1649-3567/? I/HwApsManagerConfig: registerCallbackLocked success, pkgName:com.tencent.qqlive, callback_count:29
2021-09-28 17:33:28.539 1649-3567/? I/HwApsManagerConfig: doCallbackAtFirstRegisterLocked, start ! pkgName:com.tencent.qqlive
2021-09-28 17:33:28.539 20141-20141/? D/Hwaps: APS: EventAnalyzed: registerCallbackInApsManagerService, mPkgName:com.tencent.qqlive; result = true
2021-09-28 17:33:28.549 20141-20141/? V/AudioManager: querySoundEffectsEnabled...
2021-09-28 17:33:28.559 20141-20141/? I/ViewRootImpl: dispatchDetachedFromWindow in doDie
2021-09-28 17:33:28.560 20141-20141/? D/HwGalleryCacheManagerImpl: mIsEffect:false
2021-09-28 17:33:28.563 752-2141/? W/BufferQueueProducer: [com.tencent.qqlive/com.tencent.qqlive.ona.activity.SplashHomeActivity#0]:1403: disconnect: not connected (req=1)
2021-09-28 17:33:28.563 20141-20232/? W/libEGL: EGLNativeWindowType 0xdec2e6c8 disconnect failed
2021-09-28 17:33:28.564 1649-3567/? I/WindowManager: removeIfPossible: Window{1ad97b9 u0 com.tencent.qqlive/com.tencent.qqlive.ona.activity.SplashHomeActivity} callers=com.android.server.wm.WindowState.removeIfPossible:775388 com.android.server.wm.WindowManagerService.removeWindow:850072 android.view.IWindowSession$Stub.onTransact:3547108 com.android.server.wm.Session.onTransact:4825924 android.os.Binder.execTransactInternal:5534700
2021-09-28 17:33:28.566 1649-3567/? I/WindowManager: Not removing Window{1ad97b9 u0 com.tencent.qqlive/com.tencent.qqlive.ona.activity.SplashHomeActivity EXITING} due to exit animation
2021-09-28 17:33:28.567 1649-3567/? I/WindowManager: Changing focus from Window{1ad97b9 u0 com.tencent.qqlive/com.tencent.qqlive.ona.activity.SplashHomeActivity EXITING} to Window{1ad9699 u0 com.tencent.qqlive/com.tencent.qqlive.ona.activity.SplashHomeActivity} displayId=0 Callers=com.android.server.wm.RootWindowContainer.updateFocusedWindowLocked:4604416 com.android.server.wm.WindowManagerService.updateFocusedWindowLocked:4601764 com.android.server.wm.WindowState.setupWindowForRemoveOnExit:6567576 com.android.server.wm.WindowState.removeIfPossible:920844
2021-09-28 17:33:28.567 1649-3567/? V/HwPhoneWindowManager: updateSystemUiColorLw window=Window{1ad9699 u0 com.tencent.qqlive/com.tencent.qqlive.ona.activity.SplashHomeActivity},EmuiStyle=0,StatusBarColor=0xff000000,NavigationBarColor=0xfffcfcfc, mForceNotchStatusBar=false
2021-09-28 17:33:28.567 1649-1716/? D/HwPhoneWindowManager: Transact:setSystemUIColor to status bar service
2021-09-28 17:33:28.567 1649-3567/? I/HwDisplayContentEx: currentFocus windowstate not null
2021-09-28 17:33:28.567 1649-3567/? E/ZrHung.AppEyeFocusWindow: cancel check
2021-09-28 17:33:28.568 1649-3567/? D/ZrHung.AppEyeTransparentWindow: TransparentWindow cancelCheckFreezeScreen
2021-09-28 17:33:28.568 1649-3567/? I/HwDisplayContentEx: trans currentFocus windowstate not null
2021-09-28 17:33:28.568 1649-3567/? D/ZrHung.AppEyeTransparentWindow: TransparentWindow mHungConfigStatus = 0,mHungConfigEnable = 1
2021-09-28 17:33:28.568 396-29544/? I/HwCommandQueue: updateBarBgColor
2021-09-28 17:33:28.568 396-29544/? D/HwCommandQueue: CommandQueue, setBarBackgroundColor
2021-09-28 17:33:28.572 1649-1716/? I/StatusBarDisable: setFlags what=0 which=1 pkg=Window{1ad9699 u0 com.tencent.qqlive/com.tencent.qqlive.ona.activity.SplashHomeActivity}
2021-09-28 17:33:28.579 20141-20141/? I/MMKV: <MMKV_IO.cpp:81::loadFromFile> loading [tab_sdk_core_toggle_data_info_release_5608_560811_EmptyGuid] with 0 actual size, file size 4096, InterProcess 1, meta info version:0
2021-09-28 17:33:28.579 20141-20141/? I/MMKV: <MMKV_IO.cpp:130::loadFromFile> loaded [tab_sdk_core_toggle_data_info_release_5608_560811_EmptyGuid] with 0 key-values
2021-09-28 17:33:28.579 20141-20141/? I/MMKV: <MMKV_IO.cpp:81::loadFromFile> loading [tab_sdk_core_toggle_control_info_release_5608_560811_EmptyGuid] with 0 actual size, file size 4096, InterProcess 1, meta info version:0
2021-09-28 17:33:28.579 20141-20141/? I/MMKV: <MMKV_IO.cpp:130::loadFromFile> loaded [tab_sdk_core_toggle_control_info_release_5608_560811_EmptyGuid] with 0 key-values
2021-09-28 17:33:28.580 1649-5667/? D/InputDispatcher: Window handle Window{1ad97b9 u0 com.tencent.qqlive/com.tencent.qqlive.ona.activity.SplashHomeActivity} has no registered input channel
2021-09-28 17:33:28.582 20141-20141/? I/MMKV: <MMKV_IO.cpp:81::loadFromFile> loading [tab_sdk_core_config_data_info_release_5608_560811_EmptyGuid] with 0 actual size, file size 4096, InterProcess 1, meta info version:0
