2021-09-28 17:33:25.651 20141-20182/? W/System.err:     at com.tencent.qqlive.qadconfig.common.QAdConfigParser$2.onReadCache(QAdConfigParser.java:2)
2021-09-28 17:33:25.651 20141-20182/? W/System.err:     at com.tencent.qqlive.qconfigparser.QConfig$1.onReadCache(QConfig.java:2)
2021-09-28 17:33:25.651 20141-20182/? W/System.err:     at com.tencent.qqlive.qconfigparser.QConfigLoader.getFieldCacheValue(QConfigLoader.java:2)
2021-09-28 17:33:25.651 20141-20182/? W/System.err:     at com.tencent.qqlive.qconfigparser.QConfigLoader.loadVariableValue(QConfigLoader.java:1)
2021-09-28 17:33:25.651 20141-20182/? W/System.err:     at com.tencent.qqlive.qconfigparser.QConfigLoader.loadValue(QConfigLoader.java:7)
2021-09-28 17:33:25.651 20141-20182/? W/System.err:     at com.tencent.qqlive.qconfigparser.QConfigLoader.loadConfig(QConfigLoader.java:3)
2021-09-28 17:33:25.651 20141-20182/? W/System.err:     at com.tencent.qqlive.qconfigparser.QConfigLoader.loadClassValue(QConfigLoader.java:4)
2021-09-28 17:33:25.651 20141-20182/? W/System.err:     at com.tencent.qqlive.qconfigparser.QConfigLoader.loadValue(QConfigLoader.java:5)
2021-09-28 17:33:25.651 20141-20182/? W/System.err:     at com.tencent.qqlive.qconfigparser.QConfigLoader.loadConfig(QConfigLoader.java:3)
2021-09-28 17:33:25.651 20141-20182/? W/System.err:     at com.tencent.qqlive.qconfigparser.QConfig.loadConfigCache(QConfig.java:2)
2021-09-28 17:33:25.651 20141-20182/? W/System.err:     at com.tencent.qqlive.qadconfig.common.QAdConfigParser.loadConfigCache(QAdConfigParser.java:1)
2021-09-28 17:33:25.651 20141-20182/? W/System.err:     at com.tencent.qqlive.qadconfig.common.QAdCommonConfigModel.loadFromCache(QAdCommonConfigModel.java:2)
2021-09-28 17:33:25.651 20141-20182/? W/System.err:     at com.tencent.qqlive.qadconfig.common.QAdCommonConfigManager.<init>(QAdCommonConfigManager.java:4)
2021-09-28 17:33:25.651 20141-20182/? W/System.err:     at com.tencent.qqlive.qadconfig.common.QAdCommonConfigManager.shareInstance(QAdCommonConfigManager.java:4)
2021-09-28 17:33:25.651 20141-20182/? W/System.err:     at com.tencent.qqlive.qadreport.util.QAdAppConfigHelper.getExpId(QAdAppConfigHelper.java:1)
2021-09-28 17:33:25.651 20141-20182/? W/System.err:     at com.tencent.qqlive.ona.base.launchmonitor.XCTickHelper.setAdExperimentId(XCTickHelper.java:1)
2021-09-28 17:33:25.651 20141-20182/? W/System.err:     at com.tencent.qqlive.ona.base.launchmonitor.XCTickHelper.onReport(XCTickHelper.java:12)
2021-09-28 17:33:25.651 20141-20182/? W/System.err:     at com.tencent.qqlive.modules.ticker.XCTicker.a(XCTicker.java:47)
2021-09-28 17:33:25.652 20141-20182/? W/System.err: java.lang.NullPointerException: Attempt to invoke interface method 'java.lang.String android.content.SharedPreferences.getString(java.lang.String, java.lang.String)' on a null object reference
2021-09-28 17:33:25.652 20141-20182/? W/System.err:     at com.tencent.qqlive.qadstorage.base.QADPrefsStorage.get(QADPrefsStorage.java:1)
2021-09-28 17:33:25.652 20141-20182/? W/System.err:     at com.tencent.qqlive.qadstorage.QADStorage.get(QADStorage.java:1)
2021-09-28 17:33:25.652 20141-20182/? W/System.err:     at com.tencent.qqlive.qadconfig.common.QAdConfigParser$2.onReadCache(QAdConfigParser.java:2)
2021-09-28 17:33:25.652 20141-20182/? W/System.err:     at com.tencent.qqlive.qconfigparser.QConfig$1.onReadCache(QConfig.java:2)
2021-09-28 17:33:25.652 20141-20182/? W/System.err:     at com.tencent.qqlive.qconfigparser.QConfigLoader.getFieldCacheValue(QConfigLoader.java:2)
2021-09-28 17:33:25.652 20141-20182/? W/System.err:     at com.tencent.qqlive.qconfigparser.QConfigLoader.loadVariableValue(QConfigLoader.java:1)
2021-09-28 17:33:25.652 20141-20182/? W/System.err:     at com.tencent.qqlive.qconfigparser.QConfigLoader.loadValue(QConfigLoader.java:7)
2021-09-28 17:33:25.652 20141-20182/? W/System.err:     at com.tencent.qqlive.qconfigparser.QConfigLoader.loadConfig(QConfigLoader.java:3)
2021-09-28 17:33:25.652 20141-20182/? W/System.err:     at com.tencent.qqlive.qconfigparser.QConfigLoader.loadClassValue(QConfigLoader.java:4)
2021-09-28 17:33:25.652 20141-20182/? W/System.err:     at com.tencent.qqlive.qconfigparser.QConfigLoader.loadValue(QConfigLoader.java:5)
2021-09-28 17:33:25.652 20141-20182/? W/System.err:     at com.tencent.qqlive.qconfigparser.QConfigLoader.loadConfig(QConfigLoader.java:3)
2021-09-28 17:33:25.652 20141-20182/? W/System.err:     at com.tencent.qqlive.qconfigparser.QConfig.loadConfigCache(QConfig.java:2)
2021-09-28 17:33:25.652 20141-20182/? W/System.err:     at com.tencent.qqlive.qadconfig.common.QAdConfigParser.loadConfigCache(QAdConfigParser.java:1)
2021-09-28 17:33:25.652 20141-20182/? W/System.err:     at com.tencent.qqlive.qadconfig.common.QAdCommonConfigModel.loadFromCache(QAdCommonConfigModel.java:2)
2021-09-28 17:33:25.652 20141-20182/? W/System.err:     at com.tencent.qqlive.qadconfig.common.QAdCommonConfigManager.<init>(QAdCommonConfigManager.java:4)
2021-09-28 17:33:25.652 20141-20182/? W/System.err:     at com.tencent.qqlive.qadconfig.common.QAdCommonConfigManager.shareInstance(QAdCommonConfigManager.java:4)
2021-09-28 17:33:25.652 20141-20182/? W/System.err:     at com.tencent.qqlive.ona.base.launchmonitor.XCTickHelper.setAdExperimentId(XCTickHelper.java:1)
2021-09-28 17:33:25.652 20141-20182/? W/System.err:     at com.tencent.qqlive.ona.base.launchmonitor.XCTickHelper.onReport(XCTickHelper.java:12)
2021-09-28 17:33:25.652 20141-20182/? W/System.err:     at com.tencent.qqlive.qadstorage.base.QADPrefsStorage.remove(QADPrefsStorage.java:1)
2021-09-28 17:33:25.652 20141-20182/? W/System.err:     at com.tencent.qqlive.qadstorage.base.QADPrefsStorage.get(QADPrefsStorage.java:3)
2021-09-28 17:33:25.652 20141-20182/? W/System.err:     at com.tencent.qqlive.qadstorage.QADStorage.get(QADStorage.java:1)
2021-09-28 17:33:25.652 20141-20182/? W/System.err:     at com.tencent.qqlive.qadconfig.common.QAdConfigParser$2.onReadCache(QAdConfigParser.java:2)
2021-09-28 17:33:25.652 20141-20182/? W/System.err:     at com.tencent.qqlive.qconfigparser.QConfig$1.onReadCache(QConfig.java:2)
2021-09-28 17:33:25.652 20141-20182/? W/System.err:     at com.tencent.qqlive.qconfigparser.QConfigLoader.getFieldCacheValue(QConfigLoader.java:2)
2021-09-28 17:33:25.652 20141-20182/? W/System.err:     at com.tencent.qqlive.qconfigparser.QConfigLoader.loadVariableValue(QConfigLoader.java:1)
2021-09-28 17:33:25.652 20141-20182/? W/System.err:     at com.tencent.qqlive.qconfigparser.QConfigLoader.loadValue(QConfigLoader.java:7)
2021-09-28 17:33:25.652 20141-20182/? W/System.err:     at com.tencent.qqlive.qadconfig.common.QAdConfigParser.loadConfigCache(QAdConfigParser.java:1)
2021-09-28 17:33:25.652 20141-20182/? W/System.err:     at com.tencent.qqlive.qadconfig.common.QAdCommonConfigManager.shareInstance(QAdCommonConfigManager.java:4)
2021-09-28 17:33:25.652 20141-20182/? W/System.err:     at com.tencent.qqlive.qadreport.util.QAdAppConfigHelper.getExpId(QAdAppConfigHelper.java:1)
2021-09-28 17:33:25.652 20141-20182/? W/System.err:     at com.tencent.qqlive.ona.base.launchmonitor.XCTickHelper.onReport(XCTickHelper.java:12)
2021-09-28 17:33:25.652 20141-20182/? W/System.err:     at f.a.d.w.d.d.run(Unknown Source:2)
2021-09-28 17:33:25.652 20141-20182/? W/System.err:     at f.a.d.w.d.a.run(Unknown Source:4)
2021-09-28 17:33:25.652 20141-20182/? W/System.err:     at android.os.Looper.loop(Looper.java:219)
2021-09-28 17:33:25.653 20141-20182/? W/System.err: java.lang.NullPointerException: Attempt to invoke interface method 'java.lang.String android.content.SharedPreferences.getString(java.lang.String, java.lang.String)' on a null object reference
2021-09-28 17:33:25.653 20141-20182/? W/System.err:     at com.tencent.qqlive.qadstorage.base.QADPrefsStorage.get(QADPrefsStorage.java:1)
2021-09-28 17:33:25.653 20141-20182/? W/System.err:     at com.tencent.qqlive.qadstorage.QADStorage.get(QADStorage.java:1)
2021-09-28 17:33:25.653 20141-20182/? W/System.err:     at com.tencent.qqlive.qadconfig.common.QAdConfigParser$2.onReadCache(QAdConfigParser.java:2)
2021-09-28 17:33:25.653 20141-20182/? W/System.err:     at com.tencent.qqlive.qconfigparser.QConfig$1.onReadCache(QConfig.java:2)
2021-09-28 17:33:25.653 20141-20182/? W/System.err:     at com.tencent.qqlive.qconfigparser.QConfigLoader.getFieldCacheValue(QConfigLoader.java:2)
2021-09-28 17:33:25.653 20141-20182/? W/System.err:     at com.tencent.qqlive.qconfigparser.QConfigLoader.loadVariableValue(QConfigLoader.java:1)
2021-09-28 17:33:25.653 20141-20182/? W/System.err:     at com.tencent.qqlive.qconfigparser.QConfigLoader.loadValue(QConfigLoader.java:7)
2021-09-28 17:33:25.653 20141-20182/? W/System.err:     at com.tencent.qqlive.qconfigparser.QConfigLoader.loadConfig(QConfigLoader.java:3)
2021-09-28 17:33:25.653 20141-20182/? W/System.err:     at com.tencent.qqlive.qconfigparser.QConfigLoader.loadClassValue(QConfigLoader.java:4)
2021-09-28 17:33:25.653 20141-20182/? W/System.err:     at com.tencent.qqlive.qconfigparser.QConfigLoader.loadValue(QConfigLoader.java:5)
2021-09-28 17:33:25.653 20141-20182/? W/System.err:     at com.tencent.qqlive.qconfigparser.QConfigLoader.loadConfig(QConfigLoader.java:3)
2021-09-28 17:33:25.653 20141-20182/? W/System.err:     at com.tencent.qqlive.qconfigparser.QConfig.loadConfigCache(QConfig.java:2)
2021-09-28 17:33:25.653 20141-20182/? W/System.err:     at com.tencent.qqlive.qadconfig.common.QAdConfigParser.loadConfigCache(QAdConfigParser.java:1)
2021-09-28 17:33:25.653 20141-20182/? W/System.err:     at com.tencent.qqlive.qadconfig.common.QAdCommonConfigModel.loadFromCache(QAdCommonConfigModel.java:2)
2021-09-28 17:33:25.653 20141-20182/? W/System.err:     at com.tencent.qqlive.qadconfig.common.QAdCommonConfigManager.<init>(QAdCommonConfigManager.java:4)
2021-09-28 17:33:25.653 20141-20182/? W/System.err:     at com.tencent.qqlive.qadconfig.common.QAdCommonConfigManager.shareInstance(QAdCommonConfigManager.java:4)
2021-09-28 17:33:25.653 20141-20182/? W/System.err:     at com.tencent.qqlive.qadreport.util.QAdAppConfigHelper.getExpId(QAdAppConfigHelper.java:1)
2021-09-28 17:33:25.653 20141-20182/? W/System.err:     at com.tencent.qqlive.ona.base.launchmonitor.XCTickHelper.setAdExperimentId(XCTickHelper.java:1)
2021-09-28 17:33:25.653 20141-20182/? W/System.err:     at com.tencent.qqlive.ona.base.launchmonitor.XCTickHelper.onReport(XCTickHelper.java:12)
2021-09-28 17:33:25.653 20141-20182/? W/System.err:     at com.tencent.qqlive.modules.ticker.XCTicker.a(XCTicker.java:47)
2021-09-28 17:33:25.653 20141-20182/? W/System.err:     at f.a.d.w.d.f.accept(Unknown Source:4)
2021-09-28 17:33:25.653 20141-20182/? W/System.err:     at com.tencent.qqlive.modules.ticker.TickUtils.let(TickUtils.java:1)
2021-09-28 17:33:25.653 20141-20182/? W/System.err:     at com.tencent.qqlive.modules.ticker.XCTicker.onReport(XCTicker.java:1)
2021-09-28 17:33:25.653 20141-20182/? W/System.err:     at com.tencent.qqlive.modules.ticker.XCTicker.onRealVrReport(XCTicker.java:1)
2021-09-28 17:33:25.653 20141-20182/? W/System.err:     at com.tencent.qqlive.modules.ticker.XCTicker.report(XCTicker.java:7)
2021-09-28 17:33:25.653 20141-20182/? W/System.err:     at com.tencent.qqlive.modules.ticker.XCTicker.a(XCTicker.java:4)
2021-09-28 17:33:25.653 20141-20182/? W/System.err:     at f.a.d.w.d.d.run(Unknown Source:2)
2021-09-28 17:33:25.653 20141-20182/? W/System.err:     at com.tencent.qqlive.modules.ticker.XCTicker.realDisableMonitor(XCTicker.java:8)
2021-09-28 17:33:25.653 20141-20182/? W/System.err:     at com.tencent.qqlive.modules.ticker.XCTicker.a(XCTicker.java:1)
2021-09-28 17:33:25.653 20141-20182/? W/System.err:     at f.a.d.w.d.a.run(Unknown Source:4)
2021-09-28 17:33:25.653 20141-20182/? W/System.err:     at android.os.Handler.handleCallback(Handler.java:900)
2021-09-28 17:33:25.653 20141-20182/? W/System.err:     at android.os.Handler.dispatchMessage(Handler.java:103)
2021-09-28 17:33:25.653 20141-20182/? W/System.err:     at android.os.Looper.loop(Looper.java:219)
2021-09-28 17:33:25.653 20141-20182/? W/System.err:     at android.os.HandlerThread.run(HandlerThread.java:67)
2021-09-28 17:33:25.653 20141-20182/? W/System.err: java.lang.NullPointerException: Attempt to invoke interface method 'android.content.SharedPreferences$Editor android.content.SharedPreferences.edit()' on a null object reference
2021-09-28 17:33:25.653 20141-20182/? W/System.err:     at com.tencent.qqlive.qadstorage.base.QADPrefsStorage.remove(QADPrefsStorage.java:1)
2021-09-28 17:33:25.653 20141-20182/? W/System.err:     at com.tencent.qqlive.qadstorage.base.QADPrefsStorage.get(QADPrefsStorage.java:3)
2021-09-28 17:33:25.653 20141-20182/? W/System.err:     at com.tencent.qqlive.qadstorage.QADStorage.get(QADStorage.java:1)
2021-09-28 17:33:25.653 20141-20182/? W/System.err:     at com.tencent.qqlive.qadconfig.common.QAdConfigParser$2.onReadCache(QAdConfigParser.java:2)
2021-09-28 17:33:25.653 20141-20182/? W/System.err:     at com.tencent.qqlive.qconfigparser.QConfig$1.onReadCache(QConfig.java:2)
2021-09-28 17:33:25.653 20141-20182/? W/System.err:     at com.tencent.qqlive.qconfigparser.QConfigLoader.getFieldCacheValue(QConfigLoader.java:2)
2021-09-28 17:33:25.653 20141-20182/? W/System.err:     at com.tencent.qqlive.qconfigparser.QConfigLoader.loadVariableValue(QConfigLoader.java:1)
2021-09-28 17:33:25.653 20141-20182/? W/System.err:     at com.tencent.qqlive.qconfigparser.QConfigLoader.loadValue(QConfigLoader.java:7)
2021-09-28 17:33:25.653 20141-20182/? W/System.err:     at com.tencent.qqlive.qconfigparser.QConfigLoader.loadConfig(QConfigLoader.java:3)
2021-09-28 17:33:25.653 20141-20182/? W/System.err:     at com.tencent.qqlive.qconfigparser.QConfigLoader.loadClassValue(QConfigLoader.java:4)
2021-09-28 17:33:25.653 20141-20182/? W/System.err:     at com.tencent.qqlive.qconfigparser.QConfigLoader.loadValue(QConfigLoader.java:5)
2021-09-28 17:33:25.653 20141-20182/? W/System.err:     at com.tencent.qqlive.qconfigparser.QConfigLoader.loadConfig(QConfigLoader.java:3)
2021-09-28 17:33:25.653 20141-20182/? W/System.err:     at com.tencent.qqlive.qconfigparser.QConfig.loadConfigCache(QConfig.java:2)
2021-09-28 17:33:25.653 20141-20182/? W/System.err:     at com.tencent.qqlive.qadconfig.common.QAdConfigParser.loadConfigCache(QAdConfigParser.java:1)
2021-09-28 17:33:25.653 20141-20182/? W/System.err:     at com.tencent.qqlive.qadconfig.common.QAdCommonConfigModel.loadFromCache(QAdCommonConfigModel.java:2)
2021-09-28 17:33:25.653 20141-20182/? W/System.err:     at com.tencent.qqlive.qadconfig.common.QAdCommonConfigManager.<init>(QAdCommonConfigManager.java:4)
2021-09-28 17:33:25.653 20141-20182/? W/System.err:     at com.tencent.qqlive.qadconfig.common.QAdCommonConfigManager.shareInstance(QAdCommonConfigManager.java:4)
2021-09-28 17:33:25.653 20141-20182/? W/System.err:     at com.tencent.qqlive.qadreport.util.QAdAppConfigHelper.getExpId(QAdAppConfigHelper.java:1)
2021-09-28 17:33:25.653 20141-20182/? W/System.err:     at com.tencent.qqlive.ona.base.launchmonitor.XCTickHelper.setAdExperimentId(XCTickHelper.java:1)
2021-09-28 17:33:25.653 20141-20182/? W/System.err:     at com.tencent.qqlive.ona.base.launchmonitor.XCTickHelper.onReport(XCTickHelper.java:12)
2021-09-28 17:33:25.653 20141-20182/? W/System.err:     at com.tencent.qqlive.modules.ticker.XCTicker.a(XCTicker.java:47)
2021-09-28 17:33:25.653 20141-20182/? W/System.err:     at f.a.d.w.d.f.accept(Unknown Source:4)
2021-09-28 17:33:25.653 20141-20182/? W/System.err:     at com.tencent.qqlive.modules.ticker.TickUtils.let(TickUtils.java:1)
2021-09-28 17:33:25.653 20141-20182/? W/System.err:     at com.tencent.qqlive.modules.ticker.XCTicker.onReport(XCTicker.java:1)
2021-09-28 17:33:25.653 20141-20182/? W/System.err:     at com.tencent.qqlive.modules.ticker.XCTicker.onRealVrReport(XCTicker.java:1)
2021-09-28 17:33:25.653 20141-20182/? W/System.err:     at com.tencent.qqlive.modules.ticker.XCTicker.report(XCTicker.java:7)
2021-09-28 17:33:25.653 20141-20182/? W/System.err:     at com.tencent.qqlive.modules.ticker.XCTicker.a(XCTicker.java:4)
2021-09-28 17:33:25.653 20141-20182/? W/System.err:     at f.a.d.w.d.d.run(Unknown Source:2)
2021-09-28 17:33:25.653 20141-20182/? W/System.err:     at com.tencent.qqlive.modules.ticker.XCTicker.realDisableMonitor(XCTicker.java:8)
2021-09-28 17:33:25.653 20141-20182/? W/System.err:     at com.tencent.qqlive.modules.ticker.XCTicker.a(XCTicker.java:1)
2021-09-28 17:33:25.653 20141-20182/? W/System.err:     at f.a.d.w.d.a.run(Unknown Source:4)
2021-09-28 17:33:25.653 20141-20182/? W/System.err:     at android.os.Handler.handleCallback(Handler.java:900)
2021-09-28 17:33:25.653 20141-20182/? W/System.err:     at android.os.Handler.dispatchMessage(Handler.java:103)
2021-09-28 17:33:25.653 20141-20182/? W/System.err:     at android.os.Looper.loop(Looper.java:219)
2021-09-28 17:33:25.653 20141-20182/? W/System.err:     at android.os.HandlerThread.run(HandlerThread.java:67)
2021-09-28 17:33:25.653 20141-20182/? W/System.err: java.lang.NullPointerException: Attempt to invoke interface method 'java.lang.String android.content.SharedPreferences.getString(java.lang.String, java.lang.String)' on a null object reference
2021-09-28 17:33:25.653 20141-20182/? W/System.err:     at com.tencent.qqlive.qadstorage.base.QADPrefsStorage.get(QADPrefsStorage.java:1)
2021-09-28 17:33:25.653 20141-20182/? W/System.err:     at com.tencent.qqlive.qadstorage.QADStorage.get(QADStorage.java:1)
2021-09-28 17:33:25.653 20141-20182/? W/System.err:     at com.tencent.qqlive.qadconfig.common.QAdConfigParser$2.onReadCache(QAdConfigParser.java:2)
2021-09-28 17:33:25.653 20141-20182/? W/System.err:     at com.tencent.qqlive.qconfigparser.QConfig$1.onReadCache(QConfig.java:2)
2021-09-28 17:33:25.653 20141-20182/? W/System.err:     at com.tencent.qqlive.qconfigparser.QConfigLoader.getFieldCacheValue(QConfigLoader.java:2)
2021-09-28 17:33:25.653 20226-20344/? W/SQLiteCompatibilityWalFlags: Cannot read global setting sqlite_compatibility_wal_flags - Application state not available
2021-09-28 17:33:25.653 20141-20182/? W/System.err:     at com.tencent.qqlive.qconfigparser.QConfigLoader.loadVariableValue(QConfigLoader.java:1)
2021-09-28 17:33:25.653 20141-20182/? W/System.err:     at com.tencent.qqlive.qconfigparser.QConfigLoader.loadValue(QConfigLoader.java:7)
2021-09-28 17:33:25.653 20141-20182/? W/System.err:     at com.tencent.qqlive.qconfigparser.QConfigLoader.loadConfig(QConfigLoader.java:3)
2021-09-28 17:33:25.653 20141-20182/? W/System.err:     at com.tencent.qqlive.qconfigparser.QConfigLoader.loadClassValue(QConfigLoader.java:4)
2021-09-28 17:33:25.653 20141-20182/? W/System.err:     at com.tencent.qqlive.qconfigparser.QConfigLoader.loadValue(QConfigLoader.java:5)
2021-09-28 17:33:25.653 20141-20182/? W/System.err:     at com.tencent.qqlive.qconfigparser.QConfigLoader.loadConfig(QConfigLoader.java:3)
2021-09-28 17:33:25.654 20141-20182/? W/System.err:     at com.tencent.qqlive.qconfigparser.QConfig.loadConfigCache(QConfig.java:2)
2021-09-28 17:33:25.654 20141-20182/? W/System.err:     at com.tencent.qqlive.qadconfig.common.QAdConfigParser.loadConfigCache(QAdConfigParser.java:1)
2021-09-28 17:33:25.654 20141-20182/? W/System.err:     at com.tencent.qqlive.qadconfig.common.QAdCommonConfigModel.loadFromCache(QAdCommonConfigModel.java:2)
2021-09-28 17:33:25.654 20141-20182/? W/System.err:     at com.tencent.qqlive.qadconfig.common.QAdCommonConfigManager.<init>(QAdCommonConfigManager.java:4)
2021-09-28 17:33:25.654 20141-20182/? W/System.err:     at com.tencent.qqlive.qadconfig.common.QAdCommonConfigManager.shareInstance(QAdCommonConfigManager.java:4)
2021-09-28 17:33:25.654 20141-20182/? W/System.err:     at com.tencent.qqlive.qadreport.util.QAdAppConfigHelper.getExpId(QAdAppConfigHelper.java:1)
2021-09-28 17:33:25.654 20141-20182/? W/System.err:     at com.tencent.qqlive.ona.base.launchmonitor.XCTickHelper.setAdExperimentId(XCTickHelper.java:1)
2021-09-28 17:33:25.654 20141-20182/? W/System.err:     at com.tencent.qqlive.ona.base.launchmonitor.XCTickHelper.onReport(XCTickHelper.java:12)
2021-09-28 17:33:25.654 20141-20182/? W/System.err:     at com.tencent.qqlive.modules.ticker.XCTicker.a(XCTicker.java:47)
2021-09-28 17:33:25.654 20141-20182/? W/System.err:     at f.a.d.w.d.f.accept(Unknown Source:4)
2021-09-28 17:33:25.654 20141-20182/? W/System.err:     at com.tencent.qqlive.modules.ticker.TickUtils.let(TickUtils.java:1)
2021-09-28 17:33:25.654 20141-20182/? W/System.err:     at com.tencent.qqlive.modules.ticker.XCTicker.onReport(XCTicker.java:1)
2021-09-28 17:33:25.654 20141-20182/? W/System.err:     at com.tencent.qqlive.modules.ticker.XCTicker.onRealVrReport(XCTicker.java:1)
2021-09-28 17:33:25.654 20141-20182/? W/System.err:     at com.tencent.qqlive.modules.ticker.XCTicker.report(XCTicker.java:7)
2021-09-28 17:33:25.654 20141-20182/? W/System.err:     at com.tencent.qqlive.modules.ticker.XCTicker.a(XCTicker.java:4)
2021-09-28 17:33:25.654 20141-20182/? W/System.err:     at f.a.d.w.d.d.run(Unknown Source:2)
2021-09-28 17:33:25.654 20141-20182/? W/System.err:     at com.tencent.qqlive.modules.ticker.XCTicker.realDisableMonitor(XCTicker.java:8)
2021-09-28 17:33:25.654 20141-20182/? W/System.err:     at com.tencent.qqlive.modules.ticker.XCTicker.a(XCTicker.java:1)
2021-09-28 17:33:25.654 20141-20182/? W/System.err:     at f.a.d.w.d.a.run(Unknown Source:4)
2021-09-28 17:33:25.654 20141-20182/? W/System.err:     at android.os.Handler.handleCallback(Handler.java:900)
2021-09-28 17:33:25.654 20141-20182/? W/System.err:     at android.os.Handler.dispatchMessage(Handler.java:103)
2021-09-28 17:33:25.654 20141-20182/? W/System.err:     at android.os.Looper.loop(Looper.java:219)
2021-09-28 17:33:25.654 20141-20182/? W/System.err:     at android.os.HandlerThread.run(HandlerThread.java:67)
2021-09-28 17:33:25.654 20141-20182/? W/System.err: java.lang.NullPointerException: Attempt to invoke interface method 'android.content.SharedPreferences$Editor android.content.SharedPreferences.edit()' on a null object reference
2021-09-28 17:33:25.654 20141-20182/? W/System.err:     at com.tencent.qqlive.qadstorage.base.QADPrefsStorage.remove(QADPrefsStorage.java:1)
2021-09-28 17:33:25.654 20141-20182/? W/System.err:     at com.tencent.qqlive.qadstorage.base.QADPrefsStorage.get(QADPrefsStorage.java:3)
2021-09-28 17:33:25.654 20141-20182/? W/System.err: java.lang.NullPointerException: Attempt to invoke interface method 'java.lang.String android.content.SharedPreferences.getString(java.lang.String, java.lang.String)' on a null object reference
2021-09-28 17:33:25.654 20141-20182/? W/System.err:     at com.tencent.qqlive.qadstorage.base.QADPrefsStorage.get(QADPrefsStorage.java:1)
2021-09-28 17:33:25.654 20141-20182/? W/System.err:     at com.tencent.qqlive.qadstorage.QADStorage.get(QADStorage.java:1)
2021-09-28 17:33:25.654 20141-20182/? W/System.err:     at com.tencent.qqlive.qadconfig.common.QAdConfigParser$2.onReadCache(QAdConfigParser.java:2)
2021-09-28 17:33:25.654 20141-20182/? W/System.err:     at com.tencent.qqlive.qconfigparser.QConfig$1.onReadCache(QConfig.java:2)
2021-09-28 17:33:25.654 20141-20182/? W/System.err:     at com.tencent.qqlive.qconfigparser.QConfigLoader.getFieldCacheValue(QConfigLoader.java:2)
2021-09-28 17:33:25.654 20141-20182/? W/System.err:     at com.tencent.qqlive.qconfigparser.QConfigLoader.loadVariableValue(QConfigLoader.java:1)
2021-09-28 17:33:25.654 20141-20182/? W/System.err:     at com.tencent.qqlive.qconfigparser.QConfigLoader.loadValue(QConfigLoader.java:7)
2021-09-28 17:33:25.654 20141-20182/? W/System.err:     at com.tencent.qqlive.qconfigparser.QConfigLoader.loadConfig(QConfigLoader.java:3)
2021-09-28 17:33:25.654 20141-20182/? W/System.err:     at com.tencent.qqlive.qconfigparser.QConfigLoader.loadClassValue(QConfigLoader.java:4)
2021-09-28 17:33:25.654 20141-20182/? W/System.err:     at com.tencent.qqlive.qconfigparser.QConfigLoader.loadValue(QConfigLoader.java:5)
2021-09-28 17:33:25.654 20141-20182/? W/System.err:     at com.tencent.qqlive.qconfigparser.QConfigLoader.loadConfig(QConfigLoader.java:3)
2021-09-28 17:33:25.654 20141-20182/? W/System.err:     at com.tencent.qqlive.qconfigparser.QConfig.loadConfigCache(QConfig.java:2)
2021-09-28 17:33:25.654 20141-20182/? W/System.err:     at com.tencent.qqlive.qadconfig.common.QAdConfigParser.loadConfigCache(QAdConfigParser.java:1)
2021-09-28 17:33:25.654 20141-20182/? W/System.err:     at com.tencent.qqlive.qadconfig.common.QAdCommonConfigModel.loadFromCache(QAdCommonConfigModel.java:2)
2021-09-28 17:33:25.654 20141-20182/? W/System.err:     at com.tencent.qqlive.qadconfig.common.QAdCommonConfigManager.<init>(QAdCommonConfigManager.java:4)
2021-09-28 17:33:25.654 20141-20182/? W/System.err:     at com.tencent.qqlive.qadconfig.common.QAdCommonConfigManager.shareInstance(QAdCommonConfigManager.java:4)
2021-09-28 17:33:25.654 20141-20182/? W/System.err:     at com.tencent.qqlive.qadreport.util.QAdAppConfigHelper.getExpId(QAdAppConfigHelper.java:1)
2021-09-28 17:33:25.654 20141-20182/? W/System.err:     at com.tencent.qqlive.ona.base.launchmonitor.XCTickHelper.setAdExperimentId(XCTickHelper.java:1)
2021-09-28 17:33:25.654 20141-20182/? W/System.err:     at com.tencent.qqlive.ona.base.launchmonitor.XCTickHelper.onReport(XCTickHelper.java:12)
2021-09-28 17:33:25.654 20141-20182/? W/System.err:     at com.tencent.qqlive.modules.ticker.XCTicker.a(XCTicker.java:47)
2021-09-28 17:33:25.654 20141-20182/? W/System.err:     at f.a.d.w.d.f.accept(Unknown Source:4)
2021-09-28 17:33:25.654 20141-20182/? W/System.err:     at com.tencent.qqlive.modules.ticker.TickUtils.let(TickUtils.java:1)
2021-09-28 17:33:25.654 20141-20182/? W/System.err:     at com.tencent.qqlive.modules.ticker.XCTicker.onReport(XCTicker.java:1)
2021-09-28 17:33:25.654 20141-20182/? W/System.err:     at com.tencent.qqlive.modules.ticker.XCTicker.onRealVrReport(XCTicker.java:1)
2021-09-28 17:33:25.654 20141-20182/? W/System.err:     at com.tencent.qqlive.modules.ticker.XCTicker.report(XCTicker.java:7)
2021-09-28 17:33:25.655 20141-20182/? W/System.err:     at com.tencent.qqlive.modules.ticker.XCTicker.a(XCTicker.java:4)
2021-09-28 17:33:25.655 20141-20182/? W/System.err:     at f.a.d.w.d.d.run(Unknown Source:2)
2021-09-28 17:33:25.655 20141-20182/? W/System.err:     at com.tencent.qqlive.modules.ticker.XCTicker.realDisableMonitor(XCTicker.java:8)
2021-09-28 17:33:25.655 20141-20182/? W/System.err:     at com.tencent.qqlive.modules.ticker.XCTicker.a(XCTicker.java:1)
2021-09-28 17:33:25.655 20141-20182/? W/System.err:     at f.a.d.w.d.a.run(Unknown Source:4)
2021-09-28 17:33:25.655 20141-20182/? W/System.err:     at android.os.Handler.handleCallback(Handler.java:900)
2021-09-28 17:33:25.655 20141-20182/? W/System.err:     at android.os.Handler.dispatchMessage(Handler.java:103)
2021-09-28 17:33:25.655 20141-20182/? W/System.err:     at android.os.Looper.loop(Looper.java:219)
2021-09-28 17:33:25.655 20141-20182/? W/System.err:     at android.os.HandlerThread.run(HandlerThread.java:67)
2021-09-28 17:33:25.655 20141-20182/? W/System.err: java.lang.NullPointerException: Attempt to invoke interface method 'android.content.SharedPreferences$Editor android.content.SharedPreferences.edit()' on a null object reference
2021-09-28 17:33:25.655 20141-20182/? W/System.err:     at com.tencent.qqlive.qadstorage.base.QADPrefsStorage.remove(QADPrefsStorage.java:1)
2021-09-28 17:33:25.655 20141-20182/? W/System.err:     at com.tencent.qqlive.qadstorage.base.QADPrefsStorage.get(QADPrefsStorage.java:3)
2021-09-28 17:33:25.655 20141-20182/? W/System.err:     at com.tencent.qqlive.qadstorage.QADStorage.get(QADStorage.java:1)
2021-09-28 17:33:25.655 20141-20182/? W/System.err:     at com.tencent.qqlive.qadconfig.common.QAdConfigParser$2.onReadCache(QAdConfigParser.java:2)
2021-09-28 17:33:25.655 20141-20182/? W/System.err:     at com.tencent.qqlive.qconfigparser.QConfig$1.onReadCache(QConfig.java:2)
2021-09-28 17:33:25.655 20141-20182/? W/System.err:     at com.tencent.qqlive.qconfigparser.QConfigLoader.getFieldCacheValue(QConfigLoader.java:2)
2021-09-28 17:33:25.655 20141-20182/? W/System.err:     at com.tencent.qqlive.qconfigparser.QConfigLoader.loadVariableValue(QConfigLoader.java:1)
2021-09-28 17:33:25.655 20141-20182/? W/System.err:     at com.tencent.qqlive.qconfigparser.QConfigLoader.loadValue(QConfigLoader.java:7)
2021-09-28 17:33:25.655 20141-20182/? W/System.err:     at com.tencent.qqlive.qconfigparser.QConfigLoader.loadConfig(QConfigLoader.java:3)
2021-09-28 17:33:25.655 20141-20182/? W/System.err:     at com.tencent.qqlive.qconfigparser.QConfigLoader.loadClassValue(QConfigLoader.java:4)
2021-09-28 17:33:25.655 20141-20182/? W/System.err:     at com.tencent.qqlive.qconfigparser.QConfigLoader.loadValue(QConfigLoader.java:5)
2021-09-28 17:33:25.655 20141-20182/? W/System.err:     at com.tencent.qqlive.qconfigparser.QConfigLoader.loadConfig(QConfigLoader.java:3)
2021-09-28 17:33:25.655 20141-20182/? W/System.err:     at com.tencent.qqlive.qconfigparser.QConfig.loadConfigCache(QConfig.java:2)
2021-09-28 17:33:25.655 20141-20182/? W/System.err:     at com.tencent.qqlive.qadconfig.common.QAdConfigParser.loadConfigCache(QAdConfigParser.java:1)
2021-09-28 17:33:25.655 20141-20182/? W/System.err:     at com.tencent.qqlive.qadconfig.common.QAdCommonConfigModel.loadFromCache(QAdCommonConfigModel.java:2)
2021-09-28 17:33:25.655 20141-20182/? W/System.err:     at com.tencent.qqlive.qadconfig.common.QAdCommonConfigManager.<init>(QAdCommonConfigManager.java:4)
2021-09-28 17:33:25.655 20141-20182/? W/System.err:     at com.tencent.qqlive.qadconfig.common.QAdCommonConfigManager.shareInstance(QAdCommonConfigManager.java:4)
2021-09-28 17:33:25.655 20141-20182/? W/System.err:     at com.tencent.qqlive.qadreport.util.QAdAppConfigHelper.getExpId(QAdAppConfigHelper.java:1)
2021-09-28 17:33:25.655 20141-20182/? W/System.err:     at com.tencent.qqlive.ona.base.launchmonitor.XCTickHelper.setAdExperimentId(XCTickHelper.java:1)
2021-09-28 17:33:25.655 20141-20182/? W/System.err:     at com.tencent.qqlive.ona.base.launchmonitor.XCTickHelper.onReport(XCTickHelper.java:12)
2021-09-28 17:33:25.655 20141-20182/? W/System.err:     at com.tencent.qqlive.modules.ticker.XCTicker.a(XCTicker.java:47)
2021-09-28 17:33:25.655 20141-20182/? W/System.err:     at f.a.d.w.d.f.accept(Unknown Source:4)
2021-09-28 17:33:25.655 20141-20182/? W/System.err:     at com.tencent.qqlive.modules.ticker.TickUtils.let(TickUtils.java:1)
2021-09-28 17:33:25.655 20141-20182/? W/System.err: java.lang.NullPointerException: Attempt to invoke interface method 'java.lang.String android.content.SharedPreferences.getString(java.lang.String, java.lang.String)' on a null object reference
2021-09-28 17:33:25.655 20141-20211/? I/chromium: [0928/173325.655594:INFO:tnet_quic_adapter.cc(200)] TnetAdapter OnConnect this: 0xb53d8440
2021-09-28 17:33:25.655 20141-20211/? I/chromium: [0928/173325.655654:INFO:tnet_quic_adapter.cc(209)] Type: 0 on connected
2021-09-28 17:33:25.655 20141-20182/? W/System.err:     at com.tencent.qqlive.qadstorage.base.QADPrefsStorage.get(QADPrefsStorage.java:1)
2021-09-28 17:33:25.655 20141-20182/? W/System.err:     at com.tencent.qqlive.qadstorage.QADStorage.get(QADStorage.java:1)
2021-09-28 17:33:25.655 20141-20182/? W/System.err:     at com.tencent.qqlive.qadconfig.common.QAdConfigParser$2.onReadCache(QAdConfigParser.java:2)
2021-09-28 17:33:25.655 20141-20182/? W/System.err:     at com.tencent.qqlive.qconfigparser.QConfig$1.onReadCache(QConfig.java:2)
2021-09-28 17:33:25.655 20141-20182/? W/System.err:     at com.tencent.qqlive.qconfigparser.QConfigLoader.getFieldCacheValue(QConfigLoader.java:2)
2021-09-28 17:33:25.655 20141-20182/? W/System.err:     at com.tencent.qqlive.qconfigparser.QConfigLoader.loadVariableValue(QConfigLoader.java:1)
2021-09-28 17:33:25.655 20141-20182/? W/System.err:     at com.tencent.qqlive.qconfigparser.QConfigLoader.loadValue(QConfigLoader.java:7)
2021-09-28 17:33:25.655 20141-20182/? W/System.err:     at com.tencent.qqlive.qconfigparser.QConfigLoader.loadConfig(QConfigLoader.java:3)
2021-09-28 17:33:25.655 20141-20182/? W/System.err:     at com.tencent.qqlive.qconfigparser.QConfigLoader.loadClassValue(QConfigLoader.java:4)
2021-09-28 17:33:25.655 20141-20182/? W/System.err:     at com.tencent.qqlive.qconfigparser.QConfigLoader.loadValue(QConfigLoader.java:5)
2021-09-28 17:33:25.655 20141-20182/? W/System.err:     at com.tencent.qqlive.qconfigparser.QConfigLoader.loadConfig(QConfigLoader.java:3)
2021-09-28 17:33:25.655 20141-20182/? W/System.err:     at com.tencent.qqlive.qconfigparser.QConfig.loadConfigCache(QConfig.java:2)
2021-09-28 17:33:25.655 20141-20182/? W/System.err:     at com.tencent.qqlive.qadconfig.common.QAdConfigParser.loadConfigCache(QAdConfigParser.java:1)
2021-09-28 17:33:25.655 20226-20226/? I/MMKV: <MMKV_IO.cpp:81::loadFromFile> loading [com.tencent.qqlive_preferences] with 93 actual size, file size 4096, InterProcess 1, meta info version:3
2021-09-28 17:33:25.655 20141-20182/? W/System.err:     at com.tencent.qqlive.qadconfig.common.QAdCommonConfigModel.loadFromCache(QAdCommonConfigModel.java:2)
2021-09-28 17:33:25.655 20141-20182/? W/System.err:     at com.tencent.qqlive.qadconfig.common.QAdCommonConfigManager.<init>(QAdCommonConfigManager.java:4)
2021-09-28 17:33:25.655 20226-20226/? I/MMKV: <MMKV_IO.cpp:86::loadFromFile> loading [com.tencent.qqlive_preferences] with crc 292227433 sequence 1 version 3
2021-09-28 17:33:25.655 20141-20182/? W/System.err:     at com.tencent.qqlive.qadconfig.common.QAdCommonConfigManager.shareInstance(QAdCommonConfigManager.java:4)
2021-09-28 17:33:25.655 20141-20182/? W/System.err:     at com.tencent.qqlive.qadreport.util.QAdAppConfigHelper.getExpId(QAdAppConfigHelper.java:1)
2021-09-28 17:33:25.655 20226-20226/? I/MMKV: <MMKV_IO.cpp:130::loadFromFile> loaded [com.tencent.qqlive_preferences] with 1 key-values
2021-09-28 17:33:25.655 20141-20182/? W/System.err:     at com.tencent.qqlive.ona.base.launchmonitor.XCTickHelper.setAdExperimentId(XCTickHelper.java:1)
2021-09-28 17:33:25.655 20141-20182/? W/System.err:     at com.tencent.qqlive.ona.base.launchmonitor.XCTickHelper.onReport(XCTickHelper.java:12)
2021-09-28 17:33:25.655 20141-20182/? W/System.err:     at com.tencent.qqlive.modules.ticker.XCTicker.a(XCTicker.java:47)
2021-09-28 17:33:25.655 20141-20182/? W/System.err:     at f.a.d.w.d.f.accept(Unknown Source:4)
2021-09-28 17:33:25.655 20141-20182/? W/System.err:     at com.tencent.qqlive.modules.ticker.TickUtils.let(TickUtils.java:1)
2021-09-28 17:33:25.655 20141-20182/? W/System.err:     at com.tencent.qqlive.modules.ticker.XCTicker.onReport(XCTicker.java:1)
2021-09-28 17:33:25.655 20141-20182/? W/System.err:     at com.tencent.qqlive.modules.ticker.XCTicker.onRealVrReport(XCTicker.java:1)
2021-09-28 17:33:25.655 20141-20182/? W/System.err:     at com.tencent.qqlive.modules.ticker.XCTicker.report(XCTicker.java:7)
2021-09-28 17:33:25.656 20141-20182/? W/System.err:     at com.tencent.qqlive.modules.ticker.XCTicker.a(XCTicker.java:4)
2021-09-28 17:33:25.656 20141-20182/? W/System.err:     at f.a.d.w.d.d.run(Unknown Source:2)
2021-09-28 17:33:25.656 20141-20182/? W/System.err:     at com.tencent.qqlive.modules.ticker.XCTicker.realDisableMonitor(XCTicker.java:8)
2021-09-28 17:33:25.656 20141-20182/? W/System.err:     at com.tencent.qqlive.modules.ticker.XCTicker.a(XCTicker.java:1)
2021-09-28 17:33:25.656 20141-20182/? W/System.err:     at f.a.d.w.d.a.run(Unknown Source:4)
2021-09-28 17:33:25.656 20141-20182/? W/System.err:     at android.os.Handler.handleCallback(Handler.java:900)
2021-09-28 17:33:25.656 20141-20182/? W/System.err:     at android.os.Handler.dispatchMessage(Handler.java:103)
2021-09-28 17:33:25.656 20141-20182/? W/System.err:     at android.os.Looper.loop(Looper.java:219)
2021-09-28 17:33:25.656 20141-20182/? W/System.err:     at android.os.HandlerThread.run(HandlerThread.java:67)
2021-09-28 17:33:25.656 20141-20182/? W/System.err: java.lang.NullPointerException: Attempt to invoke interface method 'android.content.SharedPreferences$Editor android.content.SharedPreferences.edit()' on a null object reference
2021-09-28 17:33:25.656 20141-20182/? W/System.err:     at com.tencent.qqlive.qadstorage.base.QADPrefsStorage.remove(QADPrefsStorage.java:1)
2021-09-28 17:33:25.656 20141-20182/? W/System.err:     at com.tencent.qqlive.qadstorage.base.QADPrefsStorage.get(QADPrefsStorage.java:3)
2021-09-28 17:33:25.656 20141-20182/? W/System.err:     at com.tencent.qqlive.qadstorage.QADStorage.get(QADStorage.java:1)
2021-09-28 17:33:25.656 20141-20182/? W/System.err:     at com.tencent.qqlive.qadconfig.common.QAdConfigParser$2.onReadCache(QAdConfigParser.java:2)
2021-09-28 17:33:25.656 20141-20182/? W/System.err:     at com.tencent.qqlive.qconfigparser.QConfig$1.onReadCache(QConfig.java:2)
2021-09-28 17:33:25.656 20141-20182/? W/System.err:     at com.tencent.qqlive.qconfigparser.QConfigLoader.getFieldCacheValue(QConfigLoader.java:2)
2021-09-28 17:33:25.656 20141-20182/? W/System.err:     at com.tencent.qqlive.qconfigparser.QConfigLoader.loadVariableValue(QConfigLoader.java:1)
2021-09-28 17:33:25.656 20141-20182/? W/System.err:     at com.tencent.qqlive.qconfigparser.QConfigLoader.loadValue(QConfigLoader.java:7)
2021-09-28 17:33:25.656 20141-20182/? W/System.err:     at com.tencent.qqlive.qconfigparser.QConfigLoader.loadConfig(QConfigLoader.java:3)
2021-09-28 17:33:25.656 20141-20182/? W/System.err:     at com.tencent.qqlive.qconfigparser.QConfigLoader.loadClassValue(QConfigLoader.java:4)
2021-09-28 17:33:25.656 20141-20182/? W/System.err:     at com.tencent.qqlive.qconfigparser.QConfigLoader.loadValue(QConfigLoader.java:5)
2021-09-28 17:33:25.656 20141-20182/? W/System.err:     at com.tencent.qqlive.qconfigparser.QConfigLoader.loadConfig(QConfigLoader.java:3)
2021-09-28 17:33:25.656 20141-20182/? W/System.err:     at com.tencent.qqlive.qconfigparser.QConfig.loadConfigCache(QConfig.java:2)
2021-09-28 17:33:25.656 20141-20182/? W/System.err:     at com.tencent.qqlive.qadconfig.common.QAdConfigParser.loadConfigCache(QAdConfigParser.java:1)
2021-09-28 17:33:25.656 20141-20182/? W/System.err:     at com.tencent.qqlive.qadconfig.common.QAdCommonConfigModel.loadFromCache(QAdCommonConfigModel.java:2)
2021-09-28 17:33:25.656 20141-20182/? W/System.err:     at com.tencent.qqlive.qadconfig.common.QAdCommonConfigManager.<init>(QAdCommonConfigManager.java:4)
2021-09-28 17:33:25.656 20141-20182/? W/System.err:     at com.tencent.qqlive.qadconfig.common.QAdCommonConfigManager.shareInstance(QAdCommonConfigManager.java:4)
2021-09-28 17:33:25.656 20141-20182/? W/System.err:     at com.tencent.qqlive.qadreport.util.QAdAppConfigHelper.getExpId(QAdAppConfigHelper.java:1)
2021-09-28 17:33:25.656 20141-20182/? W/System.err:     at com.tencent.qqlive.ona.base.launchmonitor.XCTickHelper.setAdExperimentId(XCTickHelper.java:1)
2021-09-28 17:33:25.656 20141-20182/? W/System.err:     at com.tencent.qqlive.ona.base.launchmonitor.XCTickHelper.onReport(XCTickHelper.java:12)
2021-09-28 17:33:25.656 20141-20182/? W/System.err:     at com.tencent.qqlive.modules.ticker.XCTicker.a(XCTicker.java:47)
2021-09-28 17:33:25.656 20141-20182/? W/System.err:     at f.a.d.w.d.f.accept(Unknown Source:4)
2021-09-28 17:33:25.656 20141-20182/? W/System.err:     at com.tencent.qqlive.modules.ticker.TickUtils.let(TickUtils.java:1)
2021-09-28 17:33:25.656 20141-20182/? W/System.err:     at com.tencent.qqlive.modules.ticker.XCTicker.onReport(XCTicker.java:1)
2021-09-28 17:33:25.656 20141-20182/? W/System.err:     at com.tencent.qqlive.modules.ticker.XCTicker.onRealVrReport(XCTicker.java:1)
2021-09-28 17:33:25.656 20141-20182/? W/System.err:     at com.tencent.qqlive.modules.ticker.XCTicker.report(XCTicker.java:7)
2021-09-28 17:33:25.657 20141-20182/? W/System.err:     at com.tencent.qqlive.modules.ticker.XCTicker.a(XCTicker.java:4)
2021-09-28 17:33:25.657 20141-20182/? W/System.err:     at f.a.d.w.d.d.run(Unknown Source:2)
2021-09-28 17:33:25.657 20141-20182/? W/System.err:     at com.tencent.qqlive.modules.ticker.XCTicker.realDisableMonitor(XCTicker.java:8)
2021-09-28 17:33:25.657 20141-20182/? W/System.err:     at com.tencent.qqlive.modules.ticker.XCTicker.a(XCTicker.java:1)
2021-09-28 17:33:25.657 20141-20182/? W/System.err:     at f.a.d.w.d.a.run(Unknown Source:4)
2021-09-28 17:33:25.657 20141-20182/? W/System.err:     at android.os.Handler.handleCallback(Handler.java:900)
2021-09-28 17:33:25.657 20141-20182/? W/System.err:     at android.os.Handler.dispatchMessage(Handler.java:103)
2021-09-28 17:33:25.657 20141-20182/? W/System.err:     at android.os.Looper.loop(Looper.java:219)
2021-09-28 17:33:25.657 20141-20182/? W/System.err:     at android.os.HandlerThread.run(HandlerThread.java:67)
2021-09-28 17:33:25.657 20141-20182/? W/System.err: java.lang.NullPointerException: Attempt to invoke interface method 'java.lang.String android.content.SharedPreferences.getString(java.lang.String, java.lang.String)' on a null object reference
2021-09-28 17:33:25.657 20141-20182/? W/System.err:     at com.tencent.qqlive.qadstorage.base.QADPrefsStorage.get(QADPrefsStorage.java:1)
2021-09-28 17:33:25.657 20141-20182/? W/System.err:     at com.tencent.qqlive.qadstorage.QADStorage.get(QADStorage.java:1)
2021-09-28 17:33:25.657 20141-20182/? W/System.err:     at com.tencent.qqlive.qadconfig.common.QAdConfigParser$2.onReadCache(QAdConfigParser.java:2)
2021-09-28 17:33:25.657 20141-20182/? W/System.err:     at com.tencent.qqlive.qconfigparser.QConfig$1.onReadCache(QConfig.java:2)
2021-09-28 17:33:25.657 20141-20182/? W/System.err:     at com.tencent.qqlive.qconfigparser.QConfigLoader.getFieldCacheValue(QConfigLoader.java:2)
2021-09-28 17:33:25.657 20141-20182/? W/System.err:     at com.tencent.qqlive.qconfigparser.QConfigLoader.loadVariableValue(QConfigLoader.java:1)
2021-09-28 17:33:25.657 20141-20211/? I/chromium: [0928/173325.657642:INFO:tnet_quic_adapter.cc(103)] TnetAdapter add header, this: 0xb53d8440
2021-09-28 17:33:25.657 20141-20182/? W/System.err:     at com.tencent.qqlive.qconfigparser.QConfigLoader.loadValue(QConfigLoader.java:7)
2021-09-28 17:33:25.657 20141-20182/? W/System.err:     at com.tencent.qqlive.qconfigparser.QConfigLoader.loadConfig(QConfigLoader.java:3)
2021-09-28 17:33:25.657 20141-20182/? W/System.err:     at com.tencent.qqlive.qconfigparser.QConfigLoader.loadClassValue(QConfigLoader.java:4)
2021-09-28 17:33:25.657 20141-20182/? W/System.err:     at com.tencent.qqlive.qconfigparser.QConfigLoader.loadValue(QConfigLoader.java:5)
2021-09-28 17:33:25.657 20141-20182/? W/System.err:     at com.tencent.qqlive.qconfigparser.QConfigLoader.loadConfig(QConfigLoader.java:3)
2021-09-28 17:33:25.657 20141-20182/? W/System.err:     at com.tencent.qqlive.qconfigparser.QConfig.loadConfigCache(QConfig.java:2)
2021-09-28 17:33:25.657 20141-20182/? W/System.err:     at com.tencent.qqlive.qadconfig.common.QAdConfigParser.loadConfigCache(QAdConfigParser.java:1)
2021-09-28 17:33:25.657 20141-20182/? W/System.err:     at com.tencent.qqlive.qadconfig.common.QAdCommonConfigModel.loadFromCache(QAdCommonConfigModel.java:2)
2021-09-28 17:33:25.657 20141-20182/? W/System.err:     at com.tencent.qqlive.qadconfig.common.QAdCommonConfigManager.<init>(QAdCommonConfigManager.java:4)
2021-09-28 17:33:25.657 20141-20182/? W/System.err:     at com.tencent.qqlive.qadconfig.common.QAdCommonConfigManager.shareInstance(QAdCommonConfigManager.java:4)
2021-09-28 17:33:25.657 20141-20182/? W/System.err:     at com.tencent.qqlive.qadreport.util.QAdAppConfigHelper.getExpId(QAdAppConfigHelper.java:1)
2021-09-28 17:33:25.657 20141-20182/? W/System.err:     at com.tencent.qqlive.ona.base.launchmonitor.XCTickHelper.setAdExperimentId(XCTickHelper.java:1)
2021-09-28 17:33:25.657 20141-20182/? W/System.err:     at com.tencent.qqlive.ona.base.launchmonitor.XCTickHelper.onReport(XCTickHelper.java:12)
2021-09-28 17:33:25.657 20141-20182/? W/System.err:     at com.tencent.qqlive.modules.ticker.XCTicker.a(XCTicker.java:47)
2021-09-28 17:33:25.657 20141-20182/? W/System.err:     at f.a.d.w.d.f.accept(Unknown Source:4)
2021-09-28 17:33:25.657 20141-20182/? W/System.err:     at com.tencent.qqlive.modules.ticker.TickUtils.let(TickUtils.java:1)
2021-09-28 17:33:25.657 20141-20182/? W/System.err:     at com.tencent.qqlive.modules.ticker.XCTicker.onReport(XCTicker.java:1)
2021-09-28 17:33:25.657 20141-20182/? W/System.err:     at com.tencent.qqlive.modules.ticker.XCTicker.onRealVrReport(XCTicker.java:1)
2021-09-28 17:33:25.657 20141-20182/? W/System.err:     at com.tencent.qqlive.modules.ticker.XCTicker.report(XCTicker.java:7)
2021-09-28 17:33:25.657 20141-20182/? W/System.err:     at com.tencent.qqlive.modules.ticker.XCTicker.a(XCTicker.java:4)
2021-09-28 17:33:25.657 20141-20182/? W/System.err:     at f.a.d.w.d.d.run(Unknown Source:2)
2021-09-28 17:33:25.657 20141-20182/? W/System.err:     at com.tencent.qqlive.modules.ticker.XCTicker.realDisableMonitor(XCTicker.java:8)
2021-09-28 17:33:25.657 20141-20182/? W/System.err:     at com.tencent.qqlive.modules.ticker.XCTicker.a(XCTicker.java:1)
2021-09-28 17:33:25.657 20141-20182/? W/System.err:     at f.a.d.w.d.a.run(Unknown Source:4)
2021-09-28 17:33:25.657 20141-20182/? W/System.err:     at android.os.Handler.handleCallback(Handler.java:900)
2021-09-28 17:33:25.657 20141-20182/? W/System.err:     at android.os.Handler.dispatchMessage(Handler.java:103)
2021-09-28 17:33:25.657 20141-20182/? W/System.err:     at android.os.Looper.loop(Looper.java:219)
2021-09-28 17:33:25.657 20141-20182/? W/System.err:     at android.os.HandlerThread.run(HandlerThread.java:67)
2021-09-28 17:33:25.657 20141-20211/? I/chromium: [0928/173325.657881:INFO:tnet_quic_adapter.cc(103)] TnetAdapter add header, this: 0xb53d8440
2021-09-28 17:33:25.657 20141-20182/? W/System.err: java.lang.NullPointerException: Attempt to invoke interface method 'android.content.SharedPreferences$Editor android.content.SharedPreferences.edit()' on a null object reference
2021-09-28 17:33:25.657 20141-20211/? I/chromium: [0928/173325.657973:INFO:tnet_quic_adapter.cc(103)] TnetAdapter add header, this: 0xb53d8440
2021-09-28 17:33:25.658 20141-20182/? W/System.err:     at com.tencent.qqlive.qadstorage.base.QADPrefsStorage.remove(QADPrefsStorage.java:1)
2021-09-28 17:33:25.658 20141-20182/? W/System.err:     at com.tencent.qqlive.qadstorage.base.QADPrefsStorage.get(QADPrefsStorage.java:3)
2021-09-28 17:33:25.658 20141-20182/? W/System.err:     at com.tencent.qqlive.qadstorage.QADStorage.get(QADStorage.java:1)
2021-09-28 17:33:25.658 20141-20182/? W/System.err:     at com.tencent.qqlive.qadconfig.common.QAdConfigParser$2.onReadCache(QAdConfigParser.java:2)
2021-09-28 17:33:25.658 20141-20182/? W/System.err:     at com.tencent.qqlive.qconfigparser.QConfig$1.onReadCache(QConfig.java:2)
2021-09-28 17:33:25.658 20141-20182/? W/System.err:     at com.tencent.qqlive.qconfigparser.QConfigLoader.getFieldCacheValue(QConfigLoader.java:2)
2021-09-28 17:33:25.658 20141-20182/? W/System.err:     at com.tencent.qqlive.qconfigparser.QConfigLoader.loadVariableValue(QConfigLoader.java:1)
2021-09-28 17:33:25.658 20141-20182/? W/System.err:     at com.tencent.qqlive.qconfigparser.QConfigLoader.loadValue(QConfigLoader.java:7)
2021-09-28 17:33:25.658 20141-20182/? W/System.err:     at com.tencent.qqlive.qconfigparser.QConfigLoader.loadConfig(QConfigLoader.java:3)
2021-09-28 17:33:25.658 20141-20211/? I/chromium: [0928/173325.658062:INFO:tnet_quic_adapter.cc(103)] TnetAdapter add header, this: 0xb53d8440
2021-09-28 17:33:25.658 20141-20182/? W/System.err:     at com.tencent.qqlive.qconfigparser.QConfigLoader.loadClassValue(QConfigLoader.java:4)
2021-09-28 17:33:25.658 20141-20182/? W/System.err:     at com.tencent.qqlive.qconfigparser.QConfigLoader.loadValue(QConfigLoader.java:5)
2021-09-28 17:33:25.658 20141-20182/? W/System.err:     at com.tencent.qqlive.qconfigparser.QConfigLoader.loadConfig(QConfigLoader.java:3)
2021-09-28 17:33:25.658 20141-20182/? W/System.err:     at com.tencent.qqlive.qconfigparser.QConfig.loadConfigCache(QConfig.java:2)
2021-09-28 17:33:25.658 20141-20182/? W/System.err:     at com.tencent.qqlive.qadconfig.common.QAdConfigParser.loadConfigCache(QAdConfigParser.java:1)
2021-09-28 17:33:25.658 20141-20182/? W/System.err:     at com.tencent.qqlive.qadconfig.common.QAdCommonConfigModel.loadFromCache(QAdCommonConfigModel.java:2)
2021-09-28 17:33:25.658 20141-20182/? W/System.err:     at com.tencent.qqlive.qadconfig.common.QAdCommonConfigManager.<init>(QAdCommonConfigManager.java:4)
2021-09-28 17:33:25.658 20141-20182/? W/System.err:     at com.tencent.qqlive.qadconfig.common.QAdCommonConfigManager.shareInstance(QAdCommonConfigManager.java:4)
2021-09-28 17:33:25.658 20141-20182/? W/System.err:     at com.tencent.qqlive.qadreport.util.QAdAppConfigHelper.getExpId(QAdAppConfigHelper.java:1)
2021-09-28 17:33:25.658 20141-20211/? I/chromium: [0928/173325.658141:INFO:tnet_quic_adapter.cc(103)] TnetAdapter add header, this: 0xb53d8440
2021-09-28 17:33:25.658 20141-20182/? W/System.err:     at com.tencent.qqlive.ona.base.launchmonitor.XCTickHelper.setAdExperimentId(XCTickHelper.java:1)
2021-09-28 17:33:25.658 20141-20182/? W/System.err:     at com.tencent.qqlive.ona.base.launchmonitor.XCTickHelper.onReport(XCTickHelper.java:12)
2021-09-28 17:33:25.658 20141-20182/? W/System.err:     at com.tencent.qqlive.modules.ticker.XCTicker.a(XCTicker.java:47)
2021-09-28 17:33:25.658 20141-20182/? W/System.err:     at f.a.d.w.d.f.accept(Unknown Source:4)
2021-09-28 17:33:25.658 20141-20182/? W/System.err:     at com.tencent.qqlive.modules.ticker.TickUtils.let(TickUtils.java:1)
2021-09-28 17:33:25.658 20141-20182/? W/System.err:     at com.tencent.qqlive.modules.ticker.XCTicker.onReport(XCTicker.java:1)
2021-09-28 17:33:25.658 20141-20182/? W/System.err:     at com.tencent.qqlive.modules.ticker.XCTicker.onRealVrReport(XCTicker.java:1)
