2021-01-24 09:41:17.063 17168-17206/? I/MicroMsg.ParallelsManagement: [, , 17206]:ParallelsManagement resolvedOne Ref-com.tencent.mm.plugin.backup.PluginBackup@1723fe8 - with type interface com.tencent.mm.kernel.a.c.b for type interface com.tencent.mm.kernel.a.c.b then next null
2021-01-24 09:41:17.064 17168-17206/? I/MicroMsg.WxConsumedLock: [, , 17206]:lock com.tencent.mm.co.b@306a35f
2021-01-24 09:41:17.065 17168-17204/? I/MMSkeleton.ParallelsDependencies: [, , 17204]:checkIfResolvedAndSwallowIt node Ref-plugin-big-ball-of-mud-async - with type interface com.tencent.mm.kernel.a.c.b, consumed false, phase interface com.tencent.mm.kernel.a.c.b resolved!
2021-01-24 09:41:17.065 17168-17206/? I/MMSkeleton.Boot: [, , 17206]:boot task executing [com.tencent.mm.plugin.biz.PluginBiz@f390b27] hash 1926928037...
2021-01-24 09:41:17.065 17168-17209/? I/MMSkeleton.Boot: [, , 17209]:boot task executing [com.tencent.mm.plugin.readerapp.PluginReaderApp@de93679] hash 1872932213...
2021-01-24 09:41:17.065 17168-17206/? I/MicroMsg.WxConsumedLock: [, , 17206]:notify done com.tencent.mm.co.b@306a35f
2021-01-24 09:41:17.065 17168-17209/? I/MicroMsg.WxConsumedLock: [, , 17209]:notify done com.tencent.mm.co.b@9fc5fb9
2021-01-24 09:41:17.065 17078-17078/? W/System: ClassLoader referenced unknown path:
2021-01-24 09:41:17.066 17168-17209/? I/MicroMsg.ParallelsManagement: [, , 17209]:ParallelsManagement resolvedOne Ref-com.tencent.mm.plugin.readerapp.PluginReaderApp@de93679 - with type interface com.tencent.mm.kernel.a.c.b for type interface com.tencent.mm.kernel.a.c.b then next null
2021-01-24 09:41:17.066 17168-17206/? I/MicroMsg.ParallelsManagement: [, , 17206]:ParallelsManagement resolvedOne Ref-com.tencent.mm.plugin.biz.PluginBiz@f390b27 - with type interface com.tencent.mm.kernel.a.c.b for type interface com.tencent.mm.kernel.a.c.b then next null
2021-01-24 09:41:17.068 17168-17205/? I/MMSkeleton.Boot: [, , 17205]:boot task executing [plugin-welab] hash 622627045...
2021-01-24 09:41:17.069 1684-4621/? E/InputDispatcher: Window handle Window{339a785 u0 com.tencent.qqlive/com.tencent.qqlive.ona.activity.SplashHomeActivity} has no registered input channel
2021-01-24 09:41:17.069 17168-17209/? I/MMSkeleton.Boot: [, , 17209]:boot task executing [plugin-big-ball-of-mud-async] hash 1071015708...
2021-01-24 09:41:17.070 17168-17209/? I/MicroMsg.WxConsumedLock: [, , 17209]:notify done com.tencent.mm.co.b@a14b1ac
2021-01-24 09:41:17.070 17168-17205/? I/MicroMsg.ParallelsManagement: [, , 17205]:ParallelsManagement resolvedOne Ref-plugin-welab - with type interface com.tencent.mm.kernel.a.c.b for type interface com.tencent.mm.kernel.a.c.b then next null
2021-01-24 09:41:17.070 17168-17209/? I/MicroMsg.ParallelsManagement: [, , 17209]:ParallelsManagement resolvedOne Ref-plugin-big-ball-of-mud-async - with type interface com.tencent.mm.kernel.a.c.b for type interface com.tencent.mm.kernel.a.c.b then next null
2021-01-24 09:41:17.071 17168-17207/? W/Matrix.HandlerThread: [, , 17207]:create default handler thread, we should use these thread normal, isDebug:false
2021-01-24 09:41:17.071 17168-17204/? I/MicroMsg.WxConsumedLock: [, , 17204]:lock com.tencent.mm.co.b@ffa3e75
2021-01-24 09:41:17.072 17168-17204/? I/MMSkeleton.Boot: [, , 17204]:boot task executing [plugin-messenger] hash -2031621895...
2021-01-24 09:41:17.072 17168-17207/? I/Matrix.DefaultPluginListener: [, , 17207]:io plugin is inited
2021-01-24 09:41:17.072 17168-17204/? I/MicroMsg.WxConsumedLock: [, , 17204]:notify done com.tencent.mm.co.b@ffa3e75
2021-01-24 09:41:17.073 17168-17204/? I/MicroMsg.ParallelsManagement: [, , 17204]:ParallelsManagement resolvedOne Ref-plugin-messenger - with type interface com.tencent.mm.kernel.a.c.b for type interface com.tencent.mm.kernel.a.c.b then next null
2021-01-24 09:41:17.079 17168-17207/? D/IOCanary.JNI: JNI_OnLoad
2021-01-24 09:41:17.080 17168-17207/? D/IOCanary.JNI: JNI_OnLoad done
2021-01-24 09:41:17.083 17168-17207/? I/IOCanary.JNI: doHook
2021-01-24 09:41:17.084 17168-17207/? I/IOCanary.JNI: try to hook function in libopenjdkjvm.so.
2021-01-24 09:41:17.107 17078-17128/? I/Luggage.XLogSetup: safeGetExternalFilesDir, api get ok
2021-01-24 09:41:17.112 17078-17078/? I/[AppLaunchMonitor]BaseAppLaunchTask: 执行耗时: BusinessProxy, 41, in ThreadName "main"
2021-01-24 09:41:17.116 17168-17207/? I/IOCanary.JNI: try to hook function in libjavacore.so.
2021-01-24 09:41:17.119 612-612/? D/Zygote: Forked child process 17235
2021-01-24 09:41:17.121 1684-1833/? D/Boost: hostingType=content provider, hostingName={com.tencent.qqlive/com.ave.rogers.vplugin.component.process.ProcessPitProviderPersist}, callerPackage=com.tencent.qqlive, isSystem=false, isBoostNeeded=false.
2021-01-24 09:41:17.122 610-24511/? D/OemNetd: setPidForPackage: packageName=com.tencent.qqlive, pid=17235, pid=10434
2021-01-24 09:41:17.122 1684-1833/? I/ActivityManager: Start proc 17235:com.tencent.qqlive:pmservice/u0a434 for content provider {com.tencent.qqlive/com.ave.rogers.vplugin.component.process.ProcessPitProviderPersist} caller=com.tencent.qqlive
2021-01-24 09:41:17.133 17078-17128/? I/Luggage.XLogSetup: init done nameprefix:com.tencent.qqlive debug[false] snapshot[false]
2021-01-24 09:41:17.138 17078-17078/? D/TENCENT_AD_: isOpen:false
2021-01-24 09:41:17.139 17235-17235/? E/qlive:pmservic: Not starting debugger since process cannot load the jdwp agent.
2021-01-24 09:41:17.144 17168-17207/? I/IOCanary.JNI: try to hook function in libopenjdk.so.
2021-01-24 09:41:17.146 742-742/? I//vendor/bin/hw/vendor.qti.hardware.servicetracker@1.1-service: bindService is called for service : com.tencent.qqlive/.pay.service.PayService and for client com.tencent.qqlive
2021-01-24 09:41:17.147 742-742/? I//vendor/bin/hw/vendor.qti.hardware.servicetracker@1.1-service: total connections for service : com.tencent.qqlive/.pay.service.PayServiceare :1
2021-01-24 09:41:17.147 742-742/? I//vendor/bin/hw/vendor.qti.hardware.servicetracker@1.1-service: total connections for client : com.tencent.qqliveare :1
2021-01-24 09:41:17.149 17078-17078/? I/MMKV: <MMKV.cpp:330::loadFromFile> loading [qad_core_sp_storage] with 0 size in total, file size is 4096
2021-01-24 09:41:17.149 17078-17078/? I/MMKV: <MMKV.cpp:375::loadFromFile> loaded [qad_core_sp_storage] with 0 values
2021-01-24 09:41:17.159 17078-17127/? E/SQLiteLog: (1) no such table: qad_core_sp_storage
2021-01-24 09:41:17.161 17078-17132/? E/SQLiteLog: (1) no such table: qad_core_sp_storage
2021-01-24 09:41:17.162 17078-17128/? I/OpenRuntimeJNI: init
2021-01-24 09:41:17.164 17078-17128/? D/OpenRuntimeJNI: config:appbrandcommon-armeabi-v7a|95336|5cc02ba3c77826f2ab45f3387983bfa3|owl-armeabi-v7a|272296|04a106c756b1bfbc9c335891f462a900|ilink_tdi-armeabi-v7a|575196|cd3c3f8bd4689e444245a3a8ae34a34c|qm_native_decoder_ffmpeg-armeabi-v7a|79068|d432158d4c905e83e957aa43bd77f2f0|QmNativeDataSource-armeabi-v7a|34004|bea559bae932e3d77a44dabb924ce30d|native-iv-armeabi-v7a|59048|d5896063c8b6376dc88498f2902c71a6|private_protobuf-armeabi-v7a|177856|60bab218883859fb321748d2f6c9ea69|txffmpeg-armeabi-v7a|1760752|4a3b64bd59f8ee39c013b1f980212a04|qm_native_decoder_mp3-armeabi-v7a|227352|f0cacc60f98b2ab5f7b6281e14578bb9|FormatDetector-armeabi-v7a|46348|5a953ff0f59c51e5ca7b50e0938146f1|codec_factory-armeabi-v7a|46292|c63d0d7a87eb4ae7e0e025125437cd29|magicbrush-armeabi-v7a|4540504|a11904be56d50e42b7b2c56b2aa8e0ee|wcwss-armeabi-v7a|2895588|6c062a4a1452559abfd90048c602e0f8|qm_native_decoder_flac-armeabi-v7a|152852|f4cb322201875487beb0034de9a23132|linkid-armeabi-v7a|640364|a58ef2ad70eb81117e26b937ed6bfa62|canvas-armeabi-v7a|325372|1a5390
2021-01-24 09:41:17.164 17078-17128/? D/OpenRuntimeJNI: sum:319 libCount:106
2021-01-24 09:41:17.164 17078-17128/? D/OpenRuntimeJNI: index:0 appbrandcommon-armeabi-v7a 95336 5cc02ba3c77826f2ab45f3387983bfa3
2021-01-24 09:41:17.164 17078-17128/? D/OpenRuntimeJNI: index:3 owl-armeabi-v7a 272296 04a106c756b1bfbc9c335891f462a900
2021-01-24 09:41:17.164 17078-17128/? D/OpenRuntimeJNI: index:6 ilink_tdi-armeabi-v7a 575196 cd3c3f8bd4689e444245a3a8ae34a34c
2021-01-24 09:41:17.164 17078-17128/? D/OpenRuntimeJNI: index:9 qm_native_decoder_ffmpeg-armeabi-v7a 79068 d432158d4c905e83e957aa43bd77f2f0
2021-01-24 09:41:17.164 17078-17128/? D/OpenRuntimeJNI: index:12 QmNativeDataSource-armeabi-v7a 34004 bea559bae932e3d77a44dabb924ce30d
2021-01-24 09:41:17.164 17078-17128/? D/OpenRuntimeJNI: index:15 native-iv-armeabi-v7a 59048 d5896063c8b6376dc88498f2902c71a6
2021-01-24 09:41:17.164 17078-17128/? D/OpenRuntimeJNI: index:18 private_protobuf-armeabi-v7a 177856 60bab218883859fb321748d2f6c9ea69
2021-01-24 09:41:17.164 17078-17128/? D/OpenRuntimeJNI: index:21 txffmpeg-armeabi-v7a 1760752 4a3b64bd59f8ee39c013b1f980212a04
2021-01-24 09:41:17.164 17078-17128/? D/OpenRuntimeJNI: index:24 qm_native_decoder_mp3-armeabi-v7a 227352 f0cacc60f98b2ab5f7b6281e14578bb9
2021-01-24 09:41:17.164 17078-17128/? D/OpenRuntimeJNI: index:27 FormatDetector-armeabi-v7a 46348 5a953ff0f59c51e5ca7b50e0938146f1
2021-01-24 09:41:17.164 17078-17128/? D/OpenRuntimeJNI: index:30 codec_factory-armeabi-v7a 46292 c63d0d7a87eb4ae7e0e025125437cd29
2021-01-24 09:41:17.164 17078-17128/? D/OpenRuntimeJNI: index:33 magicbrush-armeabi-v7a 4540504 a11904be56d50e42b7b2c56b2aa8e0ee
2021-01-24 09:41:17.164 17078-17128/? D/OpenRuntimeJNI: index:36 wcwss-armeabi-v7a 2895588 6c062a4a1452559abfd90048c602e0f8
2021-01-24 09:41:17.164 17078-17128/? D/OpenRuntimeJNI: index:39 qm_native_decoder_flac-armeabi-v7a 152852 f4cb322201875487beb0034de9a23132
2021-01-24 09:41:17.164 17078-17128/? D/OpenRuntimeJNI: index:42 linkid-armeabi-v7a 640364 a58ef2ad70eb81117e26b937ed6bfa62
2021-01-24 09:41:17.164 17078-17128/? D/OpenRuntimeJNI: index:45 canvas-armeabi-v7a 325372 1a5390a25d6aa322e8da7cdbc94685ce
2021-01-24 09:41:17.164 17078-17128/? D/OpenRuntimeJNI: index:48 mmavmedia-armeabi-v7a 10493964 e6d77645521d6da51ae7c266a02ebc29
2021-01-24 09:41:17.164 17078-17128/? D/OpenRuntimeJNI: index:51 wmpfcommonjni-armeabi-v7a 1501388 13ff4d8e40b952fab7647e9f92d24900
2021-01-24 09:41:17.164 17078-17128/? D/OpenRuntimeJNI: index:54 mmlockstep-armeabi-v7a 481088 973844f9134fa4b20d93d447733eb759
2021-01-24 09:41:17.164 17078-17128/? D/OpenRuntimeJNI: index:57 wechatpack-armeabi-v7a 788716 cc30cc873105001082dee725b7b7ca0e
2021-01-24 09:41:17.164 17078-17128/? D/OpenRuntimeJNI: index:60 mmwcwss-armeabi-v7a 247560 c29f28aa12f72c3c32160c71fdefcfb6
2021-01-24 09:41:17.164 17078-17128/? D/OpenRuntimeJNI: index:63 audio_common-armeabi-v7a 58636 1941d40fd0d87773733c9ee4e166a626
2021-01-24 09:41:17.164 17078-17128/? D/OpenRuntimeJNI: index:66 mmvulkan-armeabi-v7a 14000 49586dc9613e28ea5c0f5235d23c1246
2021-01-24 09:41:17.164 17078-17128/? D/OpenRuntimeJNI: index:69 wechataudiosilk-armeabi-v7a 74980 19122d176cd242bff81c470ccb5fa2bb
2021-01-24 09:41:17.164 17078-17128/? D/OpenRuntimeJNI: index:72 liteavsdk-armeabi-v7a 3537504 faae96ae439706f0713a76036679f2fd
2021-01-24 09:41:17.164 17078-17128/? D/OpenRuntimeJNI: index:75 mmmediasdk-armeabi-v7a 1140232 fdccb39bfb5e38aeea97f1145ad3bc59
2021-01-24 09:41:17.164 17078-17128/? D/OpenRuntimeJNI: index:78 mmmediasdkjni-armeabi-v7a 46556 eedb69a7945489ad2aca936ece1afc87
2021-01-24 09:41:17.164 17078-17128/? D/OpenRuntimeJNI: index:81 qm_native_decoder_ape-armeabi-v7a 198436 04c1604780ed1cef6143598aca9b730f
2021-01-24 09:41:17.164 17078-17128/? D/OpenRuntimeJNI: index:84 ilink_im-armeabi-v7a 3328948 fc3faedd21a321fe48a8d4ffa2c1beec
2021-01-24 09:41:17.164 17078-17128/? D/OpenRuntimeJNI: index:87 skia-canvas-log-bridge-armeabi-v7a 13996 703af1158b15c36ad69561183847e781
2021-01-24 09:41:17.164 17078-17078/? I/[AppLaunchMonitor]BaseAppLaunchTask: 执行耗时: QADConfig, 47, in ThreadName "main"
2021-01-24 09:41:17.164 17078-17128/? D/OpenRuntimeJNI: index:90 commonimgdec-armeabi-v7a 304952 fa644f8974b59d694630d174012ea7a2
2021-01-24 09:41:17.164 17078-17128/? D/OpenRuntimeJNI: index:93 ilink_dev-armeabi-v7a 2965396 6773749ba0afdd7a8486083af81542bc
2021-01-24 09:41:17.164 17078-17128/? D/OpenRuntimeJNI: index:96 mmskia-armeabi-v7a 4812644 cfb1b20d29200a0e09c26ec6bdad4c80
2021-01-24 09:41:17.164 17078-17128/? D/OpenRuntimeJNI: index:99 mmimgcodec-armeabi-v7a 67524 ac51c9340a1e0cf9bff64ba0c37afb8d
2021-01-24 09:41:17.164 17078-17128/? D/OpenRuntimeJNI: index:102 mmv8-armeabi-v7a 12329092 d4b842d5e3bff09efc2aba38dbeea466
2021-01-24 09:41:17.164 17078-17128/? D/OpenRuntimeJNI: index:105 ilink_network-armeabi-v7a 3551304 e06360f4e1228f6bbe3bdf1d6e16c64b
2021-01-24 09:41:17.164 17078-17128/? D/OpenRuntimeJNI: index:108 mmnode-armeabi-v7a 8140400 ce18b7a3d76c666e18b95e740e564cb9
2021-01-24 09:41:17.164 17078-17128/? D/OpenRuntimeJNI: index:111 tencentlocsapp-armeabi-v7a 32568 f093ef0714fe1320f17aab3342b089b5
2021-01-24 09:41:17.164 17078-17128/? D/OpenRuntimeJNI: index:114 skia-canvas-armeabi-v7a 308960 4a69aad4b5943a9c12287f457f3ce37e
2021-01-24 09:41:17.164 17078-17128/? D/OpenRuntimeJNI: index:117 linebreak-armeabi-v7a 91532 14a9661cdd58f559ff7489debd308970
2021-01-24 09:41:17.164 17078-17128/? D/OpenRuntimeJNI: index:120 FFmpeg-armeabi-v7a 2262924 9a95dbf0bdd7ed78cf920f1de7f74012
2021-01-24 09:41:17.164 17078-17128/? D/OpenRuntimeJNI: index:123 NLog-armeabi-v7a 74964 e6687f570dad618352d5d296271d02dd
2021-01-24 09:41:17.164 17078-17128/? D/OpenRuntimeJNI: index:126 mmphysx-armeabi-v7a 3927984 de4da7fc292417cae522b95db241be43
2021-01-24 09:41:17.164 17078-17128/? D/OpenRuntimeJNI: index:129 traeimp-rtmp-armeabi-v7a 1523936 c1a9208c5f8f157f2407947711aa04e8
2021-01-24 09:41:17.164 17078-17128/? D/OpenRuntimeJNI: index:132 qqmusic_decoder_jni-armeabi-v7a 46292 8af32c1b332990af4b4b7558d3e6de46
2021-01-24 09:41:17.164 17078-17128/? D/OpenRuntimeJNI: index:135 ilink_xlog-armeabi-v7a 95976 822c2b6bdc1f8ddc6f552f53af6f8895
2021-01-24 09:41:17.164 1684-31081/? W/MessageQueue: Handler (android.media.audiofx.Visualizer$NativeEventHandler) {fabdefe} sending message to a Handler on a dead thread
    java.lang.IllegalStateException: Handler (android.media.audiofx.Visualizer$NativeEventHandler) {fabdefe} sending message to a Handler on a dead thread
        at android.os.MessageQueue.enqueueMessage(MessageQueue.java:561)
        at android.os.Handler.enqueueMessage(Handler.java:754)
        at android.os.Handler.sendMessageAtTime(Handler.java:703)
        at android.os.Handler.sendMessageDelayed(Handler.java:673)
        at android.os.Handler.sendMessage(Handler.java:611)
        at android.media.audiofx.Visualizer.postEventFromNative(Visualizer.java:787)
2021-01-24 09:41:17.164 17078-17128/? D/OpenRuntimeJNI: index:138 mmudp-armeabi-v7a 157448 a755a6a37cba284618bce96834973534
2021-01-24 09:41:17.164 17078-17128/? D/OpenRuntimeJNI: index:141 mmj2v8-armeabi-v7a 509492 28a5d9e3dcbde817e6c4413d645955c1
2021-01-24 09:41:17.164 17078-17128/? D/OpenRuntimeJNI: index:144 108168wxa-armeabi-v7a 119076 41ad10d4799d0c397b6578cb1896246c
2021-01-24 09:41:17.164 17078-17128/? D/OpenRuntimeJNI: index:147 mmbox2d-armeabi-v7a 2119424 9da4d72d88667a954d18dca55cb529b7
2021-01-24 09:41:17.164 17078-17128/? D/OpenRuntimeJNI: index:150 mp3lame-armeabi-v7a 145352 83d6261e9519b090410c7c7d2307e3fd
2021-01-24 09:41:17.164 17078-17128/? D/OpenRuntimeJNI: index:153 wxa_library-armeabi-v7a 2979582 b1a8323e42b02fca61f4cae638990d5b
2021-01-24 09:41:17.164 17078-17128/? D/OpenRuntimeJNI: index:156 DynamicPkg-armeabi-v7a 36234694 b1964c7f0486c3cd3cea19ef0a77ad1b
2021-01-24 09:41:17.164 17078-17128/? D/OpenRuntimeJNI: index:159 appbrandcommon-arm64-v8a 152984 526fd212c939b6b322d31996f2c29c81
2021-01-24 09:41:17.164 17078-17128/? D/OpenRuntimeJNI: index:162 owl-arm64-v8a 371264 bbb1207685b0a1775c778b16daee1ce0
2021-01-24 09:41:17.164 17078-17128/? D/OpenRuntimeJNI: index:165 ilink_tdi-arm64-v8a 993688 873c371bc88583c5a783713e3b0b9b6b
2021-01-24 09:41:17.165 17078-17128/? D/OpenRuntimeJNI: index:168 qm_native_decoder_ffmpeg-arm64-v8a 128592 9eadf31457d6d15acf073d6ce21deadc
2021-01-24 09:41:17.165 17078-17128/? D/OpenRuntimeJNI: index:171 QmNativeDataSource-arm64-v8a 63056 5d5c1c1f41c4dea7ca864454e802b4b4
2021-01-24 09:41:17.165 17078-17128/? D/OpenRuntimeJNI: index:174 native-iv-arm64-v8a 84024 7841c2ceb9824730d2c4439af09fbc5d
2021-01-24 09:41:17.165 17078-17128/? D/OpenRuntimeJNI: index:177 private_protobuf-arm64-v8a 227480 4ef8ba91c87cbcaae83d1c8afb9043b6
2021-01-24 09:41:17.165 17078-17128/? D/OpenRuntimeJNI: index:180 txffmpeg-arm64-v8a 2247568 7c396b1814c785a0c969dd568afe1bf3
2021-01-24 09:41:17.165 17078-17128/? D/OpenRuntimeJNI: index:183 qm_native_decoder_mp3-arm64-v8a 310120 ed463b302017c6b9a788603ff4946790
2021-01-24 09:41:17.165 17078-17128/? D/OpenRuntimeJNI: index:186 FormatDetector-arm64-v8a 91832 ecd704ed05c8dad80c899793fab07e0f
2021-01-24 09:41:17.165 17078-17128/? D/OpenRuntimeJNI: index:189 codec_factory-arm64-v8a 91728 38205d61e0ebaf527b6b7f310a6d1b0b
2021-01-24 09:41:17.165 17078-17128/? D/OpenRuntimeJNI: index:192 magicbrush-arm64-v8a 4950832 4675fe7b812d1aa2354392e07efab308
2021-01-24 09:41:17.165 17078-17128/? D/OpenRuntimeJNI: index:195 wcwss-arm64-v8a 3974984 55578b596015ce3cfe2ac22a9b1d3a29
2021-01-24 09:41:17.165 17078-17128/? D/OpenRuntimeJNI: index:198 qm_native_decoder_flac-arm64-v8a 185952 f5cb215fa0ecddcc2d450049823344eb
2021-01-24 09:41:17.165 17078-17128/? D/OpenRuntimeJNI: index:201 linkid-arm64-v8a 1015640 ad3b6682a20a81963e964120b697ad2b
2021-01-24 09:41:17.165 17078-17128/? D/OpenRuntimeJNI: index:204 canvas-arm64-v8a 411840 d5aae166a5e1ebef014a2557a8940312
2021-01-24 09:41:17.165 17078-17128/? D/OpenRuntimeJNI: index:207 mmavmedia-arm64-v8a 10848944 3d0c8479a038da606cb68b1b1db98678
2021-01-24 09:41:17.165 17078-17128/? D/OpenRuntimeJNI: index:210 wmpfcommonjni-arm64-v8a 1825680 cdd1a76643b349f0aca81af12538e0bd
2021-01-24 09:41:17.165 17078-17128/? D/OpenRuntimeJNI: index:213 mmlockstep-arm64-v8a 645336 044646cb725401968519c08f9948b0fc
2021-01-24 09:41:17.165 17078-17128/? D/OpenRuntimeJNI: index:216 wechatpack-arm64-v8a 1129256 327a16eb1be0333779a56c0aa0bdd053
2021-01-24 09:41:17.165 17078-17128/? D/OpenRuntimeJNI: index:219 mmwcwss-arm64-v8a 297160 689fdd8c8bd51041e8d6777f2a13d7be
2021-01-24 09:41:17.165 17078-17128/? D/OpenRuntimeJNI: index:222 audio_common-arm64-v8a 99920 ed569dd36cc72439a03d3819d90ff932
2021-01-24 09:41:17.165 17078-17128/? D/OpenRuntimeJNI: index:225 mmvulkan-arm64-v8a 5984 484c108c55c9b5c83b9da8104aa71abf
2021-01-24 09:41:17.165 17078-17128/? D/OpenRuntimeJNI: index:228 wechataudiosilk-arm64-v8a 104048 87e1539de271f382ed1c582df2e62cda
2021-01-24 09:41:17.165 17078-17128/? D/OpenRuntimeJNI: index:231 liteavsdk-arm64-v8a 5676464 c4c9d6a4fd2339d7b33f8fa5cfde7b21
2021-01-24 09:41:17.165 17078-17128/? D/OpenRuntimeJNI: index:234 mmmediasdk-arm64-v8a 1279792 61be61aa74725699e88290091c553d74
2021-01-24 09:41:17.165 17078-17128/? D/OpenRuntimeJNI: index:237 mmmediasdkjni-arm64-v8a 26368 f210437f0182a7b0af207688961d276e
2021-01-24 09:41:17.165 17078-17128/? D/OpenRuntimeJNI: index:240 qm_native_decoder_ape-arm64-v8a 264960 98840fd1a6edf714e3e18ef31e9fadf4
2021-01-24 09:41:17.165 17078-17128/? D/OpenRuntimeJNI: index:243 ilink_im-arm64-v8a 4305088 41810bad013bd20c6ad542b4d6cd54c3
2021-01-24 09:41:17.165 17078-17128/? D/OpenRuntimeJNI: index:246 skia-canvas-log-bridge-arm64-v8a 30840 90f0978eb41b0e114d1c6405ace125ae
2021-01-24 09:41:17.165 17078-17128/? D/OpenRuntimeJNI: index:249 commonimgdec-arm64-v8a 374912 a61fb033a0c141366843090e701aa38f
2021-01-24 09:41:17.165 17078-17128/? D/OpenRuntimeJNI: index:252 ilink_dev-arm64-v8a 3495768 16b6be8c888e9253d5e7ca15dc9d3e9d
2021-01-24 09:41:17.165 17078-17128/? D/OpenRuntimeJNI: index:255 mmskia-arm64-v8a 6679608 f15c5d60bfde411c369db294f9fa9afd
2021-01-24 09:41:17.165 17078-17128/? D/OpenRuntimeJNI: index:258 mmimgcodec-arm64-v8a 104664 11124cf6265b1ea9eb6e8952316b9fb4
2021-01-24 09:41:17.165 17078-17128/? D/OpenRuntimeJNI: index:261 mmv8-arm64-v8a 16213664 66af6a607a47e1d0ee7d07bc48f081b9
2021-01-24 09:41:17.165 17078-17128/? D/OpenRuntimeJNI: index:264 ilink_network-arm64-v8a 5130776 d1206fe2dc199194796c3394400782a7
2021-01-24 09:41:17.165 17078-17128/? D/OpenRuntimeJNI: index:267 mmnode-arm64-v8a 9188240 26e18a5b4c010d611e2a2bd8e3efe914
2021-01-24 09:41:17.165 17078-17128/? D/OpenRuntimeJNI: index:270 tencentlocsapp-arm64-v8a 24672 ec0075ee9f05515039c70a7d6e2c0ec2
2021-01-24 09:41:17.165 17078-17128/? D/OpenRuntimeJNI: index:273 skia-canvas-arm64-v8a 415920 cbf6550f7e131a684cb94945de60965c
2021-01-24 09:41:17.165 17078-17128/? D/OpenRuntimeJNI: index:276 linebreak-arm64-v8a 145160 1c26e785bba9b1e4a94872349594a931
2021-01-24 09:41:17.165 17078-17128/? D/OpenRuntimeJNI: index:279 FFmpeg-arm64-v8a 2290712 245eef56f9c1186a8c0625fa0361f090
2021-01-24 09:41:17.165 17078-17128/? D/OpenRuntimeJNI: index:282 NLog-arm64-v8a 116304 6d720d58a9cc4f943920c2168f76daa5
2021-01-24 09:41:17.165 17078-17128/? D/OpenRuntimeJNI: index:285 mmphysx-arm64-v8a 5003384 80afea4b7da43330949045265cc3847e
2021-01-24 09:41:17.165 17078-17128/? D/OpenRuntimeJNI: index:288 traeimp-rtmp-arm64-v8a 2401400 5a61a9335c5f0eeca764c47ba08ce907
2021-01-24 09:41:17.165 17078-17128/? D/OpenRuntimeJNI: index:291 qqmusic_decoder_jni-arm64-v8a 87632 b09979622b5c6584c54cafd3fe2f0936
2021-01-24 09:41:17.165 17078-17128/? D/OpenRuntimeJNI: index:294 ilink_xlog-arm64-v8a 161816 5d369efc0ec0de9cb984ef4efd4d85e9
2021-01-24 09:41:17.165 17078-17128/? D/OpenRuntimeJNI: index:297 mmudp-arm64-v8a 211144 d1db1effde780a52d6968da4d2d95a7c
2021-01-24 09:41:17.165 17078-17128/? D/OpenRuntimeJNI: index:300 mmj2v8-arm64-v8a 649136 c4114d23e480fbffa7791e37a2be384d
2021-01-24 09:41:17.165 17078-17128/? D/OpenRuntimeJNI: index:303 108168wxa-arm64-v8a 211040 a9d9d34a382599694b1776c1479867c2
2021-01-24 09:41:17.165 17078-17128/? D/OpenRuntimeJNI: index:306 mmbox2d-arm64-v8a 3135696 2781b2800e3e8e171bcac7761bd8c233
2021-01-24 09:41:17.165 17078-17128/? D/OpenRuntimeJNI: index:309 mp3lame-arm64-v8a 252056 01b87ad5990c3bdbdac9a0ad3d75d088
2021-01-24 09:41:17.165 17078-17128/? D/OpenRuntimeJNI: index:312 wxa_library-arm64-v8a 2979582 b1a8323e42b02fca61f4cae638990d5b
2021-01-24 09:41:17.165 17078-17128/? D/OpenRuntimeJNI: index:315 DynamicPkg-arm64-v8a 39402946 45210c3ce61efa14e0c7e1e893c15b64
2021-01-24 09:41:17.165 17078-17128/? D/OpenRuntimeJNI: initLibInfoMap done
2021-01-24 09:41:17.171 17168-17208/? I/HABBYGE-MALI.HellhoundService: [, , 17208]:IHellhoundService Start !!!
2021-01-24 09:41:17.175 17168-17208/? I/MicroMsg.ServiceHub: [, , 17208]:register service interface com.tencent.mm.plugin.expt.b.d com.tencent.mm.kernel.c.e@c7160d6
2021-01-24 09:41:17.180 612-612/? D/Zygote: Forked child process 17256
2021-01-24 09:41:17.181 17168-17207/? I/IOCanary.JNI: doHook done.
2021-01-24 09:41:17.184 17078-17128/? I/WxaDynamicPkgMgr: initLoadLibrary abiType:1
2021-01-24 09:41:17.184 17078-17255/? I/MMKV: <MMKV.cpp:330::loadFromFile> loading [ab_cloud_config_sp] with 0 size in total, file size is 4096
2021-01-24 09:41:17.184 17078-17255/? I/MMKV: <MMKV.cpp:375::loadFromFile> loaded [ab_cloud_config_sp] with 0 values
2021-01-24 09:41:17.185 1684-1833/? D/Boost: hostingType=service, hostingName={com.tencent.qqlive/com.tencent.qqlive.pay.service.PayService}, callerPackage=com.tencent.qqlive, isSystem=false, isBoostNeeded=false.
2021-01-24 09:41:17.186 610-24511/? D/OemNetd: setPidForPackage: packageName=com.tencent.qqlive, pid=17256, pid=10434
2021-01-24 09:41:17.186 1684-1833/? I/ActivityManager: Start proc 17256:com.tencent.qqlive:services/u0a434 for service {com.tencent.qqlive/com.tencent.qqlive.pay.service.PayService} caller=com.tencent.qqlive
2021-01-24 09:41:17.187 17168-17207/? W/cent.mm:sandbo: Accessing hidden method Ldalvik/system/CloseGuard;->getReporter()Ldalvik/system/CloseGuard$Reporter; (greylist-max-o,core-platform-api, reflection, denied)
2021-01-24 09:41:17.188 17078-17128/? W/System.err: java.lang.NoSuchFieldException: No field pathList in class Ldalvik/system/PathClassLoader; (declaration of 'dalvik.system.PathClassLoader' appears in /apex/com.android.runtime/javalib/core-libart.jar)
2021-01-24 09:41:17.188 17078-17128/? W/System.err:     at java.lang.Class.getDeclaredField(Native Method)
2021-01-24 09:41:17.188 17078-17128/? W/System.err:     at com.tencent.luggage.wxa.amg.h(PluginManager.kt:108)
2021-01-24 09:41:17.188 17078-17128/? W/System.err:     at com.tencent.luggage.wxa.amg.h(PluginManager.kt:33)
2021-01-24 09:41:17.188 17078-17128/? W/System.err:     at com.tencent.luggage.wxa.amg.h(PluginManager.kt:29)
2021-01-24 09:41:17.188 17078-17128/? W/System.err:     at com.tencent.luggage.wxa.amn.h(WxaDynamicPkgMgr.kt:97)
2021-01-24 09:41:17.188 17078-17128/? W/System.err:     at com.tencent.luggage.wxa.ane.h(CommonProcessStartup.kt:44)
2021-01-24 09:41:17.188 17078-17128/? W/System.err:     at com.tencent.luggage.wxa.anh.h(MainProcessStartup.kt:56)
2021-01-24 09:41:17.188 17078-17128/? W/System.err:     at com.tencent.luggage.wxa.anj.h(ProcessStartupFactory.kt:45)
2021-01-24 09:41:17.188 17078-17128/? W/System.err:     at com.tencent.luggage.wxa.amj.<init>(WxaApiImpl.kt:137)
2021-01-24 09:41:17.188 17078-17128/? W/System.err:     at com.tencent.luggage.wxaapi.WxaApi$Factory.createApi(WxaApi.java:147)
2021-01-24 09:41:17.188 17078-17128/? W/System.err:     at com.tencent.qqlive.jsapi.utils.WxaSdkPkgLoader.b(WxaSdkPkgLoader.java:127)
2021-01-24 09:41:17.188 17078-17128/? W/System.err:     at com.tencent.qqlive.jsapi.utils.WxaSdkPkgLoader.onApplicationCreate(WxaSdkPkgLoader.java:89)
2021-01-24 09:41:17.188 17078-17128/? W/System.err:     at com.tencent.qqlive.ona.base.a.a.l$1.run(WXAOptimizeTask.java:40)
2021-01-24 09:41:17.188 17078-17128/? W/System.err:     at java.util.concurrent.Executors$RunnableAdapter.call(Executors.java:462)
2021-01-24 09:41:17.188 17078-17128/? W/System.err:     at java.util.concurrent.FutureTask.run(FutureTask.java:266)
2021-01-24 09:41:17.188 17078-17128/? W/System.err:     at com.tencent.qqlive.ona.base.a.c$a.run(AsyncRunCheck.java:88)
2021-01-24 09:41:17.189 17078-17128/? W/System.err:     at java.util.concurrent.Executors$RunnableAdapter.call(Executors.java:462)
2021-01-24 09:41:17.189 17078-17128/? W/System.err:     at java.util.concurrent.FutureTask.run(FutureTask.java:266)
2021-01-24 09:41:17.189 17078-17128/? W/System.err:     at com.tencent.qqlive.modules.vb.threadservice.a.d.run(VBExecuteRunnable.java:48)
2021-01-24 09:41:17.189 17078-17128/? W/System.err:     at java.util.concurrent.ThreadPoolExecutor.runWorker(ThreadPoolExecutor.java:1167)
2021-01-24 09:41:17.189 17078-17128/? W/System.err:     at java.util.concurrent.ThreadPoolExecutor$Worker.run(ThreadPoolExecutor.java:641)
2021-01-24 09:41:17.189 17078-17128/? W/System.err:     at java.lang.Thread.run(Thread.java:919)
2021-01-24 09:41:17.190 1684-9257/? D/CompatibilityInfo: mCompatibilityFlags - 0
2021-01-24 09:41:17.190 1684-9257/? D/CompatibilityInfo: applicationDensity - 440
2021-01-24 09:41:17.191 1684-9257/? D/CompatibilityInfo: applicationScale - 1.0
2021-01-24 09:41:17.194 17078-17128/? D/MicroMsg.PaySdk.WXFactory: createWXAPI, appId = wxca942bbff22e0e51, checkSignature = true
2021-01-24 09:41:17.194 17078-17128/? D/MicroMsg.SDK.WXApiImplV10: <init>, appId = wxca942bbff22e0e51, checkSignature = true
2021-01-24 09:41:17.199 17078-17128/? I/Luggage.WxaApiImpl: <init> process:com.tencent.qqlive, version:1.2.6(0x27001430), hostAppID:wxca942bbff22e0e51, abiType:1
2021-01-24 09:41:17.199 17078-17128/? I/ashercai: QQLiveApplication 2
2021-01-24 09:41:17.199 17078-17128/? I/ashercai: QQLiveApplication 3
2021-01-24 09:41:17.205 17256-17256/? E/qqlive:service: Not starting debugger since process cannot load the jdwp agent.
2021-01-24 09:41:17.205 17168-17207/? I/MMSkeleton.Boot: [, , 17207]:boot task executing [plugin-report] hash 1978556686...
2021-01-24 09:41:17.206 17168-17207/? I/MicroMsg.WxConsumedLock: [, , 17207]:notify done com.tencent.mm.co.b@c4e797f
2021-01-24 09:41:17.206 17168-17207/? I/MicroMsg.ParallelsManagement: [, , 17207]:ParallelsManagement resolvedOne Ref-plugin-report - with type interface com.tencent.mm.kernel.a.c.b for type interface com.tencent.mm.kernel.a.c.b then next null
2021-01-24 09:41:17.207 17078-17078/? I/[AppLaunchMonitor]BaseAppLaunchTask: 执行耗时: NetorkConfig, 35, in ThreadName "main"
2021-01-24 09:41:17.207 17078-17128/? I/MMKV: <MMKV.cpp:206::initializeMMKV> root dir: /data/user/0/com.tencent.qqlive/files/mmkv
2021-01-24 09:41:17.209 17168-17207/? I/MMSkeleton.ParallelsDependencies: [, , 17207]:checkIfResolvedAndSwallowIt node Ref-com.tencent.mm.plugin.hardcoder.PluginHardcoder@b192693 - with type interface com.tencent.mm.kernel.a.c.b, consumed false, phase interface com.tencent.mm.kernel.a.c.b resolved!
2021-01-24 09:41:17.210 17168-17207/? I/MicroMsg.WxConsumedLock: [, , 17207]:lock com.tencent.mm.co.b@d97a929
2021-01-24 09:41:17.211 17168-17207/? I/MMSkeleton.Boot: [, , 17207]:boot task executing [com.tencent.mm.plugin.hardcoder.PluginHardcoder@b192693] hash -612535848...
2021-01-24 09:41:17.211 17168-17207/? I/MicroMsg.WxConsumedLock: [, , 17207]:notify done com.tencent.mm.co.b@d97a929
2021-01-24 09:41:17.212 17168-17207/? I/MicroMsg.ParallelsManagement: [, , 17207]:ParallelsManagement resolvedOne Ref-com.tencent.mm.plugin.hardcoder.PluginHardcoder@b192693 - with type interface com.tencent.mm.kernel.a.c.b for type interface com.tencent.mm.kernel.a.c.b then next null
2021-01-24 09:41:17.215 17168-17208/? I/HABBYGE-MALI.ActivityBundleDao: [, , 17208]:ActivityBundleDao reset
2021-01-24 09:41:17.219 17168-17208/? I/HABBYGE-MALI.HellhoundMonitor: [, , 17208]:Hellhound.startMonitor()
2021-01-24 09:41:17.221 17078-17128/? E/OpenRuntimeJNI: files:/data/user/0/com.tencent.qqlive/app_libs/libappbrandcommon.so is not exist
2021-01-24 09:41:17.222 17078-17263/? W/Settings: Setting android_id has moved from android.provider.Settings.System to android.provider.Settings.Secure, returning read-only value.
2021-01-24 09:41:17.227 17168-17208/? I/HABBYGE-MALI.HellFrontBackMonitor: [, , 17208]:HellFrontBackMonitor monitor start !!!
2021-01-24 09:41:17.229 17168-17208/? I/HABBYGE-MALI.FloatBallSessionHandler: [, , 17208]:FloatBallSessionHandler, startMonitor
2021-01-24 09:41:17.230 17078-17128/? I/[AppLaunchMonitor]ARCFutureTask: WXAOptimizeTask, run in ThreadName "AsyncLoadPool-20970" end
2021-01-24 09:41:17.233 17078-17129/? D/TuringFdSDK: TuringFD v36 (c105498, l3119B4B91F353F1A, t1, audienceCommonMini, taf, 1, compiled 2019_11_21_15_08_48)
2021-01-24 09:41:17.235 1684-9257/? D/CompatibilityInfo: mCompatibilityFlags - 0
2021-01-24 09:41:17.236 1684-9257/? D/CompatibilityInfo: applicationDensity - 440
2021-01-24 09:41:17.236 1684-9257/? D/CompatibilityInfo: applicationScale - 1.0
2021-01-24 09:41:17.236 17078-17129/? I/TuringFdNative: TuringFD v36 (c105498, l3119B4B91F353F1A, compiled 2019_11_21_15_08_48, aucommon)
2021-01-24 09:41:17.236 17078-17129/? I/TuringFdNative: success
2021-01-24 09:41:17.241 1684-9257/? D/CompatibilityInfo: mCompatibilityFlags - 0
2021-01-24 09:41:17.241 1684-9257/? D/CompatibilityInfo: applicationDensity - 440
2021-01-24 09:41:17.241 1684-9257/? D/CompatibilityInfo: applicationScale - 1.0
2021-01-24 09:41:17.241 742-742/? I//vendor/bin/hw/vendor.qti.hardware.servicetracker@1.1-service: startService() is called for servicecom.tencent.qqlive/.pay.service.PayService
2021-01-24 09:41:17.243 742-742/? I//vendor/bin/hw/vendor.qti.hardware.servicetracker@1.1-service: bindService is called for service : com.tencent.qqlive/.modules.login.service.LoginService and for client com.tencent.qqlive
2021-01-24 09:41:17.243 742-742/? I//vendor/bin/hw/vendor.qti.hardware.servicetracker@1.1-service: total connections for service : com.tencent.qqlive/.modules.login.service.LoginServiceare :1
2021-01-24 09:41:17.243 17168-17208/? I/EdgeComputingConfigService: [, , 17208]:[EdgeComputingConfigService] initConfig, uin : 1396781340
2021-01-24 09:41:17.243 742-742/? I//vendor/bin/hw/vendor.qti.hardware.servicetracker@1.1-service: total connections for client : com.tencent.qqliveare :2
2021-01-24 09:41:17.244 5133-7374/? I/SarService: Receiver polling >>>> Change receiver mode: off
2021-01-24 09:41:17.244 1684-4633/? D/CompatibilityInfo: mCompatibilityFlags - 0
2021-01-24 09:41:17.244 1684-4633/? D/CompatibilityInfo: applicationDensity - 440
2021-01-24 09:41:17.244 1684-4633/? D/CompatibilityInfo: applicationScale - 1.0
2021-01-24 09:41:17.245 742-742/? I//vendor/bin/hw/vendor.qti.hardware.servicetracker@1.1-service: startService() is called for servicecom.tencent.qqlive/.modules.login.service.LoginService
2021-01-24 09:41:17.249 17078-17078/? I/[AppLaunchMonitor]BaseAppLaunchTask: 执行耗时: LoginModuleConfig, 32, in ThreadName "main"
2021-01-24 09:41:17.249 17168-17208/? I/MMSkeleton.Boot: [, , 17208]:boot task executing [plugin-expt] hash 850850897...
2021-01-24 09:41:17.250 17168-17208/? I/MicroMsg.WxConsumedLock: [, , 17208]:notify done com.tencent.mm.co.b@ebc52aa
2021-01-24 09:41:17.250 17168-17208/? I/MicroMsg.ParallelsManagement: [, , 17208]:ParallelsManagement resolvedOne Ref-plugin-expt - with type interface com.tencent.mm.kernel.a.c.b for type interface com.tencent.mm.kernel.a.c.b then next null
2021-01-24 09:41:17.251 17168-17208/? I/MMSkeleton.Parallels: [, , 17208]:Parallels notify done
2021-01-24 09:41:17.257 17235-17235/? I/qlive:pmservic: The ClassLoaderContext is a special shared library.
2021-01-24 09:41:17.266 1684-31081/? W/MessageQueue: Handler (android.media.audiofx.Visualizer$NativeEventHandler) {fabdefe} sending message to a Handler on a dead thread
    java.lang.IllegalStateException: Handler (android.media.audiofx.Visualizer$NativeEventHandler) {fabdefe} sending message to a Handler on a dead thread
        at android.os.MessageQueue.enqueueMessage(MessageQueue.java:561)
        at android.os.Handler.enqueueMessage(Handler.java:754)
        at android.os.Handler.sendMessageAtTime(Handler.java:703)
        at android.os.Handler.sendMessageDelayed(Handler.java:673)
        at android.os.Handler.sendMessage(Handler.java:611)
        at android.media.audiofx.Visualizer.postEventFromNative(Visualizer.java:787)
2021-01-24 09:41:17.273 17235-17235/? W/qlive:pmservic: resources.arsc in APK '/data/app/com.tencent.qqlive-OceE97h1buzx_N2O9Jabpw==/base.apk' is compressed.
2021-01-24 09:41:17.288 17235-17235/? I/Perf: Connecting to perf service.
2021-01-24 09:41:17.294 17256-17256/? I/qqlive:service: The ClassLoaderContext is a special shared library.
2021-01-24 09:41:17.304 17235-17235/? I/load_dex_tag: QQLiveApplication init
2021-01-24 09:41:17.312 17256-17256/? W/qqlive:service: resources.arsc in APK '/data/app/com.tencent.qqlive-OceE97h1buzx_N2O9Jabpw==/base.apk' is compressed.
2021-01-24 09:41:17.317 17235-17235/? I/load_dex_tag: application attachBaseContext
2021-01-24 09:41:17.318 17235-17235/? I/MultiDex: VM with version 2.1.0 has multidex support
2021-01-24 09:41:17.318 17235-17235/? I/MultiDex: install
2021-01-24 09:41:17.318 17235-17235/? I/MultiDex: VM has multidex support, MultiDex support library is disabled.
2021-01-24 09:41:17.323 17235-17235/? E/a: ApplicationWrapper:attachBaseContext: process = com.tencent.qqlive:pmservice, processType = 18
2021-01-24 09:41:17.328 17256-17256/? I/Perf: Connecting to perf service.
2021-01-24 09:41:17.330 17235-17235/? D/SLAReporter: set open: false ,real: false
2021-01-24 09:41:17.330 17235-17235/? D/RAApplicationContext: startup [81400322], current RAFT version:com.raft.uas/v1alpha2
2021-01-24 09:41:17.330 17235-17235/? D/RAServiceManager: init ...
2021-01-24 09:41:17.335 17235-17235/? D/RAServiceManager: init success :{interface com.tencent.qqlive.modules.vb.wrapperloginservice.IVBWrapperLoginService=com.tencent.raft.generate.interface1907459880$QQLive_app@da6534f, interface com.tencent.qqlive.modules.vb.videokit.service.IVBCoverPickerService=com.tencent.raft.generate.interface760724600$QQLive_app@b4dbadc, interface com.tencent.qqlive.modules.vb.networkservice.service.IVBNetworkService=com.tencent.raft.generate.interface812276117$QQLive_app@12fc7e5, class com.tencent.qqlive.modules.vb.wrapperloginservice.VBWrapperLoginService=com.tencent.raft.generate.interface1907459880$QQLive_app@5e12ba, interface com.tencent.qqlive.modules.vb.videoupload.service.IVBUploadVideoService=com.tencent.raft.generate.interface1516007402$QQLive_app@79ed56b, class com.tencent.qqlive.modules.attachable.b.b=com.tencent.raft.generate.interface1008491740$QQLive_app@f69a8c8, class com.tencent.qqlive.modules.vb.idauth.service.VBIDAuthService=com.tencent.raft.generate.interface387926606$QQLive_app@419fd61, interface com.tencent.qqlive.modules.vb.videokit.service.IVBMediaPreviewerService=com.tencent.raft.generate.interface237566004$QQLive_app@44aa086, interface com.tencent.qqlive.modules.vb.location.service.IVBLocationService=com.tencent.raft.generate.interface1514662158$QQLive_app@e535d47, interface com.tencent.qqlive.modules.vb.threadservice.service.IVBThreadService=com.tencent.raft.generate.interface1753729375$QQLive_app@bd48974, class com.tencent.qqlive.modules.vb.log.VBLogService=com.tencent.raft.generate.interface720016883$QQLive_app@f180e9d, interface com.tencent.qqlive.modules.vb.skin.service.IVBSkinService=com.tencent.raft.generate.interface1985581822$QQLive_app@c203f12, interface com.tencent.qqlive.modules.vb.dialog.service.IVBDialogService=com.tencent.raft.generate.interface416549288$QQLive_app@6de86e3, interface com.tencent.qqlive.modules.vb.log.IVBLogService=com.tencent.raft.generate.interface720016883$QQLive_app@6ac8e0, class com.tencent.qqlive.modules.vb.threadservice.service.VBThreadService=com.tencent.raft.generate.interface1753729375$QQLive_app@3ebf799, interface com.tencent.qqlive.modules.vb.platforminfo.service.IVBPlatformInfoService=com.tencent.raft.generate.interface1883630954$QQLive_app@a3f3a5e, interface com.tencent.qqlive.modules.vb.camera.service.IVBCameraService=com.tencent.raft.generate.interface1737817582$QQLive_app@368ae3f, interface com.tencent.qqlive.modules.vb.kv.service.IVBKVService=com.tencent.raft.generate.interface169200130$QQLive_app@c63930c, class com.tencent.qqlive.modules.vb.camera.service.VBCameraService=com.tencent.raft.generate.interface1737817582$QQLive_app@47b7455, class com.tencent.qqlive.modules.vb.location.service.VBLocationService=com.tencent.raft.generate.interface1514662158$QQLive_app@4c09e6a, class com.tencent.qqlive.modules.vb.videokit.service.VBCoverGenerateService=com.tencent.raft.generate.interface438429825$QQLive_app@643ef5b, interface com.tencent.qqlive.modules.vb.videokit.service.IVBCoverGenerateService=com.tencent.raft.generate.interface438429825$QQLive_app@93cd3f8, interface com.tencent.qqlive.modules.vb.pb.service.IVBPBService=com.tencent.raft.generate.interface1034297996$QQLive_app@14c00d1, interface com.tencent.qqlive.modules.vb.loginservice.IVBLoginService=com.tencent.raft.generate.interface2111711442$QQLive_app@8423736, class com.tencent.qqlive.modules.vb.videokit.service.VBMediaPreviewerService=com.tencent.raft.generate.interface237566004$QQLive_app@ac82637, class com.tencent.qqlive.modules.vb.platforminfo.service.VBPlatformInfoService=com.tencent.raft.generate.interface1883630954$QQLive_app@86737a4, class com.tencent.qqlive.modules.vb.videokit.service.VBCoverPickerService=com.tencent.raft.generate.interface760724600$QQLive_app@3bed90d, class com.tencent.qqlive.modules.vb.videoupload.service.VBUploadVideoService=com.tencent.raft.generate.interface1516007402$QQLive_app@b7290c2, class com.tencent.qqlive.modules.vb.loginservice.VBLoginService=com.tencent.raft.generate.interface2111711442$QQLive_app@feeeed3, interface com.tencent.qqlive.module
2021-01-24 09:41:17.335 17235-17235/? D/RADeclareManager: init success :{}
2021-01-24 09:41:17.340 17256-17256/? I/load_dex_tag: QQLiveApplication init
2021-01-24 09:41:17.350 17256-17256/? I/load_dex_tag: application attachBaseContext
2021-01-24 09:41:17.351 17256-17256/? I/MultiDex: VM with version 2.1.0 has multidex support
2021-01-24 09:41:17.351 17256-17256/? I/MultiDex: install
2021-01-24 09:41:17.351 17256-17256/? I/MultiDex: VM has multidex support, MultiDex support library is disabled.
2021-01-24 09:41:17.357 17256-17256/? E/a: ApplicationWrapper:attachBaseContext: process = com.tencent.qqlive:services, processType = 17
2021-01-24 09:41:17.359 17235-17235/? E/QQLiveXLogger: new:com.tencent.qqlive:pmservice,pmservice
2021-01-24 09:41:17.362 17256-17256/? D/SLAReporter: set open: false ,real: false
2021-01-24 09:41:17.362 17256-17256/? D/RAApplicationContext: startup [81400322], current RAFT version:com.raft.uas/v1alpha2
2021-01-24 09:41:17.363 17256-17256/? D/RAServiceManager: init ...
2021-01-24 09:41:17.367 17256-17256/? D/RAServiceManager: init success :{interface com.tencent.qqlive.modules.vb.wrapperloginservice.IVBWrapperLoginService=com.tencent.raft.generate.interface1907459880$QQLive_app@da6534f, interface com.tencent.qqlive.modules.vb.videokit.service.IVBCoverPickerService=com.tencent.raft.generate.interface760724600$QQLive_app@b4dbadc, interface com.tencent.qqlive.modules.vb.networkservice.service.IVBNetworkService=com.tencent.raft.generate.interface812276117$QQLive_app@12fc7e5, class com.tencent.qqlive.modules.vb.wrapperloginservice.VBWrapperLoginService=com.tencent.raft.generate.interface1907459880$QQLive_app@5e12ba, interface com.tencent.qqlive.modules.vb.videoupload.service.IVBUploadVideoService=com.tencent.raft.generate.interface1516007402$QQLive_app@79ed56b, class com.tencent.qqlive.modules.attachable.b.b=com.tencent.raft.generate.interface1008491740$QQLive_app@f69a8c8, class com.tencent.qqlive.modules.vb.idauth.service.VBIDAuthService=com.tencent.raft.generate.interface387926606$QQLive_app@419fd61, interface com.tencent.qqlive.modules.vb.videokit.service.IVBMediaPreviewerService=com.tencent.raft.generate.interface237566004$QQLive_app@44aa086, interface com.tencent.qqlive.modules.vb.location.service.IVBLocationService=com.tencent.raft.generate.interface1514662158$QQLive_app@e535d47, interface com.tencent.qqlive.modules.vb.threadservice.service.IVBThreadService=com.tencent.raft.generate.interface1753729375$QQLive_app@bd48974, class com.tencent.qqlive.modules.vb.log.VBLogService=com.tencent.raft.generate.interface720016883$QQLive_app@f180e9d, interface com.tencent.qqlive.modules.vb.skin.service.IVBSkinService=com.tencent.raft.generate.interface1985581822$QQLive_app@c203f12, interface com.tencent.qqlive.modules.vb.dialog.service.IVBDialogService=com.tencent.raft.generate.interface416549288$QQLive_app@6de86e3, interface com.tencent.qqlive.modules.vb.log.IVBLogService=com.tencent.raft.generate.interface720016883$QQLive_app@6ac8e0, class com.tencent.qqlive.modules.vb.threadservice.service.VBThreadService=com.tencent.raft.generate.interface1753729375$QQLive_app@3ebf799, interface com.tencent.qqlive.modules.vb.platforminfo.service.IVBPlatformInfoService=com.tencent.raft.generate.interface1883630954$QQLive_app@a3f3a5e, interface com.tencent.qqlive.modules.vb.camera.service.IVBCameraService=com.tencent.raft.generate.interface1737817582$QQLive_app@368ae3f, interface com.tencent.qqlive.modules.vb.kv.service.IVBKVService=com.tencent.raft.generate.interface169200130$QQLive_app@c63930c, class com.tencent.qqlive.modules.vb.camera.service.VBCameraService=com.tencent.raft.generate.interface1737817582$QQLive_app@47b7455, class com.tencent.qqlive.modules.vb.location.service.VBLocationService=com.tencent.raft.generate.interface1514662158$QQLive_app@4c09e6a, class com.tencent.qqlive.modules.vb.videokit.service.VBCoverGenerateService=com.tencent.raft.generate.interface438429825$QQLive_app@643ef5b, interface com.tencent.qqlive.modules.vb.videokit.service.IVBCoverGenerateService=com.tencent.raft.generate.interface438429825$QQLive_app@93cd3f8, interface com.tencent.qqlive.modules.vb.pb.service.IVBPBService=com.tencent.raft.generate.interface1034297996$QQLive_app@14c00d1, interface com.tencent.qqlive.modules.vb.loginservice.IVBLoginService=com.tencent.raft.generate.interface2111711442$QQLive_app@8423736, class com.tencent.qqlive.modules.vb.videokit.service.VBMediaPreviewerService=com.tencent.raft.generate.interface237566004$QQLive_app@ac82637, class com.tencent.qqlive.modules.vb.platforminfo.service.VBPlatformInfoService=com.tencent.raft.generate.interface1883630954$QQLive_app@86737a4, class com.tencent.qqlive.modules.vb.videokit.service.VBCoverPickerService=com.tencent.raft.generate.interface760724600$QQLive_app@3bed90d, class com.tencent.qqlive.modules.vb.videoupload.service.VBUploadVideoService=com.tencent.raft.generate.interface1516007402$QQLive_app@b7290c2, class com.tencent.qqlive.modules.vb.loginservice.VBLoginService=com.tencent.raft.generate.interface2111711442$QQLive_app@feeeed3, interface com.tencent.qqlive.module
2021-01-24 09:41:17.368 17256-17256/? D/RADeclareManager: init success :{}
2021-01-24 09:41:17.368 17235-17235/? I/MMKV: <native-bridge.cpp:95::JNI_OnLoad> current API level = 29
2021-01-24 09:41:17.368 17235-17235/? I/MMKV: <MMKV.cpp:192::initialize> page size:4096
2021-01-24 09:41:17.369 17235-17235/? I/MMKV: <MMKV.cpp:206::initializeMMKV> root dir: /data/user/0/com.tencent.qqlive/files/mmkv
2021-01-24 09:41:17.370 1684-31081/? W/MessageQueue: Handler (android.media.audiofx.Visualizer$NativeEventHandler) {fabdefe} sending message to a Handler on a dead thread
    java.lang.IllegalStateException: Handler (android.media.audiofx.Visualizer$NativeEventHandler) {fabdefe} sending message to a Handler on a dead thread
        at android.os.MessageQueue.enqueueMessage(MessageQueue.java:561)
        at android.os.Handler.enqueueMessage(Handler.java:754)
        at android.os.Handler.sendMessageAtTime(Handler.java:703)
        at android.os.Handler.sendMessageDelayed(Handler.java:673)
        at android.os.Handler.sendMessage(Handler.java:611)
        at android.media.audiofx.Visualizer.postEventFromNative(Visualizer.java:787)
2021-01-24 09:41:17.377 17235-17235/? I/MMKV: <MMKV.cpp:330::loadFromFile> loading [vb_platformInfo] with 103 size in total, file size is 4096
2021-01-24 09:41:17.377 17235-17235/? I/MMKV: <MMKV.cpp:354::loadFromFile> loading [vb_platformInfo] with crc 550339306 sequence 2
2021-01-24 09:41:17.377 17235-17235/? I/MMKV: <MMKV.cpp:375::loadFromFile> loaded [vb_platformInfo] with 3 values
2021-01-24 09:41:17.380 17235-17235/? D/AppConfig: traverseSharedPreferencesKey: start
2021-01-24 09:41:17.391 17235-17325/? W/SQLiteCompatibilityWalFlags: Cannot read global setting sqlite_compatibility_wal_flags - Application state not available
2021-01-24 09:41:17.392 17235-17235/? D/AppConfig: fs length is :533
2021-01-24 09:41:17.395 17256-17256/? E/QQLiveXLogger: new:com.tencent.qqlive:services,services
2021-01-24 09:41:17.396 17235-17235/? I/MMKV: <MMKV.cpp:330::loadFromFile> loading [mmkv_inner_prefs_migrate_finish] with 77 size in total, file size is 4096
2021-01-24 09:41:17.396 17235-17235/? I/MMKV: <MMKV.cpp:354::loadFromFile> loading [mmkv_inner_prefs_migrate_finish] with crc 4262516954 sequence 2
2021-01-24 09:41:17.396 17235-17235/? I/MMKV: <MMKV.cpp:375::loadFromFile> loaded [mmkv_inner_prefs_migrate_finish] with 3 values
2021-01-24 09:41:17.396 17235-17235/? I/MMKV: <MMKV.cpp:330::loadFromFile> loading [com.tencent.qqlive_preferences] with 223 size in total, file size is 4096
2021-01-24 09:41:17.396 17235-17235/? I/MMKV: <MMKV.cpp:354::loadFromFile> loading [com.tencent.qqlive_preferences] with crc 701197390 sequence 2
2021-01-24 09:41:17.396 17235-17235/? I/MMKV: <MMKV.cpp:375::loadFromFile> loaded [com.tencent.qqlive_preferences] with 3 values
2021-01-24 09:41:17.397 17235-17235/? I/WXAOptimizeTask: checkStartWXA: wxaInitStateConfigValue: 1
2021-01-24 09:41:17.399 17235-17235/? I/WXAOptimizeTask: WXAOptimizeTask, checkForceInCurThread 0
2021-01-24 09:41:17.400 17235-17235/? I/WXAOptimizeTask: WXAOptimizeTask, resetForceInCurThread 1, 0
2021-01-24 09:41:17.401 17235-17235/? I/Statistics: appStartUp()
2021-01-24 09:41:17.403 17235-17235/? I/ApplicationWrapper: attachBaseContext   pN =com.tencent.qqlive:pmservice
2021-01-24 09:41:17.403 17256-17256/? I/MMKV: <native-bridge.cpp:95::JNI_OnLoad> current API level = 29
2021-01-24 09:41:17.403 17256-17256/? I/MMKV: <MMKV.cpp:192::initialize> page size:4096
2021-01-24 09:41:17.403 17256-17256/? I/MMKV: <MMKV.cpp:206::initializeMMKV> root dir: /data/user/0/com.tencent.qqlive/files/mmkv
2021-01-24 09:41:17.403 17235-17324/? I/ashercai: QQLiveApplication 1
2021-01-24 09:41:17.411 17235-17235/? W/System: ClassLoader referenced unknown path:
2021-01-24 09:41:17.412 17256-17256/? I/MMKV: <MMKV.cpp:330::loadFromFile> loading [vb_platformInfo] with 205 size in total, file size is 4096
2021-01-24 09:41:17.412 17256-17256/? I/MMKV: <MMKV.cpp:354::loadFromFile> loading [vb_platformInfo] with crc 3922253152 sequence 2
2021-01-24 09:41:17.412 17235-17325/? E/SQLiteLog: (1) no such table: OnePrefs_UpdatePrefsFile
2021-01-24 09:41:17.412 17256-17256/? I/MMKV: <MMKV.cpp:375::loadFromFile> loaded [vb_platformInfo] with 3 values
2021-01-24 09:41:17.415 17256-17256/? D/AppConfig: traverseSharedPreferencesKey: start
2021-01-24 09:41:17.420 17256-17256/? D/AppConfig: fs length is :533
2021-01-24 09:41:17.421 17168-17168/? W/MicroMsg.EventCenter: [, , 17168]:No listener for this event com.tencent.mm.g.a.pp@fa54d0e(123408716), Stack: .
2021-01-24 09:41:17.424 17256-17256/? I/MMKV: <MMKV.cpp:330::loadFromFile> loading [mmkv_inner_prefs_migrate_finish] with 77 size in total, file size is 4096
2021-01-24 09:41:17.424 17256-17256/? I/MMKV: <MMKV.cpp:354::loadFromFile> loading [mmkv_inner_prefs_migrate_finish] with crc 4262516954 sequence 2
2021-01-24 09:41:17.424 17256-17256/? I/MMKV: <MMKV.cpp:375::loadFromFile> loaded [mmkv_inner_prefs_migrate_finish] with 3 values
2021-01-24 09:41:17.424 17256-17256/? I/MMKV: <MMKV.cpp:330::loadFromFile> loading [com.tencent.qqlive_preferences] with 277 size in total, file size is 4096
2021-01-24 09:41:17.424 17256-17256/? I/MMKV: <MMKV.cpp:354::loadFromFile> loading [com.tencent.qqlive_preferences] with crc 2008258384 sequence 2
