2021-01-24 09:41:17.424 17256-17256/? I/MMKV: <MMKV.cpp:375::loadFromFile> loaded [com.tencent.qqlive_preferences] with 3 values
2021-01-24 09:41:17.428 17256-17256/? I/WXAOptimizeTask: checkStartWXA: wxaInitStateConfigValue: 1
2021-01-24 09:41:17.431 17256-17256/? I/WXAOptimizeTask: WXAOptimizeTask, checkForceInCurThread 0
2021-01-24 09:41:17.433 17256-17335/? W/SQLiteCompatibilityWalFlags: Cannot read global setting sqlite_compatibility_wal_flags - Application state not available
2021-01-24 09:41:17.434 17256-17256/? I/WXAOptimizeTask: WXAOptimizeTask, resetForceInCurThread 1, 0
2021-01-24 09:41:17.434 17256-17256/? I/Statistics: appStartUp()
2021-01-24 09:41:17.435 17168-17205/? I/MicroMsg.WxConsumedLock: [, , 17205]:lock com.tencent.mm.co.b@db0432f
2021-01-24 09:41:17.435 17168-17206/? I/MicroMsg.WxConsumedLock: [, , 17206]:lock com.tencent.mm.co.b@b4feac5
2021-01-24 09:41:17.435 17168-17204/? I/MicroMsg.WxConsumedLock: [, , 17204]:lock com.tencent.mm.co.b@3ed2c1a
2021-01-24 09:41:17.435 17168-17209/? I/MicroMsg.ParallelsManagement: [, , 17209]:ParallelsManagement resolvedOne Ref-plugin-teenmode - with type interface com.tencent.mm.kernel.b.b for type interface com.tencent.mm.kernel.b.b then next null
2021-01-24 09:41:17.436 17168-17207/? I/MicroMsg.ParallelsManagement: [, , 17207]:ParallelsManagement resolvedOne Ref-plugin-zero - with type interface com.tencent.mm.kernel.b.b for type interface com.tencent.mm.kernel.b.b then next null
2021-01-24 09:41:17.436 17168-17208/? I/MicroMsg.WxConsumedLock: [, , 17208]:lock com.tencent.mm.co.b@587e34b
2021-01-24 09:41:17.436 17168-17204/? I/MicroMsg.CallbacksProxy: [, , 17204]:configuring plugin [com.tencent.mm.wlogcat.PluginLogcat@e260f6f]...
2021-01-24 09:41:17.436 17168-17206/? I/MicroMsg.CallbacksProxy: [, , 17206]:configuring plugin [com.tencent.mm.plugin.byp.PluginByp@4dd6143]...
2021-01-24 09:41:17.437 17168-17205/? I/MicroMsg.CallbacksProxy: [, , 17205]:configuring plugin [com.tencent.mm.gpu.PluginGpuRes@21567a6]...
2021-01-24 09:41:17.437 17168-17208/? I/MicroMsg.CallbacksProxy: [, , 17208]:configuring plugin [com.tencent.mm.plugin.handoff.PluginHandOff@26105e]...
2021-01-24 09:41:17.438 17168-17204/? I/MicroMsg.WxConsumedLock: [, , 17204]:notify done com.tencent.mm.co.b@3ed2c1a
2021-01-24 09:41:17.438 17168-17209/? I/MMSkeleton.ParallelsDependencies: [, , 17209]:checkIfResolvedAndSwallowIt node Ref-com.tencent.mm.plugin.websearch.PluginWebSearch@a6ca55e - with type interface com.tencent.mm.kernel.b.b, consumed false, phase interface com.tencent.mm.kernel.b.b resolved!
2021-01-24 09:41:17.438 17168-17207/? I/MMSkeleton.ParallelsDependencies: [, , 17207]:checkIfResolvedAndSwallowIt node Ref-com.tencent.mm.ipcinvoker.wx_extension.PluginIPC@baf6559 - with type interface com.tencent.mm.kernel.b.b, consumed true, phase interface com.tencent.mm.kernel.b.b resolved!
2021-01-24 09:41:17.438 17168-17204/? I/MicroMsg.ParallelsManagement: [, , 17204]:ParallelsManagement resolvedOne Ref-com.tencent.mm.wlogcat.PluginLogcat@e260f6f - with type interface com.tencent.mm.kernel.b.b for type interface com.tencent.mm.kernel.b.b then next null
2021-01-24 09:41:17.439 17168-17207/? I/MMSkeleton.ParallelsDependencies: [, , 17207]:checkIfResolvedAndSwallowIt node Ref-com.tencent.mm.plugin.audio.PluginVoice@9059685 - with type interface com.tencent.mm.kernel.b.b, consumed true, phase interface com.tencent.mm.kernel.b.b resolved!
2021-01-24 09:41:17.439 17168-17208/? I/MicroMsg.WxConsumedLock: [, , 17208]:notify done com.tencent.mm.co.b@587e34b
2021-01-24 09:41:17.439 17256-17256/? I/ApplicationWrapper: attachBaseContext   pN =com.tencent.qqlive:services
2021-01-24 09:41:17.439 17168-17209/? I/MicroMsg.WxConsumedLock: [, , 17209]:lock com.tencent.mm.co.b@91ed128
2021-01-24 09:41:17.440 17168-17205/? I/MicroMsg.WxConsumedLock: [, , 17205]:notify done com.tencent.mm.co.b@db0432f
2021-01-24 09:41:17.440 17168-17205/? I/MicroMsg.ParallelsManagement: [, , 17205]:ParallelsManagement resolvedOne Ref-com.tencent.mm.gpu.PluginGpuRes@21567a6 - with type interface com.tencent.mm.kernel.b.b for type interface com.tencent.mm.kernel.b.b then next null
2021-01-24 09:41:17.440 17168-17204/? I/MicroMsg.ParallelsManagement: [, , 17204]:ParallelsManagement resolvedOne Ref-com.tencent.mm.ipcinvoker.wx_extension.PluginIPC@baf6559 - with type interface com.tencent.mm.kernel.b.b for type interface com.tencent.mm.kernel.b.b then next null
2021-01-24 09:41:17.440 17256-17334/? I/ashercai: QQLiveApplication 1
2021-01-24 09:41:17.441 17168-17205/? I/MicroMsg.WxConsumedLock: [, , 17205]:lock com.tencent.mm.co.b@2c96e41
2021-01-24 09:41:17.441 17168-17206/? I/MicroMsg.WxConsumedLock: [, , 17206]:notify done com.tencent.mm.co.b@b4feac5
2021-01-24 09:41:17.441 17168-17205/? I/MicroMsg.CallbacksProxy: [, , 17205]:configuring plugin [com.tencent.mm.plugin.websearch.PluginWebSearch@a6ca55e]...
2021-01-24 09:41:17.441 17168-17208/? I/MicroMsg.ParallelsManagement: [, , 17208]:ParallelsManagement resolvedOne Ref-com.tencent.mm.plugin.handoff.PluginHandOff@26105e - with type interface com.tencent.mm.kernel.b.b for type interface com.tencent.mm.kernel.b.b then next null
2021-01-24 09:41:17.442 17168-17208/? I/MMSkeleton.ParallelsDependencies: [, , 17208]:checkIfResolvedAndSwallowIt node Ref-com.tencent.mm.plugin.ball.PluginBall@27d95e5 - with type interface com.tencent.mm.kernel.b.b, consumed false, phase interface com.tencent.mm.kernel.b.b resolved!
2021-01-24 09:41:17.442 17168-17209/? I/MicroMsg.CallbacksProxy: [, , 17209]:configuring plugin [com.tencent.mm.plugin.crashfix.PluginSystemCrashFix@dbee7ef]...
2021-01-24 09:41:17.442 17235-17324/? W/DummyProcessStartup: initialize: useless startup:java.lang.Throwable
        at com.tencent.luggage.wxa.anf.h(DummyProcessStartup.kt:12)
        at com.tencent.luggage.wxa.anj.h(ProcessStartupFactory.kt:45)
        at com.tencent.luggage.wxa.amj.<init>(WxaApiImpl.kt:137)
        at com.tencent.luggage.wxaapi.WxaApi$Factory.createApi(WxaApi.java:147)
        at com.tencent.qqlive.jsapi.utils.WxaSdkPkgLoader.b(WxaSdkPkgLoader.java:127)
        at com.tencent.qqlive.jsapi.utils.WxaSdkPkgLoader.onApplicationCreate(WxaSdkPkgLoader.java:89)
        at com.tencent.qqlive.ona.base.a.a.l$1.run(WXAOptimizeTask.java:40)
        at java.util.concurrent.Executors$RunnableAdapter.call(Executors.java:462)
        at java.util.concurrent.FutureTask.run(FutureTask.java:266)
        at com.tencent.qqlive.ona.base.a.c$a.run(AsyncRunCheck.java:88)
        at java.util.concurrent.Executors$RunnableAdapter.call(Executors.java:462)
        at java.util.concurrent.FutureTask.run(FutureTask.java:266)
        at com.tencent.qqlive.modules.vb.threadservice.a.d.run(VBExecuteRunnable.java:48)
        at java.util.concurrent.ThreadPoolExecutor.runWorker(ThreadPoolExecutor.java:1167)
        at java.util.concurrent.ThreadPoolExecutor$Worker.run(ThreadPoolExecutor.java:641)
        at java.lang.Thread.run(Thread.java:919)
2021-01-24 09:41:17.442 17168-17209/? I/MicroMsg.WxConsumedLock: [, , 17209]:notify done com.tencent.mm.co.b@91ed128
2021-01-24 09:41:17.442 17168-17206/? I/MicroMsg.ParallelsManagement: [, , 17206]:ParallelsManagement resolvedOne Ref-com.tencent.mm.plugin.byp.PluginByp@4dd6143 - with type interface com.tencent.mm.kernel.b.b for type interface com.tencent.mm.kernel.b.b then next null
2021-01-24 09:41:17.442 17168-17209/? I/MicroMsg.ParallelsManagement: [, , 17209]:ParallelsManagement resolvedOne Ref-com.tencent.mm.plugin.crashfix.PluginSystemCrashFix@dbee7ef - with type interface com.tencent.mm.kernel.b.b for type interface com.tencent.mm.kernel.b.b then next null
2021-01-24 09:41:17.443 17168-17207/? I/MMSkeleton.ParallelsDependencies: [, , 17207]:checkIfResolvedAndSwallowIt node Ref-com.tencent.mm.plugin.multitask.PluginMultiTask@b1bccda - with type interface com.tencent.mm.kernel.b.b, consumed true, phase interface com.tencent.mm.kernel.b.b resolved!
2021-01-24 09:41:17.443 17168-17206/? I/MMSkeleton.ParallelsDependencies: [, , 17206]:checkIfResolvedAndSwallowIt node Ref-com.tencent.mm.plugin.gamelife.PluginGameLife@c01ab86 - with type interface com.tencent.mm.kernel.b.b, consumed false, phase interface com.tencent.mm.kernel.b.b resolved!
2021-01-24 09:41:17.443 17168-17209/? I/MicroMsg.ParallelsManagement: [, , 17209]:ParallelsManagement resolvedOne Ref-com.tencent.mm.plugin.audio.PluginVoice@9059685 - with type interface com.tencent.mm.kernel.b.b for type interface com.tencent.mm.kernel.b.b then next null
2021-01-24 09:41:17.443 17168-17207/? I/MMSkeleton.ParallelsDependencies: [, , 17207]:checkIfResolvedAndSwallowIt node Ref-com.tencent.mm.plugin.fav.offline.PluginFavOffline@2e1cf98 - with type interface com.tencent.mm.kernel.b.b, consumed false, phase interface com.tencent.mm.kernel.b.b resolved!
2021-01-24 09:41:17.444 17168-17207/? I/MMSkeleton.ParallelsDependencies: [, , 17207]:checkIfResolvedAndSwallowIt node Ref-com.tencent.mm.plugin.expansions.PluginExpansions@8f51ffc - with type interface com.tencent.mm.kernel.b.b, consumed true, phase interface com.tencent.mm.kernel.b.b resolved!
2021-01-24 09:41:17.444 17168-17205/? I/MicroMsg.ServiceHub: [, , 17205]:register service interface com.tencent.mm.plugin.websearch.api.h com.tencent.mm.kernel.c.e@223d7d4
2021-01-24 09:41:17.444 17168-17209/? I/MicroMsg.ParallelsManagement: [, , 17209]:ParallelsManagement resolvedOne Ref-com.tencent.mm.plugin.multitask.PluginMultiTask@b1bccda - with type interface com.tencent.mm.kernel.b.b for type interface com.tencent.mm.kernel.b.b then next null
2021-01-24 09:41:17.444 17168-17208/? I/MicroMsg.WxConsumedLock: [, , 17208]:lock com.tencent.mm.co.b@8d2472
2021-01-24 09:41:17.444 17168-17204/? I/MicroMsg.WxConsumedLock: [, , 17204]:lock com.tencent.mm.co.b@6fdad7d
2021-01-24 09:41:17.444 17168-17206/? I/MMSkeleton.ParallelsDependencies: [, , 17206]:checkIfResolvedAndSwallowIt node Ref-com.tencent.mm.plugin.finder.PluginFinder@e46f9b0 - with type interface com.tencent.mm.kernel.b.b, consumed false, phase interface com.tencent.mm.kernel.b.b resolved!
2021-01-24 09:41:17.445 17168-17208/? I/MicroMsg.CallbacksProxy: [, , 17208]:configuring plugin [com.tencent.mm.plugin.ball.PluginBall@27d95e5]...
2021-01-24 09:41:17.445 17168-17204/? I/MicroMsg.CallbacksProxy: [, , 17204]:configuring plugin [com.tencent.mm.plugin.fav.offline.PluginFavOffline@2e1cf98]...
2021-01-24 09:41:17.445 5133-7374/? I/SarService: Receiver polling >>>> Change receiver mode: off
2021-01-24 09:41:17.445 17235-17324/? D/MicroMsg.PaySdk.WXFactory: createWXAPI, appId = wxca942bbff22e0e51, checkSignature = true
2021-01-24 09:41:17.446 17168-17205/? I/MicroMsg.ServiceHub: [, , 17205]:register service interface com.tencent.mm.plugin.websearch.api.j com.tencent.mm.kernel.c.e@d3ca479
2021-01-24 09:41:17.446 17168-17209/? I/MicroMsg.WxConsumedLock: [, , 17209]:lock com.tencent.mm.co.b@33e561f
2021-01-24 09:41:17.446 17168-17206/? I/MicroMsg.WxConsumedLock: [, , 17206]:lock com.tencent.mm.co.b@b8515be
2021-01-24 09:41:17.446 17235-17324/? D/MicroMsg.SDK.WXApiImplV10: <init>, appId = wxca942bbff22e0e51, checkSignature = true
2021-01-24 09:41:17.446 17168-17208/? I/MicroMsg.WxConsumedLock: [, , 17208]:notify done com.tencent.mm.co.b@8d2472
2021-01-24 09:41:17.447 17256-17256/? W/System: ClassLoader referenced unknown path:
2021-01-24 09:41:17.447 17168-17204/? I/MicroMsg.WxConsumedLock: [, , 17204]:notify done com.tencent.mm.co.b@6fdad7d
2021-01-24 09:41:17.447 17168-17207/? I/MMSkeleton.ParallelsDependencies: [, , 17207]:checkIfResolvedAndSwallowIt node Ref-com.tencent.mm.plugin.scanner.PluginScanner@11d3afe - with type interface com.tencent.mm.kernel.b.b, consumed false, phase interface com.tencent.mm.kernel.b.b resolved!
2021-01-24 09:41:17.447 17168-17204/? I/MicroMsg.ParallelsManagement: [, , 17204]:ParallelsManagement resolvedOne Ref-com.tencent.mm.plugin.fav.offline.PluginFavOffline@2e1cf98 - with type interface com.tencent.mm.kernel.b.b for type interface com.tencent.mm.kernel.b.b then next null
2021-01-24 09:41:17.447 17168-17206/? I/MicroMsg.CallbacksProxy: [, , 17206]:configuring plugin [com.tencent.mm.plugin.gamelife.PluginGameLife@c01ab86]...
2021-01-24 09:41:17.447 17168-17209/? I/MicroMsg.CallbacksProxy: [, , 17209]:configuring plugin [com.tencent.mm.plugin.finder.PluginFinder@e46f9b0]...
2021-01-24 09:41:17.448 17168-17204/? I/MicroMsg.ParallelsManagement: [, , 17204]:ParallelsManagement resolvedOne Ref-com.tencent.mm.plugin.expansions.PluginExpansions@8f51ffc - with type interface com.tencent.mm.kernel.b.b for type interface com.tencent.mm.kernel.b.b then next null
2021-01-24 09:41:17.448 17168-17207/? I/MMSkeleton.ParallelsDependencies: [, , 17207]:checkIfResolvedAndSwallowIt node Ref-com.tencent.mm.plugin.fav.ui.PluginFavUI@3c114ee - with type interface com.tencent.mm.kernel.b.b, consumed false, phase interface com.tencent.mm.kernel.b.b resolved!
2021-01-24 09:41:17.448 17168-17206/? I/MicroMsg.WxConsumedLock: [, , 17206]:notify done com.tencent.mm.co.b@b8515be
2021-01-24 09:41:17.449 17168-17205/? I/MicroMsg.ServiceHub: [, , 17205]:register service interface com.tencent.mm.plugin.websearch.api.f com.tencent.mm.kernel.c.e@678cfca
2021-01-24 09:41:17.449 17256-17335/? E/SQLiteLog: (1) no such table: OnePrefs_UpdatePrefsFile
2021-01-24 09:41:17.449 17168-17207/? I/MMSkeleton.ParallelsDependencies: [, , 17207]:checkIfResolvedAndSwallowIt node Ref-com.tencent.mm.plugin.wepkg.PluginWePkg@db8ca19 - with type interface com.tencent.mm.kernel.b.b, consumed false, phase interface com.tencent.mm.kernel.b.b resolved!
2021-01-24 09:41:17.449 17168-17208/? I/MicroMsg.ParallelsManagement: [, , 17208]:ParallelsManagement resolvedOne Ref-com.tencent.mm.plugin.ball.PluginBall@27d95e5 - with type interface com.tencent.mm.kernel.b.b for type interface com.tencent.mm.kernel.b.b then next null
2021-01-24 09:41:17.449 17168-17209/? I/MicroMsg.WxConsumedLock: [, , 17209]:notify done com.tencent.mm.co.b@33e561f
2021-01-24 09:41:17.449 17235-17324/? I/Luggage.WxaApiImpl: <init> process:com.tencent.qqlive:pmservice, version:1.2.6(0x27001430), hostAppID:wxca942bbff22e0e51, abiType:1
2021-01-24 09:41:17.450 17168-17207/? I/MMSkeleton.ParallelsDependencies: [, , 17207]:checkIfResolvedAndSwallowIt node Ref-com.tencent.mm.plugin.brandservice.PluginBrandService@94ae72 - with type interface com.tencent.mm.kernel.b.b, consumed true, phase interface com.tencent.mm.kernel.b.b resolved!
2021-01-24 09:41:17.450 17168-17208/? I/MicroMsg.WxConsumedLock: [, , 17208]:lock com.tencent.mm.co.b@8a969b1
2021-01-24 09:41:17.450 17168-17206/? I/MicroMsg.ParallelsManagement: [, , 17206]:ParallelsManagement resolvedOne Ref-com.tencent.mm.plugin.gamelife.PluginGameLife@c01ab86 - with type interface com.tencent.mm.kernel.b.b for type interface com.tencent.mm.kernel.b.b then next null
2021-01-24 09:41:17.450 17235-17324/? I/ashercai: QQLiveApplication 2
2021-01-24 09:41:17.450 17168-17207/? I/MMSkeleton.ParallelsDependencies: [, , 17207]:checkIfResolvedAndSwallowIt node Ref-com.tencent.mm.plugin.notification.PluginNotification@9fd876c - with type interface com.tencent.mm.kernel.b.b, consumed true, phase interface com.tencent.mm.kernel.b.b resolved!
2021-01-24 09:41:17.450 17168-17209/? I/MicroMsg.ParallelsManagement: [, , 17209]:ParallelsManagement resolvedOne Ref-com.tencent.mm.plugin.finder.PluginFinder@e46f9b0 - with type interface com.tencent.mm.kernel.b.b for type interface com.tencent.mm.kernel.b.b then next null
2021-01-24 09:41:17.450 17168-17208/? I/MicroMsg.CallbacksProxy: [, , 17208]:configuring plugin [com.tencent.mm.plugin.scanner.PluginScanner@11d3afe]...
2021-01-24 09:41:17.450 17235-17324/? I/ashercai: QQLiveApplication 3
2021-01-24 09:41:17.450 17168-17205/? I/MicroMsg.ServiceHub: [, , 17205]:register service interface com.tencent.mm.plugin.websearch.api.l com.tencent.mm.kernel.c.e@e3c1e96
2021-01-24 09:41:17.451 17168-17207/? I/MMSkeleton.ParallelsDependencies: [, , 17207]:checkIfResolvedAndSwallowIt node Ref-com.tencent.mm.plugin.taskbar.PluginTaskBar@ddcd50b - with type interface com.tencent.mm.kernel.b.b, consumed true, phase interface com.tencent.mm.kernel.b.b resolved!
2021-01-24 09:41:17.451 17168-17204/? I/MicroMsg.WxConsumedLock: [, , 17204]:lock com.tencent.mm.co.b@eeeea17
2021-01-24 09:41:17.451 17168-17209/? I/MicroMsg.WxConsumedLock: [, , 17209]:lock com.tencent.mm.co.b@bd6de04
2021-01-24 09:41:17.451 17168-17206/? I/MicroMsg.ParallelsManagement: [, , 17206]:ParallelsManagement resolvedOne Ref-com.tencent.mm.plugin.brandservice.PluginBrandService@94ae72 - with type interface com.tencent.mm.kernel.b.b for type interface com.tencent.mm.kernel.b.b then next null
2021-01-24 09:41:17.451 17168-17204/? I/MicroMsg.CallbacksProxy: [, , 17204]:configuring plugin [com.tencent.mm.plugin.fav.ui.PluginFavUI@3c114ee]...
2021-01-24 09:41:17.452 17168-17204/? I/MicroMsg.WxConsumedLock: [, , 17204]:notify done com.tencent.mm.co.b@eeeea17
2021-01-24 09:41:17.452 17168-17209/? I/MicroMsg.CallbacksProxy: [, , 17209]:configuring plugin [com.tencent.mm.plugin.wepkg.PluginWePkg@db8ca19]...
2021-01-24 09:41:17.452 17168-17204/? I/MicroMsg.ParallelsManagement: [, , 17204]:ParallelsManagement resolvedOne Ref-com.tencent.mm.plugin.fav.ui.PluginFavUI@3c114ee - with type interface com.tencent.mm.kernel.b.b for type interface com.tencent.mm.kernel.b.b then next null
2021-01-24 09:41:17.452 17168-17208/? I/MicroMsg.WxConsumedLock: [, , 17208]:notify done com.tencent.mm.co.b@8a969b1
2021-01-24 09:41:17.452 17168-17206/? I/MicroMsg.ParallelsManagement: [, , 17206]:ParallelsManagement resolvedOne Ref-com.tencent.mm.plugin.notification.PluginNotification@9fd876c - with type interface com.tencent.mm.kernel.b.b for type interface com.tencent.mm.kernel.b.b then next null
2021-01-24 09:41:17.452 17168-17208/? I/MicroMsg.ParallelsManagement: [, , 17208]:ParallelsManagement resolvedOne Ref-com.tencent.mm.plugin.scanner.PluginScanner@11d3afe - with type interface com.tencent.mm.kernel.b.b for type interface com.tencent.mm.kernel.b.b then next null
2021-01-24 09:41:17.453 17168-17209/? I/MicroMsg.WxConsumedLock: [, , 17209]:notify done com.tencent.mm.co.b@bd6de04
2021-01-24 09:41:17.454 17168-17209/? I/MicroMsg.ParallelsManagement: [, , 17209]:ParallelsManagement resolvedOne Ref-com.tencent.mm.plugin.wepkg.PluginWePkg@db8ca19 - with type interface com.tencent.mm.kernel.b.b for type interface com.tencent.mm.kernel.b.b then next null
2021-01-24 09:41:17.455 17168-17207/? I/MMSkeleton.ParallelsDependencies: [, , 17207]:checkIfResolvedAndSwallowIt node Ref-com.tencent.mm.pluginsdk.model.app.PluginAppMsg@28e1601 - with type interface com.tencent.mm.kernel.b.b, consumed true, phase interface com.tencent.mm.kernel.b.b resolved!
2021-01-24 09:41:17.455 17168-17205/? I/MicroMsg.WxConsumedLock: [, , 17205]:notify done com.tencent.mm.co.b@2c96e41
2021-01-24 09:41:17.455 17235-17235/? I/MMKV: <MMKV.cpp:330::loadFromFile> loading [nx_login_config_file] with 0 size in total, file size is 4096
2021-01-24 09:41:17.455 17235-17235/? I/MMKV: <MMKV.cpp:375::loadFromFile> loaded [nx_login_config_file] with 0 values
2021-01-24 09:41:17.455 17168-17207/? I/MMSkeleton.ParallelsDependencies: [, , 17207]:checkIfResolvedAndSwallowIt node Ref-com.tencent.mm.plugin.mv.PluginMv@67d64e6 - with type interface com.tencent.mm.kernel.b.b, consumed false, phase interface com.tencent.mm.kernel.b.b resolved!
2021-01-24 09:41:17.456 17168-17205/? I/MicroMsg.ParallelsManagement: [, , 17205]:ParallelsManagement resolvedOne Ref-com.tencent.mm.plugin.websearch.PluginWebSearch@a6ca55e - with type interface com.tencent.mm.kernel.b.b for type interface com.tencent.mm.kernel.b.b then next null
2021-01-24 09:41:17.456 17168-17207/? I/MMSkeleton.ParallelsDependencies: [, , 17207]:checkIfResolvedAndSwallowIt node Ref-com.tencent.mm.game.report.PluginGameReport@a85e32c - with type interface com.tencent.mm.kernel.b.b, consumed false, phase interface com.tencent.mm.kernel.b.b resolved!
2021-01-24 09:41:17.457 17168-17207/? I/MMSkeleton.ParallelsDependencies: [, , 17207]:checkIfResolvedAndSwallowIt node Ref-com.tencent.mm.plugin.wxpay.PluginWxPay@b83bda4 - with type interface com.tencent.mm.kernel.b.b, consumed false, phase interface com.tencent.mm.kernel.b.b resolved!
2021-01-24 09:41:17.457 17168-17208/? I/MicroMsg.WxConsumedLock: [, , 17208]:lock com.tencent.mm.co.b@7138e22
2021-01-24 09:41:17.457 17168-17204/? I/MicroMsg.ParallelsManagement: [, , 17204]:ParallelsManagement resolvedOne Ref-com.tencent.mm.pluginsdk.model.app.PluginAppMsg@28e1601 - with type interface com.tencent.mm.kernel.b.b for type interface com.tencent.mm.kernel.b.b then next null
2021-01-24 09:41:17.457 17168-17205/? I/MicroMsg.ParallelsManagement: [, , 17205]:ParallelsManagement resolvedOne Ref-com.tencent.mm.plugin.taskbar.PluginTaskBar@ddcd50b - with type interface com.tencent.mm.kernel.b.b for type interface com.tencent.mm.kernel.b.b then next null
2021-01-24 09:41:17.457 17168-17207/? I/MMSkeleton.ParallelsDependencies: [, , 17207]:checkIfResolvedAndSwallowIt node Ref-com.tencent.mm.chatroom.plugin.PluginChatroomUI@d6dcd36 - with type interface com.tencent.mm.kernel.b.b, consumed false, phase interface com.tencent.mm.kernel.b.b resolved!
2021-01-24 09:41:17.458 17168-17205/? I/MicroMsg.WxConsumedLock: [, , 17205]:lock com.tencent.mm.co.b@8ee10b3
2021-01-24 09:41:17.458 17168-17208/? I/MicroMsg.CallbacksProxy: [, , 17208]:configuring plugin [com.tencent.mm.game.report.PluginGameReport@a85e32c]...
2021-01-24 09:41:17.458 17168-17205/? I/MicroMsg.CallbacksProxy: [, , 17205]:configuring plugin [com.tencent.mm.plugin.wxpay.PluginWxPay@b83bda4]...
2021-01-24 09:41:17.458 17168-17207/? I/MMSkeleton.ParallelsDependencies: [, , 17207]:checkIfResolvedAndSwallowIt node Ref-com.tencent.mm.plugin.thumbplayer.PluginThumbPlayer@b030ecc - with type interface com.tencent.mm.kernel.b.b, consumed false, phase interface com.tencent.mm.kernel.b.b resolved!
2021-01-24 09:41:17.458 17168-17208/? I/MicroMsg.WxConsumedLock: [, , 17208]:notify done com.tencent.mm.co.b@7138e22
2021-01-24 09:41:17.459 17168-17206/? I/MicroMsg.WxConsumedLock: [, , 17206]:lock com.tencent.mm.co.b@3006a6e
2021-01-24 09:41:17.459 17168-17207/? I/MMSkeleton.ParallelsDependencies: [, , 17207]:checkIfResolvedAndSwallowIt node Ref-com.tencent.mm.live.PluginLive@b4a7d67 - with type interface com.tencent.mm.kernel.b.b, consumed false, phase interface com.tencent.mm.kernel.b.b resolved!
2021-01-24 09:41:17.459 17168-17208/? I/MicroMsg.ParallelsManagement: [, , 17208]:ParallelsManagement resolvedOne Ref-com.tencent.mm.game.report.PluginGameReport@a85e32c - with type interface com.tencent.mm.kernel.b.b for type interface com.tencent.mm.kernel.b.b then next null
2021-01-24 09:41:17.459 17168-17208/? I/MicroMsg.WxConsumedLock: [, , 17208]:lock com.tencent.mm.co.b@6af050f
2021-01-24 09:41:17.460 17168-17209/? I/MicroMsg.WxConsumedLock: [, , 17209]:lock com.tencent.mm.co.b@c2e2fa5
2021-01-24 09:41:17.460 17168-17206/? I/MicroMsg.WxConsumedLock: [, , 17206]:notify done com.tencent.mm.co.b@3006a6e
2021-01-24 09:41:17.460 17168-17208/? I/MicroMsg.CallbacksProxy: [, , 17208]:configuring plugin [com.tencent.mm.chatroom.plugin.PluginChatroomUI@d6dcd36]...
2021-01-24 09:41:17.460 17168-17206/? I/MicroMsg.ParallelsManagement: [, , 17206]:ParallelsManagement resolvedOne Ref-com.tencent.mm.plugin.mv.PluginMv@67d64e6 - with type interface com.tencent.mm.kernel.b.b for type interface com.tencent.mm.kernel.b.b then next null
2021-01-24 09:41:17.460 17168-17208/? I/MicroMsg.WxConsumedLock: [, , 17208]:notify done com.tencent.mm.co.b@6af050f
2021-01-24 09:41:17.460 17168-17205/? I/MicroMsg.ServiceHub: [, , 17205]:register service interface com.tencent.mm.plugin.luckymoney.appbrand.a com.tencent.mm.kernel.c.e@4a9e99c
2021-01-24 09:41:17.461 17168-17208/? I/MicroMsg.ParallelsManagement: [, , 17208]:ParallelsManagement resolvedOne Ref-com.tencent.mm.chatroom.plugin.PluginChatroomUI@d6dcd36 - with type interface com.tencent.mm.kernel.b.b for type interface com.tencent.mm.kernel.b.b then next null
2021-01-24 09:41:17.462 17168-17207/? I/MMSkeleton.ParallelsDependencies: [, , 17207]:checkIfResolvedAndSwallowIt node Ref-com.tencent.mm.plugin.story.PluginStory@4706599 - with type interface com.tencent.mm.kernel.b.b, consumed false, phase interface com.tencent.mm.kernel.b.b resolved!
2021-01-24 09:41:17.462 17168-17209/? I/MicroMsg.CallbacksProxy: [, , 17209]:configuring plugin [com.tencent.mm.plugin.thumbplayer.PluginThumbPlayer@b030ecc]...
2021-01-24 09:41:17.462 17168-17208/? I/MicroMsg.WxConsumedLock: [, , 17208]:lock com.tencent.mm.co.b@23a0388
2021-01-24 09:41:17.462 742-742/? I//vendor/bin/hw/vendor.qti.hardware.servicetracker@1.1-service: bindService is called for service : com.tencent.qqlive/.modules.login.service.LoginService and for client com.tencent.qqlive:pmservice
2021-01-24 09:41:17.462 742-742/? I//vendor/bin/hw/vendor.qti.hardware.servicetracker@1.1-service: total connections for service : com.tencent.qqlive/.modules.login.service.LoginServiceare :2
2021-01-24 09:41:17.462 742-742/? I//vendor/bin/hw/vendor.qti.hardware.servicetracker@1.1-service: total connections for client : com.tencent.qqlive:pmserviceare :1
2021-01-24 09:41:17.463 17168-17207/? I/MMSkeleton.ParallelsDependencies: [, , 17207]:checkIfResolvedAndSwallowIt node Ref-com.tencent.mm.plugin.emojicapture.model.PluginEmojiCapture@f111010 - with type interface com.tencent.mm.kernel.b.b, consumed false, phase interface com.tencent.mm.kernel.b.b resolved!
2021-01-24 09:41:17.463 17168-17205/? I/MicroMsg.ServiceHub: [, , 17205]:register service interface com.tencent.mm.plugin.luckymoney.a.a com.tencent.mm.kernel.c.e@2f72121
2021-01-24 09:41:17.463 17168-17207/? I/MMSkeleton.ParallelsDependencies: [, , 17207]:checkIfResolvedAndSwallowIt node Ref-com.tencent.mm.plugin.facedetect.PluginFace@2238f74 - with type interface com.tencent.mm.kernel.b.b, consumed false, phase interface com.tencent.mm.kernel.b.b resolved!
2021-01-24 09:41:17.463 17168-17208/? I/MicroMsg.CallbacksProxy: [, , 17208]:configuring plugin [com.tencent.mm.live.PluginLive@b4a7d67]...
2021-01-24 09:41:17.464 17168-17209/? I/MicroMsg.WxConsumedLock: [, , 17209]:notify done com.tencent.mm.co.b@c2e2fa5
2021-01-24 09:41:17.464 17168-17205/? I/MicroMsg.ServiceHub: [, , 17205]:register service interface com.tencent.mm.plugin.wxpaysdk.api.b com.tencent.mm.kernel.c.e@92fd034
2021-01-24 09:41:17.464 17168-17207/? I/MMSkeleton.ParallelsDependencies: [, , 17207]:checkIfResolvedAndSwallowIt node Ref-com.tencent.mm.plugin.recordvideo.PluginVideoEditor@25e6f5c - with type interface com.tencent.mm.kernel.b.b, consumed false, phase interface com.tencent.mm.kernel.b.b resolved!
2021-01-24 09:41:17.464 17168-17208/? I/MicroMsg.WxConsumedLock: [, , 17208]:notify done com.tencent.mm.co.b@23a0388
2021-01-24 09:41:17.465 17168-17207/? I/MMSkeleton.ParallelsDependencies: [, , 17207]:checkIfResolvedAndSwallowIt node Ref-com.tencent.mm.plugin.choosemsgfile.PluginChooseMsgFile@825b512 - with type interface com.tencent.mm.kernel.b.b, consumed false, phase interface com.tencent.mm.kernel.b.b resolved!
2021-01-24 09:41:17.465 17168-17208/? I/MicroMsg.ParallelsManagement: [, , 17208]:ParallelsManagement resolvedOne Ref-com.tencent.mm.live.PluginLive@b4a7d67 - with type interface com.tencent.mm.kernel.b.b for type interface com.tencent.mm.kernel.b.b then next null
2021-01-24 09:41:17.465 17168-17209/? I/MicroMsg.ParallelsManagement: [, , 17209]:ParallelsManagement resolvedOne Ref-com.tencent.mm.plugin.thumbplayer.PluginThumbPlayer@b030ecc - with type interface com.tencent.mm.kernel.b.b for type interface com.tencent.mm.kernel.b.b then next null
2021-01-24 09:41:17.465 17168-17205/? I/MicroMsg.ServiceHub: [, , 17205]:register service interface com.tencent.mm.plugin.wxpaysdk.api.c com.tencent.mm.kernel.c.e@c1c8ca3
2021-01-24 09:41:17.466 17168-17209/? I/MicroMsg.WxConsumedLock: [, , 17209]:lock com.tencent.mm.co.b@d51d359
2021-01-24 09:41:17.466 17168-17205/? I/MicroMsg.WxConsumedLock: [, , 17205]:notify done com.tencent.mm.co.b@8ee10b3
2021-01-24 09:41:17.466 17168-17204/? I/MicroMsg.WxConsumedLock: [, , 17204]:lock com.tencent.mm.co.b@a124b1e
2021-01-24 09:41:17.466 17168-17208/? I/MicroMsg.CallbacksProxy: [, , 17208]:configuring plugin [com.tencent.mm.plugin.recordvideo.PluginVideoEditor@25e6f5c]...
2021-01-24 09:41:17.466 17168-17205/? I/MicroMsg.ParallelsManagement: [, , 17205]:ParallelsManagement resolvedOne Ref-com.tencent.mm.plugin.wxpay.PluginWxPay@b83bda4 - with type interface com.tencent.mm.kernel.b.b for type interface com.tencent.mm.kernel.b.b then next null
2021-01-24 09:41:17.466 17168-17204/? I/MicroMsg.CallbacksProxy: [, , 17204]:configuring plugin [com.tencent.mm.plugin.facedetect.PluginFace@2238f74]...
2021-01-24 09:41:17.466 17168-17206/? I/MicroMsg.WxConsumedLock: [, , 17206]:lock com.tencent.mm.co.b@3e14fff
2021-01-24 09:41:17.467 17168-17204/? I/MicroMsg.WxConsumedLock: [, , 17204]:notify done com.tencent.mm.co.b@a124b1e
2021-01-24 09:41:17.467 17168-17208/? I/MicroMsg.WxConsumedLock: [, , 17208]:notify done com.tencent.mm.co.b@413bba0
2021-01-24 09:41:17.467 17168-17207/? I/MMSkeleton.ParallelsDependencies: [, , 17207]:checkIfResolvedAndSwallowIt node Ref-com.tencent.mm.modelrecovery.PluginRecovery@93cd3f8 - with type interface com.tencent.mm.kernel.b.b, consumed true, phase interface com.tencent.mm.kernel.b.b resolved!
2021-01-24 09:41:17.467 17168-17206/? I/MicroMsg.CallbacksProxy: [, , 17206]:configuring plugin [com.tencent.mm.plugin.emojicapture.model.PluginEmojiCapture@f111010]...
2021-01-24 09:41:17.467 17168-17205/? I/MicroMsg.WxConsumedLock: [, , 17205]:lock com.tencent.mm.co.b@b88f1cc
2021-01-24 09:41:17.467 17168-17207/? I/MMSkeleton.ParallelsDependencies: [, , 17207]:checkIfResolvedAndSwallowIt node Ref-com.tencent.mm.plugin.downloader_app.PluginDownloaderApp@4d74d34 - with type interface com.tencent.mm.kernel.b.b, consumed false, phase interface com.tencent.mm.kernel.b.b resolved!
2021-01-24 09:41:17.467 17168-17206/? I/MicroMsg.WxConsumedLock: [, , 17206]:notify done com.tencent.mm.co.b@3e14fff
2021-01-24 09:41:17.467 17168-17205/? I/MicroMsg.CallbacksProxy: [, , 17205]:configuring plugin [com.tencent.mm.plugin.choosemsgfile.PluginChooseMsgFile@825b512]...
2021-01-24 09:41:17.468 17168-17207/? I/MMSkeleton.ParallelsDependencies: [, , 17207]:checkIfResolvedAndSwallowIt node Ref-com.tencent.mm.plugin.abtest.PluginABTest@4e92bcc - with type interface com.tencent.mm.kernel.b.b, consumed true, phase interface com.tencent.mm.kernel.b.b resolved!
2021-01-24 09:41:17.469 17168-17204/? I/MicroMsg.ParallelsManagement: [, , 17204]:ParallelsManagement resolvedOne Ref-com.tencent.mm.plugin.facedetect.PluginFace@2238f74 - with type interface com.tencent.mm.kernel.b.b for type interface com.tencent.mm.kernel.b.b then next null
2021-01-24 09:41:17.469 17168-17207/? I/MMSkeleton.ParallelsDependencies: [, , 17207]:checkIfResolvedAndSwallowIt node Ref-com.tencent.mm.plugin.game.luggage.PluginLuggageGame@475955a - with type interface com.tencent.mm.kernel.b.b, consumed false, phase interface com.tencent.mm.kernel.b.b resolved!
2021-01-24 09:41:17.469 17168-17205/? I/MicroMsg.WxConsumedLock: [, , 17205]:notify done com.tencent.mm.co.b@b88f1cc
2021-01-24 09:41:17.469 17168-17209/? I/MicroMsg.CallbacksProxy: [, , 17209]:configuring plugin [com.tencent.mm.plugin.story.PluginStory@4706599]...
2021-01-24 09:41:17.469 17168-17209/? I/MicroMsg.WxConsumedLock: [, , 17209]:notify done com.tencent.mm.co.b@d51d359
2021-01-24 09:41:17.470 17168-17208/? I/MicroMsg.ParallelsManagement: [, , 17208]:ParallelsManagement resolvedOne Ref-com.tencent.mm.plugin.recordvideo.PluginVideoEditor@25e6f5c - with type interface com.tencent.mm.kernel.b.b for type interface com.tencent.mm.kernel.b.b then next null
2021-01-24 09:41:17.470 17168-17209/? I/MicroMsg.ParallelsManagement: [, , 17209]:ParallelsManagement resolvedOne Ref-com.tencent.mm.plugin.story.PluginStory@4706599 - with type interface com.tencent.mm.kernel.b.b for type interface com.tencent.mm.kernel.b.b then next null
2021-01-24 09:41:17.470 17168-17206/? I/MicroMsg.ParallelsManagement: [, , 17206]:ParallelsManagement resolvedOne Ref-com.tencent.mm.plugin.emojicapture.model.PluginEmojiCapture@f111010 - with type interface com.tencent.mm.kernel.b.b for type interface com.tencent.mm.kernel.b.b then next null
2021-01-24 09:41:17.470 17168-17208/? I/MicroMsg.WxConsumedLock: [, , 17208]:lock com.tencent.mm.co.b@2c34c15
2021-01-24 09:41:17.470 17168-17206/? I/MicroMsg.ParallelsManagement: [, , 17206]:ParallelsManagement resolvedOne Ref-com.tencent.mm.plugin.abtest.PluginABTest@4e92bcc - with type interface com.tencent.mm.kernel.b.b for type interface com.tencent.mm.kernel.b.b then next null
2021-01-24 09:41:17.471 17168-17208/? I/MicroMsg.CallbacksProxy: [, , 17208]:configuring plugin [com.tencent.mm.plugin.downloader_app.PluginDownloaderApp@4d74d34]...
2021-01-24 09:41:17.471 1684-31081/? W/MessageQueue: Handler (android.media.audiofx.Visualizer$NativeEventHandler) {fabdefe} sending message to a Handler on a dead thread
    java.lang.IllegalStateException: Handler (android.media.audiofx.Visualizer$NativeEventHandler) {fabdefe} sending message to a Handler on a dead thread
        at android.os.MessageQueue.enqueueMessage(MessageQueue.java:561)
        at android.os.Handler.enqueueMessage(Handler.java:754)
        at android.os.Handler.sendMessageAtTime(Handler.java:703)
        at android.os.Handler.sendMessageDelayed(Handler.java:673)
        at android.os.Handler.sendMessage(Handler.java:611)
        at android.media.audiofx.Visualizer.postEventFromNative(Visualizer.java:787)
2021-01-24 09:41:17.472 17168-17205/? I/MicroMsg.ParallelsManagement: [, , 17205]:ParallelsManagement resolvedOne Ref-com.tencent.mm.plugin.choosemsgfile.PluginChooseMsgFile@825b512 - with type interface com.tencent.mm.kernel.b.b for type interface com.tencent.mm.kernel.b.b then next null
2021-01-24 09:41:17.472 17168-17204/? I/MicroMsg.ParallelsManagement: [, , 17204]:ParallelsManagement resolvedOne Ref-com.tencent.mm.modelrecovery.PluginRecovery@93cd3f8 - with type interface com.tencent.mm.kernel.b.b for type interface com.tencent.mm.kernel.b.b then next null
2021-01-24 09:41:17.472 17168-17207/? I/MMSkeleton.ParallelsDependencies: [, , 17207]:checkIfResolvedAndSwallowIt node Ref-com.tencent.mm.plugin.audio.PluginAudio@a0b0437 - with type interface com.tencent.mm.kernel.b.b, consumed false, phase interface com.tencent.mm.kernel.b.b resolved!
2021-01-24 09:41:17.473 17168-17204/? I/MicroMsg.WxConsumedLock: [, , 17204]:lock com.tencent.mm.co.b@b93fb2a
2021-01-24 09:41:17.473 17168-17207/? I/MMSkeleton.ParallelsDependencies: [, , 17207]:checkIfResolvedAndSwallowIt node Ref-com.tencent.mm.plugin.account.PluginAccount@f0d360f - with type interface com.tencent.mm.kernel.b.b, consumed false, phase interface com.tencent.mm.kernel.b.b resolved!
2021-01-24 09:41:17.473 17168-17208/? I/MicroMsg.WxConsumedLock: [, , 17208]:notify done com.tencent.mm.co.b@2c34c15
2021-01-24 09:41:17.474 17168-17208/? I/MicroMsg.ParallelsManagement: [, , 17208]:ParallelsManagement resolvedOne Ref-com.tencent.mm.plugin.downloader_app.PluginDownloaderApp@4d74d34 - with type interface com.tencent.mm.kernel.b.b for type interface com.tencent.mm.kernel.b.b then next null
2021-01-24 09:41:17.474 17168-17207/? I/MMSkeleton.ParallelsDependencies: [, , 17207]:checkIfResolvedAndSwallowIt node Ref-com.tencent.mm.plugin.comm.PluginComm@875761a - with type interface com.tencent.mm.kernel.b.b, consumed true, phase interface com.tencent.mm.kernel.b.b resolved!
2021-01-24 09:41:17.474 17168-17204/? I/MicroMsg.CallbacksProxy: [, , 17204]:configuring plugin [com.tencent.mm.plugin.game.luggage.PluginLuggageGame@475955a]...
2021-01-24 09:41:17.475 17168-17208/? I/MicroMsg.WxConsumedLock: [, , 17208]:lock com.tencent.mm.co.b@104ed1b
2021-01-24 09:41:17.475 17168-17206/? I/MicroMsg.WxConsumedLock: [, , 17206]:lock com.tencent.mm.co.b@d395eb8
2021-01-24 09:41:17.475 17168-17204/? I/MicroMsg.WxConsumedLock: [, , 17204]:notify done com.tencent.mm.co.b@b93fb2a
2021-01-24 09:41:17.475 17168-17206/? I/MicroMsg.CallbacksProxy: [, , 17206]:configuring plugin [com.tencent.mm.plugin.account.PluginAccount@f0d360f]...
2021-01-24 09:41:17.475 17168-17204/? I/MicroMsg.ParallelsManagement: [, , 17204]:ParallelsManagement resolvedOne Ref-com.tencent.mm.plugin.game.luggage.PluginLuggageGame@475955a - with type interface com.tencent.mm.kernel.b.b for type interface com.tencent.mm.kernel.b.b then next null
2021-01-24 09:41:17.476 17168-17208/? I/MicroMsg.CallbacksProxy: [, , 17208]:configuring plugin [com.tencent.mm.plugin.audio.PluginAudio@a0b0437]...
2021-01-24 09:41:17.476 17168-17206/? I/MicroMsg.WxConsumedLock: [, , 17206]:notify done com.tencent.mm.co.b@d395eb8
2021-01-24 09:41:17.477 17168-17207/? I/MMSkeleton.ParallelsDependencies: [, , 17207]:checkIfResolvedAndSwallowIt node Ref-com.tencent.mm.openim.PluginOpenIM@d574346 - with type interface com.tencent.mm.kernel.b.b, consumed true, phase interface com.tencent.mm.kernel.b.b resolved!
2021-01-24 09:41:17.477 17168-17208/? I/MicroMsg.WxConsumedLock: [, , 17208]:notify done com.tencent.mm.co.b@104ed1b
2021-01-24 09:41:17.477 17256-17334/? W/DummyProcessStartup: initialize: useless startup:java.lang.Throwable
        at com.tencent.luggage.wxa.anf.h(DummyProcessStartup.kt:12)
        at com.tencent.luggage.wxa.anj.h(ProcessStartupFactory.kt:45)
        at com.tencent.luggage.wxa.amj.<init>(WxaApiImpl.kt:137)
        at com.tencent.luggage.wxaapi.WxaApi$Factory.createApi(WxaApi.java:147)
        at com.tencent.qqlive.jsapi.utils.WxaSdkPkgLoader.b(WxaSdkPkgLoader.java:127)
        at com.tencent.qqlive.jsapi.utils.WxaSdkPkgLoader.onApplicationCreate(WxaSdkPkgLoader.java:89)
        at com.tencent.qqlive.ona.base.a.a.l$1.run(WXAOptimizeTask.java:40)
        at java.util.concurrent.Executors$RunnableAdapter.call(Executors.java:462)
        at java.util.concurrent.FutureTask.run(FutureTask.java:266)
        at com.tencent.qqlive.ona.base.a.c$a.run(AsyncRunCheck.java:88)
        at java.util.concurrent.Executors$RunnableAdapter.call(Executors.java:462)
        at java.util.concurrent.FutureTask.run(FutureTask.java:266)
        at com.tencent.qqlive.modules.vb.threadservice.a.d.run(VBExecuteRunnable.java:48)
        at java.util.concurrent.ThreadPoolExecutor.runWorker(ThreadPoolExecutor.java:1167)
        at java.util.concurrent.ThreadPoolExecutor$Worker.run(ThreadPoolExecutor.java:641)
        at java.lang.Thread.run(Thread.java:919)
2021-01-24 09:41:17.478 17168-17208/? I/MicroMsg.ParallelsManagement: [, , 17208]:ParallelsManagement resolvedOne Ref-com.tencent.mm.plugin.audio.PluginAudio@a0b0437 - with type interface com.tencent.mm.kernel.b.b for type interface com.tencent.mm.kernel.b.b then next null
2021-01-24 09:41:17.478 17168-17206/? I/MicroMsg.ParallelsManagement: [, , 17206]:ParallelsManagement resolvedOne Ref-com.tencent.mm.plugin.account.PluginAccount@f0d360f - with type interface com.tencent.mm.kernel.b.b for type interface com.tencent.mm.kernel.b.b then next null
2021-01-24 09:41:17.478 17168-17207/? I/MMSkeleton.ParallelsDependencies: [, , 17207]:checkIfResolvedAndSwallowIt node Ref-com.tencent.mm.plugin.radar.PluginRadar@872dcf0 - with type interface com.tencent.mm.kernel.b.b, consumed false, phase interface com.tencent.mm.kernel.b.b resolved!
2021-01-24 09:41:17.479 17168-17207/? I/MMSkeleton.ParallelsDependencies: [, , 17207]:checkIfResolvedAndSwallowIt node Ref-com.tencent.mm.plugin.sport.PluginSport@5119822 - with type interface com.tencent.mm.kernel.b.b, consumed true, phase interface com.tencent.mm.kernel.b.b resolved!
2021-01-24 09:41:17.479 17168-17209/? I/MicroMsg.WxConsumedLock: [, , 17209]:lock com.tencent.mm.co.b@6999491
2021-01-24 09:41:17.479 17168-17208/? I/MicroMsg.ParallelsManagement: [, , 17208]:ParallelsManagement resolvedOne Ref-com.tencent.mm.plugin.comm.PluginComm@875761a - with type interface com.tencent.mm.kernel.b.b for type interface com.tencent.mm.kernel.b.b then next null
2021-01-24 09:41:17.479 17168-17205/? I/MicroMsg.ParallelsManagement: [, , 17205]:ParallelsManagement resolvedOne Ref-com.tencent.mm.openim.PluginOpenIM@d574346 - with type interface com.tencent.mm.kernel.b.b for type interface com.tencent.mm.kernel.b.b then next null
2021-01-24 09:41:17.479 17168-17207/? I/MMSkeleton.ParallelsDependencies: [, , 17207]:checkIfResolvedAndSwallowIt node Ref-com.tencent.mm.plugin.patmsg.PluginPatMsg@5c56c6d - with type interface com.tencent.mm.kernel.b.b, consumed false, phase interface com.tencent.mm.kernel.b.b resolved!
2021-01-24 09:41:17.479 17256-17334/? D/MicroMsg.PaySdk.WXFactory: createWXAPI, appId = wxca942bbff22e0e51, checkSignature = true
2021-01-24 09:41:17.480 17168-17209/? I/MicroMsg.CallbacksProxy: [, , 17209]:configuring plugin [com.tencent.mm.plugin.radar.PluginRadar@872dcf0]...
2021-01-24 09:41:17.480 17168-17208/? I/MMSkeleton.ParallelsDependencies: [, , 17208]:checkIfResolvedAndSwallowIt node Ref-plugin-messenger - with type interface com.tencent.mm.kernel.b.b, consumed true, phase interface com.tencent.mm.kernel.b.b resolved!
2021-01-24 09:41:17.480 17256-17334/? D/MicroMsg.SDK.WXApiImplV10: <init>, appId = wxca942bbff22e0e51, checkSignature = true
2021-01-24 09:41:17.480 17168-17207/? I/MMSkeleton.ParallelsDependencies: [, , 17207]:checkIfResolvedAndSwallowIt node Ref-com.tencent.mm.plugin.topstory.PluginTopStory@6ce2a66 - with type interface com.tencent.mm.kernel.b.b, consumed false, phase interface com.tencent.mm.kernel.b.b resolved!
2021-01-24 09:41:17.480 17168-17205/? I/MicroMsg.ParallelsManagement: [, , 17205]:ParallelsManagement resolvedOne Ref-com.tencent.mm.plugin.sport.PluginSport@5119822 - with type interface com.tencent.mm.kernel.b.b for type interface com.tencent.mm.kernel.b.b then next null
2021-01-24 09:41:17.481 17168-17208/? I/MMSkeleton.ParallelsDependencies: [, , 17208]:checkIfResolvedAndSwallowIt node Ref-com.tencent.mm.plugin.boots.PluginBoots@a74536b - with type interface com.tencent.mm.kernel.b.b, consumed false, phase interface com.tencent.mm.kernel.b.b resolved!
2021-01-24 09:41:17.481 17168-17205/? I/MicroMsg.WxConsumedLock: [, , 17205]:lock com.tencent.mm.co.b@3ce9ff6
2021-01-24 09:41:17.481 17168-17204/? I/MicroMsg.ParallelsManagement: [, , 17204]:ParallelsManagement resolvedOne Ref-plugin-messenger - with type interface com.tencent.mm.kernel.b.b for type interface com.tencent.mm.kernel.b.b then next null
2021-01-24 09:41:17.481 17168-17208/? I/MMSkeleton.ParallelsDependencies: [, , 17208]:checkIfResolvedAndSwallowIt node Ref-com.tencent.mm.plugin.emoji.PluginEmoji@6919c9d - with type interface com.tencent.mm.kernel.b.b, consumed false, phase interface com.tencent.mm.kernel.b.b resolved!
2021-01-24 09:41:17.482 17168-17204/? I/MicroMsg.WxConsumedLock: [, , 17204]:lock com.tencent.mm.co.b@1fb3ff7
2021-01-24 09:41:17.482 17168-17204/? I/MicroMsg.CallbacksProxy: [, , 17204]:configuring plugin [com.tencent.mm.plugin.boots.PluginBoots@a74536b]...
2021-01-24 09:41:17.483 17168-17209/? I/MicroMsg.ParallelsManagement: [, , 17209]:ParallelsManagement resolvedOne Ref-com.tencent.mm.plugin.radar.PluginRadar@872dcf0 - with type interface com.tencent.mm.kernel.b.b for type interface com.tencent.mm.kernel.b.b then next null
2021-01-24 09:41:17.483 17168-17205/? I/MicroMsg.CallbacksProxy: [, , 17205]:configuring plugin [com.tencent.mm.plugin.patmsg.PluginPatMsg@5c56c6d]...
2021-01-24 09:41:17.484 17168-17204/? I/MicroMsg.WxConsumedLock: [, , 17204]:notify done com.tencent.mm.co.b@1fb3ff7
2021-01-24 09:41:17.484 17168-17205/? I/MicroMsg.WxConsumedLock: [, , 17205]:notify done com.tencent.mm.co.b@3ce9ff6
2021-01-24 09:41:17.484 17168-17207/? I/MMSkeleton.ParallelsDependencies: [, , 17207]:checkIfResolvedAndSwallowIt node Ref-com.tencent.mm.plugin.lite.PluginLiteApp@742c8ba - with type interface com.tencent.mm.kernel.b.b, consumed false, phase interface com.tencent.mm.kernel.b.b resolved!
2021-01-24 09:41:17.484 17168-17209/? I/MicroMsg.WxConsumedLock: [, , 17209]:notify done com.tencent.mm.co.b@581ae64
2021-01-24 09:41:17.484 17168-17204/? I/MicroMsg.ParallelsManagement: [, , 17204]:ParallelsManagement resolvedOne Ref-com.tencent.mm.plugin.boots.PluginBoots@a74536b - with type interface com.tencent.mm.kernel.b.b for type interface com.tencent.mm.kernel.b.b then next null
2021-01-24 09:41:17.484 17168-17205/? I/MicroMsg.ParallelsManagement: [, , 17205]:ParallelsManagement resolvedOne Ref-com.tencent.mm.plugin.patmsg.PluginPatMsg@5c56c6d - with type interface com.tencent.mm.kernel.b.b for type interface com.tencent.mm.kernel.b.b then next null
2021-01-24 09:41:17.485 17168-17207/? I/MMSkeleton.ParallelsDependencies: [, , 17207]:checkIfResolvedAndSwallowIt node Ref-com.tencent.mm.plugin.fcm.PluginFCM@fe5cc3f - with type interface com.tencent.mm.kernel.b.b, consumed false, phase interface com.tencent.mm.kernel.b.b resolved!
2021-01-24 09:41:17.485 17168-17206/? I/MicroMsg.WxConsumedLock: [, , 17206]:lock com.tencent.mm.co.b@b1e8cd
2021-01-24 09:41:17.485 17168-17209/? I/MicroMsg.ParallelsManagement: [, , 17209]:ParallelsManagement resolvedOne Ref-com.tencent.mm.plugin.topstory.PluginTopStory@6ce2a66 - with type interface com.tencent.mm.kernel.b.b for type interface com.tencent.mm.kernel.b.b then next null
2021-01-24 09:41:17.486 17168-17208/? I/MicroMsg.WxConsumedLock: [, , 17208]:lock com.tencent.mm.co.b@c3cc582
2021-01-24 09:41:17.486 17168-17207/? I/MMSkeleton.ParallelsDependencies: [, , 17207]:checkIfResolvedAndSwallowIt node Ref-com.tencent.mm.plugin.qqmail.PluginQQMail@c74ed79 - with type interface com.tencent.mm.kernel.b.b, consumed false, phase interface com.tencent.mm.kernel.b.b resolved!
2021-01-24 09:41:17.486 17168-17208/? I/MicroMsg.CallbacksProxy: [, , 17208]:configuring plugin [com.tencent.mm.plugin.lite.PluginLiteApp@742c8ba]...
2021-01-24 09:41:17.486 17256-17334/? I/Luggage.WxaApiImpl: <init> process:com.tencent.qqlive:services, version:1.2.6(0x27001430), hostAppID:wxca942bbff22e0e51, abiType:1
2021-01-24 09:41:17.486 17256-17334/? I/ashercai: QQLiveApplication 2
2021-01-24 09:41:17.487 17168-17205/? I/MicroMsg.WxConsumedLock: [, , 17205]:lock com.tencent.mm.co.b@e99e493
2021-01-24 09:41:17.487 17168-17209/? I/MicroMsg.WxConsumedLock: [, , 17209]:lock com.tencent.mm.co.b@7dd4cd0
2021-01-24 09:41:17.487 17168-17206/? I/MicroMsg.CallbacksProxy: [, , 17206]:configuring plugin [com.tencent.mm.plugin.emoji.PluginEmoji@6919c9d]...
2021-01-24 09:41:17.487 17168-17207/? I/MMSkeleton.ParallelsDependencies: [, , 17207]:checkIfResolvedAndSwallowIt node Ref-com.tencent.mm.plugin.video.PluginVideo@3c4b686 - with type interface com.tencent.mm.kernel.b.b, consumed false, phase interface com.tencent.mm.kernel.b.b resolved!
2021-01-24 09:41:17.487 17256-17334/? I/ashercai: QQLiveApplication 3
2021-01-24 09:41:17.487 17168-17205/? I/MicroMsg.CallbacksProxy: [, , 17205]:configuring plugin [com.tencent.mm.plugin.fcm.PluginFCM@fe5cc3f]...
2021-01-24 09:41:17.488 17168-17205/? I/MicroMsg.WxConsumedLock: [, , 17205]:notify done com.tencent.mm.co.b@e99e493
2021-01-24 09:41:17.488 17168-17209/? I/MicroMsg.CallbacksProxy: [, , 17209]:configuring plugin [com.tencent.mm.plugin.qqmail.PluginQQMail@c74ed79]...
2021-01-24 09:41:17.488 17235-17235/? D/TENCENT_AD_: isOpen:false
2021-01-24 09:41:17.489 17168-17209/? I/MicroMsg.WxConsumedLock: [, , 17209]:notify done com.tencent.mm.co.b@7dd4cd0
2021-01-24 09:41:17.489 17168-17207/? I/MMSkeleton.ParallelsDependencies: [, , 17207]:checkIfResolvedAndSwallowIt node Ref-com.tencent.mm.plugin.appbrand.app.PluginAppBrand@91a00dc - with type interface com.tencent.mm.kernel.b.b, consumed false, phase interface com.tencent.mm.kernel.b.b resolved!
2021-01-24 09:41:17.489 17168-17209/? I/MicroMsg.ParallelsManagement: [, , 17209]:ParallelsManagement resolvedOne Ref-com.tencent.mm.plugin.qqmail.PluginQQMail@c74ed79 - with type interface com.tencent.mm.kernel.b.b for type interface com.tencent.mm.kernel.b.b then next null
2021-01-24 09:41:17.490 17168-17208/? I/MicroMsg.ServiceHub: [, , 17208]:register service interface com.tencent.mm.plugin.lite.a.a com.tencent.mm.kernel.c.e@9d06485
2021-01-24 09:41:17.490 17168-17209/? I/MicroMsg.WxConsumedLock: [, , 17209]:lock com.tencent.mm.co.b@3982da
2021-01-24 09:41:17.491 17168-17209/? I/MicroMsg.CallbacksProxy: [, , 17209]:configuring plugin [com.tencent.mm.plugin.video.PluginVideo@3c4b686]...
2021-01-24 09:41:17.491 17168-17208/? I/MicroMsg.WxConsumedLock: [, , 17208]:notify done com.tencent.mm.co.b@c3cc582
2021-01-24 09:41:17.491 17168-17206/? I/MicroMsg.EmojiHelper: [, , 17206]:emoji color file exist.
2021-01-24 09:41:17.491 17168-17209/? I/MicroMsg.WxConsumedLock: [, , 17209]:notify done com.tencent.mm.co.b@3982da
2021-01-24 09:41:17.491 17168-17205/? I/MicroMsg.ParallelsManagement: [, , 17205]:ParallelsManagement resolvedOne Ref-com.tencent.mm.plugin.fcm.PluginFCM@fe5cc3f - with type interface com.tencent.mm.kernel.b.b for type interface com.tencent.mm.kernel.b.b then next null
2021-01-24 09:41:17.491 17168-17209/? I/MicroMsg.ParallelsManagement: [, , 17209]:ParallelsManagement resolvedOne Ref-com.tencent.mm.plugin.video.PluginVideo@3c4b686 - with type interface com.tencent.mm.kernel.b.b for type interface com.tencent.mm.kernel.b.b then next null
2021-01-24 09:41:17.491 17168-17208/? I/MicroMsg.ParallelsManagement: [, , 17208]:ParallelsManagement resolvedOne Ref-com.tencent.mm.plugin.lite.PluginLiteApp@742c8ba - with type interface com.tencent.mm.kernel.b.b for type interface com.tencent.mm.kernel.b.b then next null
2021-01-24 09:41:17.492 17168-17207/? I/MMSkeleton.ParallelsDependencies: [, , 17207]:checkIfResolvedAndSwallowIt node Ref-com.tencent.mm.plugin.rubbishbin.PluginRubbishbin@6fc7078 - with type interface com.tencent.mm.kernel.b.b, consumed false, phase interface com.tencent.mm.kernel.b.b resolved!
2021-01-24 09:41:17.492 17168-17205/? I/MicroMsg.WxConsumedLock: [, , 17205]:lock com.tencent.mm.co.b@61de5e8
