2021-01-24 09:41:16.808 17168-17206/? I/MicroMsg.ParallelsManagement: [, , 17206]:ParallelsManagement resolvedOne Ref-com.tencent.mm.plugin.comm.PluginComm@875761a - with type interface com.tencent.mm.kernel.b.b for type interface com.tencent.mm.kernel.b.b then next null
2021-01-24 09:41:16.808 17168-17204/? I/MicroMsg.CallbacksProxy: [, , 17204]:configuring plugin [com.tencent.mm.plugin.sport.PluginSport@5119822]...
2021-01-24 09:41:16.808 17168-17207/? I/MicroMsg.CallbacksProxy: [, , 17207]:configuring plugin [com.tencent.mm.plugin.taskbar.PluginTaskBar@ddcd50b]...
2021-01-24 09:41:16.809 17168-17204/? I/MicroMsg.WxConsumedLock: [, , 17204]:notify done com.tencent.mm.co.b@211b4eb
2021-01-24 09:41:16.809 17168-17205/? I/MicroMsg.WxConsumedLock: [, , 17205]:notify done com.tencent.mm.co.b@1784c5c
2021-01-24 09:41:16.809 17168-17206/? I/MMSkeleton.ParallelsDependencies: [, , 17206]:checkIfResolvedAndSwallowIt node Ref-plugin-messenger - with type interface com.tencent.mm.kernel.b.b, consumed false, phase interface com.tencent.mm.kernel.b.b resolved!
2021-01-24 09:41:16.810 17168-17207/? I/MicroMsg.WxConsumedLock: [, , 17207]:notify done com.tencent.mm.co.b@2a4bb65
2021-01-24 09:41:16.810 17168-17209/? I/MicroMsg.WxConsumedLock: [, , 17209]:notify done com.tencent.mm.co.b@65ac03a
2021-01-24 09:41:16.810 17168-17207/? I/MicroMsg.ParallelsManagement: [, , 17207]:ParallelsManagement resolvedOne Ref-com.tencent.mm.plugin.taskbar.PluginTaskBar@ddcd50b - with type interface com.tencent.mm.kernel.b.b for type interface com.tencent.mm.kernel.b.b then next null
2021-01-24 09:41:16.810 17168-17205/? I/MicroMsg.ParallelsManagement: [, , 17205]:ParallelsManagement resolvedOne Ref-com.tencent.mm.plugin.notification.PluginNotification@9fd876c - with type interface com.tencent.mm.kernel.b.b for type interface com.tencent.mm.kernel.b.b then next null
2021-01-24 09:41:16.811 17168-17208/? I/MicroMsg.WxConsumedLock: [, , 17208]:notify done com.tencent.mm.co.b@5823acf
2021-01-24 09:41:16.811 17168-17206/? I/MicroMsg.WxConsumedLock: [, , 17206]:lock com.tencent.mm.co.b@6aaa8e1
2021-01-24 09:41:16.811 17168-17209/? I/MicroMsg.ParallelsManagement: [, , 17209]:ParallelsManagement resolvedOne Ref-com.tencent.mm.pluginsdk.model.app.PluginAppMsg@28e1601 - with type interface com.tencent.mm.kernel.b.b for type interface com.tencent.mm.kernel.b.b then next null
2021-01-24 09:41:16.811 17168-17204/? I/MicroMsg.ParallelsManagement: [, , 17204]:ParallelsManagement resolvedOne Ref-com.tencent.mm.plugin.sport.PluginSport@5119822 - with type interface com.tencent.mm.kernel.b.b for type interface com.tencent.mm.kernel.b.b then next null
2021-01-24 09:41:16.812 17168-17208/? I/MicroMsg.ParallelsManagement: [, , 17208]:ParallelsManagement resolvedOne Ref-com.tencent.mm.plugin.brandservice.PluginBrandService@94ae72 - with type interface com.tencent.mm.kernel.b.b for type interface com.tencent.mm.kernel.b.b then next null
2021-01-24 09:41:16.812 17168-17204/? I/MicroMsg.WxConsumedLock: [, , 17204]:lock com.tencent.mm.co.b@524a606
2021-01-24 09:41:16.812 17168-17206/? I/MicroMsg.CallbacksProxy: [, , 17206]:configuring plugin [plugin-report]...
2021-01-24 09:41:16.812 17168-17209/? I/MicroMsg.WxConsumedLock: [, , 17209]:lock com.tencent.mm.co.b@9d4b4c7
2021-01-24 09:41:16.812 17168-17209/? I/MicroMsg.CallbacksProxy: [, , 17209]:configuring plugin [plugin-expt]...
2021-01-24 09:41:16.813 17168-17204/? I/MicroMsg.CallbacksProxy: [, , 17204]:configuring plugin [com.tencent.mm.plugin.fts.PluginFTS@c7afe9]...
2021-01-24 09:41:16.813 17168-17205/? I/MicroMsg.WxConsumedLock: [, , 17205]:lock com.tencent.mm.co.b@4551c92
2021-01-24 09:41:16.812 17168-17208/? I/MicroMsg.WxConsumedLock: [, , 17208]:lock com.tencent.mm.co.b@78fcaf4
2021-01-24 09:41:16.813 17168-17207/? I/MicroMsg.WxConsumedLock: [, , 17207]:lock com.tencent.mm.co.b@4c7f21d
2021-01-24 09:41:16.814 17168-17204/? I/MicroMsg.WxConsumedLock: [, , 17204]:notify done com.tencent.mm.co.b@524a606
2021-01-24 09:41:16.814 17168-17206/? I/MicroMsg.WxConsumedLock: [, , 17206]:notify done com.tencent.mm.co.b@6aaa8e1
2021-01-24 09:41:16.814 17168-17205/? I/MicroMsg.CallbacksProxy: [, , 17205]:configuring plugin [com.tencent.mm.openim.room.PluginOpenIMRoom@96aca34]...
2021-01-24 09:41:16.814 17168-17206/? I/MicroMsg.ParallelsManagement: [, , 17206]:ParallelsManagement resolvedOne Ref-plugin-report - with type interface com.tencent.mm.kernel.b.b for type interface com.tencent.mm.kernel.b.b then next null
2021-01-24 09:41:16.814 17168-17205/? I/MicroMsg.WxConsumedLock: [, , 17205]:notify done com.tencent.mm.co.b@4551c92
2021-01-24 09:41:16.814 17168-17209/? I/MicroMsg.ParallelsManagement: [, , 17209]:ParallelsManagement resolvedOne Ref-plugin-expt - with type interface com.tencent.mm.kernel.b.b for type interface com.tencent.mm.kernel.b.b then next null
2021-01-24 09:41:16.815 17168-17206/? I/MMSkeleton.ParallelsDependencies: [, , 17206]:checkIfResolvedAndSwallowIt node Ref-com.tencent.mm.plugin.hardcoder.PluginHardcoder@b192693 - with type interface com.tencent.mm.kernel.b.b, consumed false, phase interface com.tencent.mm.kernel.b.b resolved!
2021-01-24 09:41:16.815 17168-17209/? I/MicroMsg.WxConsumedLock: [, , 17209]:lock com.tencent.mm.co.b@1ddd663
2021-01-24 09:41:16.815 17168-17205/? I/MicroMsg.ParallelsManagement: [, , 17205]:ParallelsManagement resolvedOne Ref-com.tencent.mm.openim.room.PluginOpenIMRoom@96aca34 - with type interface com.tencent.mm.kernel.b.b for type interface com.tencent.mm.kernel.b.b then next null
2021-01-24 09:41:16.815 17168-17205/? I/MicroMsg.WxConsumedLock: [, , 17205]:lock com.tencent.mm.co.b@658a260
2021-01-24 09:41:16.815 17168-17207/? I/MicroMsg.CallbacksProxy: [, , 17207]:configuring plugin [plugin-ai]...
2021-01-24 09:41:16.816 17168-17209/? I/MicroMsg.CallbacksProxy: [, , 17209]:configuring plugin [com.tencent.mm.modelrecovery.PluginRecovery@93cd3f8]...
2021-01-24 09:41:16.816 17168-17208/? I/MicroMsg.CallbacksProxy: [, , 17208]:configuring plugin [plugin-big-ball-of-mud]...
2021-01-24 09:41:16.816 17168-17206/? I/MicroMsg.WxConsumedLock: [, , 17206]:lock com.tencent.mm.co.b@b769319
2021-01-24 09:41:16.817 17168-17204/? I/MicroMsg.ParallelsManagement: [, , 17204]:ParallelsManagement resolvedOne Ref-com.tencent.mm.plugin.fts.PluginFTS@c7afe9 - with type interface com.tencent.mm.kernel.b.b for type interface com.tencent.mm.kernel.b.b then next null
2021-01-24 09:41:16.817 17168-17207/? I/MicroMsg.WxConsumedLock: [, , 17207]:notify done com.tencent.mm.co.b@4c7f21d
2021-01-24 09:41:16.817 17168-17205/? I/MicroMsg.CallbacksProxy: [, , 17205]:configuring plugin [com.tencent.mm.plugin.updater.PluginUpdater@ed95d88]...
2021-01-24 09:41:16.817 17168-17204/? I/MicroMsg.WxConsumedLock: [, , 17204]:lock com.tencent.mm.co.b@a46fde
2021-01-24 09:41:16.817 17168-17205/? I/MicroMsg.WxConsumedLock: [, , 17205]:notify done com.tencent.mm.co.b@658a260
2021-01-24 09:41:16.817 17168-17206/? I/MicroMsg.CallbacksProxy: [, , 17206]:configuring plugin [com.tencent.mm.plugin.abtest.PluginABTest@4e92bcc]...
2021-01-24 09:41:16.818 17168-17206/? I/MicroMsg.WxConsumedLock: [, , 17206]:notify done com.tencent.mm.co.b@b769319
2021-01-24 09:41:16.818 17168-17206/? I/MicroMsg.ParallelsManagement: [, , 17206]:ParallelsManagement resolvedOne Ref-com.tencent.mm.plugin.abtest.PluginABTest@4e92bcc - with type interface com.tencent.mm.kernel.b.b for type interface com.tencent.mm.kernel.b.b then next null
2021-01-24 09:41:16.819 17168-17208/? I/MicroMsg.PluginZero: [, , 17208]:addNotifyReceiverCallback this plugin-zero delegate com.tencent.mm.plugin.bbom.q@cd447d5
2021-01-24 09:41:16.819 17168-17206/? I/MicroMsg.WxConsumedLock: [, , 17206]:lock com.tencent.mm.co.b@803abea
2021-01-24 09:41:16.819 17168-17208/? I/MicroMsg.PluginBigBallOfMud: [, , 17208]:zero plugin-zero
2021-01-24 09:41:16.819 17168-17207/? I/MicroMsg.ParallelsManagement: [, , 17207]:ParallelsManagement resolvedOne Ref-plugin-ai - with type interface com.tencent.mm.kernel.b.b for type interface com.tencent.mm.kernel.b.b then next null
2021-01-24 09:41:16.820 17168-17206/? I/MicroMsg.CallbacksProxy: [, , 17206]:configuring plugin [plugin-auth]...
2021-01-24 09:41:16.820 17168-17204/? I/MicroMsg.CallbacksProxy: [, , 17204]:configuring plugin [com.tencent.mm.plugin.backup.PluginBackup@1723fe8]...
2021-01-24 09:41:16.821 17168-17207/? I/MicroMsg.WxConsumedLock: [, , 17207]:lock com.tencent.mm.co.b@dc5d78
2021-01-24 09:41:16.821 17168-17206/? I/MicroMsg.WxConsumedLock: [, , 17206]:notify done com.tencent.mm.co.b@803abea
2021-01-24 09:41:16.821 17168-17208/? I/MicroMsg.PluginBigBallOfMud: [, , 17208]:app. com.tencent.mm.app.Application@3cd75bf
2021-01-24 09:41:16.822 17168-17204/? I/MicroMsg.WxConsumedLock: [, , 17204]:notify done com.tencent.mm.co.b@a46fde
2021-01-24 09:41:16.822 17168-17205/? I/MicroMsg.ParallelsManagement: [, , 17205]:ParallelsManagement resolvedOne Ref-com.tencent.mm.plugin.updater.PluginUpdater@ed95d88 - with type interface com.tencent.mm.kernel.b.b for type interface com.tencent.mm.kernel.b.b then next null
2021-01-24 09:41:16.822 17168-17206/? I/MicroMsg.ParallelsManagement: [, , 17206]:ParallelsManagement resolvedOne Ref-plugin-auth - with type interface com.tencent.mm.kernel.b.b for type interface com.tencent.mm.kernel.b.b then next null
2021-01-24 09:41:16.822 17168-17207/? I/MicroMsg.CallbacksProxy: [, , 17207]:configuring plugin [com.tencent.mm.plugin.readerapp.PluginReaderApp@de93679]...
2021-01-24 09:41:16.823 17168-17207/? I/MicroMsg.WxConsumedLock: [, , 17207]:notify done com.tencent.mm.co.b@dc5d78
2021-01-24 09:41:16.823 17168-17205/? I/MicroMsg.WxConsumedLock: [, , 17205]:lock com.tencent.mm.co.b@51e8c51
2021-01-24 09:41:16.823 17168-17206/? I/MicroMsg.WxConsumedLock: [, , 17206]:lock com.tencent.mm.co.b@4689cb6
2021-01-24 09:41:16.823 17168-17204/? I/MicroMsg.ParallelsManagement: [, , 17204]:ParallelsManagement resolvedOne Ref-com.tencent.mm.plugin.backup.PluginBackup@1723fe8 - with type interface com.tencent.mm.kernel.b.b for type interface com.tencent.mm.kernel.b.b then next null
2021-01-24 09:41:16.823 17168-17207/? I/MicroMsg.ParallelsManagement: [, , 17207]:ParallelsManagement resolvedOne Ref-com.tencent.mm.plugin.readerapp.PluginReaderApp@de93679 - with type interface com.tencent.mm.kernel.b.b for type interface com.tencent.mm.kernel.b.b then next null
2021-01-24 09:41:16.823 17168-17205/? I/MicroMsg.CallbacksProxy: [, , 17205]:configuring plugin [plugin-welab]...
2021-01-24 09:41:16.824 17168-17204/? I/MicroMsg.WxConsumedLock: [, , 17204]:lock com.tencent.mm.co.b@b0e5db7
2021-01-24 09:41:16.824 17168-17205/? I/MicroMsg.WxConsumedLock: [, , 17205]:notify done com.tencent.mm.co.b@51e8c51
2021-01-24 09:41:16.824 17168-17205/? I/MicroMsg.ParallelsManagement: [, , 17205]:ParallelsManagement resolvedOne Ref-plugin-welab - with type interface com.tencent.mm.kernel.b.b for type interface com.tencent.mm.kernel.b.b then next null
2021-01-24 09:41:16.825 17168-17204/? I/MicroMsg.CallbacksProxy: [, , 17204]:configuring plugin [plugin-messenger]...
2021-01-24 09:41:16.825 17168-17206/? I/MicroMsg.CallbacksProxy: [, , 17206]:configuring plugin [com.tencent.mm.plugin.biz.PluginBiz@f390b27]...
2021-01-24 09:41:16.826 17168-17207/? I/MicroMsg.WxConsumedLock: [, , 17207]:lock com.tencent.mm.co.b@835d924
2021-01-24 09:41:16.826 17168-17204/? I/MicroMsg.WxConsumedLock: [, , 17204]:notify done com.tencent.mm.co.b@b0e5db7
2021-01-24 09:41:16.826 17168-17207/? I/MicroMsg.CallbacksProxy: [, , 17207]:configuring plugin [com.tencent.mm.plugin.hardcoder.PluginHardcoder@b192693]...
2021-01-24 09:41:16.827 17168-17204/? I/MicroMsg.ParallelsManagement: [, , 17204]:ParallelsManagement resolvedOne Ref-plugin-messenger - with type interface com.tencent.mm.kernel.b.b for type interface com.tencent.mm.kernel.b.b then next null
2021-01-24 09:41:16.827 17168-17206/? I/MicroMsg.WxConsumedLock: [, , 17206]:notify done com.tencent.mm.co.b@4689cb6
2021-01-24 09:41:16.827 17168-17206/? I/MicroMsg.ParallelsManagement: [, , 17206]:ParallelsManagement resolvedOne Ref-com.tencent.mm.plugin.biz.PluginBiz@f390b27 - with type interface com.tencent.mm.kernel.b.b for type interface com.tencent.mm.kernel.b.b then next null
2021-01-24 09:41:16.833 17168-17207/? I/MicroMsg.WxConsumedLock: [, , 17207]:notify done com.tencent.mm.co.b@835d924
2021-01-24 09:41:16.834 17168-17207/? I/MicroMsg.ParallelsManagement: [, , 17207]:ParallelsManagement resolvedOne Ref-com.tencent.mm.plugin.hardcoder.PluginHardcoder@b192693 - with type interface com.tencent.mm.kernel.b.b for type interface com.tencent.mm.kernel.b.b then next null
2021-01-24 09:41:16.836 17168-17209/? I/MicroMsg.recovery.PluginRecovery: [, , 17209]:add recovery intent filter and save client verison file 17
2021-01-24 09:41:16.837 17168-17209/? I/MicroMsg.WxConsumedLock: [, , 17209]:notify done com.tencent.mm.co.b@1ddd663
2021-01-24 09:41:16.838 17168-17209/? I/MicroMsg.ParallelsManagement: [, , 17209]:ParallelsManagement resolvedOne Ref-com.tencent.mm.modelrecovery.PluginRecovery@93cd3f8 - with type interface com.tencent.mm.kernel.b.b for type interface com.tencent.mm.kernel.b.b then next null
2021-01-24 09:41:16.843 5133-7374/? I/SarService: Receiver polling >>>> Change receiver mode: off
2021-01-24 09:41:16.861 1684-31081/? W/MessageQueue: Handler (android.media.audiofx.Visualizer$NativeEventHandler) {fabdefe} sending message to a Handler on a dead thread
    java.lang.IllegalStateException: Handler (android.media.audiofx.Visualizer$NativeEventHandler) {fabdefe} sending message to a Handler on a dead thread
        at android.os.MessageQueue.enqueueMessage(MessageQueue.java:561)
        at android.os.Handler.enqueueMessage(Handler.java:754)
        at android.os.Handler.sendMessageAtTime(Handler.java:703)
        at android.os.Handler.sendMessageDelayed(Handler.java:673)
        at android.os.Handler.sendMessage(Handler.java:611)
        at android.media.audiofx.Visualizer.postEventFromNative(Visualizer.java:787)
2021-01-24 09:41:16.865 17168-17210/? D/HARDCODER: [com_tencent_mm_hardcoder_HardCoderJNI.cpp,Java_com_tencent_mm_hardcoder_HardCoderJNI_setDebug:415]"setDebug: 1"
2021-01-24 09:41:16.869 17168-17210/? D/HARDCODER: [com_tencent_mm_hardcoder_HardCoderJNI.cpp,Java_com_tencent_mm_hardcoder_HardCoderJNI_setHCEnable:400]"setEnable: 1"
2021-01-24 09:41:16.869 17168-17210/? D/HARDCODER: [client.h,setEnable:422]"setEnable 1 to 1, restart:0"
2021-01-24 09:41:16.877 17168-17210/? D/HARDCODER: [com_tencent_mm_hardcoder_HardCoderJNI.cpp,Java_com_tencent_mm_hardcoder_HardCoderJNI_initHardCoder:152]"initHardCoder, start."
2021-01-24 09:41:16.878 17168-17210/? D/HARDCODER: [client.h,init:476]"init m_remote:miui_booster, HEADER_VERSION:4"
2021-01-24 09:41:16.878 17168-17210/? D/HARDCODER: [client.h,tryStartEngine:370]"tryStartEngine, TimeDiff:839740878, remote:miui_booster, running:-1"
2021-01-24 09:41:16.878 17168-17210/? W/HARDCODER: [localsocket.h,uninit:215]"uninit, pipe:[0,0], m_fd:0, queue:0, flag:1"
2021-01-24 09:41:16.878 17168-17210/? D/HARDCODER: [localsocket.h,createSocket:249]"createSocket, localPath: com.tencent.mm.hardcoder.client.sock, remotePath: miui_booster"
2021-01-24 09:41:16.880 17168-17210/? W/HARDCODER: [localsocket.h,createSocket:310]"createSocket, connect socket, ret:0, local:com.tencent.mm.hardcoder.client.sock, remote:miui_booster"
2021-01-24 09:41:16.880 17168-17210/? W/HARDCODER: [localsocket.h,createSocket:353]"create ClientProtocal socket:93 local:com.tencent.mm.hardcoder.client.sock remote:miui_booster"
2021-01-24 09:41:16.880 972-991/? W/MiuiBoosterServer: "Accept fd:8 acceptFd:15 uid:10197 path:4%;  "
2021-01-24 09:41:16.880 972-991/? W/MiuiBoosterServer: "Connect By uid:10197  fd:15"
2021-01-24 09:41:16.881 17168-17210/? D/HARDCODER: [com_tencent_mm_hardcoder_HardCoderJNI.cpp,Java_com_tencent_mm_hardcoder_HardCoderJNI_initHardCoder:157]"initHardCoder, end."
2021-01-24 09:41:16.885 17168-17217/? D/HARDCODER: [localsocket.h,loop:126]"loop, m_fd:93, maxfd:93, isServer:0"
2021-01-24 09:41:16.926 4435-4435/? D/KeyguardUpdateMonitor: received broadcast android.intent.action.BATTERY_CHANGED
2021-01-24 09:41:16.927 7259-7259/? I/BatteryInfoReceiver: ACTION_BATTERY_CHANGED
2021-01-24 09:41:16.929 8245-8589/? D/PowerCheckerService: onBatteryChanged, mBatteryLevel = 2, status = 2, level = 2, plug = 2, scale = 100
2021-01-24 09:41:16.962 1684-31081/? W/MessageQueue: Handler (android.media.audiofx.Visualizer$NativeEventHandler) {fabdefe} sending message to a Handler on a dead thread
    java.lang.IllegalStateException: Handler (android.media.audiofx.Visualizer$NativeEventHandler) {fabdefe} sending message to a Handler on a dead thread
        at android.os.MessageQueue.enqueueMessage(MessageQueue.java:561)
        at android.os.Handler.enqueueMessage(Handler.java:754)
        at android.os.Handler.sendMessageAtTime(Handler.java:703)
        at android.os.Handler.sendMessageDelayed(Handler.java:673)
        at android.os.Handler.sendMessage(Handler.java:611)
        at android.media.audiofx.Visualizer.postEventFromNative(Visualizer.java:787)
2021-01-24 09:41:16.999 17168-17208/? I/MicroMsg.WxConsumedLock: [, , 17208]:notify done com.tencent.mm.co.b@78fcaf4
2021-01-24 09:41:16.999 17168-17208/? I/MicroMsg.ParallelsManagement: [, , 17208]:ParallelsManagement resolvedOne Ref-plugin-big-ball-of-mud - with type interface com.tencent.mm.kernel.b.b for type interface com.tencent.mm.kernel.b.b then next null
2021-01-24 09:41:17.000 17168-17208/? I/MMSkeleton.ParallelsDependencies: [, , 17208]:checkIfResolvedAndSwallowIt node Ref-plugin-big-ball-of-mud-async - with type interface com.tencent.mm.kernel.b.b, consumed false, phase interface com.tencent.mm.kernel.b.b resolved!
2021-01-24 09:41:17.000 17168-17208/? I/MicroMsg.WxConsumedLock: [, , 17208]:lock com.tencent.mm.co.b@97f674a
2021-01-24 09:41:17.001 17168-17208/? I/MicroMsg.CallbacksProxy: [, , 17208]:configuring plugin [plugin-big-ball-of-mud-async]...
2021-01-24 09:41:17.002 17168-17208/? I/MicroMsg.ServiceHub: [, , 17208]:register service interface com.tencent.mm.plugin.fav.a.ad com.tencent.mm.kernel.c.e@d148731
2021-01-24 09:41:17.003 17168-17208/? I/MicroMsg.ServiceHub: [, , 17208]:register service interface com.tencent.mm.plugin.fav.a.v com.tencent.mm.kernel.c.e@cbcb984
2021-01-24 09:41:17.003 17168-17208/? I/MicroMsg.WxConsumedLock: [, , 17208]:notify done com.tencent.mm.co.b@97f674a
2021-01-24 09:41:17.004 17168-17208/? I/MicroMsg.ParallelsManagement: [, , 17208]:ParallelsManagement resolvedOne Ref-plugin-big-ball-of-mud-async - with type interface com.tencent.mm.kernel.b.b for type interface com.tencent.mm.kernel.b.b then next null
2021-01-24 09:41:17.004 17168-17208/? I/MMSkeleton.Parallels: [, , 17208]:Parallels notify done
2021-01-24 09:41:17.006 17168-17168/? W/MicroMsg.EventCenter: [, , 17168]:No listener for this event com.tencent.mm.g.a.po@cf9656d(123408715), Stack: .
2021-01-24 09:41:17.010 17168-17204/? I/MicroMsg.WxConsumedLock: [, , 17204]:lock com.tencent.mm.co.b@26595a2
2021-01-24 09:41:17.011 17168-17206/? I/MicroMsg.WxConsumedLock: [, , 17206]:lock com.tencent.mm.co.b@de9f0
2021-01-24 09:41:17.011 17168-17204/? I/MMSkeleton.Boot: [, , 17204]:boot task executing [plugin-zero] hash 851458306...
2021-01-24 09:41:17.011 17168-17204/? I/MicroMsg.WxConsumedLock: [, , 17204]:notify done com.tencent.mm.co.b@26595a2
2021-01-24 09:41:17.012 17168-17206/? I/MicroMsg.WxConsumedLock: [, , 17206]:notify done com.tencent.mm.co.b@de9f0
2021-01-24 09:41:17.012 17168-17204/? I/MicroMsg.ParallelsManagement: [, , 17204]:ParallelsManagement resolvedOne Ref-plugin-zero - with type interface com.tencent.mm.kernel.a.c.b for type interface com.tencent.mm.kernel.a.c.b then next null
2021-01-24 09:41:17.012 17168-17206/? I/MicroMsg.ParallelsManagement: [, , 17206]:ParallelsManagement resolvedOne Ref-plugin-teenmode - with type interface com.tencent.mm.kernel.a.c.b for type interface com.tencent.mm.kernel.a.c.b then next null
2021-01-24 09:41:17.013 17168-17204/? I/MMSkeleton.ParallelsDependencies: [, , 17204]:checkIfResolvedAndSwallowIt node Ref-com.tencent.mm.plugin.bbom.PluginCompatOldStructure@ac82637 - with type interface com.tencent.mm.kernel.a.c.b, consumed false, phase interface com.tencent.mm.kernel.a.c.b resolved!
2021-01-24 09:41:17.013 17168-17204/? I/MMSkeleton.ParallelsDependencies: [, , 17204]:checkIfResolvedAndSwallowIt node Ref-com.tencent.mm.roomsdk.PluginRoomSdk@b344dd2 - with type interface com.tencent.mm.kernel.a.c.b, consumed false, phase interface com.tencent.mm.kernel.a.c.b resolved!
2021-01-24 09:41:17.014 17168-17204/? I/MMSkeleton.ParallelsDependencies: [, , 17204]:checkIfResolvedAndSwallowIt node Ref-com.tencent.mm.plugin.image.PluginImageBase@afa52f - with type interface com.tencent.mm.kernel.a.c.b, consumed false, phase interface com.tencent.mm.kernel.a.c.b resolved!
2021-01-24 09:41:17.015 17168-17204/? I/MMSkeleton.ParallelsDependencies: [, , 17204]:checkIfResolvedAndSwallowIt node Ref-com.tencent.mm.ipcinvoker.wx_extension.PluginIPC@baf6559 - with type interface com.tencent.mm.kernel.a.c.b, consumed false, phase interface com.tencent.mm.kernel.a.c.b resolved!
2021-01-24 09:41:17.015 17168-17204/? I/MMSkeleton.ParallelsDependencies: [, , 17204]:checkIfResolvedAndSwallowIt node Ref-com.tencent.mm.plugin.audio.PluginVoice@9059685 - with type interface com.tencent.mm.kernel.a.c.b, consumed false, phase interface com.tencent.mm.kernel.a.c.b resolved!
2021-01-24 09:41:17.016 17168-17204/? I/MMSkeleton.ParallelsDependencies: [, , 17204]:checkIfResolvedAndSwallowIt node Ref-plugin-messenger-foundation - with type interface com.tencent.mm.kernel.a.c.b, consumed false, phase interface com.tencent.mm.kernel.a.c.b resolved!
2021-01-24 09:41:17.016 17168-17204/? I/MMSkeleton.ParallelsDependencies: [, , 17204]:checkIfResolvedAndSwallowIt node Ref-com.tencent.mm.plugin.avatar.PluginAvatar@fb22a10 - with type interface com.tencent.mm.kernel.a.c.b, consumed false, phase interface com.tencent.mm.kernel.a.c.b resolved!
2021-01-24 09:41:17.017 17168-17204/? I/MMSkeleton.ParallelsDependencies: [, , 17204]:checkIfResolvedAndSwallowIt node Ref-com.tencent.mm.plugin.notification.PluginPNotification@c163bb1 - with type interface com.tencent.mm.kernel.a.c.b, consumed false, phase interface com.tencent.mm.kernel.a.c.b resolved!
2021-01-24 09:41:17.017 17168-17204/? I/MMSkeleton.ParallelsDependencies: [, , 17204]:checkIfResolvedAndSwallowIt node Ref-com.tencent.mm.plugin.multitask.PluginMultiTask@b1bccda - with type interface com.tencent.mm.kernel.a.c.b, consumed false, phase interface com.tencent.mm.kernel.a.c.b resolved!
2021-01-24 09:41:17.018 17168-17204/? I/MMSkeleton.ParallelsDependencies: [, , 17204]:checkIfResolvedAndSwallowIt node Ref-com.tencent.mm.plugin.comm.PluginComm@875761a - with type interface com.tencent.mm.kernel.a.c.b, consumed false, phase interface com.tencent.mm.kernel.a.c.b resolved!
2021-01-24 09:41:17.019 17168-17204/? I/MMSkeleton.ParallelsDependencies: [, , 17204]:checkIfResolvedAndSwallowIt node Ref-com.tencent.mm.plugin.expansions.PluginExpansions@8f51ffc - with type interface com.tencent.mm.kernel.a.c.b, consumed false, phase interface com.tencent.mm.kernel.a.c.b resolved!
2021-01-24 09:41:17.019 17168-17204/? I/MMSkeleton.ParallelsDependencies: [, , 17204]:checkIfResolvedAndSwallowIt node Ref-com.tencent.mm.openim.PluginOpenIM@d574346 - with type interface com.tencent.mm.kernel.a.c.b, consumed false, phase interface com.tencent.mm.kernel.a.c.b resolved!
2021-01-24 09:41:17.020 17168-17204/? I/MMSkeleton.ParallelsDependencies: [, , 17204]:checkIfResolvedAndSwallowIt node Ref-com.tencent.mm.plugin.brandservice.PluginBrandService@94ae72 - with type interface com.tencent.mm.kernel.a.c.b, consumed false, phase interface com.tencent.mm.kernel.a.c.b resolved!
2021-01-24 09:41:17.020 17168-17204/? I/MMSkeleton.ParallelsDependencies: [, , 17204]:checkIfResolvedAndSwallowIt node Ref-com.tencent.mm.plugin.notification.PluginNotification@9fd876c - with type interface com.tencent.mm.kernel.a.c.b, consumed false, phase interface com.tencent.mm.kernel.a.c.b resolved!
2021-01-24 09:41:17.021 17168-17204/? I/MMSkeleton.ParallelsDependencies: [, , 17204]:checkIfResolvedAndSwallowIt node Ref-com.tencent.mm.plugin.taskbar.PluginTaskBar@ddcd50b - with type interface com.tencent.mm.kernel.a.c.b, consumed false, phase interface com.tencent.mm.kernel.a.c.b resolved!
2021-01-24 09:41:17.021 17168-17204/? I/MMSkeleton.ParallelsDependencies: [, , 17204]:checkIfResolvedAndSwallowIt node Ref-com.tencent.mm.pluginsdk.model.app.PluginAppMsg@28e1601 - with type interface com.tencent.mm.kernel.a.c.b, consumed false, phase interface com.tencent.mm.kernel.a.c.b resolved!
2021-01-24 09:41:17.022 17168-17204/? I/MMSkeleton.ParallelsDependencies: [, , 17204]:checkIfResolvedAndSwallowIt node Ref-com.tencent.mm.plugin.sport.PluginSport@5119822 - with type interface com.tencent.mm.kernel.a.c.b, consumed false, phase interface com.tencent.mm.kernel.a.c.b resolved!
2021-01-24 09:41:17.022 17168-17204/? I/MMSkeleton.ParallelsDependencies: [, , 17204]:checkIfResolvedAndSwallowIt node Ref-plugin-report - with type interface com.tencent.mm.kernel.a.c.b, consumed false, phase interface com.tencent.mm.kernel.a.c.b resolved!
2021-01-24 09:41:17.022 17168-17204/? I/MMSkeleton.ParallelsDependencies: [, , 17204]:checkIfResolvedAndSwallowIt node Ref-com.tencent.mm.plugin.fts.PluginFTS@c7afe9 - with type interface com.tencent.mm.kernel.a.c.b, consumed false, phase interface com.tencent.mm.kernel.a.c.b resolved!
2021-01-24 09:41:17.023 17168-17204/? I/MMSkeleton.ParallelsDependencies: [, , 17204]:checkIfResolvedAndSwallowIt node Ref-plugin-ai - with type interface com.tencent.mm.kernel.a.c.b, consumed false, phase interface com.tencent.mm.kernel.a.c.b resolved!
2021-01-24 09:41:17.023 17168-17204/? I/MMSkeleton.ParallelsDependencies: [, , 17204]:checkIfResolvedAndSwallowIt node Ref-plugin-expt - with type interface com.tencent.mm.kernel.a.c.b, consumed false, phase interface com.tencent.mm.kernel.a.c.b resolved!
2021-01-24 09:41:17.024 17168-17204/? I/MMSkeleton.ParallelsDependencies: [, , 17204]:checkIfResolvedAndSwallowIt node Ref-plugin-big-ball-of-mud - with type interface com.tencent.mm.kernel.a.c.b, consumed false, phase interface com.tencent.mm.kernel.a.c.b resolved!
2021-01-24 09:41:17.024 17168-17204/? I/MMSkeleton.ParallelsDependencies: [, , 17204]:checkIfResolvedAndSwallowIt node Ref-com.tencent.mm.openim.room.PluginOpenIMRoom@96aca34 - with type interface com.tencent.mm.kernel.a.c.b, consumed false, phase interface com.tencent.mm.kernel.a.c.b resolved!
2021-01-24 09:41:17.025 17168-17204/? I/MMSkeleton.ParallelsDependencies: [, , 17204]:checkIfResolvedAndSwallowIt node Ref-com.tencent.mm.modelrecovery.PluginRecovery@93cd3f8 - with type interface com.tencent.mm.kernel.a.c.b, consumed false, phase interface com.tencent.mm.kernel.a.c.b resolved!
2021-01-24 09:41:17.025 17168-17204/? I/MMSkeleton.ParallelsDependencies: [, , 17204]:checkIfResolvedAndSwallowIt node Ref-com.tencent.mm.plugin.updater.PluginUpdater@ed95d88 - with type interface com.tencent.mm.kernel.a.c.b, consumed false, phase interface com.tencent.mm.kernel.a.c.b resolved!
2021-01-24 09:41:17.025 17168-17204/? I/MMSkeleton.ParallelsDependencies: [, , 17204]:checkIfResolvedAndSwallowIt node Ref-com.tencent.mm.plugin.abtest.PluginABTest@4e92bcc - with type interface com.tencent.mm.kernel.a.c.b, consumed false, phase interface com.tencent.mm.kernel.a.c.b resolved!
2021-01-24 09:41:17.026 17168-17204/? I/MMSkeleton.ParallelsDependencies: [, , 17204]:checkIfResolvedAndSwallowIt node Ref-com.tencent.mm.plugin.backup.PluginBackup@1723fe8 - with type interface com.tencent.mm.kernel.a.c.b, consumed false, phase interface com.tencent.mm.kernel.a.c.b resolved!
2021-01-24 09:41:17.027 17168-17204/? I/MicroMsg.WxConsumedLock: [, , 17204]:lock com.tencent.mm.co.b@2d3eb69
2021-01-24 09:41:17.027 17168-17205/? I/MicroMsg.WxConsumedLock: [, , 17205]:lock com.tencent.mm.co.b@22b69ee
2021-01-24 09:41:17.027 17168-17209/? I/MicroMsg.WxConsumedLock: [, , 17209]:lock com.tencent.mm.co.b@2d6ce8f
2021-01-24 09:41:17.027 17168-17206/? I/MicroMsg.WxConsumedLock: [, , 17206]:lock com.tencent.mm.co.b@9ffb51c
2021-01-24 09:41:17.027 17168-17207/? I/MicroMsg.WxConsumedLock: [, , 17207]:lock com.tencent.mm.co.b@ab6d525
2021-01-24 09:41:17.028 17168-17209/? I/MMSkeleton.Boot: [, , 17209]:boot task executing [com.tencent.mm.roomsdk.PluginRoomSdk@b344dd2] hash -1583120794...
2021-01-24 09:41:17.028 17168-17204/? I/MMSkeleton.Boot: [, , 17204]:boot task executing [com.tencent.mm.plugin.bbom.PluginCompatOldStructure@ac82637] hash -915490068...
2021-01-24 09:41:17.028 17168-17207/? I/MMSkeleton.Boot: [, , 17207]:boot task executing [plugin-voice] hash 621998616...
2021-01-24 09:41:17.028 17168-17208/? I/MicroMsg.WxConsumedLock: [, , 17208]:lock com.tencent.mm.co.b@46836fa
2021-01-24 09:41:17.028 17168-17209/? I/MicroMsg.WxConsumedLock: [, , 17209]:notify done com.tencent.mm.co.b@2d6ce8f
2021-01-24 09:41:17.029 17168-17207/? I/MicroMsg.WxConsumedLock: [, , 17207]:notify done com.tencent.mm.co.b@ab6d525
2021-01-24 09:41:17.029 17168-17209/? I/MicroMsg.ParallelsManagement: [, , 17209]:ParallelsManagement resolvedOne Ref-com.tencent.mm.roomsdk.PluginRoomSdk@b344dd2 - with type interface com.tencent.mm.kernel.a.c.b for type interface com.tencent.mm.kernel.a.c.b then next null
2021-01-24 09:41:17.029 17168-17207/? I/MicroMsg.ParallelsManagement: [, , 17207]:ParallelsManagement resolvedOne Ref-com.tencent.mm.plugin.audio.PluginVoice@9059685 - with type interface com.tencent.mm.kernel.a.c.b for type interface com.tencent.mm.kernel.a.c.b then next null
2021-01-24 09:41:17.029 17168-17205/? I/MMSkeleton.Boot: [, , 17205]:boot task executing [com.tencent.mm.plugin.image.PluginImageBase@afa52f] hash 437007562...
2021-01-24 09:41:17.030 17168-17206/? I/MMSkeleton.Boot: [, , 17206]:boot task executing [plugin-messenger-foundation] hash 478962183...
2021-01-24 09:41:17.030 17168-17204/? I/MicroMsg.WxConsumedLock: [, , 17204]:notify done com.tencent.mm.co.b@2d3eb69
2021-01-24 09:41:17.030 17168-17209/? I/MicroMsg.WxConsumedLock: [, , 17209]:lock com.tencent.mm.co.b@7bc4ab
2021-01-24 09:41:17.031 17168-17205/? I/MicroMsg.WxConsumedLock: [, , 17205]:notify done com.tencent.mm.co.b@22b69ee
2021-01-24 09:41:17.031 17168-17208/? I/MicroMsg.PluginIPC: [, , 17208]:execute(com.tencent.mm:sandbox)
2021-01-24 09:41:17.031 17168-17207/? I/MicroMsg.WxConsumedLock: [, , 17207]:lock com.tencent.mm.co.b@1e10708
2021-01-24 09:41:17.031 17168-17205/? I/MicroMsg.ParallelsManagement: [, , 17205]:ParallelsManagement resolvedOne Ref-com.tencent.mm.plugin.image.PluginImageBase@afa52f - with type interface com.tencent.mm.kernel.a.c.b for type interface com.tencent.mm.kernel.a.c.b then next null
2021-01-24 09:41:17.031 17168-17207/? I/MMSkeleton.Boot: [, , 17207]:boot task executing [com.tencent.mm.plugin.notification.PluginPNotification@c163bb1] hash 1147248814...
2021-01-24 09:41:17.032 17168-17204/? I/MicroMsg.ParallelsManagement: [, , 17204]:ParallelsManagement resolvedOne Ref-com.tencent.mm.plugin.bbom.PluginCompatOldStructure@ac82637 - with type interface com.tencent.mm.kernel.a.c.b for type interface com.tencent.mm.kernel.a.c.b then next null
2021-01-24 09:41:17.033 17168-17207/? I/MicroMsg.WxConsumedLock: [, , 17207]:notify done com.tencent.mm.co.b@1e10708
2021-01-24 09:41:17.033 17168-17209/? I/MMSkeleton.Boot: [, , 17209]:boot task executing [com.tencent.mm.plugin.avatar.PluginAvatar@fb22a10] hash -666282558...
2021-01-24 09:41:17.033 17168-17205/? I/MicroMsg.WxConsumedLock: [, , 17205]:lock com.tencent.mm.co.b@5249ea1
2021-01-24 09:41:17.033 17168-17204/? I/MicroMsg.WxConsumedLock: [, , 17204]:lock com.tencent.mm.co.b@a72c8c6
2021-01-24 09:41:17.033 17168-17206/? I/MicroMsg.ParallelsManagement: [, , 17206]:ParallelsManagement resolvedOne Ref-plugin-messenger-foundation - with type interface com.tencent.mm.kernel.a.c.b for type interface com.tencent.mm.kernel.a.c.b then next null
2021-01-24 09:41:17.034 17168-17205/? I/MMSkeleton.Boot: [, , 17205]:boot task executing [PluginMultiTask] hash -1319433141...
2021-01-24 09:41:17.034 17168-17206/? I/MMSkeleton.ParallelsDependencies: [, , 17206]:checkIfResolvedAndSwallowIt node Ref-plugin-auth - with type interface com.tencent.mm.kernel.a.c.b, consumed false, phase interface com.tencent.mm.kernel.a.c.b resolved!
2021-01-24 09:41:17.034 17168-17205/? I/MicroMsg.WxConsumedLock: [, , 17205]:notify done com.tencent.mm.co.b@5249ea1
2021-01-24 09:41:17.034 17168-17204/? I/MMSkeleton.Boot: [, , 17204]:boot task executing [com.tencent.mm.plugin.comm.PluginComm@875761a] hash 359697187...
2021-01-24 09:41:17.034 17168-17206/? I/MMSkeleton.ParallelsDependencies: [, , 17206]:checkIfResolvedAndSwallowIt node Ref-com.tencent.mm.plugin.readerapp.PluginReaderApp@de93679 - with type interface com.tencent.mm.kernel.a.c.b, consumed false, phase interface com.tencent.mm.kernel.a.c.b resolved!
2021-01-24 09:41:17.035 17168-17204/? I/MicroMsg.WxConsumedLock: [, , 17204]:notify done com.tencent.mm.co.b@a72c8c6
2021-01-24 09:41:17.035 17168-17205/? I/MicroMsg.ParallelsManagement: [, , 17205]:ParallelsManagement resolvedOne Ref-com.tencent.mm.plugin.multitask.PluginMultiTask@b1bccda - with type interface com.tencent.mm.kernel.a.c.b for type interface com.tencent.mm.kernel.a.c.b then next null
2021-01-24 09:41:17.035 17168-17206/? I/MMSkeleton.ParallelsDependencies: [, , 17206]:checkIfResolvedAndSwallowIt node Ref-plugin-welab - with type interface com.tencent.mm.kernel.a.c.b, consumed false, phase interface com.tencent.mm.kernel.a.c.b resolved!
2021-01-24 09:41:17.035 17168-17209/? I/MicroMsg.WxConsumedLock: [, , 17209]:notify done com.tencent.mm.co.b@7bc4ab
2021-01-24 09:41:17.036 17168-17207/? I/MicroMsg.ParallelsManagement: [, , 17207]:ParallelsManagement resolvedOne Ref-com.tencent.mm.plugin.notification.PluginPNotification@c163bb1 - with type interface com.tencent.mm.kernel.a.c.b for type interface com.tencent.mm.kernel.a.c.b then next null
2021-01-24 09:41:17.036 17168-17205/? I/MicroMsg.WxConsumedLock: [, , 17205]:lock com.tencent.mm.co.b@b300087
2021-01-24 09:41:17.036 17168-17209/? I/MicroMsg.ParallelsManagement: [, , 17209]:ParallelsManagement resolvedOne Ref-com.tencent.mm.plugin.avatar.PluginAvatar@fb22a10 - with type interface com.tencent.mm.kernel.a.c.b for type interface com.tencent.mm.kernel.a.c.b then next null
2021-01-24 09:41:17.036 17168-17207/? I/MicroMsg.WxConsumedLock: [, , 17207]:lock com.tencent.mm.co.b@3038bb4
2021-01-24 09:41:17.036 17168-17209/? I/MicroMsg.WxConsumedLock: [, , 17209]:lock com.tencent.mm.co.b@e4b83dd
2021-01-24 09:41:17.037 17168-17207/? I/MMSkeleton.Boot: [, , 17207]:boot task executing [com.tencent.mm.openim.PluginOpenIM@d574346] hash 1659277232...
2021-01-24 09:41:17.037 17168-17209/? I/MicroMsg.PluginBrandService: [, , 17209]:PluginBrandService execute, process name: com.tencent.mm:sandbox
2021-01-24 09:41:17.037 17168-17206/? I/MMSkeleton.ParallelsDependencies: [, , 17206]:checkIfResolvedAndSwallowIt node Ref-com.tencent.mm.plugin.biz.PluginBiz@f390b27 - with type interface com.tencent.mm.kernel.a.c.b, consumed false, phase interface com.tencent.mm.kernel.a.c.b resolved!
2021-01-24 09:41:17.037 17168-17207/? I/MicroMsg.WxConsumedLock: [, , 17207]:notify done com.tencent.mm.co.b@3038bb4
2021-01-24 09:41:17.038 17168-17207/? I/MicroMsg.ParallelsManagement: [, , 17207]:ParallelsManagement resolvedOne Ref-com.tencent.mm.openim.PluginOpenIM@d574346 - with type interface com.tencent.mm.kernel.a.c.b for type interface com.tencent.mm.kernel.a.c.b then next null
2021-01-24 09:41:17.039 17168-17207/? I/MicroMsg.WxConsumedLock: [, , 17207]:lock com.tencent.mm.co.b@242ab52
2021-01-24 09:41:17.039 17168-17204/? I/MicroMsg.ParallelsManagement: [, , 17204]:ParallelsManagement resolvedOne Ref-com.tencent.mm.plugin.comm.PluginComm@875761a - with type interface com.tencent.mm.kernel.a.c.b for type interface com.tencent.mm.kernel.a.c.b then next null
2021-01-24 09:41:17.039 17168-17208/? I/IPC.IPCInvokerBoot: [, , 17208]:setup IPCInvoker(process : com.tencent.mm:sandbox, application : 63796671)
2021-01-24 09:41:17.039 17168-17206/? I/MicroMsg.WxConsumedLock: [, , 17206]:lock com.tencent.mm.co.b@a021e23
2021-01-24 09:41:17.039 17168-17204/? I/MMSkeleton.ParallelsDependencies: [, , 17204]:checkIfResolvedAndSwallowIt node Ref-plugin-messenger - with type interface com.tencent.mm.kernel.a.c.b, consumed false, phase interface com.tencent.mm.kernel.a.c.b resolved!
2021-01-24 09:41:17.040 17168-17206/? I/MMSkeleton.Boot: [, , 17206]:boot task executing [PluginTaskBar] hash -1738502789...
2021-01-24 09:41:17.040 17168-17204/? I/MicroMsg.WxConsumedLock: [, , 17204]:lock com.tencent.mm.co.b@a27af20
2021-01-24 09:41:17.040 17168-17207/? I/MicroMsg.PluginNotification: [, , 17207]:execute
2021-01-24 09:41:17.040 17168-17204/? I/MMSkeleton.Boot: [, , 17204]:boot task executing [plugin-appmsg] hash 1502017946...
2021-01-24 09:41:17.040 17168-17208/? I/MMSkeleton.Boot: [, , 17208]:boot task executing [com.tencent.mm.ipcinvoker.wx_extension.PluginIPC@baf6559] hash 242664574...
2021-01-24 09:41:17.041 17168-17206/? I/MicroMsg.WxConsumedLock: [, , 17206]:notify done com.tencent.mm.co.b@a021e23
2021-01-24 09:41:17.041 17168-17208/? I/MicroMsg.WxConsumedLock: [, , 17208]:notify done com.tencent.mm.co.b@46836fa
2021-01-24 09:41:17.041 17168-17206/? I/MicroMsg.ParallelsManagement: [, , 17206]:ParallelsManagement resolvedOne Ref-com.tencent.mm.plugin.taskbar.PluginTaskBar@ddcd50b - with type interface com.tencent.mm.kernel.a.c.b for type interface com.tencent.mm.kernel.a.c.b then next null
2021-01-24 09:41:17.041 17168-17207/? I/MMSkeleton.Boot: [, , 17207]:boot task executing [com.tencent.mm.plugin.notification.PluginNotification@9fd876c] hash 666489761...
2021-01-24 09:41:17.042 17168-17207/? I/MicroMsg.WxConsumedLock: [, , 17207]:notify done com.tencent.mm.co.b@242ab52
2021-01-24 09:41:17.043 17168-17207/? I/MicroMsg.ParallelsManagement: [, , 17207]:ParallelsManagement resolvedOne Ref-com.tencent.mm.plugin.notification.PluginNotification@9fd876c - with type interface com.tencent.mm.kernel.a.c.b for type interface com.tencent.mm.kernel.a.c.b then next null
2021-01-24 09:41:17.043 17168-17209/? I/MMSkeleton.Boot: [, , 17209]:boot task executing [com.tencent.mm.plugin.brandservice.PluginBrandService@94ae72] hash 1770300060...
2021-01-24 09:41:17.043 17168-17207/? I/MicroMsg.WxConsumedLock: [, , 17207]:lock com.tencent.mm.co.b@fbc2a9e
2021-01-24 09:41:17.043 5133-7374/? I/SarService: Receiver polling >>>> Change receiver mode: off
2021-01-24 09:41:17.044 17168-17207/? I/MMSkeleton.Boot: [, , 17207]:boot task executing [com.tencent.mm.plugin.sport.PluginSport@5119822] hash 1216713176...
2021-01-24 09:41:17.044 17168-17207/? I/MicroMsg.WxConsumedLock: [, , 17207]:notify done com.tencent.mm.co.b@fbc2a9e
2021-01-24 09:41:17.045 17168-17207/? I/MicroMsg.ParallelsManagement: [, , 17207]:ParallelsManagement resolvedOne Ref-com.tencent.mm.plugin.sport.PluginSport@5119822 - with type interface com.tencent.mm.kernel.a.c.b for type interface com.tencent.mm.kernel.a.c.b then next null
2021-01-24 09:41:17.045 17168-17209/? I/MicroMsg.WxConsumedLock: [, , 17209]:notify done com.tencent.mm.co.b@e4b83dd
2021-01-24 09:41:17.046 17168-17207/? I/MicroMsg.WxConsumedLock: [, , 17207]:lock com.tencent.mm.co.b@c4e797f
2021-01-24 09:41:17.046 17168-17209/? I/MicroMsg.ParallelsManagement: [, , 17209]:ParallelsManagement resolvedOne Ref-com.tencent.mm.plugin.brandservice.PluginBrandService@94ae72 - with type interface com.tencent.mm.kernel.a.c.b for type interface com.tencent.mm.kernel.a.c.b then next null
2021-01-24 09:41:17.046 17168-17205/? I/MicroMsg.exp.PluginExpansions: [, , 17205]:request Sync at SUB process
2021-01-24 09:41:17.047 17168-17205/? I/MicroMsg.exp.PluginExpansions: [, , 17205]:execute done
2021-01-24 09:41:17.047 17168-17209/? I/MicroMsg.WxConsumedLock: [, , 17209]:lock com.tencent.mm.co.b@da89d4c
2021-01-24 09:41:17.047 17168-17205/? I/MMSkeleton.Boot: [, , 17205]:boot task executing [com.tencent.mm.plugin.expansions.PluginExpansions@8f51ffc] hash -1671275913...
2021-01-24 09:41:17.047 17168-17209/? I/MMSkeleton.Boot: [, , 17209]:boot task executing [com.tencent.mm.plugin.fts.PluginFTS@c7afe9] hash -1650072761...
2021-01-24 09:41:17.049 17168-17205/? I/MicroMsg.WxConsumedLock: [, , 17205]:notify done com.tencent.mm.co.b@b300087
2021-01-24 09:41:17.049 17168-17209/? I/MicroMsg.WxConsumedLock: [, , 17209]:notify done com.tencent.mm.co.b@da89d4c
2021-01-24 09:41:17.050 17168-17205/? I/MicroMsg.ParallelsManagement: [, , 17205]:ParallelsManagement resolvedOne Ref-com.tencent.mm.plugin.expansions.PluginExpansions@8f51ffc - with type interface com.tencent.mm.kernel.a.c.b for type interface com.tencent.mm.kernel.a.c.b then next null
2021-01-24 09:41:17.050 17168-17204/? I/MicroMsg.WxConsumedLock: [, , 17204]:notify done com.tencent.mm.co.b@a27af20
2021-01-24 09:41:17.050 17168-17208/? I/MicroMsg.ParallelsManagement: [, , 17208]:ParallelsManagement resolvedOne Ref-com.tencent.mm.ipcinvoker.wx_extension.PluginIPC@baf6559 - with type interface com.tencent.mm.kernel.a.c.b for type interface com.tencent.mm.kernel.a.c.b then next null
2021-01-24 09:41:17.050 17168-17205/? I/MicroMsg.WxConsumedLock: [, , 17205]:lock com.tencent.mm.co.b@5805195
2021-01-24 09:41:17.050 17168-17204/? I/MicroMsg.ParallelsManagement: [, , 17204]:ParallelsManagement resolvedOne Ref-com.tencent.mm.pluginsdk.model.app.PluginAppMsg@28e1601 - with type interface com.tencent.mm.kernel.a.c.b for type interface com.tencent.mm.kernel.a.c.b then next null
2021-01-24 09:41:17.051 17168-17205/? I/MicroMsg.PluginAi: [, , 17205]:Plugin ai execute IAiService [-1813637886]
2021-01-24 09:41:17.051 1684-9257/? I/MiuiKnockGestureService: focus window:com.tencent.qqlive
2021-01-24 09:41:17.051 17168-17208/? I/MicroMsg.WxConsumedLock: [, , 17208]:lock com.tencent.mm.co.b@ebc52aa
2021-01-24 09:41:17.051 17168-17204/? I/MicroMsg.WxConsumedLock: [, , 17204]:lock com.tencent.mm.co.b@db2e9b
2021-01-24 09:41:17.051 17168-17206/? I/MicroMsg.WxConsumedLock: [, , 17206]:lock com.tencent.mm.co.b@9e4ef76
2021-01-24 09:41:17.052 17168-17208/? I/MicroMsg.ServiceHub: [, , 17208]:register service interface com.tencent.mm.plugin.expt.b.b com.tencent.mm.kernel.c.e@2288d02
2021-01-24 09:41:17.052 17168-17205/? I/MMSkeleton.Boot: [, , 17205]:boot task executing [plugin-ai] hash -1813637886...
2021-01-24 09:41:17.052 17168-17206/? I/MMSkeleton.Boot: [, , 17206]:boot task executing [com.tencent.mm.openim.room.PluginOpenIMRoom@96aca34] hash 1863930026...
2021-01-24 09:41:17.052 17168-17205/? I/MicroMsg.WxConsumedLock: [, , 17205]:notify done com.tencent.mm.co.b@5805195
2021-01-24 09:41:17.053 17168-17205/? I/MicroMsg.ParallelsManagement: [, , 17205]:ParallelsManagement resolvedOne Ref-plugin-ai - with type interface com.tencent.mm.kernel.a.c.b for type interface com.tencent.mm.kernel.a.c.b then next null
2021-01-24 09:41:17.053 17168-17208/? I/MicroMsg.ServiceHub: [, , 17208]:register service interface com.tencent.mm.plugin.expt.b.e com.tencent.mm.kernel.c.e@316774e
2021-01-24 09:41:17.053 17168-17205/? I/MicroMsg.WxConsumedLock: [, , 17205]:lock com.tencent.mm.co.b@733f17c
2021-01-24 09:41:17.054 17168-17209/? I/MicroMsg.ParallelsManagement: [, , 17209]:ParallelsManagement resolvedOne Ref-com.tencent.mm.plugin.fts.PluginFTS@c7afe9 - with type interface com.tencent.mm.kernel.a.c.b for type interface com.tencent.mm.kernel.a.c.b then next null
2021-01-24 09:41:17.054 17168-17208/? I/MicroMsg.ServiceHub: [, , 17208]:register service interface com.tencent.mm.plugin.expt.b.c com.tencent.mm.kernel.c.e@da0f48b
2021-01-24 09:41:17.054 17168-17209/? I/MicroMsg.WxConsumedLock: [, , 17209]:lock com.tencent.mm.co.b@68ca968
2021-01-24 09:41:17.055 17168-17206/? I/MicroMsg.WxConsumedLock: [, , 17206]:notify done com.tencent.mm.co.b@9e4ef76
2021-01-24 09:41:17.055 17078-17078/? I/WXAOptimizeTask: checkStartWXA: wxaInitStateConfigValue: 1
2021-01-24 09:41:17.055 17168-17206/? I/MicroMsg.ParallelsManagement: [, , 17206]:ParallelsManagement resolvedOne Ref-com.tencent.mm.openim.room.PluginOpenIMRoom@96aca34 - with type interface com.tencent.mm.kernel.a.c.b for type interface com.tencent.mm.kernel.a.c.b then next null
2021-01-24 09:41:17.055 17168-17205/? I/MMSkeleton.Boot: [, , 17205]:boot task executing [com.tencent.mm.modelrecovery.PluginRecovery@93cd3f8] hash 1503906458...
2021-01-24 09:41:17.056 17168-17209/? I/MMSkeleton.Boot: [, , 17209]:boot task executing [com.tencent.mm.plugin.updater.PluginUpdater@ed95d88] hash 1672322775...
2021-01-24 09:41:17.056 17168-17208/? I/MicroMsg.ServiceHub: [, , 17208]:register service interface com.tencent.mm.plugin.expt.b.a com.tencent.mm.kernel.c.e@ca84e67
2021-01-24 09:41:17.056 17078-17078/? I/WXAOptimizeTask: reportTrace: 131
2021-01-24 09:41:17.056 17078-17078/? I/WXAOptimizeTask: WXAOptimizeTask, isFirstRunAfterInstall
2021-01-24 09:41:17.056 17168-17209/? I/MicroMsg.WxConsumedLock: [, , 17209]:notify done com.tencent.mm.co.b@68ca968
2021-01-24 09:41:17.056 17168-17205/? I/MicroMsg.WxConsumedLock: [, , 17205]:notify done com.tencent.mm.co.b@733f17c
2021-01-24 09:41:17.056 17078-17078/? I/WXAOptimizeTask: WXAOptimizeTask, checkForceInCurThread 0
2021-01-24 09:41:17.056 4435-4435/? D/StatusBar: disable<e i a s b h r c s > disable2<q i n g r >
2021-01-24 09:41:17.056 17078-17078/? I/WXAOptimizeTask: reportTrace: 134
2021-01-24 09:41:17.057 17078-17078/? I/[AppLaunchMonitor]AsyncRunCheck: startRun... start, WXAOptimizeTask
2021-01-24 09:41:17.057 17168-17204/? I/MMSkeleton.Boot: [, , 17204]:boot task executing [plugin-big-ball-of-mud] hash 281056877...
2021-01-24 09:41:17.057 17078-17078/? I/WXAOptimizeTask: WXAOptimizeTask, resetForceInCurThread 1, 0
2021-01-24 09:41:17.058 17168-17209/? I/MicroMsg.ParallelsManagement: [, , 17209]:ParallelsManagement resolvedOne Ref-com.tencent.mm.plugin.updater.PluginUpdater@ed95d88 - with type interface com.tencent.mm.kernel.a.c.b for type interface com.tencent.mm.kernel.a.c.b then next null
2021-01-24 09:41:17.058 17078-17078/? I/Statistics: appStartUp()
2021-01-24 09:41:17.058 17078-17128/? I/[AppLaunchMonitor]ARCFutureTask: WXAOptimizeTask, run in ThreadName "AsyncLoadPool-20970" start
2021-01-24 09:41:17.059 17168-17209/? I/MicroMsg.WxConsumedLock: [, , 17209]:lock com.tencent.mm.co.b@636f414
2021-01-24 09:41:17.059 17168-17205/? I/MicroMsg.ParallelsManagement: [, , 17205]:ParallelsManagement resolvedOne Ref-com.tencent.mm.modelrecovery.PluginRecovery@93cd3f8 - with type interface com.tencent.mm.kernel.a.c.b for type interface com.tencent.mm.kernel.a.c.b then next null
2021-01-24 09:41:17.059 4435-4435/? D/PhoneStatusBar/NavigationBarView: setDisabledFlags back:false home:false recent:false
2021-01-24 09:41:17.059 4435-4435/? D/StatusBarClock:  isNormalMode= true clock visible=true
2021-01-24 09:41:17.059 17168-17206/? I/MicroMsg.WxConsumedLock: [, , 17206]:lock com.tencent.mm.co.b@f3c34bd
2021-01-24 09:41:17.059 17168-17204/? I/MicroMsg.WxConsumedLock: [, , 17204]:notify done com.tencent.mm.co.b@db2e9b
2021-01-24 09:41:17.060 17168-17209/? I/MMSkeleton.Boot: [, , 17209]:boot task executing [com.tencent.mm.plugin.abtest.PluginABTest@4e92bcc] hash 2039001526...
2021-01-24 09:41:17.060 17168-17205/? I/MicroMsg.WxConsumedLock: [, , 17205]:lock com.tencent.mm.co.b@4e16a03
2021-01-24 09:41:17.060 17168-17204/? I/MicroMsg.ParallelsManagement: [, , 17204]:ParallelsManagement resolvedOne Ref-plugin-big-ball-of-mud - with type interface com.tencent.mm.kernel.a.c.b for type interface com.tencent.mm.kernel.a.c.b then next null
2021-01-24 09:41:17.060 17168-17209/? I/MicroMsg.WxConsumedLock: [, , 17209]:notify done com.tencent.mm.co.b@636f414
2021-01-24 09:41:17.061 17168-17205/? I/MMSkeleton.Boot: [, , 17205]:boot task executing [plugin-auth] hash 850728962...
2021-01-24 09:41:17.061 17168-17205/? I/MicroMsg.WxConsumedLock: [, , 17205]:notify done com.tencent.mm.co.b@4e16a03
2021-01-24 09:41:17.061 17168-17209/? I/MicroMsg.ParallelsManagement: [, , 17209]:ParallelsManagement resolvedOne Ref-com.tencent.mm.plugin.abtest.PluginABTest@4e92bcc - with type interface com.tencent.mm.kernel.a.c.b for type interface com.tencent.mm.kernel.a.c.b then next null
2021-01-24 09:41:17.062 17168-17205/? I/MicroMsg.ParallelsManagement: [, , 17205]:ParallelsManagement resolvedOne Ref-plugin-auth - with type interface com.tencent.mm.kernel.a.c.b for type interface com.tencent.mm.kernel.a.c.b then next null
2021-01-24 09:41:17.062 17078-17078/? I/ApplicationWrapper: attachBaseContext   pN =com.tencent.qqlive
2021-01-24 09:41:17.062 17078-17128/? I/ashercai: QQLiveApplication 1
2021-01-24 09:41:17.062 17168-17209/? I/MicroMsg.WxConsumedLock: [, , 17209]:lock com.tencent.mm.co.b@9fc5fb9
2021-01-24 09:41:17.062 17168-17205/? I/MicroMsg.WxConsumedLock: [, , 17205]:lock com.tencent.mm.co.b@7b54ffe
2021-01-24 09:41:17.063 17168-17206/? I/MicroMsg.WxConsumedLock: [, , 17206]:notify done com.tencent.mm.co.b@f3c34bd
2021-01-24 09:41:17.063 1684-31081/? W/MessageQueue: Handler (android.media.audiofx.Visualizer$NativeEventHandler) {fabdefe} sending message to a Handler on a dead thread
    java.lang.IllegalStateException: Handler (android.media.audiofx.Visualizer$NativeEventHandler) {fabdefe} sending message to a Handler on a dead thread
        at android.os.MessageQueue.enqueueMessage(MessageQueue.java:561)
        at android.os.Handler.enqueueMessage(Handler.java:754)
        at android.os.Handler.sendMessageAtTime(Handler.java:703)
        at android.os.Handler.sendMessageDelayed(Handler.java:673)
        at android.os.Handler.sendMessage(Handler.java:611)
        at android.media.audiofx.Visualizer.postEventFromNative(Visualizer.java:787)
