2021-01-24 09:41:17.650 17168-17208/? I/MMSkeleton.ParallelsDependencies: [, , 17208]:checkIfResolvedAndSwallowIt node Ref-com.tencent.mm.plugin.story.PluginStory@4706599 - with type interface com.tencent.mm.kernel.a.c.b, consumed false, phase interface com.tencent.mm.kernel.a.c.b resolved!
2021-01-24 09:41:17.651 17168-17208/? I/MMSkeleton.ParallelsDependencies: [, , 17208]:checkIfResolvedAndSwallowIt node Ref-com.tencent.mm.plugin.emojicapture.model.PluginEmojiCapture@f111010 - with type interface com.tencent.mm.kernel.a.c.b, consumed false, phase interface com.tencent.mm.kernel.a.c.b resolved!
2021-01-24 09:41:17.651 17168-17208/? I/MMSkeleton.ParallelsDependencies: [, , 17208]:checkIfResolvedAndSwallowIt node Ref-com.tencent.mm.plugin.facedetect.PluginFace@2238f74 - with type interface com.tencent.mm.kernel.a.c.b, consumed false, phase interface com.tencent.mm.kernel.a.c.b resolved!
2021-01-24 09:41:17.652 17168-17208/? I/MMSkeleton.ParallelsDependencies: [, , 17208]:checkIfResolvedAndSwallowIt node Ref-com.tencent.mm.plugin.recordvideo.PluginVideoEditor@25e6f5c - with type interface com.tencent.mm.kernel.a.c.b, consumed false, phase interface com.tencent.mm.kernel.a.c.b resolved!
2021-01-24 09:41:17.652 17168-17208/? I/MMSkeleton.ParallelsDependencies: [, , 17208]:checkIfResolvedAndSwallowIt node Ref-com.tencent.mm.plugin.choosemsgfile.PluginChooseMsgFile@825b512 - with type interface com.tencent.mm.kernel.a.c.b, consumed false, phase interface com.tencent.mm.kernel.a.c.b resolved!
2021-01-24 09:41:17.652 17168-17208/? I/MMSkeleton.ParallelsDependencies: [, , 17208]:checkIfResolvedAndSwallowIt node Ref-com.tencent.mm.modelrecovery.PluginRecovery@93cd3f8 - with type interface com.tencent.mm.kernel.a.c.b, consumed true, phase interface com.tencent.mm.kernel.a.c.b resolved!
2021-01-24 09:41:17.653 17168-17208/? I/MMSkeleton.ParallelsDependencies: [, , 17208]:checkIfResolvedAndSwallowIt node Ref-com.tencent.mm.plugin.downloader_app.PluginDownloaderApp@4d74d34 - with type interface com.tencent.mm.kernel.a.c.b, consumed false, phase interface com.tencent.mm.kernel.a.c.b resolved!
2021-01-24 09:41:17.653 17168-17208/? I/MMSkeleton.ParallelsDependencies: [, , 17208]:checkIfResolvedAndSwallowIt node Ref-com.tencent.mm.plugin.abtest.PluginABTest@4e92bcc - with type interface com.tencent.mm.kernel.a.c.b, consumed true, phase interface com.tencent.mm.kernel.a.c.b resolved!
2021-01-24 09:41:17.653 17168-17208/? I/MMSkeleton.ParallelsDependencies: [, , 17208]:checkIfResolvedAndSwallowIt node Ref-com.tencent.mm.plugin.game.luggage.PluginLuggageGame@475955a - with type interface com.tencent.mm.kernel.a.c.b, consumed false, phase interface com.tencent.mm.kernel.a.c.b resolved!
2021-01-24 09:41:17.653 17168-17208/? I/MMSkeleton.ParallelsDependencies: [, , 17208]:checkIfResolvedAndSwallowIt node Ref-com.tencent.mm.plugin.audio.PluginAudio@a0b0437 - with type interface com.tencent.mm.kernel.a.c.b, consumed false, phase interface com.tencent.mm.kernel.a.c.b resolved!
2021-01-24 09:41:17.654 17168-17208/? I/MMSkeleton.ParallelsDependencies: [, , 17208]:checkIfResolvedAndSwallowIt node Ref-com.tencent.mm.plugin.account.PluginAccount@f0d360f - with type interface com.tencent.mm.kernel.a.c.b, consumed false, phase interface com.tencent.mm.kernel.a.c.b resolved!
2021-01-24 09:41:17.654 17168-17208/? I/MMSkeleton.ParallelsDependencies: [, , 17208]:checkIfResolvedAndSwallowIt node Ref-com.tencent.mm.plugin.comm.PluginComm@875761a - with type interface com.tencent.mm.kernel.a.c.b, consumed true, phase interface com.tencent.mm.kernel.a.c.b resolved!
2021-01-24 09:41:17.654 17168-17208/? I/MMSkeleton.ParallelsDependencies: [, , 17208]:checkIfResolvedAndSwallowIt node Ref-com.tencent.mm.openim.PluginOpenIM@d574346 - with type interface com.tencent.mm.kernel.a.c.b, consumed true, phase interface com.tencent.mm.kernel.a.c.b resolved!
2021-01-24 09:41:17.655 17168-17208/? I/MMSkeleton.ParallelsDependencies: [, , 17208]:checkIfResolvedAndSwallowIt node Ref-com.tencent.mm.plugin.radar.PluginRadar@872dcf0 - with type interface com.tencent.mm.kernel.a.c.b, consumed false, phase interface com.tencent.mm.kernel.a.c.b resolved!
2021-01-24 09:41:17.655 17168-17208/? I/MMSkeleton.ParallelsDependencies: [, , 17208]:checkIfResolvedAndSwallowIt node Ref-com.tencent.mm.plugin.sport.PluginSport@5119822 - with type interface com.tencent.mm.kernel.a.c.b, consumed true, phase interface com.tencent.mm.kernel.a.c.b resolved!
2021-01-24 09:41:17.655 17168-17208/? I/MMSkeleton.ParallelsDependencies: [, , 17208]:checkIfResolvedAndSwallowIt node Ref-com.tencent.mm.plugin.patmsg.PluginPatMsg@5c56c6d - with type interface com.tencent.mm.kernel.a.c.b, consumed false, phase interface com.tencent.mm.kernel.a.c.b resolved!
2021-01-24 09:41:17.656 17168-17208/? I/MMSkeleton.ParallelsDependencies: [, , 17208]:checkIfResolvedAndSwallowIt node Ref-com.tencent.mm.plugin.topstory.PluginTopStory@6ce2a66 - with type interface com.tencent.mm.kernel.a.c.b, consumed false, phase interface com.tencent.mm.kernel.a.c.b resolved!
2021-01-24 09:41:17.656 17168-17206/? I/MicroMsg.ServiceHub: [, , 17206]:register service class com.tencent.mm.chatroom.plugin.b com.tencent.mm.kernel.c.e@b55a40a
2021-01-24 09:41:17.657 17168-17208/? I/MMSkeleton.ParallelsDependencies: [, , 17208]:checkIfResolvedAndSwallowIt node Ref-com.tencent.mm.plugin.lite.PluginLiteApp@742c8ba - with type interface com.tencent.mm.kernel.a.c.b, consumed false, phase interface com.tencent.mm.kernel.a.c.b resolved!
2021-01-24 09:41:17.658 17168-17208/? I/MMSkeleton.ParallelsDependencies: [, , 17208]:checkIfResolvedAndSwallowIt node Ref-com.tencent.mm.plugin.fcm.PluginFCM@fe5cc3f - with type interface com.tencent.mm.kernel.a.c.b, consumed false, phase interface com.tencent.mm.kernel.a.c.b resolved!
2021-01-24 09:41:17.658 17168-17206/? I/MMSkeleton.Boot: [, , 17206]:boot task executing [ui-chatroom] hash -1536736436...
2021-01-24 09:41:17.659 17168-17206/? I/MicroMsg.WxConsumedLock: [, , 17206]:notify done com.tencent.mm.co.b@354c15f
2021-01-24 09:41:17.659 17168-17208/? I/MMSkeleton.ParallelsDependencies: [, , 17208]:checkIfResolvedAndSwallowIt node Ref-com.tencent.mm.plugin.qqmail.PluginQQMail@c74ed79 - with type interface com.tencent.mm.kernel.a.c.b, consumed false, phase interface com.tencent.mm.kernel.a.c.b resolved!
2021-01-24 09:41:17.659 17168-17206/? I/MicroMsg.ParallelsManagement: [, , 17206]:ParallelsManagement resolvedOne Ref-com.tencent.mm.chatroom.plugin.PluginChatroomUI@d6dcd36 - with type interface com.tencent.mm.kernel.a.c.b for type interface com.tencent.mm.kernel.a.c.b then next null
2021-01-24 09:41:17.659 17168-17208/? I/MMSkeleton.ParallelsDependencies: [, , 17208]:checkIfResolvedAndSwallowIt node Ref-com.tencent.mm.plugin.video.PluginVideo@3c4b686 - with type interface com.tencent.mm.kernel.a.c.b, consumed false, phase interface com.tencent.mm.kernel.a.c.b resolved!
2021-01-24 09:41:17.660 17168-17208/? I/MMSkeleton.ParallelsDependencies: [, , 17208]:checkIfResolvedAndSwallowIt node Ref-com.tencent.mm.plugin.appbrand.app.PluginAppBrand@91a00dc - with type interface com.tencent.mm.kernel.a.c.b, consumed false, phase interface com.tencent.mm.kernel.a.c.b resolved!
2021-01-24 09:41:17.660 17168-17205/? I/MicroMsg.WxConsumedLock: [, , 17205]:lock com.tencent.mm.co.b@52e147b
2021-01-24 09:41:17.660 17168-17208/? I/MMSkeleton.ParallelsDependencies: [, , 17208]:checkIfResolvedAndSwallowIt node Ref-com.tencent.mm.plugin.rubbishbin.PluginRubbishbin@6fc7078 - with type interface com.tencent.mm.kernel.a.c.b, consumed false, phase interface com.tencent.mm.kernel.a.c.b resolved!
2021-01-24 09:41:17.660 17168-17207/? I/MicroMsg.WxConsumedLock: [, , 17207]:lock com.tencent.mm.co.b@fe6298
2021-01-24 09:41:17.661 17168-17204/? I/MicroMsg.WxConsumedLock: [, , 17204]:lock com.tencent.mm.co.b@7b1f6d6
2021-01-24 09:41:17.661 17168-17209/? I/MicroMsg.WxConsumedLock: [, , 17209]:lock com.tencent.mm.co.b@f7f7d57
2021-01-24 09:41:17.661 17168-17206/? I/MMSkeleton.Boot: [, , 17206]:boot task executing [com.tencent.mm.plugin.thumbplayer.PluginThumbPlayer@b030ecc] hash 195725700...
2021-01-24 09:41:17.661 17168-17209/? I/MMSkeleton.Boot: [, , 17209]:boot task executing [com.tencent.mm.live.PluginLive@b4a7d67] hash 1579802374...
2021-01-24 09:41:17.661 17168-17207/? I/MMSkeleton.Boot: [, , 17207]:boot task executing [plugin-story] hash 619383259...
2021-01-24 09:41:17.662 17168-17206/? I/MicroMsg.WxConsumedLock: [, , 17206]:notify done com.tencent.mm.co.b@7ea7af1
2021-01-24 09:41:17.662 17168-17205/? I/MicroMsg.PluginEmojiCapture: [, , 17205]:Plugin EmojiCapture Execute
2021-01-24 09:41:17.662 17168-17206/? I/MicroMsg.ParallelsManagement: [, , 17206]:ParallelsManagement resolvedOne Ref-com.tencent.mm.plugin.thumbplayer.PluginThumbPlayer@b030ecc - with type interface com.tencent.mm.kernel.a.c.b for type interface com.tencent.mm.kernel.a.c.b then next null
2021-01-24 09:41:17.662 17168-17207/? I/MicroMsg.WxConsumedLock: [, , 17207]:notify done com.tencent.mm.co.b@fe6298
2021-01-24 09:41:17.662 17168-17204/? I/MicroMsg.PluginFace: [, , 17204]:hy: starting execute.
2021-01-24 09:41:17.662 17168-17209/? I/MicroMsg.WxConsumedLock: [, , 17209]:notify done com.tencent.mm.co.b@f7f7d57
2021-01-24 09:41:17.662 17168-17208/? I/MMSkeleton.ParallelsDependencies: [, , 17208]:checkIfResolvedAndSwallowIt node Ref-com.tencent.mm.plugin.wxpayapi.PluginWxPayApi@74ed5b - with type interface com.tencent.mm.kernel.a.c.b, consumed false, phase interface com.tencent.mm.kernel.a.c.b resolved!
2021-01-24 09:41:17.663 17168-17205/? I/MMSkeleton.Boot: [, , 17205]:boot task executing [plugin-emojicapture] hash -676606822...
2021-01-24 09:41:17.663 17168-17209/? I/MicroMsg.ParallelsManagement: [, , 17209]:ParallelsManagement resolvedOne Ref-com.tencent.mm.live.PluginLive@b4a7d67 - with type interface com.tencent.mm.kernel.a.c.b for type interface com.tencent.mm.kernel.a.c.b then next null
2021-01-24 09:41:17.663 17168-17208/? I/MMSkeleton.ParallelsDependencies: [, , 17208]:checkIfResolvedAndSwallowIt node Ref-com.tencent.mm.plugin.updater.PluginUpdater@ed95d88 - with type interface com.tencent.mm.kernel.a.c.b, consumed true, phase interface com.tencent.mm.kernel.a.c.b resolved!
2021-01-24 09:41:17.663 17168-17205/? I/MicroMsg.WxConsumedLock: [, , 17205]:notify done com.tencent.mm.co.b@52e147b
2021-01-24 09:41:17.663 17168-17204/? I/MMSkeleton.Boot: [, , 17204]:boot task executing [plugin-facedetect] hash -232156646...
2021-01-24 09:41:17.663 17168-17204/? I/MicroMsg.WxConsumedLock: [, , 17204]:notify done com.tencent.mm.co.b@7b1f6d6
2021-01-24 09:41:17.664 17168-17206/? I/MicroMsg.WxConsumedLock: [, , 17206]:lock com.tencent.mm.co.b@9c31044
2021-01-24 09:41:17.664 17168-17204/? I/MicroMsg.ParallelsManagement: [, , 17204]:ParallelsManagement resolvedOne Ref-com.tencent.mm.plugin.facedetect.PluginFace@2238f74 - with type interface com.tencent.mm.kernel.a.c.b for type interface com.tencent.mm.kernel.a.c.b then next null
2021-01-24 09:41:17.665 17168-17208/? I/MMSkeleton.ParallelsDependencies: [, , 17208]:checkIfResolvedAndSwallowIt node Ref-com.tencent.mm.plugin.mobile.verify.PluginMobileVerify@d7c73eb - with type interface com.tencent.mm.kernel.a.c.b, consumed false, phase interface com.tencent.mm.kernel.a.c.b resolved!
2021-01-24 09:41:17.665 17168-17207/? I/MicroMsg.ParallelsManagement: [, , 17207]:ParallelsManagement resolvedOne Ref-com.tencent.mm.plugin.story.PluginStory@4706599 - with type interface com.tencent.mm.kernel.a.c.b for type interface com.tencent.mm.kernel.a.c.b then next null
2021-01-24 09:41:17.666 17168-17207/? I/MicroMsg.WxConsumedLock: [, , 17207]:lock com.tencent.mm.co.b@f9ad52d
2021-01-24 09:41:17.666 17168-17208/? I/MMSkeleton.ParallelsDependencies: [, , 17208]:checkIfResolvedAndSwallowIt node Ref-com.tencent.mm.plugin.bizui.PluginBIZUI@9340bc2 - with type interface com.tencent.mm.kernel.a.c.b, consumed false, phase interface com.tencent.mm.kernel.a.c.b resolved!
2021-01-24 09:41:17.666 17168-17205/? I/MicroMsg.ParallelsManagement: [, , 17205]:ParallelsManagement resolvedOne Ref-com.tencent.mm.plugin.emojicapture.model.PluginEmojiCapture@f111010 - with type interface com.tencent.mm.kernel.a.c.b for type interface com.tencent.mm.kernel.a.c.b then next null
2021-01-24 09:41:17.667 17168-17208/? I/MMSkeleton.ParallelsDependencies: [, , 17208]:checkIfResolvedAndSwallowIt node Ref-com.tencent.mm.plugin.bbom.PluginCompatOldStructure@ac82637 - with type interface com.tencent.mm.kernel.a.c.b, consumed true, phase interface com.tencent.mm.kernel.a.c.b resolved!
2021-01-24 09:41:17.667 17168-17205/? I/MicroMsg.ParallelsManagement: [, , 17205]:ParallelsManagement resolvedOne Ref-com.tencent.mm.modelrecovery.PluginRecovery@93cd3f8 - with type interface com.tencent.mm.kernel.a.c.b for type interface com.tencent.mm.kernel.a.c.b then next null
2021-01-24 09:41:17.667 17168-17208/? I/MMSkeleton.ParallelsDependencies: [, , 17208]:checkIfResolvedAndSwallowIt node Ref-com.tencent.mm.plugin.recordvideo.appcamera.PluginMMSight@28c5fae - with type interface com.tencent.mm.kernel.a.c.b, consumed false, phase interface com.tencent.mm.kernel.a.c.b resolved!
2021-01-24 09:41:17.668 17168-17204/? I/MicroMsg.WxConsumedLock: [, , 17204]:lock com.tencent.mm.co.b@faeaa62
2021-01-24 09:41:17.668 17168-17205/? I/MicroMsg.ParallelsManagement: [, , 17205]:ParallelsManagement resolvedOne Ref-com.tencent.mm.plugin.abtest.PluginABTest@4e92bcc - with type interface com.tencent.mm.kernel.a.c.b for type interface com.tencent.mm.kernel.a.c.b then next null
2021-01-24 09:41:17.669 17168-17204/? I/MicroMsg.ServiceHub: [, , 17204]:register service interface com.tencent.mm.plugin.downloader_app.api.c com.tencent.mm.kernel.c.e@7d6c04f
2021-01-24 09:41:17.669 17168-17207/? I/MicroMsg.ServiceHub: [, , 17207]:register service interface com.tencent.mm.choosemsgfile.compat.a com.tencent.mm.kernel.c.e@12223dc
2021-01-24 09:41:17.669 17168-17205/? I/MicroMsg.WxConsumedLock: [, , 17205]:lock com.tencent.mm.co.b@a9e7ce5
2021-01-24 09:41:17.669 17168-17207/? I/MMSkeleton.Boot: [, , 17207]:boot task executing [plugin-choosemsgfile] hash -111636116...
2021-01-24 09:41:17.669 17168-17208/? I/MMSkeleton.ParallelsDependencies: [, , 17208]:checkIfResolvedAndSwallowIt node Ref-com.tencent.mm.plugin.chatroom.PluginChatroom@988e709 - with type interface com.tencent.mm.kernel.a.c.b, consumed false, phase interface com.tencent.mm.kernel.a.c.b resolved!
2021-01-24 09:41:17.669 17168-17205/? I/MMSkeleton.Boot: [, , 17205]:boot task executing [com.tencent.mm.plugin.game.luggage.PluginLuggageGame@475955a] hash 718464670...
2021-01-24 09:41:17.670 17168-17209/? I/MicroMsg.WxConsumedLock: [, , 17209]:lock com.tencent.mm.co.b@da723ba
2021-01-24 09:41:17.671 17168-17205/? I/MicroMsg.WxConsumedLock: [, , 17205]:notify done com.tencent.mm.co.b@a9e7ce5
2021-01-24 09:41:17.672 17168-17209/? I/MicroMsg.WxConsumedLock: [, , 17209]:notify done com.tencent.mm.co.b@da723ba
2021-01-24 09:41:17.672 17168-17209/? I/MicroMsg.ParallelsManagement: [, , 17209]:ParallelsManagement resolvedOne Ref-com.tencent.mm.plugin.audio.PluginAudio@a0b0437 - with type interface com.tencent.mm.kernel.a.c.b for type interface com.tencent.mm.kernel.a.c.b then next null
2021-01-24 09:41:17.673 17168-17204/? I/MMSkeleton.Boot: [, , 17204]:boot task executing [com.tencent.mm.plugin.downloader_app.PluginDownloaderApp@4d74d34] hash 1988530109...
2021-01-24 09:41:17.673 17168-17205/? I/MicroMsg.WxConsumedLock: [, , 17205]:lock com.tencent.mm.co.b@8e9126b
2021-01-24 09:41:17.673 17168-17204/? I/MicroMsg.WxConsumedLock: [, , 17204]:notify done com.tencent.mm.co.b@faeaa62
2021-01-24 09:41:17.674 17168-17208/? I/MMSkeleton.ParallelsDependencies: [, , 17208]:checkIfResolvedAndSwallowIt node Ref-com.tencent.mm.plugin.editor.PluginEditor@829ea6c - with type interface com.tencent.mm.kernel.a.c.b, consumed false, phase interface com.tencent.mm.kernel.a.c.b resolved!
2021-01-24 09:41:17.674 17168-17208/? I/MMSkeleton.ParallelsDependencies: [, , 17208]:checkIfResolvedAndSwallowIt node Ref-plugin-messenger-foundation - with type interface com.tencent.mm.kernel.a.c.b, consumed true, phase interface com.tencent.mm.kernel.a.c.b resolved!
2021-01-24 09:41:17.674 17168-17209/? I/MicroMsg.ParallelsManagement: [, , 17209]:ParallelsManagement resolvedOne Ref-com.tencent.mm.plugin.comm.PluginComm@875761a - with type interface com.tencent.mm.kernel.a.c.b for type interface com.tencent.mm.kernel.a.c.b then next null
2021-01-24 09:41:17.675 1684-31081/? W/MessageQueue: Handler (android.media.audiofx.Visualizer$NativeEventHandler) {fabdefe} sending message to a Handler on a dead thread
    java.lang.IllegalStateException: Handler (android.media.audiofx.Visualizer$NativeEventHandler) {fabdefe} sending message to a Handler on a dead thread
        at android.os.MessageQueue.enqueueMessage(MessageQueue.java:561)
        at android.os.Handler.enqueueMessage(Handler.java:754)
        at android.os.Handler.sendMessageAtTime(Handler.java:703)
        at android.os.Handler.sendMessageDelayed(Handler.java:673)
        at android.os.Handler.sendMessage(Handler.java:611)
        at android.media.audiofx.Visualizer.postEventFromNative(Visualizer.java:787)
2021-01-24 09:41:17.675 17168-17208/? I/MMSkeleton.ParallelsDependencies: [, , 17208]:checkIfResolvedAndSwallowIt node Ref-com.tencent.mm.plugin.avatar.PluginAvatar@fb22a10 - with type interface com.tencent.mm.kernel.a.c.b, consumed true, phase interface com.tencent.mm.kernel.a.c.b resolved!
2021-01-24 09:41:17.675 17168-17205/? I/MicroMsg.CallbacksProxy: [, , 17205]:add pending callbacks com.tencent.mm.model.y@89ba1c8 class com.tencent.mm.plugin.account.model.m null null
2021-01-24 09:41:17.675 17168-17207/? I/MicroMsg.WxConsumedLock: [, , 17207]:notify done com.tencent.mm.co.b@f9ad52d
2021-01-24 09:41:17.675 17168-17208/? I/MMSkeleton.ParallelsDependencies: [, , 17208]:checkIfResolvedAndSwallowIt node Ref-com.tencent.mm.plugin.MMPhotoEditPlugin@26f9350 - with type interface com.tencent.mm.kernel.a.c.b, consumed false, phase interface com.tencent.mm.kernel.a.c.b resolved!
2021-01-24 09:41:17.676 17168-17207/? I/MicroMsg.ParallelsManagement: [, , 17207]:ParallelsManagement resolvedOne Ref-com.tencent.mm.plugin.choosemsgfile.PluginChooseMsgFile@825b512 - with type interface com.tencent.mm.kernel.a.c.b for type interface com.tencent.mm.kernel.a.c.b then next null
2021-01-24 09:41:17.676 17168-17205/? I/MicroMsg.CompatSubCore: [, , 17205]:registerCompatSubCoreWithNameIfAbsent com.tencent.mm.plugin.account.model.m, com.tencent.mm.model.y@89ba1c8 class com.tencent.mm.plugin.account.model.m null null [model.y:a(101)][model.y:<init>(43)][plugin.account.PluginAccount:execute(44)][kernel.a.c:a(5276)][kernel.a.c$3:call(1225)][kernel.a.b.e$1:run(1189)]
2021-01-24 09:41:17.676 17168-17208/? I/MMSkeleton.ParallelsDependencies: [, , 17208]:checkIfResolvedAndSwallowIt node Ref-com.tencent.mm.insane_statistic.PluginInsaneStatistic@6757a3c - with type interface com.tencent.mm.kernel.a.c.b, consumed false, phase interface com.tencent.mm.kernel.a.c.b resolved!
2021-01-24 09:41:17.676 17168-17204/? I/MicroMsg.ParallelsManagement: [, , 17204]:ParallelsManagement resolvedOne Ref-com.tencent.mm.plugin.downloader_app.PluginDownloaderApp@4d74d34 - with type interface com.tencent.mm.kernel.a.c.b for type interface com.tencent.mm.kernel.a.c.b then next null
2021-01-24 09:41:17.677 17168-17205/? I/MicroMsg.ServiceHub: [, , 17205]:register service class com.tencent.mm.model.y com.tencent.mm.kernel.c.e@e3f0261
2021-01-24 09:41:17.677 17168-17204/? I/MicroMsg.WxConsumedLock: [, , 17204]:lock com.tencent.mm.co.b@b93c186
2021-01-24 09:41:17.677 17168-17205/? I/MicroMsg.CallbacksProxy: [, , 17205]:add pending callbacks com.tencent.mm.model.y@6846a47 class com.tencent.mm.plugin.account.a null null
2021-01-24 09:41:17.677 17168-17204/? I/MMSkeleton.Boot: [, , 17204]:boot task executing [com.tencent.mm.plugin.radar.PluginRadar@872dcf0] hash 1207061156...
2021-01-24 09:41:17.678 17168-17208/? I/MMSkeleton.ParallelsDependencies: [, , 17208]:checkIfResolvedAndSwallowIt node Ref-com.tencent.mm.plugin.recordvideo.res.PluginVideoRes@97ff14f - with type interface com.tencent.mm.kernel.a.c.b, consumed false, phase interface com.tencent.mm.kernel.a.c.b resolved!
2021-01-24 09:41:17.678 17168-17209/? I/MMSkeleton.ParallelsDependencies: [, , 17209]:checkIfResolvedAndSwallowIt node Ref-plugin-messenger - with type interface com.tencent.mm.kernel.a.c.b, consumed true, phase interface com.tencent.mm.kernel.a.c.b resolved!
2021-01-24 09:41:17.678 17168-17205/? I/MicroMsg.CompatSubCore: [, , 17205]:registerCompatSubCoreWithNameIfAbsent com.tencent.mm.plugin.account.a, com.tencent.mm.model.y@6846a47 class com.tencent.mm.plugin.account.a null null [model.y:a(101)][model.y:<init>(43)][plugin.account.PluginAccount:execute(45)][kernel.a.c:a(5276)][kernel.a.c$3:call(1225)][kernel.a.b.e$1:run(1189)]
2021-01-24 09:41:17.678 17168-17208/? I/MMSkeleton.ParallelsDependencies: [, , 17208]:checkIfResolvedAndSwallowIt node Ref-com.tencent.mm.plugin.monitor.PluginMonitor@bb7e70d - with type interface com.tencent.mm.kernel.a.c.b, consumed false, phase interface com.tencent.mm.kernel.a.c.b resolved!
2021-01-24 09:41:17.679 17168-17204/? I/MicroMsg.WxConsumedLock: [, , 17204]:notify done com.tencent.mm.co.b@b93c186
2021-01-24 09:41:17.679 17168-17205/? I/MicroMsg.ServiceHub: [, , 17205]:register service class com.tencent.mm.model.y com.tencent.mm.kernel.c.e@8ad1274
2021-01-24 09:41:17.680 742-742/? I//vendor/bin/hw/vendor.qti.hardware.servicetracker@1.1-service: bindService is called for service : com.tencent.qqlive/.modules.login.service.LoginService and for client com.tencent.qqlive:services
2021-01-24 09:41:17.680 742-742/? I//vendor/bin/hw/vendor.qti.hardware.servicetracker@1.1-service: total connections for service : com.tencent.qqlive/.modules.login.service.LoginServiceare :3
2021-01-24 09:41:17.680 742-742/? I//vendor/bin/hw/vendor.qti.hardware.servicetracker@1.1-service: total connections for client : com.tencent.qqlive:servicesare :3
2021-01-24 09:41:17.680 17168-17209/? I/MMSkeleton.ParallelsDependencies: [, , 17209]:checkIfResolvedAndSwallowIt node Ref-com.tencent.mm.plugin.boots.PluginBoots@a74536b - with type interface com.tencent.mm.kernel.a.c.b, consumed false, phase interface com.tencent.mm.kernel.a.c.b resolved!
2021-01-24 09:41:17.680 17168-17207/? I/MicroMsg.ParallelsManagement: [, , 17207]:ParallelsManagement resolvedOne Ref-com.tencent.mm.openim.PluginOpenIM@d574346 - with type interface com.tencent.mm.kernel.a.c.b for type interface com.tencent.mm.kernel.a.c.b then next null
2021-01-24 09:41:17.681 17168-17209/? I/MMSkeleton.ParallelsDependencies: [, , 17209]:checkIfResolvedAndSwallowIt node Ref-com.tencent.mm.plugin.emoji.PluginEmoji@6919c9d - with type interface com.tencent.mm.kernel.a.c.b, consumed false, phase interface com.tencent.mm.kernel.a.c.b resolved!
2021-01-24 09:41:17.681 17168-17207/? I/MicroMsg.ParallelsManagement: [, , 17207]:ParallelsManagement resolvedOne Ref-com.tencent.mm.plugin.sport.PluginSport@5119822 - with type interface com.tencent.mm.kernel.a.c.b for type interface com.tencent.mm.kernel.a.c.b then next null
2021-01-24 09:41:17.681 17168-17208/? I/MMSkeleton.ParallelsDependencies: [, , 17208]:checkIfResolvedAndSwallowIt node Ref-com.tencent.mm.plugin.secdata.PluginSecData@26c2029 - with type interface com.tencent.mm.kernel.a.c.b, consumed false, phase interface com.tencent.mm.kernel.a.c.b resolved!
2021-01-24 09:41:17.681 17168-17209/? I/MicroMsg.WxConsumedLock: [, , 17209]:lock com.tencent.mm.co.b@708639d
2021-01-24 09:41:17.681 17168-17207/? I/MicroMsg.WxConsumedLock: [, , 17207]:lock com.tencent.mm.co.b@55a7012
2021-01-24 09:41:17.682 17168-17205/? I/MicroMsg.CallbacksProxy: [, , 17205]:add pending callbacks com.tencent.mm.model.y@59363e3 class com.tencent.mm.plugin.account.security.a.g null null
2021-01-24 09:41:17.682 17168-17207/? I/MMSkeleton.Boot: [, , 17207]:boot task executing [com.tencent.mm.plugin.topstory.PluginTopStory@6ce2a66] hash -1217952251...
2021-01-24 09:41:17.682 17168-17204/? I/MicroMsg.ParallelsManagement: [, , 17204]:ParallelsManagement resolvedOne Ref-com.tencent.mm.plugin.radar.PluginRadar@872dcf0 - with type interface com.tencent.mm.kernel.a.c.b for type interface com.tencent.mm.kernel.a.c.b then next null
2021-01-24 09:41:17.682 17168-17209/? I/MMSkeleton.Boot: [, , 17209]:boot task executing [com.tencent.mm.plugin.patmsg.PluginPatMsg@5c56c6d] hash -1491193024...
2021-01-24 09:41:17.683 17168-17208/? I/MMSkeleton.ParallelsDependencies: [, , 17208]:checkIfResolvedAndSwallowIt node Ref-com.tencent.mm.plugin.game.commlib.PluginCommLib@39425e3 - with type interface com.tencent.mm.kernel.a.c.b, consumed false, phase interface com.tencent.mm.kernel.a.c.b resolved!
2021-01-24 09:41:17.683 17168-17205/? I/MicroMsg.CompatSubCore: [, , 17205]:registerCompatSubCoreWithNameIfAbsent com.tencent.mm.plugin.account.security.a.g, com.tencent.mm.model.y@59363e3 class com.tencent.mm.plugin.account.security.a.g null null [model.y:a(101)][model.y:<init>(43)][plugin.account.PluginAccount:execute(46)][kernel.a.c:a(5276)][kernel.a.c$3:call(1225)][kernel.a.b.e$1:run(1189)]
2021-01-24 09:41:17.683 17168-17209/? I/MicroMsg.WxConsumedLock: [, , 17209]:notify done com.tencent.mm.co.b@708639d
2021-01-24 09:41:17.683 17168-17205/? I/MicroMsg.ServiceHub: [, , 17205]:register service class com.tencent.mm.model.y com.tencent.mm.kernel.c.e@cc2e1e0
2021-01-24 09:41:17.683 17168-17208/? I/MMSkeleton.ParallelsDependencies: [, , 17208]:checkIfResolvedAndSwallowIt node Ref-com.tencent.mm.contact.PluginContact@4afccb7 - with type interface com.tencent.mm.kernel.a.c.b, consumed false, phase interface com.tencent.mm.kernel.a.c.b resolved!
2021-01-24 09:41:17.684 17168-17204/? I/MicroMsg.WxConsumedLock: [, , 17204]:lock com.tencent.mm.co.b@30c9c99
2021-01-24 09:41:17.684 17168-17209/? I/MicroMsg.ParallelsManagement: [, , 17209]:ParallelsManagement resolvedOne Ref-com.tencent.mm.plugin.patmsg.PluginPatMsg@5c56c6d - with type interface com.tencent.mm.kernel.a.c.b for type interface com.tencent.mm.kernel.a.c.b then next null
2021-01-24 09:41:17.684 17168-17207/? I/MicroMsg.WxConsumedLock: [, , 17207]:notify done com.tencent.mm.co.b@55a7012
2021-01-24 09:41:17.684 17168-17209/? I/MicroMsg.WxConsumedLock: [, , 17209]:lock com.tencent.mm.co.b@b6b7b5e
2021-01-24 09:41:17.685 17168-17207/? I/MicroMsg.ParallelsManagement: [, , 17207]:ParallelsManagement resolvedOne Ref-com.tencent.mm.plugin.topstory.PluginTopStory@6ce2a66 - with type interface com.tencent.mm.kernel.a.c.b for type interface com.tencent.mm.kernel.a.c.b then next null
2021-01-24 09:41:17.685 17168-17209/? I/MMSkeleton.Boot: [, , 17209]:boot task executing [plugin-fcm] hash -388194890...
2021-01-24 09:41:17.685 17168-17207/? I/MicroMsg.WxConsumedLock: [, , 17207]:lock com.tencent.mm.co.b@50e5b3f
2021-01-24 09:41:17.686 17168-17208/? I/MMSkeleton.ParallelsDependencies: [, , 17208]:checkIfResolvedAndSwallowIt node Ref-com.tencent.mm.plugin.wxpaysdk.PluginWxPaySdk@4b44ec8 - with type interface com.tencent.mm.kernel.a.c.b, consumed false, phase interface com.tencent.mm.kernel.a.c.b resolved!
2021-01-24 09:41:17.686 17168-17204/? I/MMSkeleton.Boot: [, , 17204]:boot task executing [plugin-liteapp] hash 293556761...
2021-01-24 09:41:17.687 17168-17208/? I/MMSkeleton.ParallelsDependencies: [, , 17208]:checkIfResolvedAndSwallowIt node Ref-com.tencent.mm.plugin.trafficmonitor.PluginTrafficMonitor@6c186c2 - with type interface com.tencent.mm.kernel.a.c.b, consumed false, phase interface com.tencent.mm.kernel.a.c.b resolved!
2021-01-24 09:41:17.687 17168-17207/? I/MMSkeleton.Boot: [, , 17207]:boot task executing [com.tencent.mm.plugin.qqmail.PluginQQMail@c74ed79] hash 1267723263...
2021-01-24 09:41:17.687 17168-17208/? I/MMSkeleton.ParallelsDependencies: [, , 17208]:checkIfResolvedAndSwallowIt node Ref-com.tencent.mm.plugin.hld.PluginHld@776ab61 - with type interface com.tencent.mm.kernel.a.c.b, consumed false, phase interface com.tencent.mm.kernel.a.c.b resolved!
2021-01-24 09:41:17.687 17168-17204/? I/MicroMsg.WxConsumedLock: [, , 17204]:notify done com.tencent.mm.co.b@30c9c99
2021-01-24 09:41:17.687 17168-17209/? I/MicroMsg.WxConsumedLock: [, , 17209]:notify done com.tencent.mm.co.b@b6b7b5e
2021-01-24 09:41:17.687 17168-17208/? I/MMSkeleton.ParallelsDependencies: [, , 17208]:checkIfResolvedAndSwallowIt node Ref-com.tencent.mm.plugin.game.PluginGame@c848ce4 - with type interface com.tencent.mm.kernel.a.c.b, consumed false, phase interface com.tencent.mm.kernel.a.c.b resolved!
2021-01-24 09:41:17.687 17168-17209/? I/MicroMsg.ParallelsManagement: [, , 17209]:ParallelsManagement resolvedOne Ref-com.tencent.mm.plugin.fcm.PluginFCM@fe5cc3f - with type interface com.tencent.mm.kernel.a.c.b for type interface com.tencent.mm.kernel.a.c.b then next null
2021-01-24 09:41:17.688 742-742/? I//vendor/bin/hw/vendor.qti.hardware.servicetracker@1.1-service: bindService is called for service : com.tencent.qqlive/.modules.login.service.LoginService and for client com.tencent.qqlive:services
2021-01-24 09:41:17.688 742-742/? I//vendor/bin/hw/vendor.qti.hardware.servicetracker@1.1-service: total connections for service : com.tencent.qqlive/.modules.login.service.LoginServiceare :3
2021-01-24 09:41:17.688 742-742/? I//vendor/bin/hw/vendor.qti.hardware.servicetracker@1.1-service: total connections for client : com.tencent.qqlive:servicesare :3
2021-01-24 09:41:17.688 17168-17209/? I/MicroMsg.WxConsumedLock: [, , 17209]:lock com.tencent.mm.co.b@8a43c0c
2021-01-24 09:41:17.688 17168-17206/? I/MMSkeleton.Boot: [, , 17206]:boot task executing [com.tencent.mm.plugin.recordvideo.PluginVideoEditor@25e6f5c] hash 1753042254...
2021-01-24 09:41:17.689 17168-17204/? I/MicroMsg.ParallelsManagement: [, , 17204]:ParallelsManagement resolvedOne Ref-com.tencent.mm.plugin.lite.PluginLiteApp@742c8ba - with type interface com.tencent.mm.kernel.a.c.b for type interface com.tencent.mm.kernel.a.c.b then next null
2021-01-24 09:41:17.689 17256-17256/? I/MMKV: <MMKV.cpp:330::loadFromFile> loading [vb_personalize] with 0 size in total, file size is 4096
2021-01-24 09:41:17.689 17256-17256/? I/MMKV: <MMKV.cpp:375::loadFromFile> loaded [vb_personalize] with 0 values
2021-01-24 09:41:17.689 17168-17206/? I/MicroMsg.WxConsumedLock: [, , 17206]:notify done com.tencent.mm.co.b@9c31044
2021-01-24 09:41:17.689 17168-17208/? I/MMSkeleton.ParallelsDependencies: [, , 17208]:checkIfResolvedAndSwallowIt node Ref-com.tencent.mm.plugin.music.PluginMusic@3a42ee0 - with type interface com.tencent.mm.kernel.a.c.b, consumed false, phase interface com.tencent.mm.kernel.a.c.b resolved!
2021-01-24 09:41:17.689 17168-17206/? I/MicroMsg.ParallelsManagement: [, , 17206]:ParallelsManagement resolvedOne Ref-com.tencent.mm.plugin.recordvideo.PluginVideoEditor@25e6f5c - with type interface com.tencent.mm.kernel.a.c.b for type interface com.tencent.mm.kernel.a.c.b then next null
2021-01-24 09:41:17.690 17168-17208/? I/MMSkeleton.ParallelsDependencies: [, , 17208]:checkIfResolvedAndSwallowIt node Ref-com.tencent.kinda.framework.PluginWxKindaApi@17cf9f8 - with type interface com.tencent.mm.kernel.a.c.b, consumed false, phase interface com.tencent.mm.kernel.a.c.b resolved!
2021-01-24 09:41:17.690 17168-17206/? I/MicroMsg.WxConsumedLock: [, , 17206]:lock com.tencent.mm.co.b@5816955
2021-01-24 09:41:17.690 742-742/? I//vendor/bin/hw/vendor.qti.hardware.servicetracker@1.1-service: bindService is called for service : com.tencent.qqlive/.modules.login.service.LoginService and for client com.tencent.qqlive:services
2021-01-24 09:41:17.690 742-742/? I//vendor/bin/hw/vendor.qti.hardware.servicetracker@1.1-service: total connections for service : com.tencent.qqlive/.modules.login.service.LoginServiceare :3
2021-01-24 09:41:17.690 17168-17208/? I/MMSkeleton.ParallelsDependencies: [, , 17208]:checkIfResolvedAndSwallowIt node Ref-com.tencent.mm.plugin.topstory.ui.PluginTopStoryUI@c5d0656 - with type interface com.tencent.mm.kernel.a.c.b, consumed false, phase interface com.tencent.mm.kernel.a.c.b resolved!
2021-01-24 09:41:17.690 742-742/? I//vendor/bin/hw/vendor.qti.hardware.servicetracker@1.1-service: total connections for client : com.tencent.qqlive:servicesare :3
2021-01-24 09:41:17.691 17168-17206/? I/MicroMsg.PluginAppBrand[speedtest]: [, , 17206]:execute() current process name = com.tencent.mm:sandbox, isMainThread false
2021-01-24 09:41:17.691 17168-17209/? I/MicroMsg.PluginVideo: [, , 17209]:plugin video execute
2021-01-24 09:41:17.691 17168-17207/? I/MicroMsg.WxConsumedLock: [, , 17207]:notify done com.tencent.mm.co.b@50e5b3f
2021-01-24 09:41:17.692 17168-17208/? I/MMSkeleton.ParallelsDependencies: [, , 17208]:checkIfResolvedAndSwallowIt node Ref-com.tencent.mm.plugin.fts.ui.PluginFTSUI@e077bbd - with type interface com.tencent.mm.kernel.a.c.b, consumed false, phase interface com.tencent.mm.kernel.a.c.b resolved!
2021-01-24 09:41:17.692 17168-17209/? I/MMSkeleton.Boot: [, , 17209]:boot task executing [plugin-video] hash 621815137...
2021-01-24 09:41:17.693 17168-17207/? I/MicroMsg.ParallelsManagement: [, , 17207]:ParallelsManagement resolvedOne Ref-com.tencent.mm.plugin.qqmail.PluginQQMail@c74ed79 - with type interface com.tencent.mm.kernel.a.c.b for type interface com.tencent.mm.kernel.a.c.b then next null
2021-01-24 09:41:17.693 17168-17205/? I/MicroMsg.PluginAccount: [, , 17205]:execute PluginAccount
2021-01-24 09:41:17.693 17168-17207/? I/MicroMsg.WxConsumedLock: [, , 17207]:lock com.tencent.mm.co.b@2efef6a
2021-01-24 09:41:17.693 17168-17205/? I/MMSkeleton.Boot: [, , 17205]:boot task executing [com.tencent.mm.plugin.account.PluginAccount@f0d360f] hash -161807863...
2021-01-24 09:41:17.693 17168-17207/? I/MMSkeleton.Boot: [, , 17207]:boot task executing [com.tencent.mm.plugin.rubbishbin.PluginRubbishbin@6fc7078] hash -893620789...
2021-01-24 09:41:17.693 17168-17209/? I/MicroMsg.WxConsumedLock: [, , 17209]:notify done com.tencent.mm.co.b@8a43c0c
2021-01-24 09:41:17.694 17168-17207/? I/MicroMsg.WxConsumedLock: [, , 17207]:notify done com.tencent.mm.co.b@2efef6a
2021-01-24 09:41:17.694 17168-17209/? I/MicroMsg.ParallelsManagement: [, , 17209]:ParallelsManagement resolvedOne Ref-com.tencent.mm.plugin.video.PluginVideo@3c4b686 - with type interface com.tencent.mm.kernel.a.c.b for type interface com.tencent.mm.kernel.a.c.b then next null
2021-01-24 09:41:17.695 17168-17204/? I/MicroMsg.WxConsumedLock: [, , 17204]:lock com.tencent.mm.co.b@1176c5b
2021-01-24 09:41:17.695 17168-17209/? I/MicroMsg.ParallelsManagement: [, , 17209]:ParallelsManagement resolvedOne Ref-com.tencent.mm.plugin.updater.PluginUpdater@ed95d88 - with type interface com.tencent.mm.kernel.a.c.b for type interface com.tencent.mm.kernel.a.c.b then next null
2021-01-24 09:41:17.695 17168-17204/? I/MMSkeleton.Boot: [, , 17204]:boot task executing [plugin-wxpayapi] hash -1483454483...
2021-01-24 09:41:17.695 17168-17209/? I/MicroMsg.WxConsumedLock: [, , 17209]:lock com.tencent.mm.co.b@35f0cf8
2021-01-24 09:41:17.695 17168-17204/? I/MicroMsg.WxConsumedLock: [, , 17204]:notify done com.tencent.mm.co.b@1176c5b
2021-01-24 09:41:17.695 17168-17209/? I/MMSkeleton.Boot: [, , 17209]:boot task executing [com.tencent.mm.plugin.mobile.verify.PluginMobileVerify@d7c73eb] hash -637955709...
2021-01-24 09:41:17.695 17168-17204/? I/MicroMsg.ParallelsManagement: [, , 17204]:ParallelsManagement resolvedOne Ref-com.tencent.mm.plugin.wxpayapi.PluginWxPayApi@74ed5b - with type interface com.tencent.mm.kernel.a.c.b for type interface com.tencent.mm.kernel.a.c.b then next null
2021-01-24 09:41:17.696 17168-17208/? I/MMSkeleton.ParallelsDependencies: [, , 17208]:checkIfResolvedAndSwallowIt node Ref-plugin-big-ball-of-mud - with type interface com.tencent.mm.kernel.a.c.b, consumed true, phase interface com.tencent.mm.kernel.a.c.b resolved!
2021-01-24 09:41:17.696 17168-17209/? I/MicroMsg.WxConsumedLock: [, , 17209]:notify done com.tencent.mm.co.b@35f0cf8
2021-01-24 09:41:17.696 1684-7561/? D/ConnectivityService: requestNetwork for uid/pid:10434/17256 NetworkRequest [ TRACK_DEFAULT id=7912, [ Capabilities: INTERNET&NOT_RESTRICTED&TRUSTED Uid: 10434] ]
2021-01-24 09:41:17.694 17168-17207/? I/MicroMsg.ParallelsManagement: [, , 17207]:ParallelsManagement resolvedOne Ref-com.tencent.mm.plugin.rubbishbin.PluginRubbishbin@6fc7078 - with type interface com.tencent.mm.kernel.a.c.b for type interface com.tencent.mm.kernel.a.c.b then next null
2021-01-24 09:41:17.696 17168-17204/? I/MicroMsg.WxConsumedLock: [, , 17204]:lock com.tencent.mm.co.b@53c45d1
2021-01-24 09:41:17.697 17168-17207/? I/MicroMsg.ParallelsManagement: [, , 17207]:ParallelsManagement resolvedOne Ref-com.tencent.mm.plugin.bbom.PluginCompatOldStructure@ac82637 - with type interface com.tencent.mm.kernel.a.c.b for type interface com.tencent.mm.kernel.a.c.b then next null
2021-01-24 09:41:17.697 17168-17204/? I/MMSkeleton.Boot: [, , 17204]:boot task executing [com.tencent.mm.plugin.bizui.PluginBIZUI@9340bc2] hash -533170363...
2021-01-24 09:41:17.697 17168-17208/? I/MMSkeleton.ParallelsDependencies: [, , 17208]:checkIfResolvedAndSwallowIt node Ref-com.tencent.mm.plugin.mediabase.PluginBgMixer@7014942 - with type interface com.tencent.mm.kernel.a.c.b, consumed false, phase interface com.tencent.mm.kernel.a.c.b resolved!
2021-01-24 09:41:17.697 17168-17207/? I/MicroMsg.WxConsumedLock: [, , 17207]:lock com.tencent.mm.co.b@8959836
2021-01-24 09:41:17.697 17168-17204/? I/MicroMsg.WxConsumedLock: [, , 17204]:notify done com.tencent.mm.co.b@53c45d1
2021-01-24 09:41:17.697 17168-17207/? I/MicroMsg.PluginMMSight: [, , 17207]:execute, process: com.tencent.mm:sandbox
2021-01-24 09:41:17.698 17168-17208/? I/MMSkeleton.ParallelsDependencies: [, , 17208]:checkIfResolvedAndSwallowIt node Ref-com.tencent.mm.openim.room.PluginOpenIMRoom@96aca34 - with type interface com.tencent.mm.kernel.a.c.b, consumed true, phase interface com.tencent.mm.kernel.a.c.b resolved!
2021-01-24 09:41:17.698 17168-17207/? I/MMSkeleton.Boot: [, , 17207]:boot task executing [plugin-recordvideo] hash 280166192...
2021-01-24 09:41:17.698 17168-17204/? I/MicroMsg.ParallelsManagement: [, , 17204]:ParallelsManagement resolvedOne Ref-com.tencent.mm.plugin.bizui.PluginBIZUI@9340bc2 - with type interface com.tencent.mm.kernel.a.c.b for type interface com.tencent.mm.kernel.a.c.b then next null
2021-01-24 09:41:17.699 17168-17207/? I/MicroMsg.WxConsumedLock: [, , 17207]:notify done com.tencent.mm.co.b@8959836
2021-01-24 09:41:17.699 17168-17209/? I/MicroMsg.ParallelsManagement: [, , 17209]:ParallelsManagement resolvedOne Ref-com.tencent.mm.plugin.mobile.verify.PluginMobileVerify@d7c73eb - with type interface com.tencent.mm.kernel.a.c.b for type interface com.tencent.mm.kernel.a.c.b then next null
2021-01-24 09:41:17.699 1684-4305/? D/UntrustedWifiNetworkFactory: got request NetworkRequest [ TRACK_DEFAULT id=7912, [ Capabilities: INTERNET&NOT_RESTRICTED&TRUSTED Uid: 10434] ] with score 60 and serial -1
2021-01-24 09:41:17.699 1684-4305/? D/WifiNetworkFactory: got request NetworkRequest [ TRACK_DEFAULT id=7912, [ Capabilities: INTERNET&NOT_RESTRICTED&TRUSTED Uid: 10434] ] with score 60 and serial -1
2021-01-24 09:41:17.699 17168-17204/? I/MicroMsg.WxConsumedLock: [, , 17204]:lock com.tencent.mm.co.b@fecd40f
2021-01-24 09:41:17.699 17168-17209/? I/MicroMsg.WxConsumedLock: [, , 17209]:lock com.tencent.mm.co.b@30d0c9c
2021-01-24 09:41:17.699 17168-17204/? I/MMSkeleton.Boot: [, , 17204]:boot task executing [plugin-chatroom] hash 587801997...
2021-01-24 09:41:17.700 17168-17209/? I/MMSkeleton.Boot: [, , 17209]:boot task executing [com.tencent.mm.plugin.editor.PluginEditor@829ea6c] hash 1434658566...
2021-01-24 09:41:17.700 5133-5133/? D/PhoneSwitcherNetworkRequstListener: got request NetworkRequest [ TRACK_DEFAULT id=7912, [ Capabilities: INTERNET&NOT_RESTRICTED&TRUSTED Uid: 10434] ] with score 60 and serial -1
2021-01-24 09:41:17.700 17168-17204/? I/MicroMsg.WxConsumedLock: [, , 17204]:notify done com.tencent.mm.co.b@fecd40f
2021-01-24 09:41:17.700 17168-17207/? I/MicroMsg.ParallelsManagement: [, , 17207]:ParallelsManagement resolvedOne Ref-com.tencent.mm.plugin.recordvideo.appcamera.PluginMMSight@28c5fae - with type interface com.tencent.mm.kernel.a.c.b for type interface com.tencent.mm.kernel.a.c.b then next null
2021-01-24 09:41:17.700 17168-17204/? I/MicroMsg.ParallelsManagement: [, , 17204]:ParallelsManagement resolvedOne Ref-com.tencent.mm.plugin.chatroom.PluginChatroom@988e709 - with type interface com.tencent.mm.kernel.a.c.b for type interface com.tencent.mm.kernel.a.c.b then next null
2021-01-24 09:41:17.700 17168-17208/? I/MMSkeleton.ParallelsDependencies: [, , 17208]:checkIfResolvedAndSwallowIt node Ref-com.tencent.mm.plugin.downloader.PluginDownloader@21cbc25 - with type interface com.tencent.mm.kernel.a.c.b, consumed false, phase interface com.tencent.mm.kernel.a.c.b resolved!
2021-01-24 09:41:17.701 1684-4352/? D/Ethernet: got request NetworkRequest [ TRACK_DEFAULT id=7912, [ Capabilities: INTERNET&NOT_RESTRICTED&TRUSTED Uid: 10434] ] with score 60 and serial -1
2021-01-24 09:41:17.701 17168-17208/? I/MMSkeleton.ParallelsDependencies: [, , 17208]:checkIfResolvedAndSwallowIt node Ref-com.tencent.mm.plugin.box.PluginBox@457d792 - with type interface com.tencent.mm.kernel.a.c.b, consumed false, phase interface com.tencent.mm.kernel.a.c.b resolved!
2021-01-24 09:41:17.701 742-742/? I//vendor/bin/hw/vendor.qti.hardware.servicetracker@1.1-service: bindService is called for service : com.tencent.qqlive/.modules.login.service.LoginService and for client com.tencent.qqlive:services
2021-01-24 09:41:17.701 742-742/? I//vendor/bin/hw/vendor.qti.hardware.servicetracker@1.1-service: total connections for service : com.tencent.qqlive/.modules.login.service.LoginServiceare :3
2021-01-24 09:41:17.701 742-742/? I//vendor/bin/hw/vendor.qti.hardware.servicetracker@1.1-service: total connections for client : com.tencent.qqlive:servicesare :3
2021-01-24 09:41:17.701 17168-17209/? I/MicroMsg.WxConsumedLock: [, , 17209]:notify done com.tencent.mm.co.b@30d0c9c
2021-01-24 09:41:17.702 17168-17208/? I/MMSkeleton.ParallelsDependencies: [, , 17208]:checkIfResolvedAndSwallowIt node Ref-com.tencent.mm.plugin.groupsolitaire.PluginGroupSolitaire@5e89bec - with type interface com.tencent.mm.kernel.a.c.b, consumed false, phase interface com.tencent.mm.kernel.a.c.b resolved!
2021-01-24 09:41:17.702 17168-17209/? I/MicroMsg.ParallelsManagement: [, , 17209]:ParallelsManagement resolvedOne Ref-com.tencent.mm.plugin.editor.PluginEditor@829ea6c - with type interface com.tencent.mm.kernel.a.c.b for type interface com.tencent.mm.kernel.a.c.b then next null
2021-01-24 09:41:17.702 17168-17208/? I/MMSkeleton.ParallelsDependencies: [, , 17208]:checkIfResolvedAndSwallowIt node Ref-com.tencent.mm.plugin.eggspring.PluginEggSpring@1113b39 - with type interface com.tencent.mm.kernel.a.c.b, consumed false, phase interface com.tencent.mm.kernel.a.c.b resolved!
2021-01-24 09:41:17.702 17168-17209/? I/MicroMsg.ParallelsManagement: [, , 17209]:ParallelsManagement resolvedOne Ref-plugin-messenger-foundation - with type interface com.tencent.mm.kernel.a.c.b for type interface com.tencent.mm.kernel.a.c.b then next null
2021-01-24 09:41:17.703 17168-17208/? I/MMSkeleton.ParallelsDependencies: [, , 17208]:checkIfResolvedAndSwallowIt node Ref-com.tencent.mm.plugin.textstatus.PluginTextStatus@53bca21 - with type interface com.tencent.mm.kernel.a.c.b, consumed false, phase interface com.tencent.mm.kernel.a.c.b resolved!
2021-01-24 09:41:17.703 17168-17209/? I/MMSkeleton.ParallelsDependencies: [, , 17209]:checkIfResolvedAndSwallowIt node Ref-plugin-auth - with type interface com.tencent.mm.kernel.a.c.b, consumed true, phase interface com.tencent.mm.kernel.a.c.b resolved!
2021-01-24 09:41:17.704 17168-17208/? I/MMSkeleton.ParallelsDependencies: [, , 17208]:checkIfResolvedAndSwallowIt node Ref-com.tencent.mm.plugin.priority.PluginPriority@1ff7aa4 - with type interface com.tencent.mm.kernel.a.c.b, consumed false, phase interface com.tencent.mm.kernel.a.c.b resolved!
2021-01-24 09:41:17.704 17168-17209/? I/MMSkeleton.ParallelsDependencies: [, , 17209]:checkIfResolvedAndSwallowIt node Ref-com.tencent.mm.plugin.readerapp.PluginReaderApp@de93679 - with type interface com.tencent.mm.kernel.a.c.b, consumed true, phase interface com.tencent.mm.kernel.a.c.b resolved!
2021-01-24 09:41:17.704 17168-17208/? I/MMSkeleton.ParallelsDependencies: [, , 17208]:checkIfResolvedAndSwallowIt node Ref-com.tencent.mm.plugin.soter.PluginSoter@13ed46a - with type interface com.tencent.mm.kernel.a.c.b, consumed false, phase interface com.tencent.mm.kernel.a.c.b resolved!
2021-01-24 09:41:17.704 17168-17209/? I/MMSkeleton.ParallelsDependencies: [, , 17209]:checkIfResolvedAndSwallowIt node Ref-plugin-welab - with type interface com.tencent.mm.kernel.a.c.b, consumed true, phase interface com.tencent.mm.kernel.a.c.b resolved!
2021-01-24 09:41:17.704 17256-17256/? I/CarrierProvider:   onCreate() 14441848
2021-01-24 09:41:17.704 17168-17208/? I/MMSkeleton.ParallelsDependencies: [, , 17208]:checkIfResolvedAndSwallowIt node Ref-com.tencent.mm.roomsdk.PluginRoomSdk@b344dd2 - with type interface com.tencent.mm.kernel.a.c.b, consumed true, phase interface com.tencent.mm.kernel.a.c.b resolved!
2021-01-24 09:41:17.704 17168-17209/? I/MMSkeleton.ParallelsDependencies: [, , 17209]:checkIfResolvedAndSwallowIt node Ref-plugin-welab - with type interface com.tencent.mm.kernel.a.c.b, consumed false, phase interface com.tencent.mm.kernel.a.c.b resolved!
2021-01-24 09:41:17.705 17168-17208/? I/MMSkeleton.ParallelsDependencies: [, , 17208]:checkIfResolvedAndSwallowIt node Ref-com.tencent.mm.plugin.selectrecord.PluginSelectRecord@8a76e1b - with type interface com.tencent.mm.kernel.a.c.b, consumed false, phase interface com.tencent.mm.kernel.a.c.b resolved!
2021-01-24 09:41:17.705 17168-17209/? I/MMSkeleton.ParallelsDependencies: [, , 17209]:checkIfResolvedAndSwallowIt node Ref-com.tencent.mm.plugin.forcenotify.PluginForceNotify@f2cf009 - with type interface com.tencent.mm.kernel.a.c.b, consumed false, phase interface com.tencent.mm.kernel.a.c.b resolved!
2021-01-24 09:41:17.705 17168-17204/? I/MicroMsg.ParallelsManagement: [, , 17204]:ParallelsManagement resolvedOne Ref-com.tencent.mm.plugin.avatar.PluginAvatar@fb22a10 - with type interface com.tencent.mm.kernel.a.c.b for type interface com.tencent.mm.kernel.a.c.b then next null
2021-01-24 09:41:17.705 17168-17205/? I/MicroMsg.WxConsumedLock: [, , 17205]:notify done com.tencent.mm.co.b@8e9126b
2021-01-24 09:41:17.705 17168-17204/? I/MicroMsg.WxConsumedLock: [, , 17204]:lock com.tencent.mm.co.b@30e16a5
2021-01-24 09:41:17.706 17168-17205/? I/MicroMsg.ParallelsManagement: [, , 17205]:ParallelsManagement resolvedOne Ref-com.tencent.mm.plugin.account.PluginAccount@f0d360f - with type interface com.tencent.mm.kernel.a.c.b for type interface com.tencent.mm.kernel.a.c.b then next null
2021-01-24 09:41:17.706 17256-17256/? I/TMSDUAL-INIT-KcInner: init() START
2021-01-24 09:41:17.706 17256-17256/? I/TMSDUAL-INIT-KcInner: startAsyn ...
2021-01-24 09:41:17.706 17168-17204/? I/MMSkeleton.Boot: [, , 17204]:boot task executing [com.tencent.mm.plugin.MMPhotoEditPlugin@26f9350] hash -141562365...
2021-01-24 09:41:17.706 17168-17208/? I/MMSkeleton.ParallelsDependencies: [, , 17208]:checkIfResolvedAndSwallowIt node Ref-com.tencent.mm.plugin.fav.PluginFav@cfccbbc - with type interface com.tencent.mm.kernel.a.c.b, consumed false, phase interface com.tencent.mm.kernel.a.c.b resolved!
2021-01-24 09:41:17.707 17168-17205/? I/MicroMsg.WxConsumedLock: [, , 17205]:lock com.tencent.mm.co.b@56e7821
2021-01-24 09:41:17.707 17168-17208/? I/MMSkeleton.ParallelsDependencies: [, , 17208]:checkIfResolvedAndSwallowIt node Ref-com.tencent.mm.plugin.webview.PluginWebView@cd590c - with type interface com.tencent.mm.kernel.a.c.b, consumed false, phase interface com.tencent.mm.kernel.a.c.b resolved!
2021-01-24 09:41:17.707 17168-17207/? I/MicroMsg.WxConsumedLock: [, , 17207]:lock com.tencent.mm.co.b@f19755d
2021-01-24 09:41:17.708 17256-17378/? I/MMKV: <MMKV.cpp:330::loadFromFile> loading [account_xml] with 0 size in total, file size is 4096
2021-01-24 09:41:17.708 17168-17209/? I/MMSkeleton.ParallelsDependencies: [, , 17209]:checkIfResolvedAndSwallowIt node Ref-plugin-misc - with type interface com.tencent.mm.kernel.a.c.b, consumed false, phase interface com.tencent.mm.kernel.a.c.b resolved!
2021-01-24 09:41:17.708 17256-17378/? I/MMKV: <MMKV.cpp:375::loadFromFile> loaded [account_xml] with 0 values
2021-01-24 09:41:17.708 17168-17209/? I/MMSkeleton.ParallelsDependencies: [, , 17209]:checkIfResolvedAndSwallowIt node Ref-com.tencent.mm.plugin.biz.PluginBiz@f390b27 - with type interface com.tencent.mm.kernel.a.c.b, consumed true, phase interface com.tencent.mm.kernel.a.c.b resolved!
2021-01-24 09:41:17.708 17168-17205/? I/MMSkeleton.Boot: [, , 17205]:boot task executing [com.tencent.mm.insane_statistic.PluginInsaneStatistic@6757a3c] hash 1974173222...
2021-01-24 09:41:17.709 17168-17209/? I/MMSkeleton.ParallelsDependencies: [, , 17209]:checkIfResolvedAndSwallowIt node Ref-com.tencent.mm.plugin.hardwareopt.PluginHardwareOpt@6fe15fb - with type interface com.tencent.mm.kernel.a.c.b, consumed false, phase interface com.tencent.mm.kernel.a.c.b resolved!
2021-01-24 09:41:17.709 17168-17205/? I/MicroMsg.WxConsumedLock: [, , 17205]:notify done com.tencent.mm.co.b@56e7821
2021-01-24 09:41:17.710 17168-17209/? I/MicroMsg.ParallelsManagement: [, , 17209]:ParallelsManagement resolvedOne Ref-plugin-messenger - with type interface com.tencent.mm.kernel.a.c.b for type interface com.tencent.mm.kernel.a.c.b then next null
2021-01-24 09:41:17.711 17168-17205/? I/MicroMsg.WxConsumedLock: [, , 17205]:lock com.tencent.mm.co.b@2877ed2
2021-01-24 09:41:17.711 17168-17209/? I/MicroMsg.WxConsumedLock: [, , 17209]:lock com.tencent.mm.co.b@4c12ba3
