    java.lang.IllegalStateException: Handler (android.media.audiofx.Visualizer$NativeEventHandler) {fabdefe} sending message to a Handler on a dead thread
        at android.os.MessageQueue.enqueueMessage(MessageQueue.java:561)
        at android.os.Handler.enqueueMessage(Handler.java:754)
        at android.os.Handler.sendMessageAtTime(Handler.java:703)
        at android.os.Handler.sendMessageDelayed(Handler.java:673)
        at android.os.Handler.sendMessage(Handler.java:611)
        at android.media.audiofx.Visualizer.postEventFromNative(Visualizer.java:787)
2021-01-24 10:08:27.294 20953-20982/? I/OpenRuntimeJNI: wcwss abi:1 check success
2021-01-24 10:08:27.295 20953-20982/? I/OpenRuntimeJNI: qm_native_decoder_flac fileLen:152852
2021-01-24 10:08:27.296 20953-20982/? D/OpenRuntimeJNI: f4cb322201875487beb0034de9a23132 md5String:qm_native_decoder_flac
2021-01-24 10:08:27.296 20953-20982/? I/OpenRuntimeJNI: qm_native_decoder_flac abi:1 check success
2021-01-24 10:08:27.296 20953-20982/? I/OpenRuntimeJNI: linkid fileLen:640364
2021-01-24 10:08:27.300 20953-20982/? D/OpenRuntimeJNI: a58ef2ad70eb81117e26b937ed6bfa62 md5String:linkid
2021-01-24 10:08:27.300 20953-20982/? I/OpenRuntimeJNI: linkid abi:1 check success
2021-01-24 10:08:27.300 20953-20982/? I/OpenRuntimeJNI: canvas fileLen:325372
2021-01-24 10:08:27.302 20953-20982/? D/OpenRuntimeJNI: 1a5390a25d6aa322e8da7cdbc94685ce md5String:canvas
2021-01-24 10:08:27.302 20953-20982/? I/OpenRuntimeJNI: canvas abi:1 check success
2021-01-24 10:08:27.302 20953-20982/? I/OpenRuntimeJNI: mmavmedia fileLen:10493964
2021-01-24 10:08:27.310 20986-20986/? I/qlive:pmservic: The ClassLoaderContext is a special shared library.
2021-01-24 10:08:27.314 1684-13448/? D/CompatibilityInfo: mCompatibilityFlags - 0
2021-01-24 10:08:27.314 1684-13448/? D/CompatibilityInfo: applicationDensity - 440
2021-01-24 10:08:27.314 1684-13448/? D/CompatibilityInfo: applicationScale - 1.0
2021-01-24 10:08:27.329 1684-13448/? D/CompatibilityInfo: mCompatibilityFlags - 0
2021-01-24 10:08:27.329 1684-13448/? D/CompatibilityInfo: applicationDensity - 440
2021-01-24 10:08:27.329 1684-13448/? D/CompatibilityInfo: applicationScale - 1.0
2021-01-24 10:08:27.330 742-7835/? I//vendor/bin/hw/vendor.qti.hardware.servicetracker@1.1-service: startService() is called for servicecom.tencent.qqlive/.pay.service.PayService
2021-01-24 10:08:27.330 20986-20986/? W/qlive:pmservic: resources.arsc in APK '/data/app/com.tencent.qqlive-OceE97h1buzx_N2O9Jabpw==/base.apk' is compressed.
2021-01-24 10:08:27.333 1684-8874/? D/NtpTrustedTime: currentTimeMillis() cache hit
2021-01-24 10:08:27.333 1684-13448/? D/CompatibilityInfo: mCompatibilityFlags - 0
2021-01-24 10:08:27.333 1684-13448/? D/CompatibilityInfo: applicationDensity - 440
2021-01-24 10:08:27.334 1684-13448/? D/CompatibilityInfo: applicationScale - 1.0
2021-01-24 10:08:27.337 742-7835/? I//vendor/bin/hw/vendor.qti.hardware.servicetracker@1.1-service: startService() is called for servicecom.tencent.qqlive/.modules.login.service.LoginService
2021-01-24 10:08:27.339 7259-8103/? I/TrafficManageService: mina mTrafficStatsReceiver onReceive
2021-01-24 10:08:27.346 20986-20986/? I/Perf: Connecting to perf service.
2021-01-24 10:08:27.362 20986-20986/? I/load_dex_tag: QQLiveApplication init
2021-01-24 10:08:27.363 5133-7374/? I/SarService: Receiver polling >>>> Change receiver mode: off
2021-01-24 10:08:27.366 20953-20982/? D/OpenRuntimeJNI: e6d77645521d6da51ae7c266a02ebc29 md5String:mmavmedia
2021-01-24 10:08:27.366 20953-20982/? I/OpenRuntimeJNI: mmavmedia abi:1 check success
2021-01-24 10:08:27.367 20953-20982/? I/OpenRuntimeJNI: wmpfcommonjni fileLen:1501388
2021-01-24 10:08:27.368 6576-6576/? I/CNSS: Failed to send nl message
2021-01-24 10:08:27.369 6576-6576/? I/chatty: uid=1000(system) /system/vendor/bin/cnss_diag identical 1 line
2021-01-24 10:08:27.375 6576-6576/? I/CNSS: Failed to send nl message
2021-01-24 10:08:27.375 1684-4303/? I/MiuiNetworkPolicy: bandwidth: 0 KB/s, Max bandwidth: 6135 KB/s
2021-01-24 10:08:27.376 20953-20982/? D/OpenRuntimeJNI: 13ff4d8e40b952fab7647e9f92d24900 md5String:wmpfcommonjni
2021-01-24 10:08:27.376 20953-20982/? I/OpenRuntimeJNI: wmpfcommonjni abi:1 check success
2021-01-24 10:08:27.376 20953-20982/? I/OpenRuntimeJNI: mmlockstep fileLen:481088
2021-01-24 10:08:27.377 20986-20986/? I/load_dex_tag: application attachBaseContext
2021-01-24 10:08:27.378 20986-20986/? I/MultiDex: VM with version 2.1.0 has multidex support
2021-01-24 10:08:27.378 20986-20986/? I/MultiDex: install
2021-01-24 10:08:27.378 20986-20986/? I/MultiDex: VM has multidex support, MultiDex support library is disabled.
2021-01-24 10:08:27.379 6576-6576/? I/CNSS: Failed to send nl message
2021-01-24 10:08:27.380 20953-20982/? D/OpenRuntimeJNI: 973844f9134fa4b20d93d447733eb759 md5String:mmlockstep
2021-01-24 10:08:27.380 20953-20982/? I/OpenRuntimeJNI: mmlockstep abi:1 check success
2021-01-24 10:08:27.380 20953-20982/? I/OpenRuntimeJNI: wechatpack fileLen:788716
2021-01-24 10:08:27.381 6576-6576/? I/CNSS: Failed to send nl message
2021-01-24 10:08:27.383 20986-20986/? E/a: ApplicationWrapper:attachBaseContext: process = com.tencent.qqlive:pmservice, processType = 18
2021-01-24 10:08:27.385 20953-20982/? D/OpenRuntimeJNI: cc30cc873105001082dee725b7b7ca0e md5String:wechatpack
2021-01-24 10:08:27.385 20953-20982/? I/OpenRuntimeJNI: wechatpack abi:1 check success
2021-01-24 10:08:27.385 20953-20982/? I/OpenRuntimeJNI: mmwcwss fileLen:247560
2021-01-24 10:08:27.387 20953-20982/? D/OpenRuntimeJNI: c29f28aa12f72c3c32160c71fdefcfb6 md5String:mmwcwss
2021-01-24 10:08:27.387 20953-20982/? I/OpenRuntimeJNI: mmwcwss abi:1 check success
2021-01-24 10:08:27.387 20953-20982/? I/OpenRuntimeJNI: audio_common fileLen:58636
2021-01-24 10:08:27.387 20953-20982/? D/OpenRuntimeJNI: 1941d40fd0d87773733c9ee4e166a626 md5String:audio_common
2021-01-24 10:08:27.387 20953-20982/? I/OpenRuntimeJNI: audio_common abi:1 check success
2021-01-24 10:08:27.388 20953-20982/? I/OpenRuntimeJNI: mmvulkan fileLen:14000
2021-01-24 10:08:27.388 20953-20982/? D/OpenRuntimeJNI: 49586dc9613e28ea5c0f5235d23c1246 md5String:mmvulkan
2021-01-24 10:08:27.388 20953-20982/? I/OpenRuntimeJNI: mmvulkan abi:1 check success
2021-01-24 10:08:27.388 20953-20982/? I/OpenRuntimeJNI: wechataudiosilk fileLen:74980
2021-01-24 10:08:27.388 20986-20986/? D/SLAReporter: set open: false ,real: false
2021-01-24 10:08:27.389 20953-20982/? D/OpenRuntimeJNI: 19122d176cd242bff81c470ccb5fa2bb md5String:wechataudiosilk
2021-01-24 10:08:27.389 20953-20982/? I/OpenRuntimeJNI: wechataudiosilk abi:1 check success
2021-01-24 10:08:27.389 20953-20982/? I/OpenRuntimeJNI: liteavsdk fileLen:3537504
2021-01-24 10:08:27.389 20986-20986/? D/RAApplicationContext: startup [31618835], current RAFT version:com.raft.uas/v1alpha2
2021-01-24 10:08:27.389 20986-20986/? D/RAServiceManager: init ...
2021-01-24 10:08:27.392 21008-21008/? I/qqlive:service: The ClassLoaderContext is a special shared library.
2021-01-24 10:08:27.396 20986-20986/? D/RAServiceManager: init success :{interface com.tencent.qqlive.modules.vb.threadservice.service.IVBThreadService=com.tencent.raft.generate.interface1753729375$QQLive_app@b4dbadc, interface com.tencent.qqlive.modules.vb.videokit.service.IVBCoverGenerateService=com.tencent.raft.generate.interface438429825$QQLive_app@12fc7e5, interface com.tencent.qqlive.modules.vb.dialog.service.IVBDialogService=com.tencent.raft.generate.interface416549288$QQLive_app@5e12ba, interface com.tencent.qqlive.modules.vb.kv.service.IVBKVService=com.tencent.raft.generate.interface169200130$QQLive_app@79ed56b, class com.tencent.qqlive.modules.vb.idauth.service.VBIDAuthService=com.tencent.raft.generate.interface387926606$QQLive_app@f69a8c8, interface com.tencent.qqlive.modules.vb.videokit.service.IVBMediaPreviewerService=com.tencent.raft.generate.interface237566004$QQLive_app@419fd61, class com.tencent.qqlive.modules.vb.danmaku.service.VBDanmakuService=com.tencent.raft.generate.interface786679668$QQLive_app@44aa086, class com.tencent.qqlive.modules.vb.log.VBLogService=com.tencent.raft.generate.interface720016883$QQLive_app@e535d47, class com.tencent.qqlive.modules.vb.videokit.service.VBMediaPreviewerService=com.tencent.raft.generate.interface237566004$QQLive_app@bd48974, interface com.tencent.qqlive.modules.vb.log.IVBLogService=com.tencent.raft.generate.interface720016883$QQLive_app@f180e9d, interface com.tencent.qqlive.modules.vb.wrapperloginservice.IVBWrapperLoginService=com.tencent.raft.generate.interface1907459880$QQLive_app@c203f12, class com.tencent.qqlive.modules.vb.videokit.service.VBCoverGenerateService=com.tencent.raft.generate.interface438429825$QQLive_app@6de86e3, interface com.tencent.qqlive.modules.vb.camera.service.IVBCameraService=com.tencent.raft.generate.interface1737817582$QQLive_app@6ac8e0, class com.tencent.qqlive.modules.vb.wrapperloginservice.VBWrapperLoginService=com.tencent.raft.generate.interface1907459880$QQLive_app@3ebf799, interface com.tencent.qqlive.modules.vb.location.service.IVBLocationService=com.tencent.raft.generate.interface1514662158$QQLive_app@a3f3a5e, class com.tencent.qqlive.modules.vb.platforminfo.service.VBPlatformInfoService=com.tencent.raft.generate.interface1883630954$QQLive_app@368ae3f, interface com.tencent.qqlive.modules.vb.kv.service.IVBAshmemMMKVService=com.tencent.raft.generate.interface687530819$QQLive_app@c63930c, interface com.tencent.qqlive.modules.vb.danmaku.service.IVBDanmakuService=com.tencent.raft.generate.interface786679668$QQLive_app@47b7455, class com.tencent.qqlive.modules.attachable.b.b=com.tencent.raft.generate.interface1008491740$QQLive_app@4c09e6a, interface com.tencent.qqlive.modules.vb.pb.service.IVBPBService=com.tencent.raft.generate.interface1034297996$QQLive_app@643ef5b, interface com.tencent.qqlive.modules.vb.videokit.service.IVBCoverPickerService=com.tencent.raft.generate.interface760724600$QQLive_app@93cd3f8, class com.tencent.qqlive.modules.vb.camera.service.VBCameraService=com.tencent.raft.generate.interface1737817582$QQLive_app@14c00d1, interface com.tencent.qqlive.modules.vb.platforminfo.service.IVBPlatformInfoService=com.tencent.raft.generate.interface1883630954$QQLive_app@8423736, interface com.tencent.qqlive.modules.vb.networkservice.service.IVBNetworkService=com.tencent.raft.generate.interface812276117$QQLive_app@ac82637, class com.tencent.qqlive.modules.vb.threadservice.service.VBThreadService=com.tencent.raft.generate.interface1753729375$QQLive_app@86737a4, interface com.tencent.qqlive.modules.attachable.b.c=com.tencent.raft.generate.interface1008491740$QQLive_app@3bed90d, interface com.tencent.qqlive.modules.vb.skin.service.IVBSkinService=com.tencent.raft.generate.interface1985581822$QQLive_app@b7290c2, interface com.tencent.qqlive.modules.vb.personalize.service.IVBPersonalizeService=com.tencent.raft.generate.interface1985828460$QQLive_app@feeeed3, interface com.tencent.qqlive.modules.vb.transportservice.service.IVBTransportService=com.tencent.raft.generate.interface339363467$QQLive_app@fb22a10, class com.tencent.qqlive.modules.vb.video
2021-01-24 10:08:27.397 20986-20986/? D/RADeclareManager: init success :{}
2021-01-24 10:08:27.398 1684-31081/? W/MessageQueue: Handler (android.media.audiofx.Visualizer$NativeEventHandler) {fabdefe} sending message to a Handler on a dead thread
    java.lang.IllegalStateException: Handler (android.media.audiofx.Visualizer$NativeEventHandler) {fabdefe} sending message to a Handler on a dead thread
        at android.os.MessageQueue.enqueueMessage(MessageQueue.java:561)
        at android.os.Handler.enqueueMessage(Handler.java:754)
        at android.os.Handler.sendMessageAtTime(Handler.java:703)
        at android.os.Handler.sendMessageDelayed(Handler.java:673)
        at android.os.Handler.sendMessage(Handler.java:611)
        at android.media.audiofx.Visualizer.postEventFromNative(Visualizer.java:787)
2021-01-24 10:08:27.411 21008-21008/? W/qqlive:service: resources.arsc in APK '/data/app/com.tencent.qqlive-OceE97h1buzx_N2O9Jabpw==/base.apk' is compressed.
2021-01-24 10:08:27.413 20953-20982/? D/OpenRuntimeJNI: faae96ae439706f0713a76036679f2fd md5String:liteavsdk
2021-01-24 10:08:27.413 20953-20982/? I/OpenRuntimeJNI: liteavsdk abi:1 check success
2021-01-24 10:08:27.413 20953-20982/? I/OpenRuntimeJNI: mmmediasdk fileLen:1140232
2021-01-24 10:08:27.420 20953-20982/? D/OpenRuntimeJNI: fdccb39bfb5e38aeea97f1145ad3bc59 md5String:mmmediasdk
2021-01-24 10:08:27.420 20953-20982/? I/OpenRuntimeJNI: mmmediasdk abi:1 check success
2021-01-24 10:08:27.420 20953-20982/? I/OpenRuntimeJNI: mmmediasdkjni fileLen:46556
2021-01-24 10:08:27.421 20953-20982/? D/OpenRuntimeJNI: eedb69a7945489ad2aca936ece1afc87 md5String:mmmediasdkjni
2021-01-24 10:08:27.421 20953-20982/? I/OpenRuntimeJNI: mmmediasdkjni abi:1 check success
2021-01-24 10:08:27.421 20953-20982/? I/OpenRuntimeJNI: qm_native_decoder_ape fileLen:198436
2021-01-24 10:08:27.422 20953-20982/? D/OpenRuntimeJNI: 04c1604780ed1cef6143598aca9b730f md5String:qm_native_decoder_ape
2021-01-24 10:08:27.422 20953-20982/? I/OpenRuntimeJNI: qm_native_decoder_ape abi:1 check success
2021-01-24 10:08:27.423 20953-20982/? I/OpenRuntimeJNI: ilink_im fileLen:3328948
2021-01-24 10:08:27.426 6576-6576/? I/CNSS: Failed to send nl message
2021-01-24 10:08:27.428 20986-20986/? E/QQLiveXLogger: new:com.tencent.qqlive:pmservice,pmservice
2021-01-24 10:08:27.428 21008-21008/? I/Perf: Connecting to perf service.
2021-01-24 10:08:27.428 6576-6576/? I/CNSS: Failed to send nl message
2021-01-24 10:08:27.433 6576-6576/? I/chatty: uid=1000(system) /system/vendor/bin/cnss_diag identical 2 lines
2021-01-24 10:08:27.434 6576-6576/? I/CNSS: Failed to send nl message
2021-01-24 10:08:27.438 20986-20986/? I/MMKV: <native-bridge.cpp:95::JNI_OnLoad> current API level = 29
2021-01-24 10:08:27.439 20986-20986/? I/MMKV: <MMKV.cpp:192::initialize> page size:4096
2021-01-24 10:08:27.439 20986-20986/? I/MMKV: <MMKV.cpp:206::initializeMMKV> root dir: /data/user/0/com.tencent.qqlive/files/mmkv
2021-01-24 10:08:27.440 21008-21008/? I/load_dex_tag: QQLiveApplication init
2021-01-24 10:08:27.443 20953-20982/? D/OpenRuntimeJNI: fc3faedd21a321fe48a8d4ffa2c1beec md5String:ilink_im
2021-01-24 10:08:27.443 20953-20982/? I/OpenRuntimeJNI: ilink_im abi:1 check success
2021-01-24 10:08:27.443 20953-20982/? I/OpenRuntimeJNI: skia-canvas-log-bridge fileLen:13996
2021-01-24 10:08:27.443 20953-20982/? D/OpenRuntimeJNI: 703af1158b15c36ad69561183847e781 md5String:skia-canvas-log-bridge
2021-01-24 10:08:27.443 20953-20982/? I/OpenRuntimeJNI: skia-canvas-log-bridge abi:1 check success
2021-01-24 10:08:27.444 20953-20982/? I/OpenRuntimeJNI: commonimgdec fileLen:304952
2021-01-24 10:08:27.446 20953-20982/? D/OpenRuntimeJNI: fa644f8974b59d694630d174012ea7a2 md5String:commonimgdec
2021-01-24 10:08:27.446 20953-20982/? I/OpenRuntimeJNI: commonimgdec abi:1 check success
2021-01-24 10:08:27.446 20953-20982/? I/OpenRuntimeJNI: ilink_dev fileLen:2965396
2021-01-24 10:08:27.448 20986-20986/? I/MMKV: <MMKV.cpp:330::loadFromFile> loading [vb_platformInfo] with 1376 size in total, file size is 4096
2021-01-24 10:08:27.448 20986-20986/? I/MMKV: <MMKV.cpp:354::loadFromFile> loading [vb_platformInfo] with crc 2210541333 sequence 2
2021-01-24 10:08:27.448 20986-20986/? I/MMKV: <MMKV.cpp:375::loadFromFile> loaded [vb_platformInfo] with 8 values
2021-01-24 10:08:27.450 21008-21008/? I/load_dex_tag: application attachBaseContext
2021-01-24 10:08:27.451 20986-20986/? D/AppConfig: traverseSharedPreferencesKey: start
2021-01-24 10:08:27.451 21008-21008/? I/MultiDex: VM with version 2.1.0 has multidex support
2021-01-24 10:08:27.451 21008-21008/? I/MultiDex: install
2021-01-24 10:08:27.451 21008-21008/? I/MultiDex: VM has multidex support, MultiDex support library is disabled.
2021-01-24 10:08:27.457 21008-21008/? E/a: ApplicationWrapper:attachBaseContext: process = com.tencent.qqlive:services, processType = 17
2021-01-24 10:08:27.458 20986-20986/? D/AppConfig: fs length is :533
2021-01-24 10:08:27.462 21008-21008/? D/SLAReporter: set open: false ,real: false
2021-01-24 10:08:27.462 21008-21008/? D/RAApplicationContext: startup [31618835], current RAFT version:com.raft.uas/v1alpha2
2021-01-24 10:08:27.462 20986-20986/? I/MMKV: <MMKV.cpp:330::loadFromFile> loading [mmkv_inner_prefs_migrate_finish] with 444 size in total, file size is 4096
2021-01-24 10:08:27.462 20986-20986/? I/MMKV: <MMKV.cpp:354::loadFromFile> loading [mmkv_inner_prefs_migrate_finish] with crc 1346465840 sequence 2
2021-01-24 10:08:27.462 20986-20986/? I/MMKV: <MMKV.cpp:375::loadFromFile> loaded [mmkv_inner_prefs_migrate_finish] with 18 values
2021-01-24 10:08:27.462 21008-21008/? D/RAServiceManager: init ...
2021-01-24 10:08:27.463 20986-20986/? I/MMKV: <MMKV.cpp:330::loadFromFile> loading [com.tencent.qqlive_preferences] with 20097 size in total, file size is 32768
2021-01-24 10:08:27.463 20986-20986/? I/MMKV: <MMKV.cpp:354::loadFromFile> loading [com.tencent.qqlive_preferences] with crc 1860782143 sequence 3
2021-01-24 10:08:27.463 20986-20986/? I/MMKV: <MMKV.cpp:375::loadFromFile> loaded [com.tencent.qqlive_preferences] with 144 values
2021-01-24 10:08:27.464 20953-20982/? D/OpenRuntimeJNI: 6773749ba0afdd7a8486083af81542bc md5String:ilink_dev
2021-01-24 10:08:27.464 20953-20982/? I/OpenRuntimeJNI: ilink_dev abi:1 check success
2021-01-24 10:08:27.464 20986-20986/? I/WXAOptimizeTask: checkStartWXA: wxaInitStateConfigValue: 1
2021-01-24 10:08:27.464 20953-20982/? I/OpenRuntimeJNI: mmskia fileLen:4812644
2021-01-24 10:08:27.466 20986-21047/? W/SQLiteCompatibilityWalFlags: Cannot read global setting sqlite_compatibility_wal_flags - Application state not available
2021-01-24 10:08:27.466 20986-20986/? I/WXAOptimizeTask: WXAOptimizeTask, checkForceInCurThread 0
2021-01-24 10:08:27.467 21008-21008/? D/RAServiceManager: init success :{interface com.tencent.qqlive.modules.vb.threadservice.service.IVBThreadService=com.tencent.raft.generate.interface1753729375$QQLive_app@b4dbadc, interface com.tencent.qqlive.modules.vb.videokit.service.IVBCoverGenerateService=com.tencent.raft.generate.interface438429825$QQLive_app@12fc7e5, interface com.tencent.qqlive.modules.vb.dialog.service.IVBDialogService=com.tencent.raft.generate.interface416549288$QQLive_app@5e12ba, interface com.tencent.qqlive.modules.vb.kv.service.IVBKVService=com.tencent.raft.generate.interface169200130$QQLive_app@79ed56b, class com.tencent.qqlive.modules.vb.idauth.service.VBIDAuthService=com.tencent.raft.generate.interface387926606$QQLive_app@f69a8c8, interface com.tencent.qqlive.modules.vb.videokit.service.IVBMediaPreviewerService=com.tencent.raft.generate.interface237566004$QQLive_app@419fd61, class com.tencent.qqlive.modules.vb.danmaku.service.VBDanmakuService=com.tencent.raft.generate.interface786679668$QQLive_app@44aa086, class com.tencent.qqlive.modules.vb.log.VBLogService=com.tencent.raft.generate.interface720016883$QQLive_app@e535d47, class com.tencent.qqlive.modules.vb.videokit.service.VBMediaPreviewerService=com.tencent.raft.generate.interface237566004$QQLive_app@bd48974, interface com.tencent.qqlive.modules.vb.log.IVBLogService=com.tencent.raft.generate.interface720016883$QQLive_app@f180e9d, interface com.tencent.qqlive.modules.vb.wrapperloginservice.IVBWrapperLoginService=com.tencent.raft.generate.interface1907459880$QQLive_app@c203f12, class com.tencent.qqlive.modules.vb.videokit.service.VBCoverGenerateService=com.tencent.raft.generate.interface438429825$QQLive_app@6de86e3, interface com.tencent.qqlive.modules.vb.camera.service.IVBCameraService=com.tencent.raft.generate.interface1737817582$QQLive_app@6ac8e0, class com.tencent.qqlive.modules.vb.wrapperloginservice.VBWrapperLoginService=com.tencent.raft.generate.interface1907459880$QQLive_app@3ebf799, interface com.tencent.qqlive.modules.vb.location.service.IVBLocationService=com.tencent.raft.generate.interface1514662158$QQLive_app@a3f3a5e, class com.tencent.qqlive.modules.vb.platforminfo.service.VBPlatformInfoService=com.tencent.raft.generate.interface1883630954$QQLive_app@368ae3f, interface com.tencent.qqlive.modules.vb.kv.service.IVBAshmemMMKVService=com.tencent.raft.generate.interface687530819$QQLive_app@c63930c, interface com.tencent.qqlive.modules.vb.danmaku.service.IVBDanmakuService=com.tencent.raft.generate.interface786679668$QQLive_app@47b7455, class com.tencent.qqlive.modules.attachable.b.b=com.tencent.raft.generate.interface1008491740$QQLive_app@4c09e6a, interface com.tencent.qqlive.modules.vb.pb.service.IVBPBService=com.tencent.raft.generate.interface1034297996$QQLive_app@643ef5b, interface com.tencent.qqlive.modules.vb.videokit.service.IVBCoverPickerService=com.tencent.raft.generate.interface760724600$QQLive_app@93cd3f8, class com.tencent.qqlive.modules.vb.camera.service.VBCameraService=com.tencent.raft.generate.interface1737817582$QQLive_app@14c00d1, interface com.tencent.qqlive.modules.vb.platforminfo.service.IVBPlatformInfoService=com.tencent.raft.generate.interface1883630954$QQLive_app@8423736, interface com.tencent.qqlive.modules.vb.networkservice.service.IVBNetworkService=com.tencent.raft.generate.interface812276117$QQLive_app@ac82637, class com.tencent.qqlive.modules.vb.threadservice.service.VBThreadService=com.tencent.raft.generate.interface1753729375$QQLive_app@86737a4, interface com.tencent.qqlive.modules.attachable.b.c=com.tencent.raft.generate.interface1008491740$QQLive_app@3bed90d, interface com.tencent.qqlive.modules.vb.skin.service.IVBSkinService=com.tencent.raft.generate.interface1985581822$QQLive_app@b7290c2, interface com.tencent.qqlive.modules.vb.personalize.service.IVBPersonalizeService=com.tencent.raft.generate.interface1985828460$QQLive_app@feeeed3, interface com.tencent.qqlive.modules.vb.transportservice.service.IVBTransportService=com.tencent.raft.generate.interface339363467$QQLive_app@fb22a10, class com.tencent.qqlive.modules.vb.video
2021-01-24 10:08:27.468 20986-20986/? I/WXAOptimizeTask: WXAOptimizeTask, resetForceInCurThread 1, 0
2021-01-24 10:08:27.468 21008-21008/? D/RADeclareManager: init success :{}
2021-01-24 10:08:27.468 20986-20986/? I/Statistics: appStartUp()
2021-01-24 10:08:27.470 20986-20986/? I/ApplicationWrapper: attachBaseContext   pN =com.tencent.qqlive:pmservice
2021-01-24 10:08:27.472 20986-21046/? I/ashercai: QQLiveApplication 1
2021-01-24 10:08:27.478 20986-21047/? E/SQLiteLog: (1) no such table: OnePrefs_UpdatePrefsFile
2021-01-24 10:08:27.480 20986-20986/? W/System: ClassLoader referenced unknown path:
2021-01-24 10:08:27.493 20953-20982/? D/OpenRuntimeJNI: cfb1b20d29200a0e09c26ec6bdad4c80 md5String:mmskia
2021-01-24 10:08:27.493 20953-20982/? I/OpenRuntimeJNI: mmskia abi:1 check success
2021-01-24 10:08:27.493 20953-20982/? I/OpenRuntimeJNI: mmimgcodec fileLen:67524
2021-01-24 10:08:27.493 20953-20982/? D/OpenRuntimeJNI: ac51c9340a1e0cf9bff64ba0c37afb8d md5String:mmimgcodec
2021-01-24 10:08:27.493 20953-20982/? I/OpenRuntimeJNI: mmimgcodec abi:1 check success
2021-01-24 10:08:27.494 20953-20982/? I/OpenRuntimeJNI: mmv8 fileLen:12329092
2021-01-24 10:08:27.498 20986-21046/? W/DummyProcessStartup: initialize: useless startup:java.lang.Throwable
        at com.tencent.luggage.wxa.anf.h(DummyProcessStartup.kt:12)
        at com.tencent.luggage.wxa.anj.h(ProcessStartupFactory.kt:45)
        at com.tencent.luggage.wxa.amj.<init>(WxaApiImpl.kt:137)
        at com.tencent.luggage.wxaapi.WxaApi$Factory.createApi(WxaApi.java:147)
        at com.tencent.qqlive.jsapi.utils.WxaSdkPkgLoader.b(WxaSdkPkgLoader.java:127)
        at com.tencent.qqlive.jsapi.utils.WxaSdkPkgLoader.onApplicationCreate(WxaSdkPkgLoader.java:89)
        at com.tencent.qqlive.ona.base.a.a.l$1.run(WXAOptimizeTask.java:40)
        at java.util.concurrent.Executors$RunnableAdapter.call(Executors.java:462)
        at java.util.concurrent.FutureTask.run(FutureTask.java:266)
        at com.tencent.qqlive.ona.base.a.c$a.run(AsyncRunCheck.java:88)
        at java.util.concurrent.Executors$RunnableAdapter.call(Executors.java:462)
        at java.util.concurrent.FutureTask.run(FutureTask.java:266)
        at com.tencent.qqlive.modules.vb.threadservice.a.d.run(VBExecuteRunnable.java:48)
        at java.util.concurrent.ThreadPoolExecutor.runWorker(ThreadPoolExecutor.java:1167)
        at java.util.concurrent.ThreadPoolExecutor$Worker.run(ThreadPoolExecutor.java:641)
        at java.lang.Thread.run(Thread.java:919)
2021-01-24 10:08:27.499 1684-31081/? W/MessageQueue: Handler (android.media.audiofx.Visualizer$NativeEventHandler) {fabdefe} sending message to a Handler on a dead thread
    java.lang.IllegalStateException: Handler (android.media.audiofx.Visualizer$NativeEventHandler) {fabdefe} sending message to a Handler on a dead thread
        at android.os.MessageQueue.enqueueMessage(MessageQueue.java:561)
        at android.os.Handler.enqueueMessage(Handler.java:754)
        at android.os.Handler.sendMessageAtTime(Handler.java:703)
        at android.os.Handler.sendMessageDelayed(Handler.java:673)
        at android.os.Handler.sendMessage(Handler.java:611)
        at android.media.audiofx.Visualizer.postEventFromNative(Visualizer.java:787)
2021-01-24 10:08:27.502 20986-21046/? D/MicroMsg.PaySdk.WXFactory: createWXAPI, appId = wxca942bbff22e0e51, checkSignature = true
2021-01-24 10:08:27.503 20986-21046/? D/MicroMsg.SDK.WXApiImplV10: <init>, appId = wxca942bbff22e0e51, checkSignature = true
2021-01-24 10:08:27.506 21008-21008/? E/QQLiveXLogger: new:com.tencent.qqlive:services,services
2021-01-24 10:08:27.509 20986-21046/? I/Luggage.WxaApiImpl: <init> process:com.tencent.qqlive:pmservice, version:1.2.6(0x27001430), hostAppID:wxca942bbff22e0e51, abiType:1
2021-01-24 10:08:27.509 20986-21046/? I/ashercai: QQLiveApplication 2
2021-01-24 10:08:27.510 20986-21046/? I/ashercai: QQLiveApplication 3
2021-01-24 10:08:27.516 21008-21008/? I/MMKV: <native-bridge.cpp:95::JNI_OnLoad> current API level = 29
2021-01-24 10:08:27.516 21008-21008/? I/MMKV: <MMKV.cpp:192::initialize> page size:4096
2021-01-24 10:08:27.516 21008-21008/? I/MMKV: <MMKV.cpp:206::initializeMMKV> root dir: /data/user/0/com.tencent.qqlive/files/mmkv
2021-01-24 10:08:27.521 20986-20986/? I/MMKV: <MMKV.cpp:330::loadFromFile> loading [nx_login_config_file] with 0 size in total, file size is 4096
2021-01-24 10:08:27.521 20986-20986/? I/MMKV: <MMKV.cpp:375::loadFromFile> loaded [nx_login_config_file] with 0 values
2021-01-24 10:08:27.524 21008-21008/? I/MMKV: <MMKV.cpp:330::loadFromFile> loading [vb_platformInfo] with 1478 size in total, file size is 4096
2021-01-24 10:08:27.524 21008-21008/? I/MMKV: <MMKV.cpp:354::loadFromFile> loading [vb_platformInfo] with crc 3168256195 sequence 2
2021-01-24 10:08:27.524 21008-21008/? I/MMKV: <MMKV.cpp:375::loadFromFile> loaded [vb_platformInfo] with 8 values
2021-01-24 10:08:27.527 21008-21008/? D/AppConfig: traverseSharedPreferencesKey: start
2021-01-24 10:08:27.528 742-7835/? I//vendor/bin/hw/vendor.qti.hardware.servicetracker@1.1-service: bindService is called for service : com.tencent.qqlive/.modules.login.service.LoginService and for client com.tencent.qqlive:pmservice
2021-01-24 10:08:27.528 742-7835/? I//vendor/bin/hw/vendor.qti.hardware.servicetracker@1.1-service: total connections for service : com.tencent.qqlive/.modules.login.service.LoginServiceare :2
2021-01-24 10:08:27.528 742-7835/? I//vendor/bin/hw/vendor.qti.hardware.servicetracker@1.1-service: total connections for client : com.tencent.qqlive:pmserviceare :1
2021-01-24 10:08:27.533 21008-21008/? D/AppConfig: fs length is :533
2021-01-24 10:08:27.538 21008-21008/? I/MMKV: <MMKV.cpp:330::loadFromFile> loading [mmkv_inner_prefs_migrate_finish] with 444 size in total, file size is 4096
2021-01-24 10:08:27.538 21008-21008/? I/MMKV: <MMKV.cpp:354::loadFromFile> loading [mmkv_inner_prefs_migrate_finish] with crc 1346465840 sequence 2
2021-01-24 10:08:27.538 21008-21008/? I/MMKV: <MMKV.cpp:375::loadFromFile> loaded [mmkv_inner_prefs_migrate_finish] with 18 values
2021-01-24 10:08:27.539 21008-21057/? W/SQLiteCompatibilityWalFlags: Cannot read global setting sqlite_compatibility_wal_flags - Application state not available
2021-01-24 10:08:27.540 21008-21008/? I/MMKV: <MMKV.cpp:330::loadFromFile> loading [com.tencent.qqlive_preferences] with 20151 size in total, file size is 32768
2021-01-24 10:08:27.540 21008-21008/? I/MMKV: <MMKV.cpp:354::loadFromFile> loading [com.tencent.qqlive_preferences] with crc 33068300 sequence 3
2021-01-24 10:08:27.540 21008-21008/? I/MMKV: <MMKV.cpp:375::loadFromFile> loaded [com.tencent.qqlive_preferences] with 144 values
2021-01-24 10:08:27.541 21008-21008/? I/WXAOptimizeTask: checkStartWXA: wxaInitStateConfigValue: 1
2021-01-24 10:08:27.543 21008-21008/? I/WXAOptimizeTask: WXAOptimizeTask, checkForceInCurThread 0
2021-01-24 10:08:27.545 21008-21008/? I/WXAOptimizeTask: WXAOptimizeTask, resetForceInCurThread 1, 0
2021-01-24 10:08:27.546 21008-21008/? I/Statistics: appStartUp()
2021-01-24 10:08:27.548 21008-21008/? I/ApplicationWrapper: attachBaseContext   pN =com.tencent.qqlive:services
2021-01-24 10:08:27.549 21008-21056/? I/ashercai: QQLiveApplication 1
2021-01-24 10:08:27.553 21008-21057/? E/SQLiteLog: (1) no such table: OnePrefs_UpdatePrefsFile
2021-01-24 10:08:27.558 20986-20986/? D/TENCENT_AD_: isOpen:false
2021-01-24 10:08:27.558 21008-21008/? W/System: ClassLoader referenced unknown path:
2021-01-24 10:08:27.563 742-7835/? I//vendor/bin/hw/vendor.qti.hardware.servicetracker@1.1-service: bindService is called for service : com.tencent.qqlive/.pay.service.PayService and for client com.tencent.qqlive:pmservice
2021-01-24 10:08:27.563 742-7835/? I//vendor/bin/hw/vendor.qti.hardware.servicetracker@1.1-service: total connections for service : com.tencent.qqlive/.pay.service.PayServiceare :2
2021-01-24 10:08:27.563 742-7835/? I//vendor/bin/hw/vendor.qti.hardware.servicetracker@1.1-service: total connections for client : com.tencent.qqlive:pmserviceare :2
2021-01-24 10:08:27.563 5133-7374/? I/SarService: Receiver polling >>>> Change receiver mode: off
2021-01-24 10:08:27.566 20953-20982/? D/OpenRuntimeJNI: d4b842d5e3bff09efc2aba38dbeea466 md5String:mmv8
2021-01-24 10:08:27.566 20953-20982/? I/OpenRuntimeJNI: mmv8 abi:1 check success
2021-01-24 10:08:27.566 20953-20982/? I/OpenRuntimeJNI: ilink_network fileLen:3551304
2021-01-24 10:08:27.567 20986-20986/? I/MMKV: <MMKV.cpp:330::loadFromFile> loading [qad_core_sp_storage] with 3415 size in total, file size is 4096
2021-01-24 10:08:27.567 20986-20986/? I/MMKV: <MMKV.cpp:354::loadFromFile> loading [qad_core_sp_storage] with crc 53519945 sequence 5
2021-01-24 10:08:27.568 20986-20986/? I/MMKV: <MMKV.cpp:375::loadFromFile> loaded [qad_core_sp_storage] with 71 values
2021-01-24 10:08:27.576 21008-21056/? W/DummyProcessStartup: initialize: useless startup:java.lang.Throwable
        at com.tencent.luggage.wxa.anf.h(DummyProcessStartup.kt:12)
        at com.tencent.luggage.wxa.anj.h(ProcessStartupFactory.kt:45)
        at com.tencent.luggage.wxa.amj.<init>(WxaApiImpl.kt:137)
        at com.tencent.luggage.wxaapi.WxaApi$Factory.createApi(WxaApi.java:147)
        at com.tencent.qqlive.jsapi.utils.WxaSdkPkgLoader.b(WxaSdkPkgLoader.java:127)
        at com.tencent.qqlive.jsapi.utils.WxaSdkPkgLoader.onApplicationCreate(WxaSdkPkgLoader.java:89)
        at com.tencent.qqlive.ona.base.a.a.l$1.run(WXAOptimizeTask.java:40)
        at java.util.concurrent.Executors$RunnableAdapter.call(Executors.java:462)
        at java.util.concurrent.FutureTask.run(FutureTask.java:266)
        at com.tencent.qqlive.ona.base.a.c$a.run(AsyncRunCheck.java:88)
        at java.util.concurrent.Executors$RunnableAdapter.call(Executors.java:462)
        at java.util.concurrent.FutureTask.run(FutureTask.java:266)
        at com.tencent.qqlive.modules.vb.threadservice.a.d.run(VBExecuteRunnable.java:48)
        at java.util.concurrent.ThreadPoolExecutor.runWorker(ThreadPoolExecutor.java:1167)
        at java.util.concurrent.ThreadPoolExecutor$Worker.run(ThreadPoolExecutor.java:641)
        at java.lang.Thread.run(Thread.java:919)
2021-01-24 10:08:27.577 21008-21056/? D/MicroMsg.PaySdk.WXFactory: createWXAPI, appId = wxca942bbff22e0e51, checkSignature = true
2021-01-24 10:08:27.578 21008-21056/? D/MicroMsg.SDK.WXApiImplV10: <init>, appId = wxca942bbff22e0e51, checkSignature = true
2021-01-24 10:08:27.581 21008-21056/? I/Luggage.WxaApiImpl: <init> process:com.tencent.qqlive:services, version:1.2.6(0x27001430), hostAppID:wxca942bbff22e0e51, abiType:1
2021-01-24 10:08:27.581 21008-21056/? I/ashercai: QQLiveApplication 2
2021-01-24 10:08:27.581 21008-21056/? I/ashercai: QQLiveApplication 3
2021-01-24 10:08:27.587 20953-20982/? D/OpenRuntimeJNI: e06360f4e1228f6bbe3bdf1d6e16c64b md5String:ilink_network
2021-01-24 10:08:27.587 20953-20982/? I/OpenRuntimeJNI: ilink_network abi:1 check success
2021-01-24 10:08:27.588 20953-20982/? I/OpenRuntimeJNI: mmnode fileLen:8140400
2021-01-24 10:08:27.594 21008-21008/? I/MMKV: <MMKV.cpp:330::loadFromFile> loading [nx_login_config_file] with 0 size in total, file size is 4096
2021-01-24 10:08:27.594 21008-21008/? I/MMKV: <MMKV.cpp:375::loadFromFile> loaded [nx_login_config_file] with 0 values
2021-01-24 10:08:27.600 742-7835/? I//vendor/bin/hw/vendor.qti.hardware.servicetracker@1.1-service: bindService is called for service : com.tencent.qqlive/.modules.login.service.LoginService and for client com.tencent.qqlive:services
2021-01-24 10:08:27.600 742-7835/? I//vendor/bin/hw/vendor.qti.hardware.servicetracker@1.1-service: total connections for service : com.tencent.qqlive/.modules.login.service.LoginServiceare :3
2021-01-24 10:08:27.600 742-7835/? I//vendor/bin/hw/vendor.qti.hardware.servicetracker@1.1-service: total connections for client : com.tencent.qqlive:servicesare :1
2021-01-24 10:08:27.600 1684-31081/? W/MessageQueue: Handler (android.media.audiofx.Visualizer$NativeEventHandler) {fabdefe} sending message to a Handler on a dead thread
    java.lang.IllegalStateException: Handler (android.media.audiofx.Visualizer$NativeEventHandler) {fabdefe} sending message to a Handler on a dead thread
        at android.os.MessageQueue.enqueueMessage(MessageQueue.java:561)
        at android.os.Handler.enqueueMessage(Handler.java:754)
        at android.os.Handler.sendMessageAtTime(Handler.java:703)
        at android.os.Handler.sendMessageDelayed(Handler.java:673)
        at android.os.Handler.sendMessage(Handler.java:611)
        at android.media.audiofx.Visualizer.postEventFromNative(Visualizer.java:787)
2021-01-24 10:08:27.604 6576-6576/? I/CNSS: Failed to send nl message
2021-01-24 10:08:27.622 21008-21008/? D/TENCENT_AD_: isOpen:false
2021-01-24 10:08:27.627 742-7835/? I//vendor/bin/hw/vendor.qti.hardware.servicetracker@1.1-service: bindService is called for service : com.tencent.qqlive/.pay.service.PayService and for client com.tencent.qqlive:services
2021-01-24 10:08:27.627 742-7835/? I//vendor/bin/hw/vendor.qti.hardware.servicetracker@1.1-service: total connections for service : com.tencent.qqlive/.pay.service.PayServiceare :3
2021-01-24 10:08:27.627 742-7835/? I//vendor/bin/hw/vendor.qti.hardware.servicetracker@1.1-service: total connections for client : com.tencent.qqlive:servicesare :2
2021-01-24 10:08:27.630 21008-21008/? I/MMKV: <MMKV.cpp:330::loadFromFile> loading [qad_core_sp_storage] with 3415 size in total, file size is 4096
2021-01-24 10:08:27.630 21008-21008/? I/MMKV: <MMKV.cpp:354::loadFromFile> loading [qad_core_sp_storage] with crc 53519945 sequence 5
2021-01-24 10:08:27.630 21008-21008/? I/MMKV: <MMKV.cpp:375::loadFromFile> loaded [qad_core_sp_storage] with 71 values
2021-01-24 10:08:27.632 21008-21008/? D/ActivityThread: Loading provider com.tencent.qqlive.login.provider: com.tencent.qqlive.modules.login.service.LoginProvider
2021-01-24 10:08:27.635 20953-20982/? D/OpenRuntimeJNI: ce18b7a3d76c666e18b95e740e564cb9 md5String:mmnode
2021-01-24 10:08:27.635 20953-20982/? I/OpenRuntimeJNI: mmnode abi:1 check success
2021-01-24 10:08:27.635 20953-20982/? I/OpenRuntimeJNI: tencentlocsapp fileLen:32568
2021-01-24 10:08:27.636 20953-20982/? D/OpenRuntimeJNI: f093ef0714fe1320f17aab3342b089b5 md5String:tencentlocsapp
2021-01-24 10:08:27.636 20953-20982/? I/OpenRuntimeJNI: tencentlocsapp abi:1 check success
2021-01-24 10:08:27.636 20953-20982/? I/OpenRuntimeJNI: skia-canvas fileLen:308960
2021-01-24 10:08:27.637 742-7835/? I//vendor/bin/hw/vendor.qti.hardware.servicetracker@1.1-service: bindService is called for service : com.tencent.qqlive/.modules.login.service.LoginService and for client com.tencent.qqlive:services
2021-01-24 10:08:27.637 742-7835/? I//vendor/bin/hw/vendor.qti.hardware.servicetracker@1.1-service: total connections for service : com.tencent.qqlive/.modules.login.service.LoginServiceare :3
2021-01-24 10:08:27.637 742-7835/? I//vendor/bin/hw/vendor.qti.hardware.servicetracker@1.1-service: total connections for client : com.tencent.qqlive:servicesare :2
2021-01-24 10:08:27.638 20953-20982/? D/OpenRuntimeJNI: 4a69aad4b5943a9c12287f457f3ce37e md5String:skia-canvas
2021-01-24 10:08:27.638 20953-20982/? I/OpenRuntimeJNI: skia-canvas abi:1 check success
2021-01-24 10:08:27.638 20953-20982/? I/OpenRuntimeJNI: linebreak fileLen:91532
2021-01-24 10:08:27.639 20953-20982/? D/OpenRuntimeJNI: 14a9661cdd58f559ff7489debd308970 md5String:linebreak
2021-01-24 10:08:27.639 20953-20982/? I/OpenRuntimeJNI: linebreak abi:1 check success
2021-01-24 10:08:27.639 20953-20982/? I/OpenRuntimeJNI: FFmpeg fileLen:2262924
2021-01-24 10:08:27.642 742-7835/? I//vendor/bin/hw/vendor.qti.hardware.servicetracker@1.1-service: bindService is called for service : com.tencent.qqlive/.modules.login.service.LoginService and for client com.tencent.qqlive:services
2021-01-24 10:08:27.642 742-7835/? I//vendor/bin/hw/vendor.qti.hardware.servicetracker@1.1-service: total connections for service : com.tencent.qqlive/.modules.login.service.LoginServiceare :3
2021-01-24 10:08:27.642 742-7835/? I//vendor/bin/hw/vendor.qti.hardware.servicetracker@1.1-service: total connections for client : com.tencent.qqlive:servicesare :2
2021-01-24 10:08:27.646 21008-21008/? I/CrashCatcher: deviceName: Xiaomi/Redmi Note 8
2021-01-24 10:08:27.652 20953-20982/? D/OpenRuntimeJNI: 9a95dbf0bdd7ed78cf920f1de7f74012 md5String:FFmpeg
2021-01-24 10:08:27.652 20953-20982/? I/OpenRuntimeJNI: FFmpeg abi:1 check success
2021-01-24 10:08:27.652 20953-20982/? I/OpenRuntimeJNI: NLog fileLen:74964
2021-01-24 10:08:27.653 20953-20982/? D/OpenRuntimeJNI: e6687f570dad618352d5d296271d02dd md5String:NLog
2021-01-24 10:08:27.653 20953-20982/? I/OpenRuntimeJNI: NLog abi:1 check success
2021-01-24 10:08:27.653 20953-20982/? I/OpenRuntimeJNI: mmphysx fileLen:3927984
2021-01-24 10:08:27.654 21008-21056/? I/MMKV: <MMKV.cpp:330::loadFromFile> loading [ab_cloud_config_sp] with 20182 size in total, file size is 262144
2021-01-24 10:08:27.654 21008-21056/? I/MMKV: <MMKV.cpp:354::loadFromFile> loading [ab_cloud_config_sp] with crc 3294192080 sequence 9
2021-01-24 10:08:27.654 21008-21056/? I/MMKV: <MMKV.cpp:375::loadFromFile> loaded [ab_cloud_config_sp] with 1 values
2021-01-24 10:08:27.664 742-7835/? I//vendor/bin/hw/vendor.qti.hardware.servicetracker@1.1-service: bindService is called for service : com.tencent.qqlive/.modules.login.service.LoginService and for client com.tencent.qqlive:services
2021-01-24 10:08:27.665 742-7835/? I//vendor/bin/hw/vendor.qti.hardware.servicetracker@1.1-service: total connections for service : com.tencent.qqlive/.modules.login.service.LoginServiceare :3
2021-01-24 10:08:27.665 742-7835/? I//vendor/bin/hw/vendor.qti.hardware.servicetracker@1.1-service: total connections for client : com.tencent.qqlive:servicesare :2
2021-01-24 10:08:27.670 742-7835/? I//vendor/bin/hw/vendor.qti.hardware.servicetracker@1.1-service: bindService is called for service : com.tencent.qqlive/.modules.login.service.LoginService and for client com.tencent.qqlive:services
2021-01-24 10:08:27.670 742-7835/? I//vendor/bin/hw/vendor.qti.hardware.servicetracker@1.1-service: total connections for service : com.tencent.qqlive/.modules.login.service.LoginServiceare :3
2021-01-24 10:08:27.670 742-7835/? I//vendor/bin/hw/vendor.qti.hardware.servicetracker@1.1-service: total connections for client : com.tencent.qqlive:servicesare :2
2021-01-24 10:08:27.676 742-7835/? I//vendor/bin/hw/vendor.qti.hardware.servicetracker@1.1-service: bindService is called for service : com.tencent.qqlive/.modules.login.service.LoginService and for client com.tencent.qqlive:services
2021-01-24 10:08:27.676 742-7835/? I//vendor/bin/hw/vendor.qti.hardware.servicetracker@1.1-service: total connections for service : com.tencent.qqlive/.modules.login.service.LoginServiceare :3
2021-01-24 10:08:27.676 742-7835/? I//vendor/bin/hw/vendor.qti.hardware.servicetracker@1.1-service: total connections for client : com.tencent.qqlive:servicesare :2
2021-01-24 10:08:27.677 20953-20982/? D/OpenRuntimeJNI: de4da7fc292417cae522b95db241be43 md5String:mmphysx
2021-01-24 10:08:27.677 20953-20982/? I/OpenRuntimeJNI: mmphysx abi:1 check success
2021-01-24 10:08:27.678 20953-20982/? I/OpenRuntimeJNI: traeimp-rtmp fileLen:1523936
2021-01-24 10:08:27.683 21008-21008/? I/MMKV: <MMKV.cpp:330::loadFromFile> loading [vblottie_config_file] with 20 size in total, file size is 4096
2021-01-24 10:08:27.683 21008-21008/? I/MMKV: <MMKV.cpp:354::loadFromFile> loading [vblottie_config_file] with crc 215713686 sequence 8
2021-01-24 10:08:27.683 21008-21008/? I/MMKV: <MMKV.cpp:375::loadFromFile> loaded [vblottie_config_file] with 1 values
2021-01-24 10:08:27.687 20953-20982/? D/OpenRuntimeJNI: c1a9208c5f8f157f2407947711aa04e8 md5String:traeimp-rtmp
2021-01-24 10:08:27.687 20953-20982/? I/OpenRuntimeJNI: traeimp-rtmp abi:1 check success
2021-01-24 10:08:27.687 20953-20982/? I/OpenRuntimeJNI: qqmusic_decoder_jni fileLen:46292
2021-01-24 10:08:27.687 20953-20982/? D/OpenRuntimeJNI: 8af32c1b332990af4b4b7558d3e6de46 md5String:qqmusic_decoder_jni
2021-01-24 10:08:27.688 20953-20982/? I/OpenRuntimeJNI: qqmusic_decoder_jni abi:1 check success
2021-01-24 10:08:27.688 20953-20982/? I/OpenRuntimeJNI: ilink_xlog fileLen:95976
2021-01-24 10:08:27.688 20953-20982/? D/OpenRuntimeJNI: 822c2b6bdc1f8ddc6f552f53af6f8895 md5String:ilink_xlog
2021-01-24 10:08:27.689 20953-20982/? I/OpenRuntimeJNI: ilink_xlog abi:1 check success
2021-01-24 10:08:27.689 20953-20982/? I/OpenRuntimeJNI: mmudp fileLen:157448
2021-01-24 10:08:27.690 20953-20982/? D/OpenRuntimeJNI: a755a6a37cba284618bce96834973534 md5String:mmudp
2021-01-24 10:08:27.690 20953-20982/? I/OpenRuntimeJNI: mmudp abi:1 check success
2021-01-24 10:08:27.690 20953-20982/? I/OpenRuntimeJNI: mmj2v8 fileLen:509492
2021-01-24 10:08:27.690 1684-14620/? D/CompatibilityInfo: mCompatibilityFlags - 0
2021-01-24 10:08:27.690 1684-14620/? D/CompatibilityInfo: applicationDensity - 440
2021-01-24 10:08:27.692 1684-14620/? D/CompatibilityInfo: applicationScale - 1.0
2021-01-24 10:08:27.693 742-7835/? I//vendor/bin/hw/vendor.qti.hardware.servicetracker@1.1-service: startService() is called for servicecom.tencent.qqlive/.ipc.BroadcastService
2021-01-24 10:08:27.693 20953-20982/? D/OpenRuntimeJNI: 28a5d9e3dcbde817e6c4413d645955c1 md5String:mmj2v8
2021-01-24 10:08:27.693 20953-20982/? I/OpenRuntimeJNI: mmj2v8 abi:1 check success
2021-01-24 10:08:27.694 20953-20982/? I/OpenRuntimeJNI: 108168wxa fileLen:119076
2021-01-24 10:08:27.694 20953-20982/? D/OpenRuntimeJNI: 41ad10d4799d0c397b6578cb1896246c md5String:108168wxa
2021-01-24 10:08:27.694 20953-20982/? I/OpenRuntimeJNI: 108168wxa abi:1 check success
2021-01-24 10:08:27.695 20953-20982/? I/OpenRuntimeJNI: mmbox2d fileLen:2119424
2021-01-24 10:08:27.696 742-7835/? I//vendor/bin/hw/vendor.qti.hardware.servicetracker@1.1-service: bindService is called for service : com.tencent.qqlive/.ipc.BroadcastService and for client com.tencent.qqlive:services
2021-01-24 10:08:27.696 742-7835/? I//vendor/bin/hw/vendor.qti.hardware.servicetracker@1.1-service: total connections for service : com.tencent.qqlive/.ipc.BroadcastServiceare :1
2021-01-24 10:08:27.696 742-7835/? I//vendor/bin/hw/vendor.qti.hardware.servicetracker@1.1-service: total connections for client : com.tencent.qqlive:servicesare :3
2021-01-24 10:08:27.700 742-7835/? I//vendor/bin/hw/vendor.qti.hardware.servicetracker@1.1-service: bindService is called for service : com.tencent.qqlive/.ipc.BroadcastService and for client com.tencent.qqlive:services
2021-01-24 10:08:27.700 742-7835/? I//vendor/bin/hw/vendor.qti.hardware.servicetracker@1.1-service: total connections for service : com.tencent.qqlive/.ipc.BroadcastServiceare :1
2021-01-24 10:08:27.700 742-7835/? I//vendor/bin/hw/vendor.qti.hardware.servicetracker@1.1-service: total connections for client : com.tencent.qqlive:servicesare :3
2021-01-24 10:08:27.702 1684-31081/? W/MessageQueue: Handler (android.media.audiofx.Visualizer$NativeEventHandler) {fabdefe} sending message to a Handler on a dead thread
    java.lang.IllegalStateException: Handler (android.media.audiofx.Visualizer$NativeEventHandler) {fabdefe} sending message to a Handler on a dead thread
        at android.os.MessageQueue.enqueueMessage(MessageQueue.java:561)
        at android.os.Handler.enqueueMessage(Handler.java:754)
        at android.os.Handler.sendMessageAtTime(Handler.java:703)
        at android.os.Handler.sendMessageDelayed(Handler.java:673)
        at android.os.Handler.sendMessage(Handler.java:611)
        at android.media.audiofx.Visualizer.postEventFromNative(Visualizer.java:787)
2021-01-24 10:08:27.706 742-7835/? I//vendor/bin/hw/vendor.qti.hardware.servicetracker@1.1-service: bindService is called for service : com.tencent.qqlive/.ipc.BroadcastService and for client com.tencent.qqlive:services
2021-01-24 10:08:27.706 742-7835/? I//vendor/bin/hw/vendor.qti.hardware.servicetracker@1.1-service: total connections for service : com.tencent.qqlive/.ipc.BroadcastServiceare :1
2021-01-24 10:08:27.706 742-7835/? I//vendor/bin/hw/vendor.qti.hardware.servicetracker@1.1-service: total connections for client : com.tencent.qqlive:servicesare :3
2021-01-24 10:08:27.707 6576-6576/? I/CNSS: Failed to send nl message
2021-01-24 10:08:27.707 20953-20982/? D/OpenRuntimeJNI: 9da4d72d88667a954d18dca55cb529b7 md5String:mmbox2d
2021-01-24 10:08:27.707 20953-20982/? I/OpenRuntimeJNI: mmbox2d abi:1 check success
2021-01-24 10:08:27.707 20953-20982/? I/OpenRuntimeJNI: mp3lame fileLen:145352
2021-01-24 10:08:27.708 20953-20982/? D/OpenRuntimeJNI: 83d6261e9519b090410c7c7d2307e3fd md5String:mp3lame
2021-01-24 10:08:27.708 20953-20982/? I/OpenRuntimeJNI: mp3lame abi:1 check success
2021-01-24 10:08:27.709 20953-20982/? I/OpenRuntimeJNI: wxa_library fileLen:2979582
2021-01-24 10:08:27.709 21008-21008/? D/PushCrashMgr: init
2021-01-24 10:08:27.714 742-7835/? I//vendor/bin/hw/vendor.qti.hardware.servicetracker@1.1-service: bindService is called for service : com.tencent.qqlive/.modules.login.service.LoginService and for client com.tencent.qqlive:services
2021-01-24 10:08:27.714 742-7835/? I//vendor/bin/hw/vendor.qti.hardware.servicetracker@1.1-service: total connections for service : com.tencent.qqlive/.modules.login.service.LoginServiceare :3
2021-01-24 10:08:27.714 742-7835/? I//vendor/bin/hw/vendor.qti.hardware.servicetracker@1.1-service: total connections for client : com.tencent.qqlive:servicesare :3
2021-01-24 10:08:27.718 742-7835/? I//vendor/bin/hw/vendor.qti.hardware.servicetracker@1.1-service: bindService is called for service : com.tencent.qqlive/.modules.login.service.LoginService and for client com.tencent.qqlive:services
2021-01-24 10:08:27.718 742-7835/? I//vendor/bin/hw/vendor.qti.hardware.servicetracker@1.1-service: total connections for service : com.tencent.qqlive/.modules.login.service.LoginServiceare :3
2021-01-24 10:08:27.718 742-7835/? I//vendor/bin/hw/vendor.qti.hardware.servicetracker@1.1-service: total connections for client : com.tencent.qqlive:servicesare :3
2021-01-24 10:08:27.724 742-7835/? I//vendor/bin/hw/vendor.qti.hardware.servicetracker@1.1-service: bindService is called for service : com.tencent.qqlive/.modules.login.service.LoginService and for client com.tencent.qqlive:services
2021-01-24 10:08:27.724 742-7835/? I//vendor/bin/hw/vendor.qti.hardware.servicetracker@1.1-service: total connections for service : com.tencent.qqlive/.modules.login.service.LoginServiceare :3
2021-01-24 10:08:27.724 742-7835/? I//vendor/bin/hw/vendor.qti.hardware.servicetracker@1.1-service: total connections for client : com.tencent.qqlive:servicesare :3
2021-01-24 10:08:27.726 20953-20982/? D/OpenRuntimeJNI: b1a8323e42b02fca61f4cae638990d5b md5String:wxa_library
2021-01-24 10:08:27.726 20953-20982/? I/OpenRuntimeJNI: wxa_library abi:1 check success
2021-01-24 10:08:27.727 20953-20982/? I/[AppLaunchMonitor]ARCFutureTask: WXAOptimizeTask, run in ThreadName "AsyncLoadPool-21026" end
2021-01-24 10:08:27.727 20953-20999/? I/OpenRuntimeJNI: appbrandcommon fileLen:95336
2021-01-24 10:08:27.728 20953-20999/? D/OpenRuntimeJNI: 5cc02ba3c77826f2ab45f3387983bfa3 md5String:appbrandcommon
2021-01-24 10:08:27.728 20953-20999/? I/OpenRuntimeJNI: appbrandcommon abi:1 check success
2021-01-24 10:08:27.728 20953-20999/? I/OpenRuntimeJNI: owl fileLen:272296
2021-01-24 10:08:27.730 20953-20999/? D/OpenRuntimeJNI: 04a106c756b1bfbc9c335891f462a900 md5String:owl
2021-01-24 10:08:27.730 20953-20999/? I/OpenRuntimeJNI: owl abi:1 check success
2021-01-24 10:08:27.730 20953-20999/? I/OpenRuntimeJNI: ilink_tdi fileLen:575196
2021-01-24 10:08:27.733 20953-20999/? D/OpenRuntimeJNI: cd3c3f8bd4689e444245a3a8ae34a34c md5String:ilink_tdi
2021-01-24 10:08:27.733 20953-20999/? I/OpenRuntimeJNI: ilink_tdi abi:1 check success
2021-01-24 10:08:27.734 20953-20999/? I/OpenRuntimeJNI: qm_native_decoder_ffmpeg fileLen:79068
2021-01-24 10:08:27.734 20953-20999/? D/OpenRuntimeJNI: d432158d4c905e83e957aa43bd77f2f0 md5String:qm_native_decoder_ffmpeg
2021-01-24 10:08:27.734 20953-20999/? I/OpenRuntimeJNI: qm_native_decoder_ffmpeg abi:1 check success
