2021-01-24 10:08:31.527 5133-27821/? W/TelephonyPermissions: reportAccessDeniedToReadIdentifiers:com.tencent.qqlive:getMeidForSlot:isPreinstalled=false:isPrivApp=false
2021-01-24 10:08:31.530 1684-8876/? W/DevicePolicyManager: Package com.tencent.qqlive (uid=10434, pid=20953) cannot access Device IDs
2021-01-24 10:08:31.530 20953-21593/? W/LOTTIE: You have 5 images. Lottie should primarily be used with shapes. If you are using Adobe Illustrator, convert the Illustrator layers to shape layers.
2021-01-24 10:08:31.534 20953-21593/? W/LOTTIE: You have 6 images. Lottie should primarily be used with shapes. If you are using Adobe Illustrator, convert the Illustrator layers to shape layers.
2021-01-24 10:08:31.536 20953-21593/? W/LOTTIE: You have 7 images. Lottie should primarily be used with shapes. If you are using Adobe Illustrator, convert the Illustrator layers to shape layers.
2021-01-24 10:08:31.537 20953-21593/? W/LOTTIE: You have 8 images. Lottie should primarily be used with shapes. If you are using Adobe Illustrator, convert the Illustrator layers to shape layers.
2021-01-24 10:08:31.541 5133-26270/? W/TelephonyPermissions: reportAccessDeniedToReadIdentifiers:com.tencent.qqlive:getDeviceId:isPreinstalled=false:isPrivApp=false
2021-01-24 10:08:31.556 20953-21169/? D/OpenRuntimeJNI: ce18b7a3d76c666e18b95e740e564cb9 md5String:mmnode
2021-01-24 10:08:31.556 20953-21169/? I/OpenRuntimeJNI: mmnode abi:1 check success
2021-01-24 10:08:31.557 20953-21169/? I/OpenRuntimeJNI: tencentlocsapp fileLen:32568
2021-01-24 10:08:31.557 20953-21169/? D/OpenRuntimeJNI: f093ef0714fe1320f17aab3342b089b5 md5String:tencentlocsapp
2021-01-24 10:08:31.557 20953-21169/? I/OpenRuntimeJNI: tencentlocsapp abi:1 check success
2021-01-24 10:08:31.557 20953-21169/? I/OpenRuntimeJNI: skia-canvas fileLen:308960
2021-01-24 10:08:31.560 20953-21169/? D/OpenRuntimeJNI: 4a69aad4b5943a9c12287f457f3ce37e md5String:skia-canvas
2021-01-24 10:08:31.560 20953-21169/? I/OpenRuntimeJNI: skia-canvas abi:1 check success
2021-01-24 10:08:31.561 20953-21169/? I/OpenRuntimeJNI: linebreak fileLen:91532
2021-01-24 10:08:31.562 20953-21169/? D/OpenRuntimeJNI: 14a9661cdd58f559ff7489debd308970 md5String:linebreak
2021-01-24 10:08:31.562 20953-21169/? I/OpenRuntimeJNI: linebreak abi:1 check success
2021-01-24 10:08:31.562 20953-21169/? I/OpenRuntimeJNI: FFmpeg fileLen:2262924
2021-01-24 10:08:31.563 1684-7538/? W/DevicePolicyManager: Package com.tencent.qqlive (uid=10434, pid=21008) cannot access Device IDs
2021-01-24 10:08:31.565 1684-2794/? W/DevicePolicyManager: Package com.tencent.qqlive (uid=10434, pid=21215) cannot access Device IDs
2021-01-24 10:08:31.566 5133-5828/? W/TelephonyPermissions: reportAccessDeniedToReadIdentifiers:com.tencent.qqlive:getSubscriberId:isPreinstalled=false:isPrivApp=false
2021-01-24 10:08:31.568 21557-21557/? I/load_dex_tag: application attachBaseContext
2021-01-24 10:08:31.568 1684-13448/? W/DevicePolicyManager: Package com.tencent.qqlive (uid=10434, pid=20953) cannot access Device IDs
2021-01-24 10:08:31.569 5133-5151/? W/TelephonyPermissions: reportAccessDeniedToReadIdentifiers:com.tencent.qqlive:getImeiForSlot:isPreinstalled=false:isPrivApp=false
2021-01-24 10:08:31.569 21557-21557/? I/MultiDex: VM with version 2.1.0 has multidex support
2021-01-24 10:08:31.569 21557-21557/? I/MultiDex: install
2021-01-24 10:08:31.569 21557-21557/? I/MultiDex: VM has multidex support, MultiDex support library is disabled.
2021-01-24 10:08:31.574 5133-7374/? I/SarService: Receiver polling >>>> Change receiver mode: off
2021-01-24 10:08:31.576 21557-21557/? E/a: ApplicationWrapper:attachBaseContext: process = com.tencent.qqlive:cache, processType = 17
2021-01-24 10:08:31.577 1684-31081/? W/MessageQueue: Handler (android.media.audiofx.Visualizer$NativeEventHandler) {fabdefe} sending message to a Handler on a dead thread
    java.lang.IllegalStateException: Handler (android.media.audiofx.Visualizer$NativeEventHandler) {fabdefe} sending message to a Handler on a dead thread
        at android.os.MessageQueue.enqueueMessage(MessageQueue.java:561)
        at android.os.Handler.enqueueMessage(Handler.java:754)
        at android.os.Handler.sendMessageAtTime(Handler.java:703)
        at android.os.Handler.sendMessageDelayed(Handler.java:673)
        at android.os.Handler.sendMessage(Handler.java:611)
        at android.media.audiofx.Visualizer.postEventFromNative(Visualizer.java:787)
2021-01-24 10:08:31.580 5133-5690/? W/TelephonyPermissions: reportAccessDeniedToReadIdentifiers:com.tencent.qqlive:getSubscriberId:isPreinstalled=false:isPrivApp=false
2021-01-24 10:08:31.582 21557-21557/? D/SLAReporter: set open: false ,real: false
2021-01-24 10:08:31.582 21557-21557/? D/RAApplicationContext: startup [31618835], current RAFT version:com.raft.uas/v1alpha2
2021-01-24 10:08:31.582 21557-21557/? D/RAServiceManager: init ...
2021-01-24 10:08:31.583 20953-21169/? D/OpenRuntimeJNI: 9a95dbf0bdd7ed78cf920f1de7f74012 md5String:FFmpeg
2021-01-24 10:08:31.583 20953-21169/? I/OpenRuntimeJNI: FFmpeg abi:1 check success
2021-01-24 10:08:31.583 20953-21169/? I/OpenRuntimeJNI: NLog fileLen:74964
2021-01-24 10:08:31.584 20953-21169/? D/OpenRuntimeJNI: e6687f570dad618352d5d296271d02dd md5String:NLog
2021-01-24 10:08:31.584 20953-21169/? I/OpenRuntimeJNI: NLog abi:1 check success
2021-01-24 10:08:31.584 20953-21169/? I/OpenRuntimeJNI: mmphysx fileLen:3927984
2021-01-24 10:08:31.590 21557-21557/? D/RAServiceManager: init success :{interface com.tencent.qqlive.modules.vb.threadservice.service.IVBThreadService=com.tencent.raft.generate.interface1753729375$QQLive_app@b4dbadc, interface com.tencent.qqlive.modules.vb.videokit.service.IVBCoverGenerateService=com.tencent.raft.generate.interface438429825$QQLive_app@12fc7e5, interface com.tencent.qqlive.modules.vb.dialog.service.IVBDialogService=com.tencent.raft.generate.interface416549288$QQLive_app@5e12ba, interface com.tencent.qqlive.modules.vb.kv.service.IVBKVService=com.tencent.raft.generate.interface169200130$QQLive_app@79ed56b, class com.tencent.qqlive.modules.vb.idauth.service.VBIDAuthService=com.tencent.raft.generate.interface387926606$QQLive_app@f69a8c8, interface com.tencent.qqlive.modules.vb.videokit.service.IVBMediaPreviewerService=com.tencent.raft.generate.interface237566004$QQLive_app@419fd61, class com.tencent.qqlive.modules.vb.danmaku.service.VBDanmakuService=com.tencent.raft.generate.interface786679668$QQLive_app@44aa086, class com.tencent.qqlive.modules.vb.log.VBLogService=com.tencent.raft.generate.interface720016883$QQLive_app@e535d47, class com.tencent.qqlive.modules.vb.videokit.service.VBMediaPreviewerService=com.tencent.raft.generate.interface237566004$QQLive_app@bd48974, interface com.tencent.qqlive.modules.vb.log.IVBLogService=com.tencent.raft.generate.interface720016883$QQLive_app@f180e9d, interface com.tencent.qqlive.modules.vb.wrapperloginservice.IVBWrapperLoginService=com.tencent.raft.generate.interface1907459880$QQLive_app@c203f12, class com.tencent.qqlive.modules.vb.videokit.service.VBCoverGenerateService=com.tencent.raft.generate.interface438429825$QQLive_app@6de86e3, interface com.tencent.qqlive.modules.vb.camera.service.IVBCameraService=com.tencent.raft.generate.interface1737817582$QQLive_app@6ac8e0, class com.tencent.qqlive.modules.vb.wrapperloginservice.VBWrapperLoginService=com.tencent.raft.generate.interface1907459880$QQLive_app@3ebf799, interface com.tencent.qqlive.modules.vb.location.service.IVBLocationService=com.tencent.raft.generate.interface1514662158$QQLive_app@a3f3a5e, class com.tencent.qqlive.modules.vb.platforminfo.service.VBPlatformInfoService=com.tencent.raft.generate.interface1883630954$QQLive_app@368ae3f, interface com.tencent.qqlive.modules.vb.kv.service.IVBAshmemMMKVService=com.tencent.raft.generate.interface687530819$QQLive_app@c63930c, interface com.tencent.qqlive.modules.vb.danmaku.service.IVBDanmakuService=com.tencent.raft.generate.interface786679668$QQLive_app@47b7455, class com.tencent.qqlive.modules.attachable.b.b=com.tencent.raft.generate.interface1008491740$QQLive_app@4c09e6a, interface com.tencent.qqlive.modules.vb.pb.service.IVBPBService=com.tencent.raft.generate.interface1034297996$QQLive_app@643ef5b, interface com.tencent.qqlive.modules.vb.videokit.service.IVBCoverPickerService=com.tencent.raft.generate.interface760724600$QQLive_app@93cd3f8, class com.tencent.qqlive.modules.vb.camera.service.VBCameraService=com.tencent.raft.generate.interface1737817582$QQLive_app@14c00d1, interface com.tencent.qqlive.modules.vb.platforminfo.service.IVBPlatformInfoService=com.tencent.raft.generate.interface1883630954$QQLive_app@8423736, interface com.tencent.qqlive.modules.vb.networkservice.service.IVBNetworkService=com.tencent.raft.generate.interface812276117$QQLive_app@ac82637, class com.tencent.qqlive.modules.vb.threadservice.service.VBThreadService=com.tencent.raft.generate.interface1753729375$QQLive_app@86737a4, interface com.tencent.qqlive.modules.attachable.b.c=com.tencent.raft.generate.interface1008491740$QQLive_app@3bed90d, interface com.tencent.qqlive.modules.vb.skin.service.IVBSkinService=com.tencent.raft.generate.interface1985581822$QQLive_app@b7290c2, interface com.tencent.qqlive.modules.vb.personalize.service.IVBPersonalizeService=com.tencent.raft.generate.interface1985828460$QQLive_app@feeeed3, interface com.tencent.qqlive.modules.vb.transportservice.service.IVBTransportService=com.tencent.raft.generate.interface339363467$QQLive_app@fb22a10, class com.tencent.qqlive.modules.vb.video
2021-01-24 10:08:31.590 21557-21557/? D/RADeclareManager: init success :{}
2021-01-24 10:08:31.598 6576-6576/? I/CNSS: Failed to send nl message
2021-01-24 10:08:31.606 4435-4782/? D/QSTile.BluetoothTile: handleUpdateState: mTargetEnable = falsemController.getBluetoothState() = 10
2021-01-24 10:08:31.610 4435-4782/? D/QSTile.BluetoothTile: handleUpdateState: mTargetEnable = falsemController.getBluetoothState() = 10
2021-01-24 10:08:31.609 1684-5085/? W/DevicePolicyManager: Package com.tencent.qqlive (uid=10434, pid=20953) cannot access Device IDs
2021-01-24 10:08:31.616 5133-5684/? W/TelephonyPermissions: reportAccessDeniedToReadIdentifiers:com.tencent.qqlive:getImeiForSlot:isPreinstalled=false:isPrivApp=false
2021-01-24 10:08:31.617 1684-12529/? W/DevicePolicyManager: Package com.tencent.qqlive (uid=10434, pid=20953) cannot access Device IDs
2021-01-24 10:08:31.621 5133-5149/? W/TelephonyPermissions: reportAccessDeniedToReadIdentifiers:com.tencent.qqlive:getSubscriberId:isPreinstalled=false:isPrivApp=false
2021-01-24 10:08:31.625 20953-21475/? E/NetWorkTask: run: nacState = 1, taskAddress = TaskAddress{mDestDomain='acc.qq.com', mDestIp='acc.qq.com', mDestPort='80', mPath='null', mCmdId=0, mRequestUrl='', mForceIpDirect=false}
2021-01-24 10:08:31.637 20953-21169/? D/OpenRuntimeJNI: de4da7fc292417cae522b95db241be43 md5String:mmphysx
2021-01-24 10:08:31.637 20953-21169/? I/OpenRuntimeJNI: mmphysx abi:1 check success
2021-01-24 10:08:31.637 20953-21169/? I/OpenRuntimeJNI: traeimp-rtmp fileLen:1523936
2021-01-24 10:08:31.646 20986-21347/? I/MID: >>>   queryMatchContentProviders size:0
2021-01-24 10:08:31.648 1684-1734/? W/DevicePolicyManager: Package com.tencent.qqlive (uid=10434, pid=20953) cannot access Device IDs
2021-01-24 10:08:31.651 1684-7570/? W/DevicePolicyManager: Package com.tencent.qqlive (uid=10434, pid=20953) cannot access Device IDs
2021-01-24 10:08:31.651 1684-2793/? W/DevicePolicyManager: Package com.tencent.qqlive (uid=10434, pid=21008) cannot access Device IDs
2021-01-24 10:08:31.653 5133-5151/? W/TelephonyPermissions: reportAccessDeniedToReadIdentifiers:com.tencent.qqlive:getImeiForSlot:isPreinstalled=false:isPrivApp=false
2021-01-24 10:08:31.653 20953-21169/? D/OpenRuntimeJNI: c1a9208c5f8f157f2407947711aa04e8 md5String:traeimp-rtmp
2021-01-24 10:08:31.653 5133-27821/? W/TelephonyPermissions: reportAccessDeniedToReadIdentifiers:com.tencent.qqlive:getDeviceId:isPreinstalled=false:isPrivApp=false
2021-01-24 10:08:31.653 20953-21169/? I/OpenRuntimeJNI: traeimp-rtmp abi:1 check success
2021-01-24 10:08:31.654 20953-21169/? I/OpenRuntimeJNI: qqmusic_decoder_jni fileLen:46292
2021-01-24 10:08:31.654 5133-5714/? W/TelephonyPermissions: reportAccessDeniedToReadIdentifiers:com.tencent.qqlive:getSubscriberId:isPreinstalled=false:isPrivApp=false
2021-01-24 10:08:31.654 20953-21169/? D/OpenRuntimeJNI: 8af32c1b332990af4b4b7558d3e6de46 md5String:qqmusic_decoder_jni
2021-01-24 10:08:31.654 20953-21169/? I/OpenRuntimeJNI: qqmusic_decoder_jni abi:1 check success
2021-01-24 10:08:31.654 20953-21169/? I/OpenRuntimeJNI: ilink_xlog fileLen:95976
2021-01-24 10:08:31.656 20953-21169/? D/OpenRuntimeJNI: 822c2b6bdc1f8ddc6f552f53af6f8895 md5String:ilink_xlog
2021-01-24 10:08:31.656 20953-21169/? I/OpenRuntimeJNI: ilink_xlog abi:1 check success
2021-01-24 10:08:31.656 20953-21169/? I/OpenRuntimeJNI: mmudp fileLen:157448
2021-01-24 10:08:31.657 1684-7568/? W/DevicePolicyManager: Package com.tencent.qqlive (uid=10434, pid=20953) cannot access Device IDs
2021-01-24 10:08:31.657 20953-21169/? D/OpenRuntimeJNI: a755a6a37cba284618bce96834973534 md5String:mmudp
2021-01-24 10:08:31.657 20953-21169/? I/OpenRuntimeJNI: mmudp abi:1 check success
2021-01-24 10:08:31.658 20953-21169/? I/OpenRuntimeJNI: mmj2v8 fileLen:509492
2021-01-24 10:08:31.659 5133-26270/? W/TelephonyPermissions: reportAccessDeniedToReadIdentifiers:com.tencent.qqlive:getMeidForSlot:isPreinstalled=false:isPrivApp=false
2021-01-24 10:08:31.660 1684-12529/? W/DevicePolicyManager: Package com.tencent.qqlive (uid=10434, pid=21215) cannot access Device IDs
2021-01-24 10:08:31.661 5133-5828/? W/TelephonyPermissions: reportAccessDeniedToReadIdentifiers:com.tencent.qqlive:getImeiForSlot:isPreinstalled=false:isPrivApp=false
2021-01-24 10:08:31.661 1684-5085/? W/DevicePolicyManager: Package com.tencent.qqlive (uid=10434, pid=21008) cannot access Device IDs
2021-01-24 10:08:31.662 20953-21169/? D/OpenRuntimeJNI: 28a5d9e3dcbde817e6c4413d645955c1 md5String:mmj2v8
2021-01-24 10:08:31.662 20953-21169/? I/OpenRuntimeJNI: mmj2v8 abi:1 check success
2021-01-24 10:08:31.663 20953-21169/? I/OpenRuntimeJNI: 108168wxa fileLen:119076
2021-01-24 10:08:31.664 20953-21169/? D/OpenRuntimeJNI: 41ad10d4799d0c397b6578cb1896246c md5String:108168wxa
2021-01-24 10:08:31.664 20953-21169/? I/OpenRuntimeJNI: 108168wxa abi:1 check success
2021-01-24 10:08:31.665 5133-5690/? W/TelephonyPermissions: reportAccessDeniedToReadIdentifiers:com.tencent.qqlive:getImeiForSlot:isPreinstalled=false:isPrivApp=false
2021-01-24 10:08:31.665 20953-21169/? I/OpenRuntimeJNI: mmbox2d fileLen:2119424
2021-01-24 10:08:31.679 1684-31081/? W/MessageQueue: Handler (android.media.audiofx.Visualizer$NativeEventHandler) {fabdefe} sending message to a Handler on a dead thread
    java.lang.IllegalStateException: Handler (android.media.audiofx.Visualizer$NativeEventHandler) {fabdefe} sending message to a Handler on a dead thread
        at android.os.MessageQueue.enqueueMessage(MessageQueue.java:561)
        at android.os.Handler.enqueueMessage(Handler.java:754)
        at android.os.Handler.sendMessageAtTime(Handler.java:703)
        at android.os.Handler.sendMessageDelayed(Handler.java:673)
        at android.os.Handler.sendMessage(Handler.java:611)
        at android.media.audiofx.Visualizer.postEventFromNative(Visualizer.java:787)
2021-01-24 10:08:31.683 20953-21169/? D/OpenRuntimeJNI: 9da4d72d88667a954d18dca55cb529b7 md5String:mmbox2d
2021-01-24 10:08:31.683 20953-21169/? I/OpenRuntimeJNI: mmbox2d abi:1 check success
2021-01-24 10:08:31.684 20953-21169/? I/OpenRuntimeJNI: mp3lame fileLen:145352
2021-01-24 10:08:31.685 20953-21169/? D/OpenRuntimeJNI: 83d6261e9519b090410c7c7d2307e3fd md5String:mp3lame
2021-01-24 10:08:31.685 20953-21169/? I/OpenRuntimeJNI: mp3lame abi:1 check success
2021-01-24 10:08:31.685 20953-21169/? I/OpenRuntimeJNI: wxa_library fileLen:2979582
2021-01-24 10:08:31.693 21557-21557/? E/QQLiveXLogger: new:com.tencent.qqlive:cache,cache
2021-01-24 10:08:31.701 6576-6576/? I/CNSS: Failed to send nl message
2021-01-24 10:08:31.712 20953-21169/? D/OpenRuntimeJNI: b1a8323e42b02fca61f4cae638990d5b md5String:wxa_library
2021-01-24 10:08:31.712 20953-21169/? I/OpenRuntimeJNI: wxa_library abi:1 check success
2021-01-24 10:08:31.713 21557-21557/? I/MMKV: <native-bridge.cpp:95::JNI_OnLoad> current API level = 29
2021-01-24 10:08:31.713 610-21632/? E/ResolverController: No valid NAT64 prefix (437, <unspecified>/0)
2021-01-24 10:08:31.713 21557-21557/? I/MMKV: <MMKV.cpp:192::initialize> page size:4096
2021-01-24 10:08:31.713 21557-21557/? I/MMKV: <MMKV.cpp:206::initializeMMKV> root dir: /data/user/0/com.tencent.qqlive/files/mmkv
2021-01-24 10:08:31.714 610-21612/? E/ResolverController: No valid NAT64 prefix (437, <unspecified>/0)
2021-01-24 10:08:31.718 1684-9257/? W/DevicePolicyManager: Package com.tencent.qqlive (uid=10434, pid=20953) cannot access Device IDs
2021-01-24 10:08:31.719 1684-2794/? W/DevicePolicyManager: Package com.tencent.qqlive (uid=10434, pid=20953) cannot access Device IDs
2021-01-24 10:08:31.719 5133-5149/? W/TelephonyPermissions: reportAccessDeniedToReadIdentifiers:com.tencent.qqlive:getSubscriberId:isPreinstalled=false:isPrivApp=false
2021-01-24 10:08:31.720 5133-27821/? W/TelephonyPermissions: reportAccessDeniedToReadIdentifiers:com.tencent.qqlive:getImeiForSlot:isPreinstalled=false:isPrivApp=false
2021-01-24 10:08:31.724 1684-6874/? W/DevicePolicyManager: Package com.tencent.qqlive (uid=10434, pid=21215) cannot access Device IDs
2021-01-24 10:08:31.725 20953-21445/? E/NetWorkTask: run: nacState = 1, taskAddress = TaskAddress{mDestDomain='acc.qq.com', mDestIp='acc.qq.com', mDestPort='80', mPath='null', mCmdId=0, mRequestUrl='', mForceIpDirect=false}
2021-01-24 10:08:31.725 1684-2793/? W/DevicePolicyManager: Package com.tencent.qqlive (uid=10434, pid=21008) cannot access Device IDs
2021-01-24 10:08:31.726 1684-12529/? W/DevicePolicyManager: Package com.tencent.qqlive (uid=10434, pid=20953) cannot access Device IDs
2021-01-24 10:08:31.726 5133-5714/? W/TelephonyPermissions: reportAccessDeniedToReadIdentifiers:com.tencent.qqlive:getSubscriberId:isPreinstalled=false:isPrivApp=false
2021-01-24 10:08:31.726 5133-5151/? W/TelephonyPermissions: reportAccessDeniedToReadIdentifiers:com.tencent.qqlive:getSubscriberId:isPreinstalled=false:isPrivApp=false
2021-01-24 10:08:31.735 5133-26270/? W/TelephonyPermissions: reportAccessDeniedToReadIdentifiers:com.tencent.qqlive:getImeiForSlot:isPreinstalled=false:isPrivApp=false
2021-01-24 10:08:31.741 6576-6576/? I/CNSS: Failed to send nl message
2021-01-24 10:08:31.743 6576-6576/? I/chatty: uid=1000(system) /system/vendor/bin/cnss_diag identical 5 lines
2021-01-24 10:08:31.743 6576-6576/? I/CNSS: Failed to send nl message
2021-01-24 10:08:31.748 1684-12529/? W/DevicePolicyManager: Package com.tencent.qqlive (uid=10434, pid=20953) cannot access Device IDs
2021-01-24 10:08:31.748 6576-6576/? I/CNSS: Failed to send nl message
2021-01-24 10:08:31.750 6576-6576/? I/chatty: uid=1000(system) /system/vendor/bin/cnss_diag identical 3 lines
2021-01-24 10:08:31.751 6576-6576/? I/CNSS: Failed to send nl message
2021-01-24 10:08:31.754 1684-8876/? W/DevicePolicyManager: Package com.tencent.qqlive (uid=10434, pid=21008) cannot access Device IDs
2021-01-24 10:08:31.756 5133-5828/? W/TelephonyPermissions: reportAccessDeniedToReadIdentifiers:com.tencent.qqlive:getSubscriberId:isPreinstalled=false:isPrivApp=false
2021-01-24 10:08:31.756 1684-4305/? D/LocationPolicy: checkUidLocationOp [uid = 1000, op = 1
2021-01-24 10:08:31.763 21557-21557/? I/MMKV: <MMKV.cpp:330::loadFromFile> loading [vb_platformInfo] with 1959 size in total, file size is 4096
2021-01-24 10:08:31.763 21557-21557/? I/MMKV: <MMKV.cpp:354::loadFromFile> loading [vb_platformInfo] with crc 3367910464 sequence 2
2021-01-24 10:08:31.763 21557-21557/? I/MMKV: <MMKV.cpp:375::loadFromFile> loaded [vb_platformInfo] with 8 values
2021-01-24 10:08:31.765 5133-5690/? W/TelephonyPermissions: reportAccessDeniedToReadIdentifiers:com.tencent.qqlive:getSubscriberId:isPreinstalled=false:isPrivApp=false
2021-01-24 10:08:31.766 6576-6576/? I/CNSS: Failed to send nl message
2021-01-24 10:08:31.772 1684-2793/? W/DevicePolicyManager: Package com.tencent.qqlive (uid=10434, pid=20953) cannot access Device IDs
2021-01-24 10:08:31.773 5133-27821/? W/TelephonyPermissions: reportAccessDeniedToReadIdentifiers:com.tencent.qqlive:getSubscriberId:isPreinstalled=false:isPrivApp=false
2021-01-24 10:08:31.774 5133-7374/? I/SarService: Receiver polling >>>> Change receiver mode: off
2021-01-24 10:08:31.771 1684-7570/? W/DevicePolicyManager: Package com.tencent.qqlive (uid=10434, pid=20953) cannot access Device IDs
2021-01-24 10:08:31.780 1684-31081/? W/MessageQueue: Handler (android.media.audiofx.Visualizer$NativeEventHandler) {fabdefe} sending message to a Handler on a dead thread
    java.lang.IllegalStateException: Handler (android.media.audiofx.Visualizer$NativeEventHandler) {fabdefe} sending message to a Handler on a dead thread
        at android.os.MessageQueue.enqueueMessage(MessageQueue.java:561)
        at android.os.Handler.enqueueMessage(Handler.java:754)
        at android.os.Handler.sendMessageAtTime(Handler.java:703)
        at android.os.Handler.sendMessageDelayed(Handler.java:673)
        at android.os.Handler.sendMessage(Handler.java:611)
        at android.media.audiofx.Visualizer.postEventFromNative(Visualizer.java:787)
2021-01-24 10:08:31.785 5133-26270/? W/TelephonyPermissions: reportAccessDeniedToReadIdentifiers:com.tencent.qqlive:getImeiForSlot:isPreinstalled=false:isPrivApp=false
2021-01-24 10:08:31.792 21008-21025/? I/qqlive:service: Background concurrent copying GC freed 3080(230KB) AllocSpace objects, 0(0B) LOS objects, 49% free, 10003KB/19MB, paused 146us total 745.403ms
2021-01-24 10:08:31.798 20953-21433/? W/.tencent.qqliv: Long monitor contention with owner beacon-thread-2 (21467) at java.lang.String[] com.tencent.qmsp.sdk.u.U.c(int)(:-2) waiters=0 in java.lang.String com.tencent.beacon.qimei.QimeiSDK.getBeaconIdInfo() for 1.139s
2021-01-24 10:08:31.798 20953-21431/? W/.tencent.qqliv: Long monitor contention with owner beacon-thread-2 (21467) at java.lang.String[] com.tencent.qmsp.sdk.u.U.c(int)(:-2) waiters=1 in java.lang.String com.tencent.beacon.qimei.QimeiSDK.getBeaconIdInfo() for 1.138s
2021-01-24 10:08:31.799 20953-21453/? W/.tencent.qqliv: Long monitor contention with owner beacon-thread-2 (21467) at java.lang.String[] com.tencent.qmsp.sdk.u.U.c(int)(:-2) waiters=2 in java.lang.String com.tencent.beacon.qimei.QimeiSDK.getBeaconIdInfo() for 628ms
2021-01-24 10:08:31.799 1684-7715/? W/DevicePolicyManager: Package com.tencent.qqlive (uid=10434, pid=21215) cannot access Device IDs
2021-01-24 10:08:31.799 20953-21481/? W/.tencent.qqliv: Long monitor contention with owner beacon-thread-2 (21467) at java.lang.String[] com.tencent.qmsp.sdk.u.U.c(int)(:-2) waiters=3 in java.lang.String com.tencent.beacon.qimei.QimeiSDK.getBeaconIdInfo() for 595ms
2021-01-24 10:08:31.800 20953-20953/? W/.tencent.qqliv: Long monitor contention with owner beacon-thread-2 (21467) at java.lang.String[] com.tencent.qmsp.sdk.u.U.c(int)(:-2) waiters=4 in void com.tencent.beacon.qimei.QimeiSDK.getQimei(com.tencent.beacon.qimei.IAsyncQimeiListener) for 442ms
2021-01-24 10:08:31.801 5133-5828/? W/TelephonyPermissions: reportAccessDeniedToReadIdentifiers:com.tencent.qqlive:getImeiForSlot:isPreinstalled=false:isPrivApp=false
2021-01-24 10:08:31.803 6576-6576/? I/CNSS: Failed to send nl message
2021-01-24 10:08:31.805 21557-21557/? D/AppConfig: traverseSharedPreferencesKey: start
2021-01-24 10:08:31.817 1684-2794/? W/DevicePolicyManager: Package com.tencent.qqlive (uid=10434, pid=21008) cannot access Device IDs
2021-01-24 10:08:31.818 20953-21445/? I/NetworkMonitorReceiver: onReceive : android.net.conn.CONNECTIVITY_CHANGE
2021-01-24 10:08:31.818 1684-2794/? W/DevicePolicyManager: Package com.tencent.qqlive (uid=10434, pid=21215) cannot access Device IDs
2021-01-24 10:08:31.819 5133-5714/? W/TelephonyPermissions: reportAccessDeniedToReadIdentifiers:com.tencent.qqlive:getImeiForSlot:isPreinstalled=false:isPrivApp=false
2021-01-24 10:08:31.821 20953-21445/? I/AppNetworkUtils: refreshNetwork 1, netInfo.apn = WIFI, lastApn = WIFI
2021-01-24 10:08:31.824 20953-20953/? I/Choreographer: Skipped 48 frames!  The application may be doing too much work on its main thread.
2021-01-24 10:08:31.826 5133-5690/? W/TelephonyPermissions: reportAccessDeniedToReadIdentifiers:com.tencent.qqlive:getImeiForSlot:isPreinstalled=false:isPrivApp=false
2021-01-24 10:08:31.826 21557-21640/? W/SQLiteCompatibilityWalFlags: Cannot read global setting sqlite_compatibility_wal_flags - Application state not available
2021-01-24 10:08:31.839 21557-21557/? D/AppConfig: fs length is :533
2021-01-24 10:08:31.840 1684-6874/? I/MiuiKnockGestureService: focus window:com.tencent.qqlive
2021-01-24 10:08:31.846 21557-21640/? E/SQLiteLog: (1) no such table: OnePrefs_UpdatePrefsFile
2021-01-24 10:08:31.849 20953-21477/? I/AdrenoGLES: QUALCOMM build                   : 97a8916, I2cdb490492
    Build Date                       : 04/10/20
    OpenGL ES Shader Compiler Version: EV031.27.05.06
    Local Branch                     : mybranchea7abf5f-4857-f10c-9a52-5cb90179c3d8
    Remote Branch                    : quic/gfx-adreno.lnx.1.0.r91-rel
    Remote Branch                    : NONE
    Reconstruct Branch               : NOTHING
2021-01-24 10:08:31.849 20953-21477/? I/AdrenoGLES: Build Config                     : S P 8.0.12 AArch32
2021-01-24 10:08:31.853 21557-21557/? I/MMKV: <MMKV.cpp:330::loadFromFile> loading [mmkv_inner_prefs_migrate_finish] with 444 size in total, file size is 4096
2021-01-24 10:08:31.853 21557-21557/? I/MMKV: <MMKV.cpp:354::loadFromFile> loading [mmkv_inner_prefs_migrate_finish] with crc 1346465840 sequence 2
2021-01-24 10:08:31.853 21557-21557/? I/MMKV: <MMKV.cpp:375::loadFromFile> loaded [mmkv_inner_prefs_migrate_finish] with 18 values
2021-01-24 10:08:31.855 21557-21557/? I/MMKV: <MMKV.cpp:330::loadFromFile> loading [com.tencent.qqlive_preferences] with 21754 size in total, file size is 32768
2021-01-24 10:08:31.856 21557-21557/? I/MMKV: <MMKV.cpp:354::loadFromFile> loading [com.tencent.qqlive_preferences] with crc 1356194892 sequence 3
2021-01-24 10:08:31.857 21557-21557/? I/MMKV: <MMKV.cpp:375::loadFromFile> loaded [com.tencent.qqlive_preferences] with 144 values
2021-01-24 10:08:31.858 20953-21477/? I/AdrenoGLES: PFP: 0x016ee187, ME: 0x00000000
2021-01-24 10:08:31.859 21557-21557/? I/WXAOptimizeTask: checkStartWXA: wxaInitStateConfigValue: 1
2021-01-24 10:08:31.862 21557-21557/? I/WXAOptimizeTask: WXAOptimizeTask, checkForceInCurThread 0
2021-01-24 10:08:31.863 1684-8873/? W/DevicePolicyManager: Package com.tencent.qqlive (uid=10434, pid=20953) cannot access Device IDs
2021-01-24 10:08:31.864 21557-21557/? I/WXAOptimizeTask: WXAOptimizeTask, resetForceInCurThread 1, 0
2021-01-24 10:08:31.866 6576-6576/? I/CNSS: Failed to send nl message
2021-01-24 10:08:31.867 21557-21557/? I/Statistics: appStartUp()
2021-01-24 10:08:31.867 21557-21640/? I/ashercai: QQLiveApplication 1
2021-01-24 10:08:31.869 21557-21557/? I/ApplicationWrapper: attachBaseContext   pN =com.tencent.qqlive:cache
2021-01-24 10:08:31.870 5133-26270/? W/TelephonyPermissions: reportAccessDeniedToReadIdentifiers:com.tencent.qqlive:getImeiForSlot:isPreinstalled=false:isPrivApp=false
2021-01-24 10:08:31.884 1684-13448/? W/DevicePolicyManager: Package com.tencent.qqlive (uid=10434, pid=20986) cannot access Device IDs
2021-01-24 10:08:31.885 1684-1734/? W/DevicePolicyManager: Package com.tencent.qqlive (uid=10434, pid=20953) cannot access Device IDs
2021-01-24 10:08:31.886 1684-31081/? W/MessageQueue: Handler (android.media.audiofx.Visualizer$NativeEventHandler) {fabdefe} sending message to a Handler on a dead thread
    java.lang.IllegalStateException: Handler (android.media.audiofx.Visualizer$NativeEventHandler) {fabdefe} sending message to a Handler on a dead thread
        at android.os.MessageQueue.enqueueMessage(MessageQueue.java:561)
        at android.os.Handler.enqueueMessage(Handler.java:754)
        at android.os.Handler.sendMessageAtTime(Handler.java:703)
        at android.os.Handler.sendMessageDelayed(Handler.java:673)
        at android.os.Handler.sendMessage(Handler.java:611)
        at android.media.audiofx.Visualizer.postEventFromNative(Visualizer.java:787)
2021-01-24 10:08:31.887 5133-5714/? W/TelephonyPermissions: reportAccessDeniedToReadIdentifiers:com.tencent.qqlive:getImeiForSlot:isPreinstalled=false:isPrivApp=false
2021-01-24 10:08:31.894 1684-6937/? W/DevicePolicyManager: Package com.tencent.qqlive (uid=10434, pid=20953) cannot access Device IDs
2021-01-24 10:08:31.895 5133-5151/? W/TelephonyPermissions: reportAccessDeniedToReadIdentifiers:com.tencent.qqlive:getImeiForSlot:isPreinstalled=false:isPrivApp=false
2021-01-24 10:08:31.896 5133-27821/? W/TelephonyPermissions: reportAccessDeniedToReadIdentifiers:com.tencent.qqlive:getSubscriberId:isPreinstalled=false:isPrivApp=false
2021-01-24 10:08:31.896 1684-12529/? W/DevicePolicyManager: Package com.tencent.qqlive (uid=10434, pid=21008) cannot access Device IDs
2021-01-24 10:08:31.897 5133-5684/? W/TelephonyPermissions: reportAccessDeniedToReadIdentifiers:com.tencent.qqlive:getSubscriberId:isPreinstalled=false:isPrivApp=false
2021-01-24 10:08:31.901 1684-2793/? W/DevicePolicyManager: Package com.tencent.qqlive (uid=10434, pid=21215) cannot access Device IDs
2021-01-24 10:08:31.903 1684-5085/? W/DevicePolicyManager: Package com.tencent.qqlive (uid=10434, pid=21215) cannot access Device IDs
2021-01-24 10:08:31.904 20953-21438/? D/MicroMsg.SDK.WXMsgImplComm: check signature:308202eb30820254a00302010202044d36f7a4300d06092a864886f70d01010505003081b9310b300906035504061302383631123010060355040813094775616e67646f6e673111300f060355040713085368656e7a68656e31353033060355040a132c54656e63656e7420546563686e6f6c6f6779285368656e7a68656e2920436f6d70616e79204c696d69746564313a3038060355040b133154656e63656e74204775616e677a686f7520526573656172636820616e6420446576656c6f706d656e742043656e7465723110300e0603550403130754656e63656e74301e170d3131303131393134333933325a170d3431303131313134333933325a3081b9310b300906035504061302383631123010060355040813094775616e67646f6e673111300f060355040713085368656e7a68656e31353033060355040a132c54656e63656e7420546563686e6f6c6f6779285368656e7a68656e2920436f6d70616e79204c696d69746564313a3038060355040b133154656e63656e74204775616e677a686f7520526573656172636820616e6420446576656c6f706d656e742043656e7465723110300e0603550403130754656e63656e7430819f300d06092a864886f70d010101050003818d0030818902818100c05f34b231b083fb1323670bfbe7bdab40c0c0a6efc87ef2072a1ff0d60cc67c8edb0d0847f210bea6cbfaa241be70c86daf56be08b723c859e52428a064555d80db448cdcacc1aea2501eba06f8bad12a4fa49d85cacd7abeb68945a5cb5e061629b52e3254c373550ee4e40cb7c8ae6f7a8151ccd8df582d446f39ae0c5e930203010001300d06092a864886f70d0101050500038181009c8d9d7f2f908c42081b4c764c377109a8b2c70582422125ce545842d5f520aea69550b6bd8bfd94e987b75a3077eb04ad341f481aac266e89d3864456e69fba13df018acdc168b9a19dfd7ad9d9cc6f6ace57c746515f71234df3a053e33ba93ece5cd0fc15f3e389a3f365588a9fcb439e069d3629cd7732a13fff7b891499
2021-01-24 10:08:31.904 20953-21438/? D/MicroMsg.SDK.WXMsgImplComm: pass
2021-01-24 10:08:31.904 5133-5828/? W/TelephonyPermissions: reportAccessDeniedToReadIdentifiers:com.tencent.qqlive:getSubscriberId:isPreinstalled=false:isPrivApp=false
2021-01-24 10:08:31.905 20953-21438/? D/MicroMsg.SDK.WXMsgImplComm: check signature:308202eb30820254a00302010202044d36f7a4300d06092a864886f70d01010505003081b9310b300906035504061302383631123010060355040813094775616e67646f6e673111300f060355040713085368656e7a68656e31353033060355040a132c54656e63656e7420546563686e6f6c6f6779285368656e7a68656e2920436f6d70616e79204c696d69746564313a3038060355040b133154656e63656e74204775616e677a686f7520526573656172636820616e6420446576656c6f706d656e742043656e7465723110300e0603550403130754656e63656e74301e170d3131303131393134333933325a170d3431303131313134333933325a3081b9310b300906035504061302383631123010060355040813094775616e67646f6e673111300f060355040713085368656e7a68656e31353033060355040a132c54656e63656e7420546563686e6f6c6f6779285368656e7a68656e2920436f6d70616e79204c696d69746564313a3038060355040b133154656e63656e74204775616e677a686f7520526573656172636820616e6420446576656c6f706d656e742043656e7465723110300e0603550403130754656e63656e7430819f300d06092a864886f70d010101050003818d0030818902818100c05f34b231b083fb1323670bfbe7bdab40c0c0a6efc87ef2072a1ff0d60cc67c8edb0d0847f210bea6cbfaa241be70c86daf56be08b723c859e52428a064555d80db448cdcacc1aea2501eba06f8bad12a4fa49d85cacd7abeb68945a5cb5e061629b52e3254c373550ee4e40cb7c8ae6f7a8151ccd8df582d446f39ae0c5e930203010001300d06092a864886f70d0101050500038181009c8d9d7f2f908c42081b4c764c377109a8b2c70582422125ce545842d5f520aea69550b6bd8bfd94e987b75a3077eb04ad341f481aac266e89d3864456e69fba13df018acdc168b9a19dfd7ad9d9cc6f6ace57c746515f71234df3a053e33ba93ece5cd0fc15f3e389a3f365588a9fcb439e069d3629cd7732a13fff7b891499
2021-01-24 10:08:31.905 20953-21438/? D/MicroMsg.SDK.WXMsgImplComm: pass
2021-01-24 10:08:31.905 6576-6576/? I/CNSS: Failed to send nl message
2021-01-24 10:08:31.906 610-21648/? E/ResolverController: No valid NAT64 prefix (437, <unspecified>/0)
2021-01-24 10:08:31.907 5133-5149/? W/TelephonyPermissions: reportAccessDeniedToReadIdentifiers:com.tencent.qqlive:getSubscriberId:isPreinstalled=false:isPrivApp=false
2021-01-24 10:08:31.908 21557-21557/? W/System: ClassLoader referenced unknown path:
2021-01-24 10:08:31.918 21557-21640/? W/DummyProcessStartup: initialize: useless startup:java.lang.Throwable
        at com.tencent.luggage.wxa.anf.h(DummyProcessStartup.kt:12)
        at com.tencent.luggage.wxa.anj.h(ProcessStartupFactory.kt:45)
        at com.tencent.luggage.wxa.amj.<init>(WxaApiImpl.kt:137)
        at com.tencent.luggage.wxaapi.WxaApi$Factory.createApi(WxaApi.java:147)
        at com.tencent.qqlive.jsapi.utils.WxaSdkPkgLoader.b(WxaSdkPkgLoader.java:127)
        at com.tencent.qqlive.jsapi.utils.WxaSdkPkgLoader.onApplicationCreate(WxaSdkPkgLoader.java:89)
        at com.tencent.qqlive.ona.base.a.a.l$1.run(WXAOptimizeTask.java:40)
        at java.util.concurrent.Executors$RunnableAdapter.call(Executors.java:462)
        at java.util.concurrent.FutureTask.run(FutureTask.java:266)
        at com.tencent.qqlive.ona.base.a.c$a.run(AsyncRunCheck.java:88)
        at java.util.concurrent.Executors$RunnableAdapter.call(Executors.java:462)
        at java.util.concurrent.FutureTask.run(FutureTask.java:266)
        at com.tencent.qqlive.modules.vb.threadservice.a.d.run(VBExecuteRunnable.java:48)
        at java.util.concurrent.ThreadPoolExecutor.runWorker(ThreadPoolExecutor.java:1167)
        at java.util.concurrent.ThreadPoolExecutor$Worker.run(ThreadPoolExecutor.java:641)
        at java.lang.Thread.run(Thread.java:919)
2021-01-24 10:08:31.918 490-490/? I/hwservicemanager: getTransport: Cannot find entry android.hardware.graphics.mapper@3.0::IMapper/default in either framework or device manifest.
2021-01-24 10:08:31.918 20953-21477/? W/Gralloc3: mapper 3.x is not supported
2021-01-24 10:08:31.921 21557-21640/? D/MicroMsg.PaySdk.WXFactory: createWXAPI, appId = wxca942bbff22e0e51, checkSignature = true
2021-01-24 10:08:31.923 21557-21640/? D/MicroMsg.SDK.WXApiImplV10: <init>, appId = wxca942bbff22e0e51, checkSignature = true
2021-01-24 10:08:31.924 1684-14425/? W/DevicePolicyManager: Package com.tencent.qqlive (uid=10434, pid=20953) cannot access Device IDs
2021-01-24 10:08:31.925 5133-5690/? W/TelephonyPermissions: reportAccessDeniedToReadIdentifiers:com.tencent.qqlive:getImeiForSlot:isPreinstalled=false:isPrivApp=false
2021-01-24 10:08:31.929 21557-21640/? I/Luggage.WxaApiImpl: <init> process:com.tencent.qqlive:cache, version:1.2.6(0x27001430), hostAppID:wxca942bbff22e0e51, abiType:1
2021-01-24 10:08:31.929 21557-21640/? I/ashercai: QQLiveApplication 2
2021-01-24 10:08:31.929 21557-21640/? I/ashercai: QQLiveApplication 3
2021-01-24 10:08:31.939 20953-21477/? I/OpenGLRenderer: Davey! duration=914ms; Flags=1, IntendedVsync=369037187175530, Vsync=369037987175498, OldestInputEvent=9223372036854775807, NewestInputEvent=0, HandleInputStart=369037991951722, AnimationStart=369037992014222, PerformTraversalsStart=369037992018805, DrawStart=369038078879326, SyncQueued=369038081215263, SyncStart=369038081716878, IssueDrawCommandsStart=369038081821149, SwapBuffers=369038099080263, FrameCompleted=369038101996826, DequeueBufferDuration=647000, QueueBufferDuration=1310000,
2021-01-24 10:08:31.939 20953-20953/? W/Looper: Slow Looper main: doFrame is 802ms late because of 70 msg, msg 20 took 80ms (seq=24 running=2ms late=2188ms h=android.app.ActivityThread$H c=android.app.-$$Lambda$LoadedApk$ReceiverDispatcher$Args$_BumDX2UKsnxLVrE6UJsJZkotuA), msg 21 took 180ms (seq=25 running=23ms runnable=3ms late=2223ms h=android.app.ActivityThread$H w=114), msg 26 took 446ms (seq=30 running=2ms late=2369ms h=android.os.Handler c=com.tencent.falco.base.d.a$7)
2021-01-24 10:08:31.940 1684-12529/? W/DevicePolicyManager: Package com.tencent.qqlive (uid=10434, pid=20953) cannot access Device IDs
2021-01-24 10:08:31.944 5133-5636/? W/TelephonyPermissions: reportAccessDeniedToReadIdentifiers:com.tencent.qqlive:getImeiForSlot:isPreinstalled=false:isPrivApp=false
2021-01-24 10:08:31.951 1684-13448/? W/DevicePolicyManager: Package com.tencent.qqlive (uid=10434, pid=20953) cannot access Device IDs
2021-01-24 10:08:31.953 5133-26270/? W/TelephonyPermissions: reportAccessDeniedToReadIdentifiers:com.tencent.qqlive:getImeiForSlot:isPreinstalled=false:isPrivApp=false
2021-01-24 10:08:31.956 1684-1804/? I/Timeline: Timeline: Activity_windows_visible id: ActivityRecord{d501067 u0 com.tencent.qqlive/.ona.activity.SplashHomeActivity t16030} time:369038121
2021-01-24 10:08:31.958 1684-7568/? W/DevicePolicyManager: Package com.tencent.qqlive (uid=10434, pid=20986) cannot access Device IDs
2021-01-24 10:08:31.959 5133-5634/? W/TelephonyPermissions: reportAccessDeniedToReadIdentifiers:com.tencent.qqlive:getSubscriberId:isPreinstalled=false:isPrivApp=false
2021-01-24 10:08:31.959 8245-8536/? E/PowerKeeper.Event: oops, parse AM_RESTART_ACTIVITY_AI parameter error
2021-01-24 10:08:31.968 1684-6874/? W/DevicePolicyManager: Package com.tencent.qqlive (uid=10434, pid=21008) cannot access Device IDs
2021-01-24 10:08:31.969 5133-27821/? W/TelephonyPermissions: reportAccessDeniedToReadIdentifiers:com.tencent.qqlive:getImeiForSlot:isPreinstalled=false:isPrivApp=false
2021-01-24 10:08:31.970 1684-7538/? W/DevicePolicyManager: Package com.tencent.qqlive (uid=10434, pid=21215) cannot access Device IDs
2021-01-24 10:08:31.977 20953-20953/? W/beacon-thread-2: type=1400 audit(0.0:346056): avc: denied { read } for name="type" dev="sysfs" ino=43910 scontext=u:r:untrusted_app_27:s0:c178,c257,c512,c768 tcontext=u:object_r:sysfs:s0 tclass=file permissive=0
2021-01-24 10:08:31.977 20953-20953/? W/beacon-thread-2: type=1400 audit(0.0:346057): avc: denied { read } for name="name" dev="sysfs" ino=43893 scontext=u:r:untrusted_app_27:s0:c178,c257,c512,c768 tcontext=u:object_r:sysfs:s0 tclass=file permissive=0
2021-01-24 10:08:31.971 1684-7715/? W/DevicePolicyManager: Package com.tencent.qqlive (uid=10434, pid=20953) cannot access Device IDs
2021-01-24 10:08:31.972 1684-7538/? W/DevicePolicyManager: Package com.tencent.qqlive (uid=10434, pid=20953) cannot access Device IDs
2021-01-24 10:08:31.972 5133-5684/? W/TelephonyPermissions: reportAccessDeniedToReadIdentifiers:com.tencent.qqlive:getSubscriberId:isPreinstalled=false:isPrivApp=false
2021-01-24 10:08:31.975 5133-7374/? I/SarService: Receiver polling >>>> Change receiver mode: off
2021-01-24 10:08:31.976 5133-5690/? W/TelephonyPermissions: reportAccessDeniedToReadIdentifiers:com.tencent.qqlive:getImeiForSlot:isPreinstalled=false:isPrivApp=false
2021-01-24 10:08:31.976 5133-5714/? W/TelephonyPermissions: reportAccessDeniedToReadIdentifiers:com.tencent.qqlive:getMeidForSlot:isPreinstalled=false:isPrivApp=false
2021-01-24 10:08:31.985 1684-7715/? W/DevicePolicyManager: Package com.tencent.qqlive (uid=10434, pid=20953) cannot access Device IDs
2021-01-24 10:08:31.987 1684-31081/? W/MessageQueue: Handler (android.media.audiofx.Visualizer$NativeEventHandler) {fabdefe} sending message to a Handler on a dead thread
    java.lang.IllegalStateException: Handler (android.media.audiofx.Visualizer$NativeEventHandler) {fabdefe} sending message to a Handler on a dead thread
        at android.os.MessageQueue.enqueueMessage(MessageQueue.java:561)
        at android.os.Handler.enqueueMessage(Handler.java:754)
        at android.os.Handler.sendMessageAtTime(Handler.java:703)
        at android.os.Handler.sendMessageDelayed(Handler.java:673)
        at android.os.Handler.sendMessage(Handler.java:611)
        at android.media.audiofx.Visualizer.postEventFromNative(Visualizer.java:787)
2021-01-24 10:08:31.987 20953-20953/? I/SkinEngine: thread id : 2,[onPostExecute]: start
2021-01-24 10:08:31.989 20953-20953/? I/SkinEngine: thread id : 2,[onPostExecute]: done
2021-01-24 10:08:31.987 20953-20953/? W/beacon-thread-2: type=1400 audit(0.0:346058): avc: denied { read } for name="cid" dev="sysfs" ino=43884 scontext=u:r:untrusted_app_27:s0:c178,c257,c512,c768 tcontext=u:object_r:sysfs_emmc_name:s0 tclass=file permissive=0
2021-01-24 10:08:31.988 20986-21000/? I/qlive:pmservic: Background concurrent copying GC freed 69311(4482KB) AllocSpace objects, 19(380KB) LOS objects, 49% free, 6672KB/13MB, paused 146us total 493.856ms
2021-01-24 10:08:31.995 5133-5828/? W/TelephonyPermissions: reportAccessDeniedToReadIdentifiers:com.tencent.qqlive:getSubscriberId:isPreinstalled=false:isPrivApp=false
2021-01-24 10:08:31.997 20953-21169/? I/OpenRuntimeJNI: appbrandcommon fileLen:95336
2021-01-24 10:08:31.998 20953-21169/? D/OpenRuntimeJNI: 5cc02ba3c77826f2ab45f3387983bfa3 md5String:appbrandcommon
2021-01-24 10:08:31.998 20953-21169/? I/OpenRuntimeJNI: appbrandcommon abi:1 check success
2021-01-24 10:08:31.998 20953-21169/? I/OpenRuntimeJNI: owl fileLen:272296
2021-01-24 10:08:31.998 1684-12529/? W/DevicePolicyManager: Package com.tencent.qqlive (uid=10434, pid=20953) cannot access Device IDs
2021-01-24 10:08:31.999 20953-21431/? I/CarrierManager: getActiveSubscription()=[ EmptySubscription imsi = 3000501fda70e28de7cd040ab0a5cdc784f520453060010215509 ] hash=EmptySubscription@322817
2021-01-24 10:08:32.003 1684-14425/? W/DevicePolicyManager: Package com.tencent.qqlive (uid=10434, pid=20953) cannot access Device IDs
2021-01-24 10:08:32.003 20953-21438/? D/MicroMsg.SDK.WXApiImplV10: wxSdkVersion = 671088689
2021-01-24 10:08:32.004 5133-26270/? W/TelephonyPermissions: reportAccessDeniedToReadIdentifiers:com.tencent.qqlive:getSubscriberId:isPreinstalled=false:isPrivApp=false
2021-01-24 10:08:32.005 20953-21438/? I/ProtocolManager: createNetWorkTask: NACManager, serverInfo = acc.qq.com : acc.qq.com, nacState = 1, request = SplashAdRealtimePollRequest
2021-01-24 10:08:32.006 5133-5636/? W/TelephonyPermissions: reportAccessDeniedToReadIdentifiers:com.tencent.qqlive:getSubscriberId:isPreinstalled=false:isPrivApp=false
2021-01-24 10:08:32.008 6576-6576/? I/CNSS: Failed to send nl message
2021-01-24 10:08:32.022 20953-21169/? D/OpenRuntimeJNI: 04a106c756b1bfbc9c335891f462a900 md5String:owl
2021-01-24 10:08:32.022 20953-21169/? I/OpenRuntimeJNI: owl abi:1 check success
2021-01-24 10:08:32.022 20953-21169/? I/OpenRuntimeJNI: ilink_tdi fileLen:575196
2021-01-24 10:08:32.026 1684-1831/? I/ActivityTaskManager: Displayed com.tencent.qqlive/.ona.activity.SplashHomeActivity: +5s223ms
2021-01-24 10:08:32.031 20953-21169/? D/OpenRuntimeJNI: cd3c3f8bd4689e444245a3a8ae34a34c md5String:ilink_tdi
2021-01-24 10:08:32.031 20953-21169/? I/OpenRuntimeJNI: ilink_tdi abi:1 check success
2021-01-24 10:08:32.032 20953-21169/? I/OpenRuntimeJNI: qm_native_decoder_ffmpeg fileLen:79068
2021-01-24 10:08:32.032 20953-21169/? D/OpenRuntimeJNI: d432158d4c905e83e957aa43bd77f2f0 md5String:qm_native_decoder_ffmpeg
2021-01-24 10:08:32.032 20953-21169/? I/OpenRuntimeJNI: qm_native_decoder_ffmpeg abi:1 check success
2021-01-24 10:08:32.032 20953-21169/? I/OpenRuntimeJNI: QmNativeDataSource fileLen:34004
2021-01-24 10:08:32.033 20953-21169/? D/OpenRuntimeJNI: bea559bae932e3d77a44dabb924ce30d md5String:QmNativeDataSource
2021-01-24 10:08:32.033 20953-21169/? I/OpenRuntimeJNI: QmNativeDataSource abi:1 check success
2021-01-24 10:08:32.033 20953-21169/? I/OpenRuntimeJNI: native-iv fileLen:59048
2021-01-24 10:08:32.033 20953-21169/? D/OpenRuntimeJNI: d5896063c8b6376dc88498f2902c71a6 md5String:native-iv
2021-01-24 10:08:32.033 20953-21169/? I/OpenRuntimeJNI: native-iv abi:1 check success
2021-01-24 10:08:32.033 20953-21169/? I/OpenRuntimeJNI: private_protobuf fileLen:177856
2021-01-24 10:08:32.034 20953-21169/? D/OpenRuntimeJNI: 60bab218883859fb321748d2f6c9ea69 md5String:private_protobuf
2021-01-24 10:08:32.035 20953-21169/? I/OpenRuntimeJNI: private_protobuf abi:1 check success
2021-01-24 10:08:32.035 20953-21169/? I/OpenRuntimeJNI: txffmpeg fileLen:1760752
2021-01-24 10:08:32.053 1684-6874/? W/DevicePolicyManager: Package com.tencent.qqlive (uid=10434, pid=21008) cannot access Device IDs
2021-01-24 10:08:32.055 1684-13448/? W/DevicePolicyManager: Package com.tencent.qqlive (uid=10434, pid=21215) cannot access Device IDs
2021-01-24 10:08:32.057 20953-21169/? D/OpenRuntimeJNI: 4a3b64bd59f8ee39c013b1f980212a04 md5String:txffmpeg
2021-01-24 10:08:32.057 20953-21169/? I/OpenRuntimeJNI: txffmpeg abi:1 check success
2021-01-24 10:08:32.058 20953-21169/? I/OpenRuntimeJNI: qm_native_decoder_mp3 fileLen:227352
2021-01-24 10:08:32.059 20953-21169/? D/OpenRuntimeJNI: f0cacc60f98b2ab5f7b6281e14578bb9 md5String:qm_native_decoder_mp3
2021-01-24 10:08:32.059 20953-21169/? I/OpenRuntimeJNI: qm_native_decoder_mp3 abi:1 check success
2021-01-24 10:08:32.059 20953-21433/? D/Qp.QFW: Native ver: 16777216(1.0.0)
2021-01-24 10:08:32.059 20953-21169/? I/OpenRuntimeJNI: FormatDetector fileLen:46348
2021-01-24 10:08:32.060 20953-21169/? D/OpenRuntimeJNI: 5a953ff0f59c51e5ca7b50e0938146f1 md5String:FormatDetector
2021-01-24 10:08:32.060 20953-21169/? I/OpenRuntimeJNI: FormatDetector abi:1 check success
2021-01-24 10:08:32.060 20953-21169/? I/OpenRuntimeJNI: codec_factory fileLen:46292
2021-01-24 10:08:32.060 20953-21169/? D/OpenRuntimeJNI: c63d0d7a87eb4ae7e0e025125437cd29 md5String:codec_factory
2021-01-24 10:08:32.060 20953-21169/? I/OpenRuntimeJNI: codec_factory abi:1 check success
2021-01-24 10:08:32.060 20953-21169/? I/OpenRuntimeJNI: magicbrush fileLen:4540504
2021-01-24 10:08:32.062 1684-4438/? W/DevicePolicyManager: Package com.tencent.qqlive (uid=10434, pid=20953) cannot access Device IDs
2021-01-24 10:08:32.064 5133-5828/? W/TelephonyPermissions: reportAccessDeniedToReadIdentifiers:com.tencent.qqlive:getSubscriberId:isPreinstalled=false:isPrivApp=false
2021-01-24 10:08:32.065 20953-20953/? D/UserStatusInfoModule: isCurrentUserSpecial
2021-01-24 10:08:32.066 610-21667/? E/ResolverController: No valid NAT64 prefix (437, <unspecified>/0)
2021-01-24 10:08:32.068 21557-21557/? I/MMKV: <MMKV.cpp:330::loadFromFile> loading [nx_login_config_file] with 0 size in total, file size is 4096
2021-01-24 10:08:32.068 21557-21557/? I/MMKV: <MMKV.cpp:375::loadFromFile> loaded [nx_login_config_file] with 0 values
2021-01-24 10:08:32.072 610-21666/? E/ResolverController: No valid NAT64 prefix (437, <unspecified>/0)
2021-01-24 10:08:32.072 20953-20953/? I/Statistics: adGone()
2021-01-24 10:08:32.073 20953-20953/? E/TAG: pauseInit
2021-01-24 10:08:32.080 20953-21538/? I/ProtocolManager: createNetWorkTask: NACManager, serverInfo = acc.qq.com : acc.qq.com, nacState = 1, request = SplashInfoRequest
2021-01-24 10:08:32.087 20953-20953/? I/Statistics: homeShow()
2021-01-24 10:08:32.088 1684-8873/? W/DevicePolicyManager: Package com.tencent.qqlive (uid=10434, pid=20953) cannot access Device IDs
2021-01-24 10:08:32.088 20953-21659/? D/Qmsp.Cb: Start to query cb!
2021-01-24 10:08:32.088 1684-31081/? W/MessageQueue: Handler (android.media.audiofx.Visualizer$NativeEventHandler) {fabdefe} sending message to a Handler on a dead thread
    java.lang.IllegalStateException: Handler (android.media.audiofx.Visualizer$NativeEventHandler) {fabdefe} sending message to a Handler on a dead thread
        at android.os.MessageQueue.enqueueMessage(MessageQueue.java:561)
        at android.os.Handler.enqueueMessage(Handler.java:754)
        at android.os.Handler.sendMessageAtTime(Handler.java:703)
        at android.os.Handler.sendMessageDelayed(Handler.java:673)
        at android.os.Handler.sendMessage(Handler.java:611)
        at android.media.audiofx.Visualizer.postEventFromNative(Visualizer.java:787)
2021-01-24 10:08:32.088 20953-21433/? D/Qp.QLM: OnEveryLogin mHasLoadLocal = false
2021-01-24 10:08:32.089 5133-5634/? W/TelephonyPermissions: reportAccessDeniedToReadIdentifiers:com.tencent.qqlive:getImeiForSlot:isPreinstalled=false:isPrivApp=false
2021-01-24 10:08:32.090 20953-20953/? I/g: onNetworkFinish success = true model = version = 300819#327390#620350#307774#285648#298342 config = {"beacon_switch":"1","immersive_preload_switch":"1","ineffect":"ineffect_tab_2","newUser":"new_user_tab_1","noStrategy":"false","personal_page_style":"1","pip_enable":"1","qq_mini_game_default_url":"https://iwan.qq.com/fun/mindex?ADTAG=txsp.sqxyx.ycstz&hidetitlebar=1&autoplay=1","qq_mini_game_switch":"1","un_detail_page_switch":"1","video_detail_refresh_new":"1"}
2021-01-24 10:08:32.091 1684-13448/? W/DevicePolicyManager: Package com.tencent.qqlive (uid=10434, pid=20953) cannot access Device IDs
2021-01-24 10:08:32.096 5133-5690/? W/TelephonyPermissions: reportAccessDeniedToReadIdentifiers:com.tencent.qqlive:getImeiForSlot:isPreinstalled=false:isPrivApp=false
2021-01-24 10:08:32.097 1684-8873/? W/DevicePolicyManager: Package com.tencent.qqlive (uid=10434, pid=20953) cannot access Device IDs
