2021-01-24 10:08:26.870 929-1043/? I/ThermalEngine: sampling 10
    sensor mdm-core-usr
2021-01-24 10:08:26.870 929-1043/? I/ThermalEngine: thresholds 100000
2021-01-24 10:08:26.870 929-1043/? I/ThermalEngine: thresholds_clr 95000
2021-01-24 10:08:26.870 929-1043/? I/ThermalEngine: actions camera+camcorder
2021-01-24 10:08:26.870 929-1043/? I/ThermalEngine: action_info 10+10
2021-01-24 10:08:26.870 929-1043/? I/ThermalEngine: [GPU-CX-TJ-MONITOR]
2021-01-24 10:08:26.870 929-1043/? I/ThermalEngine: #algo_type monitor
2021-01-24 10:08:26.870 929-1043/? I/ThermalEngine: sampling 10
    sensor gpu-usr
2021-01-24 10:08:26.870 929-1043/? I/ThermalEngine: thresholds 100000
2021-01-24 10:08:26.870 929-1043/? I/ThermalEngine: thresholds_clr 95000
2021-01-24 10:08:26.870 929-1043/? I/ThermalEngine: actions camera+camcorder
2021-01-24 10:08:26.870 929-1043/? I/ThermalEngine: action_info 10+10
2021-01-24 10:08:26.870 929-1043/? I/ThermalEngine: [CAMERA-CX-TJ-MONITOR]
2021-01-24 10:08:26.870 929-1043/? I/ThermalEngine: #algo_type monitor
2021-01-24 10:08:26.870 929-1043/? I/ThermalEngine: sampling 10
    sensor camera-usr
2021-01-24 10:08:26.870 929-1043/? I/ThermalEngine: thresholds 100000
2021-01-24 10:08:26.870 929-1043/? I/ThermalEngine: thresholds_clr 95000
2021-01-24 10:08:26.870 929-1043/? I/ThermalEngine: actions camera+camcorder
2021-01-24 10:08:26.870 929-1043/? I/ThermalEngine: action_info 10+10
2021-01-24 10:08:26.870 929-1043/? I/ThermalEngine: [CDSP-MONITOR]
2021-01-24 10:08:26.870 929-1043/? I/ThermalEngine: #algo_type monitor
2021-01-24 10:08:26.870 929-1043/? I/ThermalEngine: sampling 1000
    sensor cdsp-usr
2021-01-24 10:08:26.870 929-1043/? I/ThermalEngine: thresholds 100000
2021-01-24 10:08:26.870 929-1043/? I/ThermalEngine: thresholds_clr 95000
2021-01-24 10:08:26.870 929-1043/? I/ThermalEngine: actions camera+camcorder
2021-01-24 10:08:26.870 929-1043/? I/ThermalEngine: action_info 10+10
2021-01-24 10:08:26.870 1684-1804/? I/Timeline: Timeline: App_transition_ready time:369033035
2021-01-24 10:08:26.873 929-1044/? I/ThermalEngine: ss_algo_switch: Config switch
2021-01-24 10:08:26.875 929-1044/? I/ThermalEngine: [SS-QUIET-THERMAL-G1]
2021-01-24 10:08:26.875 929-1044/? I/ThermalEngine: algo_type ss
2021-01-24 10:08:26.875 929-1044/? I/ThermalEngine: sampling 5000
    sensor emmc-ufs-therm-adc
    device cpu4
2021-01-24 10:08:26.875 929-1044/? I/ThermalEngine: set_point 49000
    set_point_clr 48000
    time_constant 0
2021-01-24 10:08:26.875 929-1044/? I/ThermalEngine: device_max_limit 1401600
2021-01-24 10:08:26.875 929-1044/? I/ThermalEngine: [SS-QUIET-THERMAL-S1]
2021-01-24 10:08:26.875 929-1044/? I/ThermalEngine: algo_type ss
2021-01-24 10:08:26.875 929-1044/? I/ThermalEngine: sampling 5000
    sensor emmc-ufs-therm-adc
    device cpu0
2021-01-24 10:08:26.875 929-1044/? I/ThermalEngine: set_point 51000
    set_point_clr 50900
    time_constant 0
2021-01-24 10:08:26.875 929-1044/? I/ThermalEngine: device_max_limit 1420800
2021-01-24 10:08:26.882 7259-27684/? D/GameBoosterService: onGameStatusChange foreground:ForegroundInfo{mForegroundPackageName='com.tencent.qqlive', mForegroundUid=10434, mForegroundPid=20953, mLastForegroundPackageName='com.miui.home', mLastForegroundUid=10031, mLastForegroundPid=23819, mMultiWindowForegroundPackageName='null', mMultiWindowForegroundUid=-1, mFlags=1}
2021-01-24 10:08:26.882 7259-27684/? I/GameBoosterService: onForegroundInfoChanged: Exit
2021-01-24 10:08:26.882 7259-27684/? I/VideoBoxUtils: isSupportVideoBox: false
2021-01-24 10:08:26.884 7259-27684/? I/VideoToolBoxService: onForegroundInfoChanged: Enter Vtb pkg=com.tencent.qqlive
2021-01-24 10:08:26.884 7259-8231/? I/VideoBoxServiceManager: startVideoBox: isDuringVideoBoxMode=false
2021-01-24 10:08:26.889 1684-31081/? W/MessageQueue: Handler (android.media.audiofx.Visualizer$NativeEventHandler) {fabdefe} sending message to a Handler on a dead thread
    java.lang.IllegalStateException: Handler (android.media.audiofx.Visualizer$NativeEventHandler) {fabdefe} sending message to a Handler on a dead thread
        at android.os.MessageQueue.enqueueMessage(MessageQueue.java:561)
        at android.os.Handler.enqueueMessage(Handler.java:754)
        at android.os.Handler.sendMessageAtTime(Handler.java:703)
        at android.os.Handler.sendMessageDelayed(Handler.java:673)
        at android.os.Handler.sendMessage(Handler.java:611)
        at android.media.audiofx.Visualizer.postEventFromNative(Visualizer.java:787)
2021-01-24 10:08:26.889 25689-26198/? I/CloudSettingsProvider: uriMatch : 2
2021-01-24 10:08:26.892 1684-4303/? I/MiuiNetworkPolicy: updateUidState uid = 10434, uidState = 2
2021-01-24 10:08:26.892 1684-4303/? I/MiuiNetworkPolicy: updateWmmForUidState uid: 10434 state: 2 wmm: 2
2021-01-24 10:08:26.893 610-25312/? D/OemNetd: updateWmm: uid=10434, wmm=2
2021-01-24 10:08:26.897 610-25312/? D/OemNetd: whiteListUid: uid=10434, wmm=add
2021-01-24 10:08:26.898 7259-8231/? I/VideoEffectUtils: setVppEnable: true
2021-01-24 10:08:26.901 26373-26412/? D/ActivityUtils: packageNameComponentInfo{com.tencent.qqlive/com.tencent.qqlive.ona.activity.SplashHomeActivity}
2021-01-24 10:08:26.902 25689-26198/? I/CloudSettingsProvider: uriMatch : 2
2021-01-24 10:08:26.910 7259-8231/? I/VideoBoxServiceManager: VideoBoxServiceManager: Open
2021-01-24 10:08:26.910 7259-8231/? I/VideoBoxServiceManager: open
2021-01-24 10:08:26.911 1684-1684/? V/SettingsProvider: Notifying for 0: content://settings/secure/vtb_boosting
2021-01-24 10:08:26.913 742-7835/? I//vendor/bin/hw/vendor.qti.hardware.servicetracker@1.1-service: bindService is called for service : com.miui.securitycenter/com.miui.gamebooster.service.GameBoxWindowManagerService and for client com.miui.securitycenter.remote
2021-01-24 10:08:26.913 742-7835/? I//vendor/bin/hw/vendor.qti.hardware.servicetracker@1.1-service: total connections for service : com.miui.securitycenter/com.miui.gamebooster.service.GameBoxWindowManagerServiceare :1
2021-01-24 10:08:26.913 742-7835/? I//vendor/bin/hw/vendor.qti.hardware.servicetracker@1.1-service: total connections for client : com.miui.securitycenter.remoteare :5
2021-01-24 10:08:26.915 1684-6874/? D/CompatibilityInfo: mCompatibilityFlags - 0
2021-01-24 10:08:26.915 1684-6874/? D/CompatibilityInfo: applicationDensity - 440
2021-01-24 10:08:26.915 1684-6874/? D/CompatibilityInfo: applicationScale - 1.0
2021-01-24 10:08:26.917 742-7835/? I//vendor/bin/hw/vendor.qti.hardware.servicetracker@1.1-service: startService() is called for servicecom.miui.securitycenter/com.miui.gamebooster.service.GameBoxWindowManagerService
2021-01-24 10:08:26.919 17099-17099/? I/GameBoxWindowManager: onBind type=0
2021-01-24 10:08:26.920 17099-17099/? I/VideoBoxUtils: startVideoBoxMode
2021-01-24 10:08:26.920 20953-20953/? I/.tencent.qqliv: The ClassLoaderContext is a special shared library.
2021-01-24 10:08:26.920 17099-17099/? I/DisplayEffectUtils: isSupportVDS: false
2021-01-24 10:08:26.924 17099-17099/? D/BinderManager: action:com.miui.gamebooster.service.GameBoosterServices   bindCount : 1
2021-01-24 10:08:26.927 742-7835/? I//vendor/bin/hw/vendor.qti.hardware.servicetracker@1.1-service: bindService is called for service : com.miui.securitycenter/com.miui.gamebooster.service.GameBoosterService and for client com.miui.securitycenter:ui
2021-01-24 10:08:26.927 742-7835/? I//vendor/bin/hw/vendor.qti.hardware.servicetracker@1.1-service: total connections for service : com.miui.securitycenter/com.miui.gamebooster.service.GameBoosterServiceare :1
2021-01-24 10:08:26.927 742-7835/? I//vendor/bin/hw/vendor.qti.hardware.servicetracker@1.1-service: total connections for client : com.miui.securitycenter:uiare :1
2021-01-24 10:08:26.931 17099-17099/? D/BinderManager: can not  find cached binder，bind service thread:Thread[main,5,main]  isBindServiceSuccess:true
2021-01-24 10:08:26.931 17099-17099/? I/GameBoosterManager: getBindGameService :true
2021-01-24 10:08:26.939 20953-20953/? W/.tencent.qqliv: resources.arsc in APK '/data/app/com.tencent.qqlive-OceE97h1buzx_N2O9Jabpw==/base.apk' is compressed.
2021-01-24 10:08:26.954 20953-20953/? I/Perf: Connecting to perf service.
2021-01-24 10:08:26.962 5133-7374/? I/SarService: Receiver polling >>>> Change receiver mode: off
2021-01-24 10:08:26.971 20953-20953/? I/load_dex_tag: QQLiveApplication init
2021-01-24 10:08:26.974 6576-6576/? I/CNSS: Failed to send nl message
2021-01-24 10:08:26.982 20953-20953/? I/load_dex_tag: application attachBaseContext
2021-01-24 10:08:26.983 20953-20953/? I/MultiDex: VM with version 2.1.0 has multidex support
2021-01-24 10:08:26.984 20953-20953/? I/MultiDex: install
2021-01-24 10:08:26.984 20953-20953/? I/MultiDex: VM has multidex support, MultiDex support library is disabled.
2021-01-24 10:08:26.988 20953-20953/? E/a: ApplicationWrapper:attachBaseContext: process = com.tencent.qqlive, processType = 16
2021-01-24 10:08:26.988 23819-23819/? D/miuix_anim: doFinishProcess, ViewProperty{mPropertyName='scaleY'}, ratio = 1.0, targetValue = 1.0, value = 0.9989474325030492, diff = 0.001052567496950818, frameCount = 16
2021-01-24 10:08:26.991 1684-31081/? W/MessageQueue: Handler (android.media.audiofx.Visualizer$NativeEventHandler) {fabdefe} sending message to a Handler on a dead thread
    java.lang.IllegalStateException: Handler (android.media.audiofx.Visualizer$NativeEventHandler) {fabdefe} sending message to a Handler on a dead thread
        at android.os.MessageQueue.enqueueMessage(MessageQueue.java:561)
        at android.os.Handler.enqueueMessage(Handler.java:754)
        at android.os.Handler.sendMessageAtTime(Handler.java:703)
        at android.os.Handler.sendMessageDelayed(Handler.java:673)
        at android.os.Handler.sendMessage(Handler.java:611)
        at android.media.audiofx.Visualizer.postEventFromNative(Visualizer.java:787)
2021-01-24 10:08:26.992 6576-6576/? I/CNSS: Failed to send nl message
2021-01-24 10:08:26.993 20953-20953/? D/SLAReporter: set open: false ,real: false
2021-01-24 10:08:26.993 23819-23819/? D/miuix_anim: AnimRunningInfo, stop scaleY, toTag = myUp, property = scaleY, anim.getCurrentValue = 1.0
2021-01-24 10:08:26.993 20953-20953/? D/RAApplicationContext: startup [31618835], current RAFT version:com.raft.uas/v1alpha2
2021-01-24 10:08:26.994 20953-20953/? D/RAServiceManager: init ...
2021-01-24 10:08:26.994 23819-23819/? D/miuix_anim: doFinishProcess, ViewProperty{mPropertyName='scaleX'}, ratio = 1.0, targetValue = 1.0, value = 0.9989474325030492, diff = 0.001052567496950818, frameCount = 16
2021-01-24 10:08:26.994 23819-23819/? D/miuix_anim: AnimRunningInfo, stop scaleX, toTag = myUp, property = scaleX, anim.getCurrentValue = 1.0
2021-01-24 10:08:26.995 23819-23819/? D/miuix_anim: anim end, tag = myUp, property = scaleY
2021-01-24 10:08:26.995 23819-23819/? D/miuix_anim: anim end, tag = myUp, property = scaleX
2021-01-24 10:08:26.996 23819-23819/? D/miuix_anim: AnimRunner.endAnimation
2021-01-24 10:08:26.999 20953-20953/? D/RAServiceManager: init success :{interface com.tencent.qqlive.modules.vb.threadservice.service.IVBThreadService=com.tencent.raft.generate.interface1753729375$QQLive_app@b4dbadc, interface com.tencent.qqlive.modules.vb.videokit.service.IVBCoverGenerateService=com.tencent.raft.generate.interface438429825$QQLive_app@12fc7e5, interface com.tencent.qqlive.modules.vb.dialog.service.IVBDialogService=com.tencent.raft.generate.interface416549288$QQLive_app@5e12ba, interface com.tencent.qqlive.modules.vb.kv.service.IVBKVService=com.tencent.raft.generate.interface169200130$QQLive_app@79ed56b, class com.tencent.qqlive.modules.vb.idauth.service.VBIDAuthService=com.tencent.raft.generate.interface387926606$QQLive_app@f69a8c8, interface com.tencent.qqlive.modules.vb.videokit.service.IVBMediaPreviewerService=com.tencent.raft.generate.interface237566004$QQLive_app@419fd61, class com.tencent.qqlive.modules.vb.danmaku.service.VBDanmakuService=com.tencent.raft.generate.interface786679668$QQLive_app@44aa086, class com.tencent.qqlive.modules.vb.log.VBLogService=com.tencent.raft.generate.interface720016883$QQLive_app@e535d47, class com.tencent.qqlive.modules.vb.videokit.service.VBMediaPreviewerService=com.tencent.raft.generate.interface237566004$QQLive_app@bd48974, interface com.tencent.qqlive.modules.vb.log.IVBLogService=com.tencent.raft.generate.interface720016883$QQLive_app@f180e9d, interface com.tencent.qqlive.modules.vb.wrapperloginservice.IVBWrapperLoginService=com.tencent.raft.generate.interface1907459880$QQLive_app@c203f12, class com.tencent.qqlive.modules.vb.videokit.service.VBCoverGenerateService=com.tencent.raft.generate.interface438429825$QQLive_app@6de86e3, interface com.tencent.qqlive.modules.vb.camera.service.IVBCameraService=com.tencent.raft.generate.interface1737817582$QQLive_app@6ac8e0, class com.tencent.qqlive.modules.vb.wrapperloginservice.VBWrapperLoginService=com.tencent.raft.generate.interface1907459880$QQLive_app@3ebf799, interface com.tencent.qqlive.modules.vb.location.service.IVBLocationService=com.tencent.raft.generate.interface1514662158$QQLive_app@a3f3a5e, class com.tencent.qqlive.modules.vb.platforminfo.service.VBPlatformInfoService=com.tencent.raft.generate.interface1883630954$QQLive_app@368ae3f, interface com.tencent.qqlive.modules.vb.kv.service.IVBAshmemMMKVService=com.tencent.raft.generate.interface687530819$QQLive_app@c63930c, interface com.tencent.qqlive.modules.vb.danmaku.service.IVBDanmakuService=com.tencent.raft.generate.interface786679668$QQLive_app@47b7455, class com.tencent.qqlive.modules.attachable.b.b=com.tencent.raft.generate.interface1008491740$QQLive_app@4c09e6a, interface com.tencent.qqlive.modules.vb.pb.service.IVBPBService=com.tencent.raft.generate.interface1034297996$QQLive_app@643ef5b, interface com.tencent.qqlive.modules.vb.videokit.service.IVBCoverPickerService=com.tencent.raft.generate.interface760724600$QQLive_app@93cd3f8, class com.tencent.qqlive.modules.vb.camera.service.VBCameraService=com.tencent.raft.generate.interface1737817582$QQLive_app@14c00d1, interface com.tencent.qqlive.modules.vb.platforminfo.service.IVBPlatformInfoService=com.tencent.raft.generate.interface1883630954$QQLive_app@8423736, interface com.tencent.qqlive.modules.vb.networkservice.service.IVBNetworkService=com.tencent.raft.generate.interface812276117$QQLive_app@ac82637, class com.tencent.qqlive.modules.vb.threadservice.service.VBThreadService=com.tencent.raft.generate.interface1753729375$QQLive_app@86737a4, interface com.tencent.qqlive.modules.attachable.b.c=com.tencent.raft.generate.interface1008491740$QQLive_app@3bed90d, interface com.tencent.qqlive.modules.vb.skin.service.IVBSkinService=com.tencent.raft.generate.interface1985581822$QQLive_app@b7290c2, interface com.tencent.qqlive.modules.vb.personalize.service.IVBPersonalizeService=com.tencent.raft.generate.interface1985828460$QQLive_app@feeeed3, interface com.tencent.qqlive.modules.vb.transportservice.service.IVBTransportService=com.tencent.raft.generate.interface339363467$QQLive_app@fb22a10, class com.tencent.qqlive.modules.vb.video
2021-01-24 10:08:27.000 20953-20953/? D/RADeclareManager: init success :{}
2021-01-24 10:08:27.017 7259-18059/? I/PowerUtils: has feature phone typ: false
2021-01-24 10:08:27.019 7259-18059/? I/PowerCenterProvider: call METHOD_GET_POWER_SUPPLY_INFO, quick_charge:false
2021-01-24 10:08:27.030 20953-20953/? E/QQLiveXLogger: new:com.tencent.qqlive,
2021-01-24 10:08:27.041 20953-20953/? I/MMKV: <native-bridge.cpp:95::JNI_OnLoad> current API level = 29
2021-01-24 10:08:27.041 20953-20953/? I/MMKV: <MMKV.cpp:192::initialize> page size:4096
2021-01-24 10:08:27.041 20953-20953/? I/MMKV: <MMKV.cpp:206::initializeMMKV> root dir: /data/user/0/com.tencent.qqlive/files/mmkv
2021-01-24 10:08:27.049 20953-20953/? I/MMKV: <MMKV.cpp:330::loadFromFile> loading [vb_platformInfo] with 1274 size in total, file size is 4096
2021-01-24 10:08:27.049 20953-20953/? I/MMKV: <MMKV.cpp:354::loadFromFile> loading [vb_platformInfo] with crc 1502400623 sequence 2
2021-01-24 10:08:27.049 20953-20953/? I/MMKV: <MMKV.cpp:375::loadFromFile> loaded [vb_platformInfo] with 8 values
2021-01-24 10:08:27.052 20953-20953/? I/[AppLaunchMonitor]BaseAppLaunchTask: 执行耗时: RaftLaunch, 62, in ThreadName "main"
2021-01-24 10:08:27.053 20953-20953/? D/AppConfig: traverseSharedPreferencesKey: start
2021-01-24 10:08:27.056 20953-20982/? W/SQLiteCompatibilityWalFlags: Cannot read global setting sqlite_compatibility_wal_flags - Application state not available
2021-01-24 10:08:27.060 23819-23819/? D/Launcher_UnlockAnimationStateMachine: mResetIdleStateRunnable
2021-01-24 10:08:27.060 20953-20953/? D/AppConfig: fs length is :533
2021-01-24 10:08:27.064 20953-20953/? I/MMKV: <MMKV.cpp:330::loadFromFile> loading [mmkv_inner_prefs_migrate_finish] with 444 size in total, file size is 4096
2021-01-24 10:08:27.064 20953-20953/? I/MMKV: <MMKV.cpp:354::loadFromFile> loading [mmkv_inner_prefs_migrate_finish] with crc 1346465840 sequence 2
2021-01-24 10:08:27.064 20953-20953/? I/MMKV: <MMKV.cpp:375::loadFromFile> loaded [mmkv_inner_prefs_migrate_finish] with 18 values
2021-01-24 10:08:27.064 20953-20953/? I/MMKV: <MMKV.cpp:330::loadFromFile> loading [com.tencent.qqlive_preferences] with 20043 size in total, file size is 32768
2021-01-24 10:08:27.064 20953-20953/? I/MMKV: <MMKV.cpp:354::loadFromFile> loading [com.tencent.qqlive_preferences] with crc 3451593247 sequence 3
2021-01-24 10:08:27.065 20953-20953/? I/MMKV: <MMKV.cpp:375::loadFromFile> loaded [com.tencent.qqlive_preferences] with 144 values
2021-01-24 10:08:27.066 20953-20982/? E/SQLiteLog: (1) no such table: OnePrefs_UpdatePrefsFile
2021-01-24 10:08:27.066 20953-20953/? I/WXAOptimizeTask: checkStartWXA: wxaInitStateConfigValue: 1
2021-01-24 10:08:27.067 20953-20953/? I/WXAOptimizeTask: reportTrace: 131
2021-01-24 10:08:27.069 20953-20953/? I/WXAOptimizeTask: WXAOptimizeTask, checkForceInCurThread 0
2021-01-24 10:08:27.070 20953-20953/? I/WXAOptimizeTask: reportTrace: 134
2021-01-24 10:08:27.070 20953-20953/? I/[AppLaunchMonitor]AsyncRunCheck: startRun... start, WXAOptimizeTask
2021-01-24 10:08:27.071 20953-20953/? I/WXAOptimizeTask: WXAOptimizeTask, resetForceInCurThread 1, 0
2021-01-24 10:08:27.072 20953-20953/? I/Statistics: appStartUp()
2021-01-24 10:08:27.073 20953-20982/? I/[AppLaunchMonitor]ARCFutureTask: WXAOptimizeTask, run in ThreadName "AsyncLoadPool-21026" start
2021-01-24 10:08:27.073 20953-20953/? I/ApplicationWrapper: attachBaseContext   pN =com.tencent.qqlive
2021-01-24 10:08:27.074 20953-20982/? I/ashercai: QQLiveApplication 1
2021-01-24 10:08:27.079 20953-20953/? W/System: ClassLoader referenced unknown path:
2021-01-24 10:08:27.091 1684-31081/? W/MessageQueue: Handler (android.media.audiofx.Visualizer$NativeEventHandler) {fabdefe} sending message to a Handler on a dead thread
    java.lang.IllegalStateException: Handler (android.media.audiofx.Visualizer$NativeEventHandler) {fabdefe} sending message to a Handler on a dead thread
        at android.os.MessageQueue.enqueueMessage(MessageQueue.java:561)
        at android.os.Handler.enqueueMessage(Handler.java:754)
        at android.os.Handler.sendMessageAtTime(Handler.java:703)
        at android.os.Handler.sendMessageDelayed(Handler.java:673)
        at android.os.Handler.sendMessage(Handler.java:611)
        at android.media.audiofx.Visualizer.postEventFromNative(Visualizer.java:787)
2021-01-24 10:08:27.094 6576-6576/? I/CNSS: Failed to send nl message
2021-01-24 10:08:27.100 17099-17161/? E/FileUtils: getPackageListFromData fail!
2021-01-24 10:08:27.100 17099-17161/? I/chatty: uid=1000(system) SCLIGHTTask #1 identical 1 line
2021-01-24 10:08:27.100 17099-17161/? E/FileUtils: getPackageListFromData fail!
2021-01-24 10:08:27.102 17099-17099/? D/BinderManager: onServiceCCCCConnected {com.miui.securitycenter/com.miui.gamebooster.service.GameBoosterService}
2021-01-24 10:08:27.102 17099-17099/? I/GameBoxWindowManager: gameBooster :false
2021-01-24 10:08:27.107 20953-20982/? I/Luggage.XLogSetup: safeGetExternalFilesDir, api get ok
2021-01-24 10:08:27.128 20953-20953/? I/[AppLaunchMonitor]BaseAppLaunchTask: 执行耗时: BusinessProxy, 43, in ThreadName "main"
2021-01-24 10:08:27.139 20953-20982/? I/Luggage.XLogSetup: init done nameprefix:com.tencent.qqlive debug[false] snapshot[false]
2021-01-24 10:08:27.142 612-612/? D/Zygote: Forked child process 20986
2021-01-24 10:08:27.152 1684-1833/? D/Boost: hostingType=content provider, hostingName={com.tencent.qqlive/com.ave.rogers.vplugin.component.process.ProcessPitProviderPersist}, callerPackage=com.tencent.qqlive, isSystem=false, isBoostNeeded=false.
2021-01-24 10:08:27.153 610-25312/? D/OemNetd: setPidForPackage: packageName=com.tencent.qqlive, pid=20986, pid=10434
2021-01-24 10:08:27.153 1684-1833/? I/ActivityManager: Start proc 20986:com.tencent.qqlive:pmservice/u0a434 for content provider {com.tencent.qqlive/com.ave.rogers.vplugin.component.process.ProcessPitProviderPersist} caller=com.tencent.qqlive
2021-01-24 10:08:27.155 20953-20982/? I/OpenRuntimeJNI: init
2021-01-24 10:08:27.156 20953-20982/? D/OpenRuntimeJNI: config:appbrandcommon-armeabi-v7a|95336|5cc02ba3c77826f2ab45f3387983bfa3|owl-armeabi-v7a|272296|04a106c756b1bfbc9c335891f462a900|ilink_tdi-armeabi-v7a|575196|cd3c3f8bd4689e444245a3a8ae34a34c|qm_native_decoder_ffmpeg-armeabi-v7a|79068|d432158d4c905e83e957aa43bd77f2f0|QmNativeDataSource-armeabi-v7a|34004|bea559bae932e3d77a44dabb924ce30d|native-iv-armeabi-v7a|59048|d5896063c8b6376dc88498f2902c71a6|private_protobuf-armeabi-v7a|177856|60bab218883859fb321748d2f6c9ea69|txffmpeg-armeabi-v7a|1760752|4a3b64bd59f8ee39c013b1f980212a04|qm_native_decoder_mp3-armeabi-v7a|227352|f0cacc60f98b2ab5f7b6281e14578bb9|FormatDetector-armeabi-v7a|46348|5a953ff0f59c51e5ca7b50e0938146f1|codec_factory-armeabi-v7a|46292|c63d0d7a87eb4ae7e0e025125437cd29|magicbrush-armeabi-v7a|4540504|a11904be56d50e42b7b2c56b2aa8e0ee|wcwss-armeabi-v7a|2895588|6c062a4a1452559abfd90048c602e0f8|qm_native_decoder_flac-armeabi-v7a|152852|f4cb322201875487beb0034de9a23132|linkid-armeabi-v7a|640364|a58ef2ad70eb81117e26b937ed6bfa62|canvas-armeabi-v7a|325372|1a5390
2021-01-24 10:08:27.156 20953-20982/? D/OpenRuntimeJNI: sum:319 libCount:106
2021-01-24 10:08:27.157 20953-20982/? D/OpenRuntimeJNI: index:0 appbrandcommon-armeabi-v7a 95336 5cc02ba3c77826f2ab45f3387983bfa3
2021-01-24 10:08:27.157 20953-20982/? D/OpenRuntimeJNI: index:3 owl-armeabi-v7a 272296 04a106c756b1bfbc9c335891f462a900
2021-01-24 10:08:27.157 20953-20982/? D/OpenRuntimeJNI: index:6 ilink_tdi-armeabi-v7a 575196 cd3c3f8bd4689e444245a3a8ae34a34c
2021-01-24 10:08:27.157 20953-20982/? D/OpenRuntimeJNI: index:9 qm_native_decoder_ffmpeg-armeabi-v7a 79068 d432158d4c905e83e957aa43bd77f2f0
2021-01-24 10:08:27.157 20953-20982/? D/OpenRuntimeJNI: index:12 QmNativeDataSource-armeabi-v7a 34004 bea559bae932e3d77a44dabb924ce30d
2021-01-24 10:08:27.157 20953-20982/? D/OpenRuntimeJNI: index:15 native-iv-armeabi-v7a 59048 d5896063c8b6376dc88498f2902c71a6
2021-01-24 10:08:27.157 20953-20982/? D/OpenRuntimeJNI: index:18 private_protobuf-armeabi-v7a 177856 60bab218883859fb321748d2f6c9ea69
2021-01-24 10:08:27.157 20953-20982/? D/OpenRuntimeJNI: index:21 txffmpeg-armeabi-v7a 1760752 4a3b64bd59f8ee39c013b1f980212a04
2021-01-24 10:08:27.157 20953-20982/? D/OpenRuntimeJNI: index:24 qm_native_decoder_mp3-armeabi-v7a 227352 f0cacc60f98b2ab5f7b6281e14578bb9
2021-01-24 10:08:27.157 20953-20982/? D/OpenRuntimeJNI: index:27 FormatDetector-armeabi-v7a 46348 5a953ff0f59c51e5ca7b50e0938146f1
2021-01-24 10:08:27.157 20953-20982/? D/OpenRuntimeJNI: index:30 codec_factory-armeabi-v7a 46292 c63d0d7a87eb4ae7e0e025125437cd29
2021-01-24 10:08:27.157 20953-20982/? D/OpenRuntimeJNI: index:33 magicbrush-armeabi-v7a 4540504 a11904be56d50e42b7b2c56b2aa8e0ee
2021-01-24 10:08:27.157 20953-20982/? D/OpenRuntimeJNI: index:36 wcwss-armeabi-v7a 2895588 6c062a4a1452559abfd90048c602e0f8
2021-01-24 10:08:27.157 20953-20982/? D/OpenRuntimeJNI: index:39 qm_native_decoder_flac-armeabi-v7a 152852 f4cb322201875487beb0034de9a23132
2021-01-24 10:08:27.157 20953-20982/? D/OpenRuntimeJNI: index:42 linkid-armeabi-v7a 640364 a58ef2ad70eb81117e26b937ed6bfa62
2021-01-24 10:08:27.157 20953-20982/? D/OpenRuntimeJNI: index:45 canvas-armeabi-v7a 325372 1a5390a25d6aa322e8da7cdbc94685ce
2021-01-24 10:08:27.157 20953-20982/? D/OpenRuntimeJNI: index:48 mmavmedia-armeabi-v7a 10493964 e6d77645521d6da51ae7c266a02ebc29
2021-01-24 10:08:27.157 20953-20982/? D/OpenRuntimeJNI: index:51 wmpfcommonjni-armeabi-v7a 1501388 13ff4d8e40b952fab7647e9f92d24900
2021-01-24 10:08:27.157 20953-20982/? D/OpenRuntimeJNI: index:54 mmlockstep-armeabi-v7a 481088 973844f9134fa4b20d93d447733eb759
2021-01-24 10:08:27.157 20953-20982/? D/OpenRuntimeJNI: index:57 wechatpack-armeabi-v7a 788716 cc30cc873105001082dee725b7b7ca0e
2021-01-24 10:08:27.157 20953-20982/? D/OpenRuntimeJNI: index:60 mmwcwss-armeabi-v7a 247560 c29f28aa12f72c3c32160c71fdefcfb6
2021-01-24 10:08:27.157 20953-20982/? D/OpenRuntimeJNI: index:63 audio_common-armeabi-v7a 58636 1941d40fd0d87773733c9ee4e166a626
2021-01-24 10:08:27.157 20953-20982/? D/OpenRuntimeJNI: index:66 mmvulkan-armeabi-v7a 14000 49586dc9613e28ea5c0f5235d23c1246
2021-01-24 10:08:27.157 20953-20982/? D/OpenRuntimeJNI: index:69 wechataudiosilk-armeabi-v7a 74980 19122d176cd242bff81c470ccb5fa2bb
2021-01-24 10:08:27.157 20953-20982/? D/OpenRuntimeJNI: index:72 liteavsdk-armeabi-v7a 3537504 faae96ae439706f0713a76036679f2fd
2021-01-24 10:08:27.157 20953-20982/? D/OpenRuntimeJNI: index:75 mmmediasdk-armeabi-v7a 1140232 fdccb39bfb5e38aeea97f1145ad3bc59
2021-01-24 10:08:27.157 20953-20982/? D/OpenRuntimeJNI: index:78 mmmediasdkjni-armeabi-v7a 46556 eedb69a7945489ad2aca936ece1afc87
2021-01-24 10:08:27.157 20953-20982/? D/OpenRuntimeJNI: index:81 qm_native_decoder_ape-armeabi-v7a 198436 04c1604780ed1cef6143598aca9b730f
2021-01-24 10:08:27.157 20953-20982/? D/OpenRuntimeJNI: index:84 ilink_im-armeabi-v7a 3328948 fc3faedd21a321fe48a8d4ffa2c1beec
2021-01-24 10:08:27.157 20953-20982/? D/OpenRuntimeJNI: index:87 skia-canvas-log-bridge-armeabi-v7a 13996 703af1158b15c36ad69561183847e781
2021-01-24 10:08:27.157 20953-20982/? D/OpenRuntimeJNI: index:90 commonimgdec-armeabi-v7a 304952 fa644f8974b59d694630d174012ea7a2
2021-01-24 10:08:27.157 20953-20982/? D/OpenRuntimeJNI: index:93 ilink_dev-armeabi-v7a 2965396 6773749ba0afdd7a8486083af81542bc
2021-01-24 10:08:27.157 20953-20982/? D/OpenRuntimeJNI: index:96 mmskia-armeabi-v7a 4812644 cfb1b20d29200a0e09c26ec6bdad4c80
2021-01-24 10:08:27.157 20953-20982/? D/OpenRuntimeJNI: index:99 mmimgcodec-armeabi-v7a 67524 ac51c9340a1e0cf9bff64ba0c37afb8d
2021-01-24 10:08:27.157 20953-20982/? D/OpenRuntimeJNI: index:102 mmv8-armeabi-v7a 12329092 d4b842d5e3bff09efc2aba38dbeea466
2021-01-24 10:08:27.157 20953-20982/? D/OpenRuntimeJNI: index:105 ilink_network-armeabi-v7a 3551304 e06360f4e1228f6bbe3bdf1d6e16c64b
2021-01-24 10:08:27.157 20953-20982/? D/OpenRuntimeJNI: index:108 mmnode-armeabi-v7a 8140400 ce18b7a3d76c666e18b95e740e564cb9
2021-01-24 10:08:27.157 20953-20982/? D/OpenRuntimeJNI: index:111 tencentlocsapp-armeabi-v7a 32568 f093ef0714fe1320f17aab3342b089b5
2021-01-24 10:08:27.157 20953-20982/? D/OpenRuntimeJNI: index:114 skia-canvas-armeabi-v7a 308960 4a69aad4b5943a9c12287f457f3ce37e
2021-01-24 10:08:27.157 20953-20982/? D/OpenRuntimeJNI: index:117 linebreak-armeabi-v7a 91532 14a9661cdd58f559ff7489debd308970
2021-01-24 10:08:27.157 20953-20982/? D/OpenRuntimeJNI: index:120 FFmpeg-armeabi-v7a 2262924 9a95dbf0bdd7ed78cf920f1de7f74012
2021-01-24 10:08:27.157 20953-20982/? D/OpenRuntimeJNI: index:123 NLog-armeabi-v7a 74964 e6687f570dad618352d5d296271d02dd
2021-01-24 10:08:27.157 20953-20982/? D/OpenRuntimeJNI: index:126 mmphysx-armeabi-v7a 3927984 de4da7fc292417cae522b95db241be43
2021-01-24 10:08:27.157 20953-20982/? D/OpenRuntimeJNI: index:129 traeimp-rtmp-armeabi-v7a 1523936 c1a9208c5f8f157f2407947711aa04e8
2021-01-24 10:08:27.157 20953-20982/? D/OpenRuntimeJNI: index:132 qqmusic_decoder_jni-armeabi-v7a 46292 8af32c1b332990af4b4b7558d3e6de46
2021-01-24 10:08:27.157 20953-20982/? D/OpenRuntimeJNI: index:135 ilink_xlog-armeabi-v7a 95976 822c2b6bdc1f8ddc6f552f53af6f8895
2021-01-24 10:08:27.157 20953-20982/? D/OpenRuntimeJNI: index:138 mmudp-armeabi-v7a 157448 a755a6a37cba284618bce96834973534
2021-01-24 10:08:27.157 20953-20982/? D/OpenRuntimeJNI: index:141 mmj2v8-armeabi-v7a 509492 28a5d9e3dcbde817e6c4413d645955c1
2021-01-24 10:08:27.157 20953-20982/? D/OpenRuntimeJNI: index:144 108168wxa-armeabi-v7a 119076 41ad10d4799d0c397b6578cb1896246c
2021-01-24 10:08:27.157 20953-20982/? D/OpenRuntimeJNI: index:147 mmbox2d-armeabi-v7a 2119424 9da4d72d88667a954d18dca55cb529b7
2021-01-24 10:08:27.157 20953-20982/? D/OpenRuntimeJNI: index:150 mp3lame-armeabi-v7a 145352 83d6261e9519b090410c7c7d2307e3fd
2021-01-24 10:08:27.157 20953-20982/? D/OpenRuntimeJNI: index:153 wxa_library-armeabi-v7a 2979582 b1a8323e42b02fca61f4cae638990d5b
2021-01-24 10:08:27.157 20953-20982/? D/OpenRuntimeJNI: index:156 DynamicPkg-armeabi-v7a 36234694 b1964c7f0486c3cd3cea19ef0a77ad1b
2021-01-24 10:08:27.157 20953-20982/? D/OpenRuntimeJNI: index:159 appbrandcommon-arm64-v8a 152984 526fd212c939b6b322d31996f2c29c81
2021-01-24 10:08:27.157 20953-20982/? D/OpenRuntimeJNI: index:162 owl-arm64-v8a 371264 bbb1207685b0a1775c778b16daee1ce0
2021-01-24 10:08:27.157 20953-20982/? D/OpenRuntimeJNI: index:165 ilink_tdi-arm64-v8a 993688 873c371bc88583c5a783713e3b0b9b6b
2021-01-24 10:08:27.157 20953-20982/? D/OpenRuntimeJNI: index:168 qm_native_decoder_ffmpeg-arm64-v8a 128592 9eadf31457d6d15acf073d6ce21deadc
2021-01-24 10:08:27.157 20953-20982/? D/OpenRuntimeJNI: index:171 QmNativeDataSource-arm64-v8a 63056 5d5c1c1f41c4dea7ca864454e802b4b4
2021-01-24 10:08:27.157 20953-20982/? D/OpenRuntimeJNI: index:174 native-iv-arm64-v8a 84024 7841c2ceb9824730d2c4439af09fbc5d
2021-01-24 10:08:27.157 20953-20982/? D/OpenRuntimeJNI: index:177 private_protobuf-arm64-v8a 227480 4ef8ba91c87cbcaae83d1c8afb9043b6
2021-01-24 10:08:27.157 20953-20982/? D/OpenRuntimeJNI: index:180 txffmpeg-arm64-v8a 2247568 7c396b1814c785a0c969dd568afe1bf3
2021-01-24 10:08:27.157 20953-20982/? D/OpenRuntimeJNI: index:183 qm_native_decoder_mp3-arm64-v8a 310120 ed463b302017c6b9a788603ff4946790
2021-01-24 10:08:27.157 20953-20982/? D/OpenRuntimeJNI: index:186 FormatDetector-arm64-v8a 91832 ecd704ed05c8dad80c899793fab07e0f
2021-01-24 10:08:27.157 20953-20982/? D/OpenRuntimeJNI: index:189 codec_factory-arm64-v8a 91728 38205d61e0ebaf527b6b7f310a6d1b0b
2021-01-24 10:08:27.157 20953-20982/? D/OpenRuntimeJNI: index:192 magicbrush-arm64-v8a 4950832 4675fe7b812d1aa2354392e07efab308
2021-01-24 10:08:27.157 20953-20982/? D/OpenRuntimeJNI: index:195 wcwss-arm64-v8a 3974984 55578b596015ce3cfe2ac22a9b1d3a29
2021-01-24 10:08:27.157 20953-20982/? D/OpenRuntimeJNI: index:198 qm_native_decoder_flac-arm64-v8a 185952 f5cb215fa0ecddcc2d450049823344eb
2021-01-24 10:08:27.157 20953-20982/? D/OpenRuntimeJNI: index:201 linkid-arm64-v8a 1015640 ad3b6682a20a81963e964120b697ad2b
2021-01-24 10:08:27.158 20953-20982/? D/OpenRuntimeJNI: index:204 canvas-arm64-v8a 411840 d5aae166a5e1ebef014a2557a8940312
2021-01-24 10:08:27.158 20953-20982/? D/OpenRuntimeJNI: index:207 mmavmedia-arm64-v8a 10848944 3d0c8479a038da606cb68b1b1db98678
2021-01-24 10:08:27.158 20953-20982/? D/OpenRuntimeJNI: index:210 wmpfcommonjni-arm64-v8a 1825680 cdd1a76643b349f0aca81af12538e0bd
2021-01-24 10:08:27.158 20953-20982/? D/OpenRuntimeJNI: index:213 mmlockstep-arm64-v8a 645336 044646cb725401968519c08f9948b0fc
2021-01-24 10:08:27.158 20953-20982/? D/OpenRuntimeJNI: index:216 wechatpack-arm64-v8a 1129256 327a16eb1be0333779a56c0aa0bdd053
2021-01-24 10:08:27.158 20953-20982/? D/OpenRuntimeJNI: index:219 mmwcwss-arm64-v8a 297160 689fdd8c8bd51041e8d6777f2a13d7be
2021-01-24 10:08:27.158 20953-20982/? D/OpenRuntimeJNI: index:222 audio_common-arm64-v8a 99920 ed569dd36cc72439a03d3819d90ff932
2021-01-24 10:08:27.158 20953-20982/? D/OpenRuntimeJNI: index:225 mmvulkan-arm64-v8a 5984 484c108c55c9b5c83b9da8104aa71abf
2021-01-24 10:08:27.158 20953-20982/? D/OpenRuntimeJNI: index:228 wechataudiosilk-arm64-v8a 104048 87e1539de271f382ed1c582df2e62cda
2021-01-24 10:08:27.158 20953-20982/? D/OpenRuntimeJNI: index:231 liteavsdk-arm64-v8a 5676464 c4c9d6a4fd2339d7b33f8fa5cfde7b21
2021-01-24 10:08:27.158 20953-20982/? D/OpenRuntimeJNI: index:234 mmmediasdk-arm64-v8a 1279792 61be61aa74725699e88290091c553d74
2021-01-24 10:08:27.158 20953-20982/? D/OpenRuntimeJNI: index:237 mmmediasdkjni-arm64-v8a 26368 f210437f0182a7b0af207688961d276e
2021-01-24 10:08:27.158 20953-20982/? D/OpenRuntimeJNI: index:240 qm_native_decoder_ape-arm64-v8a 264960 98840fd1a6edf714e3e18ef31e9fadf4
2021-01-24 10:08:27.158 20953-20982/? D/OpenRuntimeJNI: index:243 ilink_im-arm64-v8a 4305088 41810bad013bd20c6ad542b4d6cd54c3
2021-01-24 10:08:27.158 20953-20982/? D/OpenRuntimeJNI: index:246 skia-canvas-log-bridge-arm64-v8a 30840 90f0978eb41b0e114d1c6405ace125ae
2021-01-24 10:08:27.158 20953-20982/? D/OpenRuntimeJNI: index:249 commonimgdec-arm64-v8a 374912 a61fb033a0c141366843090e701aa38f
2021-01-24 10:08:27.158 20953-20982/? D/OpenRuntimeJNI: index:252 ilink_dev-arm64-v8a 3495768 16b6be8c888e9253d5e7ca15dc9d3e9d
2021-01-24 10:08:27.158 20953-20982/? D/OpenRuntimeJNI: index:255 mmskia-arm64-v8a 6679608 f15c5d60bfde411c369db294f9fa9afd
2021-01-24 10:08:27.158 20953-20982/? D/OpenRuntimeJNI: index:258 mmimgcodec-arm64-v8a 104664 11124cf6265b1ea9eb6e8952316b9fb4
2021-01-24 10:08:27.158 20953-20982/? D/OpenRuntimeJNI: index:261 mmv8-arm64-v8a 16213664 66af6a607a47e1d0ee7d07bc48f081b9
2021-01-24 10:08:27.158 20953-20982/? D/OpenRuntimeJNI: index:264 ilink_network-arm64-v8a 5130776 d1206fe2dc199194796c3394400782a7
2021-01-24 10:08:27.158 20953-20982/? D/OpenRuntimeJNI: index:267 mmnode-arm64-v8a 9188240 26e18a5b4c010d611e2a2bd8e3efe914
2021-01-24 10:08:27.158 20953-20982/? D/OpenRuntimeJNI: index:270 tencentlocsapp-arm64-v8a 24672 ec0075ee9f05515039c70a7d6e2c0ec2
2021-01-24 10:08:27.158 20953-20982/? D/OpenRuntimeJNI: index:273 skia-canvas-arm64-v8a 415920 cbf6550f7e131a684cb94945de60965c
2021-01-24 10:08:27.158 20953-20982/? D/OpenRuntimeJNI: index:276 linebreak-arm64-v8a 145160 1c26e785bba9b1e4a94872349594a931
2021-01-24 10:08:27.158 20953-20982/? D/OpenRuntimeJNI: index:279 FFmpeg-arm64-v8a 2290712 245eef56f9c1186a8c0625fa0361f090
2021-01-24 10:08:27.158 20953-20982/? D/OpenRuntimeJNI: index:282 NLog-arm64-v8a 116304 6d720d58a9cc4f943920c2168f76daa5
2021-01-24 10:08:27.158 20953-20982/? D/OpenRuntimeJNI: index:285 mmphysx-arm64-v8a 5003384 80afea4b7da43330949045265cc3847e
2021-01-24 10:08:27.158 20953-20982/? D/OpenRuntimeJNI: index:288 traeimp-rtmp-arm64-v8a 2401400 5a61a9335c5f0eeca764c47ba08ce907
2021-01-24 10:08:27.158 20953-20982/? D/OpenRuntimeJNI: index:291 qqmusic_decoder_jni-arm64-v8a 87632 b09979622b5c6584c54cafd3fe2f0936
2021-01-24 10:08:27.158 20953-20982/? D/OpenRuntimeJNI: index:294 ilink_xlog-arm64-v8a 161816 5d369efc0ec0de9cb984ef4efd4d85e9
2021-01-24 10:08:27.158 20953-20982/? D/OpenRuntimeJNI: index:297 mmudp-arm64-v8a 211144 d1db1effde780a52d6968da4d2d95a7c
2021-01-24 10:08:27.158 20953-20982/? D/OpenRuntimeJNI: index:300 mmj2v8-arm64-v8a 649136 c4114d23e480fbffa7791e37a2be384d
2021-01-24 10:08:27.158 20953-20982/? D/OpenRuntimeJNI: index:303 108168wxa-arm64-v8a 211040 a9d9d34a382599694b1776c1479867c2
2021-01-24 10:08:27.158 20953-20982/? D/OpenRuntimeJNI: index:306 mmbox2d-arm64-v8a 3135696 2781b2800e3e8e171bcac7761bd8c233
2021-01-24 10:08:27.158 20953-20982/? D/OpenRuntimeJNI: index:309 mp3lame-arm64-v8a 252056 01b87ad5990c3bdbdac9a0ad3d75d088
2021-01-24 10:08:27.158 20953-20982/? D/OpenRuntimeJNI: index:312 wxa_library-arm64-v8a 2979582 b1a8323e42b02fca61f4cae638990d5b
2021-01-24 10:08:27.158 20953-20982/? D/OpenRuntimeJNI: index:315 DynamicPkg-arm64-v8a 39402946 45210c3ce61efa14e0c7e1e893c15b64
2021-01-24 10:08:27.158 20953-20982/? D/OpenRuntimeJNI: initLibInfoMap done
2021-01-24 10:08:27.163 5133-7374/? I/SarService: Receiver polling >>>> Change receiver mode: off
2021-01-24 10:08:27.164 20953-20953/? D/TENCENT_AD_: isOpen:false
2021-01-24 10:08:27.167 20953-20982/? I/WxaDynamicPkgMgr: initLoadLibrary abiType:1
2021-01-24 10:08:27.170 742-7835/? I//vendor/bin/hw/vendor.qti.hardware.servicetracker@1.1-service: bindService is called for service : com.tencent.qqlive/.pay.service.PayService and for client com.tencent.qqlive
2021-01-24 10:08:27.170 742-7835/? I//vendor/bin/hw/vendor.qti.hardware.servicetracker@1.1-service: total connections for service : com.tencent.qqlive/.pay.service.PayServiceare :1
2021-01-24 10:08:27.170 742-7835/? I//vendor/bin/hw/vendor.qti.hardware.servicetracker@1.1-service: total connections for client : com.tencent.qqliveare :1
2021-01-24 10:08:27.170 20953-20982/? W/System.err: java.lang.NoSuchFieldException: No field pathList in class Ldalvik/system/PathClassLoader; (declaration of 'dalvik.system.PathClassLoader' appears in /apex/com.android.runtime/javalib/core-libart.jar)
2021-01-24 10:08:27.171 20953-20982/? W/System.err:     at java.lang.Class.getDeclaredField(Native Method)
2021-01-24 10:08:27.171 20953-20982/? W/System.err:     at com.tencent.luggage.wxa.amg.h(PluginManager.kt:108)
2021-01-24 10:08:27.171 20953-20982/? W/System.err:     at com.tencent.luggage.wxa.amg.h(PluginManager.kt:33)
2021-01-24 10:08:27.171 20953-20982/? W/System.err:     at com.tencent.luggage.wxa.amg.h(PluginManager.kt:29)
2021-01-24 10:08:27.171 20953-20982/? W/System.err:     at com.tencent.luggage.wxa.amn.h(WxaDynamicPkgMgr.kt:97)
2021-01-24 10:08:27.171 20953-20982/? W/System.err:     at com.tencent.luggage.wxa.ane.h(CommonProcessStartup.kt:44)
2021-01-24 10:08:27.171 20953-20982/? W/System.err:     at com.tencent.luggage.wxa.anh.h(MainProcessStartup.kt:56)
2021-01-24 10:08:27.171 20953-20982/? W/System.err:     at com.tencent.luggage.wxa.anj.h(ProcessStartupFactory.kt:45)
2021-01-24 10:08:27.171 20953-20982/? W/System.err:     at com.tencent.luggage.wxa.amj.<init>(WxaApiImpl.kt:137)
2021-01-24 10:08:27.171 20953-20982/? W/System.err:     at com.tencent.luggage.wxaapi.WxaApi$Factory.createApi(WxaApi.java:147)
2021-01-24 10:08:27.171 20953-20982/? W/System.err:     at com.tencent.qqlive.jsapi.utils.WxaSdkPkgLoader.b(WxaSdkPkgLoader.java:127)
2021-01-24 10:08:27.171 20953-20982/? W/System.err:     at com.tencent.qqlive.jsapi.utils.WxaSdkPkgLoader.onApplicationCreate(WxaSdkPkgLoader.java:89)
2021-01-24 10:08:27.171 20953-20982/? W/System.err:     at com.tencent.qqlive.ona.base.a.a.l$1.run(WXAOptimizeTask.java:40)
2021-01-24 10:08:27.171 20953-20982/? W/System.err:     at java.util.concurrent.Executors$RunnableAdapter.call(Executors.java:462)
2021-01-24 10:08:27.171 20953-20982/? W/System.err:     at java.util.concurrent.FutureTask.run(FutureTask.java:266)
2021-01-24 10:08:27.171 20953-20982/? W/System.err:     at com.tencent.qqlive.ona.base.a.c$a.run(AsyncRunCheck.java:88)
2021-01-24 10:08:27.171 20953-20982/? W/System.err:     at java.util.concurrent.Executors$RunnableAdapter.call(Executors.java:462)
2021-01-24 10:08:27.171 20953-20982/? W/System.err:     at java.util.concurrent.FutureTask.run(FutureTask.java:266)
2021-01-24 10:08:27.171 20953-20982/? W/System.err:     at com.tencent.qqlive.modules.vb.threadservice.a.d.run(VBExecuteRunnable.java:48)
2021-01-24 10:08:27.171 20953-20982/? W/System.err:     at java.util.concurrent.ThreadPoolExecutor.runWorker(ThreadPoolExecutor.java:1167)
2021-01-24 10:08:27.171 20953-20982/? W/System.err:     at java.util.concurrent.ThreadPoolExecutor$Worker.run(ThreadPoolExecutor.java:641)
2021-01-24 10:08:27.171 20953-20982/? W/System.err:     at java.lang.Thread.run(Thread.java:919)
2021-01-24 10:08:27.173 20953-20953/? I/MMKV: <MMKV.cpp:330::loadFromFile> loading [qad_core_sp_storage] with 3415 size in total, file size is 4096
2021-01-24 10:08:27.174 20953-20953/? I/MMKV: <MMKV.cpp:354::loadFromFile> loading [qad_core_sp_storage] with crc 53519945 sequence 5
2021-01-24 10:08:27.174 20953-20953/? I/MMKV: <MMKV.cpp:375::loadFromFile> loaded [qad_core_sp_storage] with 71 values
2021-01-24 10:08:27.175 20953-20953/? I/[AppLaunchMonitor]BaseAppLaunchTask: 执行耗时: QADConfig, 39, in ThreadName "main"
2021-01-24 10:08:27.175 20953-20982/? D/MicroMsg.PaySdk.WXFactory: createWXAPI, appId = wxca942bbff22e0e51, checkSignature = true
2021-01-24 10:08:27.176 20953-20982/? D/MicroMsg.SDK.WXApiImplV10: <init>, appId = wxca942bbff22e0e51, checkSignature = true
2021-01-24 10:08:27.185 20953-20982/? I/Luggage.WxaApiImpl: <init> process:com.tencent.qqlive, version:1.2.6(0x27001430), hostAppID:wxca942bbff22e0e51, abiType:1
2021-01-24 10:08:27.186 20953-20982/? I/ashercai: QQLiveApplication 2
2021-01-24 10:08:27.186 20953-20982/? I/ashercai: QQLiveApplication 3
2021-01-24 10:08:27.190 20986-20986/? E/qlive:pmservic: Not starting debugger since process cannot load the jdwp agent.
2021-01-24 10:08:27.191 4435-4435/? D/EventBus: [4435, u0] send(AppTransitionFinishedEvent)
2021-01-24 10:08:27.191 4435-4435/? D/EventBus: [4435, u0]  -> ForcedResizableInfoActivityController [0x6c10d5, P1] onBusEvent(AppTransitionFinishedEvent)
2021-01-24 10:08:27.191 4435-4435/? D/EventBus: [4435, u0] onBusEvent(AppTransitionFinishedEvent) duration: 56 microseconds, avg: 947
2021-01-24 10:08:27.193 1684-31081/? W/MessageQueue: Handler (android.media.audiofx.Visualizer$NativeEventHandler) {fabdefe} sending message to a Handler on a dead thread
    java.lang.IllegalStateException: Handler (android.media.audiofx.Visualizer$NativeEventHandler) {fabdefe} sending message to a Handler on a dead thread
        at android.os.MessageQueue.enqueueMessage(MessageQueue.java:561)
        at android.os.Handler.enqueueMessage(Handler.java:754)
        at android.os.Handler.sendMessageAtTime(Handler.java:703)
        at android.os.Handler.sendMessageDelayed(Handler.java:673)
        at android.os.Handler.sendMessage(Handler.java:611)
        at android.media.audiofx.Visualizer.postEventFromNative(Visualizer.java:787)
2021-01-24 10:08:27.197 4435-4435/? D/StatusBar: disable<e i a s b h r c s > disable2<q i n g r >
2021-01-24 10:08:27.197 6576-6576/? I/CNSS: Failed to send nl message
2021-01-24 10:08:27.198 1684-1804/? I/Timeline: Timeline: App_transition_stopped time:369033363
2021-01-24 10:08:27.198 1684-14425/? W/ActivityManager: Sending non-protected broadcast com.android.systemui.fullscreen.statechange from system 4435:com.android.systemui/1000 pkg com.android.systemui. Callers=
2021-01-24 10:08:27.199 1684-14425/? W/ActivityManager: Sending non-protected broadcast com.android.systemui.fullscreen.statechange from system 4435:com.android.systemui/1000 pkg com.android.systemui. Callers=
2021-01-24 10:08:27.201 4435-4435/? D/StatusBarClock:  isNormalMode= true clock visible=true
2021-01-24 10:08:27.201 4435-4435/? D/EventBus: [4435, u0] send(AppTransitionFinishedEvent)
2021-01-24 10:08:27.202 4435-4435/? D/EventBus: [4435, u0]  -> ForcedResizableInfoActivityController [0x6c10d5, P1] onBusEvent(AppTransitionFinishedEvent)
2021-01-24 10:08:27.202 4435-4435/? D/EventBus: [4435, u0] onBusEvent(AppTransitionFinishedEvent) duration: 29 microseconds, avg: 947
2021-01-24 10:08:27.211 20953-20982/? I/MMKV: <MMKV.cpp:206::initializeMMKV> root dir: /data/user/0/com.tencent.qqlive/files/mmkv
2021-01-24 10:08:27.216 20953-20953/? I/[AppLaunchMonitor]BaseAppLaunchTask: 执行耗时: NetorkConfig, 32, in ThreadName "main"
2021-01-24 10:08:27.217 612-612/? D/Zygote: Forked child process 21008
2021-01-24 10:08:27.218 20953-20982/? I/OpenRuntimeJNI: appbrandcommon fileLen:95336
2021-01-24 10:08:27.218 20953-20982/? D/OpenRuntimeJNI: 5cc02ba3c77826f2ab45f3387983bfa3 md5String:appbrandcommon
2021-01-24 10:08:27.218 20953-20982/? I/OpenRuntimeJNI: appbrandcommon abi:1 check success
2021-01-24 10:08:27.224 20953-20982/? I/OpenRuntimeJNI: owl fileLen:272296
2021-01-24 10:08:27.225 1684-1833/? D/Boost: hostingType=service, hostingName={com.tencent.qqlive/com.tencent.qqlive.pay.service.PayService}, callerPackage=com.tencent.qqlive, isSystem=false, isBoostNeeded=false.
2021-01-24 10:08:27.226 610-25312/? D/OemNetd: setPidForPackage: packageName=com.tencent.qqlive, pid=21008, pid=10434
2021-01-24 10:08:27.226 20953-20982/? D/OpenRuntimeJNI: 04a106c756b1bfbc9c335891f462a900 md5String:owl
2021-01-24 10:08:27.226 20953-20982/? I/OpenRuntimeJNI: owl abi:1 check success
2021-01-24 10:08:27.226 17099-17099/? I/ToolBoxWindowManager: createTransparentLine: 0
2021-01-24 10:08:27.226 1684-1833/? I/ActivityManager: Start proc 21008:com.tencent.qqlive:services/u0a434 for service {com.tencent.qqlive/com.tencent.qqlive.pay.service.PayService} caller=com.tencent.qqlive
2021-01-24 10:08:27.226 20953-20982/? I/OpenRuntimeJNI: ilink_tdi fileLen:575196
2021-01-24 10:08:27.230 23819-23819/? E/RecyclerView: No adapter attached; skipping layout
2021-01-24 10:08:27.230 20953-20982/? D/OpenRuntimeJNI: cd3c3f8bd4689e444245a3a8ae34a34c md5String:ilink_tdi
2021-01-24 10:08:27.230 20953-20982/? I/OpenRuntimeJNI: ilink_tdi abi:1 check success
2021-01-24 10:08:27.230 20953-20982/? I/OpenRuntimeJNI: qm_native_decoder_ffmpeg fileLen:79068
2021-01-24 10:08:27.231 20953-20982/? D/OpenRuntimeJNI: d432158d4c905e83e957aa43bd77f2f0 md5String:qm_native_decoder_ffmpeg
2021-01-24 10:08:27.231 20953-20982/? I/OpenRuntimeJNI: qm_native_decoder_ffmpeg abi:1 check success
2021-01-24 10:08:27.231 20953-20982/? I/OpenRuntimeJNI: QmNativeDataSource fileLen:34004
2021-01-24 10:08:27.231 20953-20982/? D/OpenRuntimeJNI: bea559bae932e3d77a44dabb924ce30d md5String:QmNativeDataSource
2021-01-24 10:08:27.231 20953-20982/? I/OpenRuntimeJNI: QmNativeDataSource abi:1 check success
2021-01-24 10:08:27.232 20953-20982/? I/OpenRuntimeJNI: native-iv fileLen:59048
2021-01-24 10:08:27.232 20953-20982/? D/OpenRuntimeJNI: d5896063c8b6376dc88498f2902c71a6 md5String:native-iv
2021-01-24 10:08:27.232 20953-20982/? I/OpenRuntimeJNI: native-iv abi:1 check success
2021-01-24 10:08:27.232 20953-20982/? I/OpenRuntimeJNI: private_protobuf fileLen:177856
2021-01-24 10:08:27.234 20953-20982/? D/OpenRuntimeJNI: 60bab218883859fb321748d2f6c9ea69 md5String:private_protobuf
2021-01-24 10:08:27.234 20953-20982/? I/OpenRuntimeJNI: private_protobuf abi:1 check success
2021-01-24 10:08:27.235 20953-20982/? I/OpenRuntimeJNI: txffmpeg fileLen:1760752
2021-01-24 10:08:27.239 23819-23819/? I/RenderVsyncUpdater: All controllers paused.
2021-01-24 10:08:27.241 1684-8874/? D/NtpTrustedTime: currentTimeMillis() cache hit
2021-01-24 10:08:27.242 610-25312/? I/netd: trafficSwapActiveStatsMap() <0.77ms>
2021-01-24 10:08:27.244 1684-1734/? D/CompatibilityInfo: mCompatibilityFlags - 0
2021-01-24 10:08:27.244 1684-1734/? D/CompatibilityInfo: applicationDensity - 440
2021-01-24 10:08:27.244 1684-1734/? D/CompatibilityInfo: applicationScale - 1.0
2021-01-24 10:08:27.245 20953-20982/? D/OpenRuntimeJNI: 4a3b64bd59f8ee39c013b1f980212a04 md5String:txffmpeg
2021-01-24 10:08:27.246 20953-20982/? I/OpenRuntimeJNI: txffmpeg abi:1 check success
2021-01-24 10:08:27.246 20953-20982/? I/OpenRuntimeJNI: qm_native_decoder_mp3 fileLen:227352
2021-01-24 10:08:27.247 20953-20982/? D/OpenRuntimeJNI: f0cacc60f98b2ab5f7b6281e14578bb9 md5String:qm_native_decoder_mp3
2021-01-24 10:08:27.247 20953-20982/? I/OpenRuntimeJNI: qm_native_decoder_mp3 abi:1 check success
2021-01-24 10:08:27.247 20953-20982/? I/OpenRuntimeJNI: FormatDetector fileLen:46348
2021-01-24 10:08:27.248 20953-20982/? D/OpenRuntimeJNI: 5a953ff0f59c51e5ca7b50e0938146f1 md5String:FormatDetector
2021-01-24 10:08:27.248 20953-20982/? I/OpenRuntimeJNI: FormatDetector abi:1 check success
2021-01-24 10:08:27.248 20953-20982/? I/OpenRuntimeJNI: codec_factory fileLen:46292
2021-01-24 10:08:27.249 20953-20982/? D/OpenRuntimeJNI: c63d0d7a87eb4ae7e0e025125437cd29 md5String:codec_factory
2021-01-24 10:08:27.249 20953-20982/? I/OpenRuntimeJNI: codec_factory abi:1 check success
2021-01-24 10:08:27.249 20953-20982/? I/OpenRuntimeJNI: magicbrush fileLen:4540504
2021-01-24 10:08:27.254 20953-21014/? W/Settings: Setting android_id has moved from android.provider.Settings.System to android.provider.Settings.Secure, returning read-only value.
2021-01-24 10:08:27.258 742-7835/? I//vendor/bin/hw/vendor.qti.hardware.servicetracker@1.1-service: bindService is called for service : com.tencent.qqlive/.modules.login.service.LoginService and for client com.tencent.qqlive
2021-01-24 10:08:27.258 742-7835/? I//vendor/bin/hw/vendor.qti.hardware.servicetracker@1.1-service: total connections for service : com.tencent.qqlive/.modules.login.service.LoginServiceare :1
2021-01-24 10:08:27.258 742-7835/? I//vendor/bin/hw/vendor.qti.hardware.servicetracker@1.1-service: total connections for client : com.tencent.qqliveare :2
2021-01-24 10:08:27.260 20953-20981/? D/TuringFdSDK: TuringFD v36 (c105498, l3119B4B91F353F1A, t1, audienceCommonMini, taf, 1, compiled 2019_11_21_15_08_48)
2021-01-24 10:08:27.261 20953-20953/? I/[AppLaunchMonitor]BaseAppLaunchTask: 执行耗时: LoginModuleConfig, 35, in ThreadName "main"
2021-01-24 10:08:27.263 21008-21008/? E/qqlive:service: Not starting debugger since process cannot load the jdwp agent.
2021-01-24 10:08:27.267 20953-20981/? I/TuringFdNative: TuringFD v36 (c105498, l3119B4B91F353F1A, compiled 2019_11_21_15_08_48, aucommon)
2021-01-24 10:08:27.267 20953-20981/? I/TuringFdNative: success
2021-01-24 10:08:27.268 610-25312/? I/netd: tetherGetStats() <2.75ms>
2021-01-24 10:08:27.277 20953-20982/? D/OpenRuntimeJNI: a11904be56d50e42b7b2c56b2aa8e0ee md5String:magicbrush
2021-01-24 10:08:27.277 20953-20982/? I/OpenRuntimeJNI: magicbrush abi:1 check success
2021-01-24 10:08:27.277 20953-20982/? I/OpenRuntimeJNI: wcwss fileLen:2895588
2021-01-24 10:08:27.294 20953-20982/? D/OpenRuntimeJNI: 6c062a4a1452559abfd90048c602e0f8 md5String:wcwss
2021-01-24 10:08:27.294 1684-31081/? W/MessageQueue: Handler (android.media.audiofx.Visualizer$NativeEventHandler) {fabdefe} sending message to a Handler on a dead thread
