2021-01-24 10:08:30.873 1684-1833/? W/ActivityManager: Slow operation: 199ms so far, now at startProcess: done updating pids map
2021-01-24 10:08:30.873 4435-4782/? D/TelephonyIcons: getDataTypeIcon sub=1
2021-01-24 10:08:30.873 1684-5167/? W/DevicePolicyManager: Package com.tencent.qqlive (uid=10434, pid=20953) cannot access Device IDs
2021-01-24 10:08:30.873 1684-6937/? W/DevicePolicyManager: Package com.tencent.qqlive (uid=10434, pid=20953) cannot access Device IDs
2021-01-24 10:08:30.874 5133-5794/? W/TelephonyPermissions: reportAccessDeniedToReadIdentifiers:com.tencent.qqlive:getImeiForSlot:isPreinstalled=false:isPrivApp=false
2021-01-24 10:08:30.881 6576-6576/? I/CNSS: Failed to send nl message
2021-01-24 10:08:30.884 1684-4633/? W/DevicePolicyManager: Package com.tencent.qqlive (uid=10434, pid=20953) cannot access Device IDs
2021-01-24 10:08:30.886 1684-6937/? W/DevicePolicyManager: Package com.tencent.qqlive (uid=10434, pid=20953) cannot access Device IDs
2021-01-24 10:08:30.886 5133-5828/? W/TelephonyPermissions: reportAccessDeniedToReadIdentifiers:com.tencent.qqlive:getImeiForSlot:isPreinstalled=false:isPrivApp=false
2021-01-24 10:08:30.887 5133-5684/? W/TelephonyPermissions: reportAccessDeniedToReadIdentifiers:com.tencent.qqlive:getSubscriberId:isPreinstalled=false:isPrivApp=false
2021-01-24 10:08:30.887 4435-4435/? D/SignalClusterView: updateMobileTypeImage  0
2021-01-24 10:08:30.887 5133-5713/? W/TelephonyPermissions: reportAccessDeniedToReadIdentifiers:com.tencent.qqlive:getSubscriberId:isPreinstalled=false:isPrivApp=false
2021-01-24 10:08:30.887 4435-4435/? D/SignalClusterView: updateMobileTypeImage  0
2021-01-24 10:08:30.888 4435-4435/? I/chatty: uid=1000(system) com.android.systemui identical 1 line
2021-01-24 10:08:30.889 4435-4435/? D/SignalClusterView: updateMobileTypeImage  0
2021-01-24 10:08:30.889 1684-4633/? W/DevicePolicyManager: Package com.tencent.qqlive (uid=10434, pid=20953) cannot access Device IDs
2021-01-24 10:08:30.890 4435-4435/? D/SignalClusterView: updateMobileTypeImage  0
2021-01-24 10:08:30.890 4435-4435/? I/chatty: uid=1000(system) com.android.systemui identical 2 lines
2021-01-24 10:08:30.891 4435-4435/? D/SignalClusterView: updateMobileTypeImage  0
2021-01-24 10:08:30.891 20953-21120/? D/UserStatusInfoModule: getCurUserStatusInfo
2021-01-24 10:08:30.902 5133-5149/? W/TelephonyPermissions: reportAccessDeniedToReadIdentifiers:com.tencent.qqlive:getSubscriberId:isPreinstalled=false:isPrivApp=false
2021-01-24 10:08:30.905 1684-2793/? W/DevicePolicyManager: Package com.tencent.qqlive (uid=10434, pid=20953) cannot access Device IDs
2021-01-24 10:08:30.906 5133-5665/? W/TelephonyPermissions: reportAccessDeniedToReadIdentifiers:com.tencent.qqlive:getSubscriberId:isPreinstalled=false:isPrivApp=false
2021-01-24 10:08:30.913 20953-21169/? D/OpenRuntimeJNI: 6c062a4a1452559abfd90048c602e0f8 md5String:wcwss
2021-01-24 10:08:30.913 20953-21169/? I/OpenRuntimeJNI: wcwss abi:1 check success
2021-01-24 10:08:30.913 20953-21169/? I/OpenRuntimeJNI: qm_native_decoder_flac fileLen:152852
2021-01-24 10:08:30.914 20953-21169/? D/OpenRuntimeJNI: f4cb322201875487beb0034de9a23132 md5String:qm_native_decoder_flac
2021-01-24 10:08:30.914 20953-21169/? I/OpenRuntimeJNI: qm_native_decoder_flac abi:1 check success
2021-01-24 10:08:30.915 20953-21169/? I/OpenRuntimeJNI: linkid fileLen:640364
2021-01-24 10:08:30.923 1684-4633/? W/DevicePolicyManager: Package com.tencent.qqlive (uid=10434, pid=20953) cannot access Device IDs
2021-01-24 10:08:30.924 5133-5659/? W/TelephonyPermissions: reportAccessDeniedToReadIdentifiers:com.tencent.qqlive:getSubscriberId:isPreinstalled=false:isPrivApp=false
2021-01-24 10:08:30.925 7259-7259/? I/BatteryInfoReceiver: ACTION_BATTERY_CHANGED
2021-01-24 10:08:30.927 8245-8589/? D/PowerCheckerService: onBatteryChanged, mBatteryLevel = 2, status = 2, level = 2, plug = 2, scale = 100
2021-01-24 10:08:30.928 21557-21557/? E/nt.qqlive:cach: Not starting debugger since process cannot load the jdwp agent.
2021-01-24 10:08:30.929 4435-4435/? D/KeyguardUpdateMonitor: received broadcast android.intent.action.BATTERY_CHANGED
2021-01-24 10:08:30.929 20953-21243/? I/MID: >>>   queryMatchContentProviders size:0
2021-01-24 10:08:30.936 20953-20953/? W/Activity: Slow Operation: Activity com.tencent.qqlive/.ona.activity.SplashHomeActivity onResume took 333ms
2021-01-24 10:08:30.938 20953-20982/? E/NetWorkTask: run: nacState = 1, taskAddress = TaskAddress{mDestDomain='acc.qq.com', mDestIp='acc.qq.com', mDestPort='80', mPath='null', mCmdId=0, mRequestUrl='', mForceIpDirect=false}
2021-01-24 10:08:30.947 1684-1734/? W/DevicePolicyManager: Package com.tencent.qqlive (uid=10434, pid=20953) cannot access Device IDs
2021-01-24 10:08:30.948 1684-2794/? W/DevicePolicyManager: Package com.tencent.qqlive (uid=10434, pid=20953) cannot access Device IDs
2021-01-24 10:08:30.952 20953-21169/? D/OpenRuntimeJNI: a58ef2ad70eb81117e26b937ed6bfa62 md5String:linkid
2021-01-24 10:08:30.952 20953-21169/? I/OpenRuntimeJNI: linkid abi:1 check success
2021-01-24 10:08:30.952 5133-27821/? W/TelephonyPermissions: reportAccessDeniedToReadIdentifiers:com.tencent.qqlive:getImeiForSlot:isPreinstalled=false:isPrivApp=false
2021-01-24 10:08:30.952 20953-21169/? I/OpenRuntimeJNI: canvas fileLen:325372
2021-01-24 10:08:30.954 20953-21169/? D/OpenRuntimeJNI: 1a5390a25d6aa322e8da7cdbc94685ce md5String:canvas
2021-01-24 10:08:30.954 1684-4633/? W/DevicePolicyManager: Package com.tencent.qqlive (uid=10434, pid=20953) cannot access Device IDs
2021-01-24 10:08:30.954 20953-21169/? I/OpenRuntimeJNI: canvas abi:1 check success
2021-01-24 10:08:30.957 5133-5151/? W/TelephonyPermissions: reportAccessDeniedToReadIdentifiers:com.tencent.qqlive:getSubscriberId:isPreinstalled=false:isPrivApp=false
2021-01-24 10:08:30.958 20953-21169/? I/OpenRuntimeJNI: mmavmedia fileLen:10493964
2021-01-24 10:08:30.960 5133-5636/? W/TelephonyPermissions: reportAccessDeniedToReadIdentifiers:com.tencent.qqlive:getImeiForSlot:isPreinstalled=false:isPrivApp=false
2021-01-24 10:08:30.964 1684-6874/? W/DevicePolicyManager: Package com.tencent.qqlive (uid=10434, pid=20953) cannot access Device IDs
2021-01-24 10:08:30.966 5133-5714/? W/TelephonyPermissions: reportAccessDeniedToReadIdentifiers:com.tencent.qqlive:getImeiForSlot:isPreinstalled=false:isPrivApp=false
2021-01-24 10:08:30.967 1684-31081/? W/MessageQueue: Handler (android.media.audiofx.Visualizer$NativeEventHandler) {fabdefe} sending message to a Handler on a dead thread
    java.lang.IllegalStateException: Handler (android.media.audiofx.Visualizer$NativeEventHandler) {fabdefe} sending message to a Handler on a dead thread
        at android.os.MessageQueue.enqueueMessage(MessageQueue.java:561)
        at android.os.Handler.enqueueMessage(Handler.java:754)
        at android.os.Handler.sendMessageAtTime(Handler.java:703)
        at android.os.Handler.sendMessageDelayed(Handler.java:673)
        at android.os.Handler.sendMessage(Handler.java:611)
        at android.media.audiofx.Visualizer.postEventFromNative(Visualizer.java:787)
2021-01-24 10:08:30.967 610-25312/? I/netd: tetherGetStats() <2.54ms>
2021-01-24 10:08:30.968 1684-4621/? W/DevicePolicyManager: Package com.tencent.qqlive (uid=10434, pid=20953) cannot access Device IDs
2021-01-24 10:08:30.969 5133-5634/? W/TelephonyPermissions: reportAccessDeniedToReadIdentifiers:com.tencent.qqlive:getImeiForSlot:isPreinstalled=false:isPrivApp=false
2021-01-24 10:08:30.973 5133-7374/? I/SarService: Receiver polling >>>> Change receiver mode: off
2021-01-24 10:08:30.982 20953-21522/? W/.tencent.qqliv: Long monitor contention with owner init-thread (21393) at java.lang.String com.tencent.bugly.crashreport.crash.jni.NativeCrashHandler.regist(java.lang.String, boolean, int)(BUGLY:-2) waiters=0 in void com.tencent.bugly.crashreport.crash.jni.NativeCrashHandler.onStrategyChanged(com.tencent.bugly.crashreport.common.strategy.StrategyBean) for 165ms
2021-01-24 10:08:30.987 1684-4621/? D/CompatibilityInfo: mCompatibilityFlags - 0
2021-01-24 10:08:30.988 1684-4621/? D/CompatibilityInfo: applicationDensity - 440
2021-01-24 10:08:30.988 1684-4621/? D/CompatibilityInfo: applicationScale - 1.0
2021-01-24 10:08:30.988 1684-5085/? W/DevicePolicyManager: Package com.tencent.qqlive (uid=10434, pid=20953) cannot access Device IDs
2021-01-24 10:08:30.992 1684-4621/? D/CompatibilityInfo: mCompatibilityFlags - 0
2021-01-24 10:08:30.992 1684-4621/? D/CompatibilityInfo: applicationDensity - 440
2021-01-24 10:08:30.992 1684-4621/? D/CompatibilityInfo: applicationScale - 1.0
2021-01-24 10:08:30.993 742-7835/? I//vendor/bin/hw/vendor.qti.hardware.servicetracker@1.1-service: startService() is called for servicecom.tencent.qqlive/.ona.offline.aidl.OfflineCacheService
2021-01-24 10:08:30.995 1684-6874/? W/DevicePolicyManager: Package com.tencent.qqlive (uid=10434, pid=20953) cannot access Device IDs
2021-01-24 10:08:30.997 1684-13448/? W/DevicePolicyManager: Package com.tencent.qqlive (uid=10434, pid=20953) cannot access Device IDs
2021-01-24 10:08:30.997 5133-5690/? W/TelephonyPermissions: reportAccessDeniedToReadIdentifiers:com.tencent.qqlive:getImeiForSlot:isPreinstalled=false:isPrivApp=false
2021-01-24 10:08:31.000 5133-5827/? W/TelephonyPermissions: reportAccessDeniedToReadIdentifiers:com.tencent.qqlive:getImeiForSlot:isPreinstalled=false:isPrivApp=false
2021-01-24 10:08:31.000 5133-5794/? W/TelephonyPermissions: reportAccessDeniedToReadIdentifiers:com.tencent.qqlive:getImeiForSlot:isPreinstalled=false:isPrivApp=false
2021-01-24 10:08:31.002 1684-5085/? W/DevicePolicyManager: Package com.tencent.qqlive (uid=10434, pid=20953) cannot access Device IDs
2021-01-24 10:08:31.005 5133-5713/? W/TelephonyPermissions: reportAccessDeniedToReadIdentifiers:com.tencent.qqlive:getImeiForSlot:isPreinstalled=false:isPrivApp=false
2021-01-24 10:08:31.018 20953-20953/? W/Looper: Slow Looper main: Activity com.tencent.qqlive/.ona.activity.SplashHomeActivity is 3145ms late (wall=958ms running=210ms ClientTransaction{ callbacks=[android.app.servertransaction.LaunchActivityItem] lifecycleRequest=android.app.servertransaction.ResumeActivityItem }) because of 1 msg, msg 1 took 3194ms (seq=2 running=1118ms runnable=186ms io=52ms late=11ms h=android.app.ActivityThread$H w=110)
2021-01-24 10:08:31.018 20953-20953/? W/Looper: Slow Looper main: Activity com.tencent.qqlive/.ona.activity.SplashHomeActivity is 4102ms late (wall=0ms running=0ms ClientTransaction{ callbacks=[android.app.servertransaction.TopResumedActivityChangeItem] }) because of 2 msg, msg 1 took 3194ms (seq=2 running=1118ms runnable=186ms io=52ms late=11ms h=android.app.ActivityThread$H w=110), msg 2 took 958ms (seq=3 running=210ms runnable=52ms late=3145ms h=android.app.ActivityThread$H w=159)
2021-01-24 10:08:31.022 742-7835/? I//vendor/bin/hw/vendor.qti.hardware.servicetracker@1.1-service: bindService is called for service : com.tencent.qqlive/.ona.offline.aidl.OfflineCacheService and for client com.tencent.qqlive
2021-01-24 10:08:31.022 742-7835/? I//vendor/bin/hw/vendor.qti.hardware.servicetracker@1.1-service: total connections for service : com.tencent.qqlive/.ona.offline.aidl.OfflineCacheServiceare :1
2021-01-24 10:08:31.022 742-7835/? I//vendor/bin/hw/vendor.qti.hardware.servicetracker@1.1-service: total connections for client : com.tencent.qqliveare :6
2021-01-24 10:08:31.023 4435-4435/? D/GestureStubView: resetRenderProperty: showGestureStub
2021-01-24 10:08:31.023 4435-4435/? D/GestureStubView: showGestureStub
2021-01-24 10:08:31.023 4435-4435/? D/GestureStubView: resetRenderProperty: showGestureStub
2021-01-24 10:08:31.023 4435-4435/? D/GestureStubView: showGestureStub
2021-01-24 10:08:31.028 6576-6576/? I/CNSS: Failed to send nl message
2021-01-24 10:08:31.040 1684-5085/? W/DevicePolicyManager: Package com.tencent.qqlive (uid=10434, pid=20953) cannot access Device IDs
2021-01-24 10:08:31.041 1684-7570/? W/DevicePolicyManager: Package com.tencent.qqlive (uid=10434, pid=20953) cannot access Device IDs
2021-01-24 10:08:31.043 5133-5665/? W/TelephonyPermissions: reportAccessDeniedToReadIdentifiers:com.tencent.qqlive:getSubscriberId:isPreinstalled=false:isPrivApp=false
2021-01-24 10:08:31.043 5133-26270/? W/TelephonyPermissions: reportAccessDeniedToReadIdentifiers:com.tencent.qqlive:getImeiForSlot:isPreinstalled=false:isPrivApp=false
2021-01-24 10:08:31.044 1684-8876/? W/DevicePolicyManager: Package com.tencent.qqlive (uid=10434, pid=20953) cannot access Device IDs
2021-01-24 10:08:31.046 5133-29028/? W/TelephonyPermissions: reportAccessDeniedToReadIdentifiers:com.tencent.qqlive:getSubscriberId:isPreinstalled=false:isPrivApp=false
2021-01-24 10:08:31.058 4435-4435/? D/GestureStubView: gatherTransparentRegion: need render w:54  h:1404
2021-01-24 10:08:31.058 1684-8876/? D/CompatibilityInfo: mCompatibilityFlags - 0
2021-01-24 10:08:31.058 1684-8876/? D/CompatibilityInfo: applicationDensity - 440
2021-01-24 10:08:31.058 1684-8876/? D/CompatibilityInfo: applicationScale - 1.0
2021-01-24 10:08:31.059 742-7835/? I//vendor/bin/hw/vendor.qti.hardware.servicetracker@1.1-service: startService() is called for servicecom.tencent.qqlive/.downloadproxy.tvkhttpproxy.service.TVKPlayService
2021-01-24 10:08:31.065 742-7835/? I//vendor/bin/hw/vendor.qti.hardware.servicetracker@1.1-service: bindService is called for service : com.tencent.qqlive/.downloadproxy.tvkhttpproxy.service.TVKPlayService and for client com.tencent.qqlive
2021-01-24 10:08:31.065 742-7835/? I//vendor/bin/hw/vendor.qti.hardware.servicetracker@1.1-service: total connections for service : com.tencent.qqlive/.downloadproxy.tvkhttpproxy.service.TVKPlayServiceare :1
2021-01-24 10:08:31.065 742-7835/? I//vendor/bin/hw/vendor.qti.hardware.servicetracker@1.1-service: total connections for client : com.tencent.qqliveare :7
2021-01-24 10:08:31.067 1684-31081/? W/MessageQueue: Handler (android.media.audiofx.Visualizer$NativeEventHandler) {fabdefe} sending message to a Handler on a dead thread
    java.lang.IllegalStateException: Handler (android.media.audiofx.Visualizer$NativeEventHandler) {fabdefe} sending message to a Handler on a dead thread
        at android.os.MessageQueue.enqueueMessage(MessageQueue.java:561)
        at android.os.Handler.enqueueMessage(Handler.java:754)
        at android.os.Handler.sendMessageAtTime(Handler.java:703)
        at android.os.Handler.sendMessageDelayed(Handler.java:673)
        at android.os.Handler.sendMessage(Handler.java:611)
        at android.media.audiofx.Visualizer.postEventFromNative(Visualizer.java:787)
2021-01-24 10:08:31.081 20953-21394/? I/[tpdlnative][TPDownloadProxyFactory:0]: ensurePlayManagerService ok
2021-01-24 10:08:31.083 20953-21169/? D/OpenRuntimeJNI: e6d77645521d6da51ae7c266a02ebc29 md5String:mmavmedia
2021-01-24 10:08:31.083 20953-21169/? I/OpenRuntimeJNI: mmavmedia abi:1 check success
2021-01-24 10:08:31.083 20953-21169/? I/OpenRuntimeJNI: wmpfcommonjni fileLen:1501388
2021-01-24 10:08:31.097 1684-13448/? D/CompatibilityInfo: mCompatibilityFlags - 0
2021-01-24 10:08:31.097 1684-13448/? D/CompatibilityInfo: applicationDensity - 440
2021-01-24 10:08:31.097 1684-13448/? D/CompatibilityInfo: applicationScale - 1.0
2021-01-24 10:08:31.097 1684-9257/? W/DevicePolicyManager: Package com.tencent.qqlive (uid=10434, pid=20953) cannot access Device IDs
2021-01-24 10:08:31.097 1684-2794/? W/DevicePolicyManager: Package com.tencent.qqlive (uid=10434, pid=21008) cannot access Device IDs
2021-01-24 10:08:31.100 5133-5684/? W/TelephonyPermissions: reportAccessDeniedToReadIdentifiers:com.tencent.qqlive:getImeiForSlot:isPreinstalled=false:isPrivApp=false
2021-01-24 10:08:31.100 20953-21169/? D/OpenRuntimeJNI: 13ff4d8e40b952fab7647e9f92d24900 md5String:wmpfcommonjni
2021-01-24 10:08:31.100 742-7835/? I//vendor/bin/hw/vendor.qti.hardware.servicetracker@1.1-service: startService() is called for servicecom.tencent.qqlive/com.tencent.thumbplayer.core.downloadproxy.service.TPDownloadProxyService
2021-01-24 10:08:31.100 20953-21169/? I/OpenRuntimeJNI: wmpfcommonjni abi:1 check success
2021-01-24 10:08:31.101 20953-21169/? I/OpenRuntimeJNI: mmlockstep fileLen:481088
2021-01-24 10:08:31.101 5133-5828/? W/TelephonyPermissions: reportAccessDeniedToReadIdentifiers:com.tencent.qqlive:getSubscriberId:isPreinstalled=false:isPrivApp=false
2021-01-24 10:08:31.101 21008-21067/? W/BpBinder: Slow Binder: BpBinder transact took 207 ms, interface=com.android.internal.telephony.ITelephony, code=146 oneway=false
2021-01-24 10:08:31.104 4435-4435/? D/GestureStubView: gatherTransparentRegion: need render w:54  h:1404
2021-01-24 10:08:31.106 20953-21169/? D/OpenRuntimeJNI: 973844f9134fa4b20d93d447733eb759 md5String:mmlockstep
2021-01-24 10:08:31.106 20953-21169/? I/OpenRuntimeJNI: mmlockstep abi:1 check success
2021-01-24 10:08:31.107 20953-21169/? I/OpenRuntimeJNI: wechatpack fileLen:788716
2021-01-24 10:08:31.109 20953-21424/? I/SkinEngine: thread id :21143[update]: start mSkinRootPath:null,skinRootPath:null
2021-01-24 10:08:31.111 20953-21424/? I/SkinEngine: [refreshOnUpdateColorStateColor]: skinData:SkinData{mResourcesID=2131100797, mFilePath='null', mInDensity=0, mFileName='skin_ctab.xml', mThemeColorName='null', mBlackWhiteColor=false, mNeedRollBack=false}com.tencent.component.theme.j@d33793f
2021-01-24 10:08:31.111 742-7835/? I//vendor/bin/hw/vendor.qti.hardware.servicetracker@1.1-service: bindService is called for service : com.tencent.qqlive/com.tencent.thumbplayer.core.downloadproxy.service.TPDownloadProxyService and for client com.tencent.qqlive
2021-01-24 10:08:31.111 742-7835/? I//vendor/bin/hw/vendor.qti.hardware.servicetracker@1.1-service: total connections for service : com.tencent.qqlive/com.tencent.thumbplayer.core.downloadproxy.service.TPDownloadProxyServiceare :1
2021-01-24 10:08:31.111 742-7835/? I//vendor/bin/hw/vendor.qti.hardware.servicetracker@1.1-service: total connections for client : com.tencent.qqliveare :8
2021-01-24 10:08:31.113 1684-4300/? D/NtpTrustedTime: currentTimeMillis() cache hit
2021-01-24 10:08:31.118 1684-5089/? W/DevicePolicyManager: Package com.tencent.qqlive (uid=10434, pid=20953) cannot access Device IDs
2021-01-24 10:08:31.118 20953-21169/? D/OpenRuntimeJNI: cc30cc873105001082dee725b7b7ca0e md5String:wechatpack
2021-01-24 10:08:31.118 20953-21169/? I/OpenRuntimeJNI: wechatpack abi:1 check success
2021-01-24 10:08:31.119 20953-21169/? I/OpenRuntimeJNI: mmwcwss fileLen:247560
2021-01-24 10:08:31.121 7259-8103/? I/TrafficManageService: mina mTrafficStatsReceiver onReceive
2021-01-24 10:08:31.121 20953-21169/? D/OpenRuntimeJNI: c29f28aa12f72c3c32160c71fdefcfb6 md5String:mmwcwss
2021-01-24 10:08:31.121 20953-21169/? I/OpenRuntimeJNI: mmwcwss abi:1 check success
2021-01-24 10:08:31.121 20953-21169/? I/OpenRuntimeJNI: audio_common fileLen:58636
2021-01-24 10:08:31.122 20953-21169/? D/OpenRuntimeJNI: 1941d40fd0d87773733c9ee4e166a626 md5String:audio_common
2021-01-24 10:08:31.122 610-25312/? I/netd: bandwidthSetGlobalAlert(131072) <0.50ms>
2021-01-24 10:08:31.122 20953-21169/? I/OpenRuntimeJNI: audio_common abi:1 check success
2021-01-24 10:08:31.122 20953-21169/? I/OpenRuntimeJNI: mmvulkan fileLen:14000
2021-01-24 10:08:31.123 20953-21169/? D/OpenRuntimeJNI: 49586dc9613e28ea5c0f5235d23c1246 md5String:mmvulkan
2021-01-24 10:08:31.123 20953-21169/? I/OpenRuntimeJNI: mmvulkan abi:1 check success
2021-01-24 10:08:31.123 20953-21169/? I/OpenRuntimeJNI: wechataudiosilk fileLen:74980
2021-01-24 10:08:31.124 20953-21169/? D/OpenRuntimeJNI: 19122d176cd242bff81c470ccb5fa2bb md5String:wechataudiosilk
2021-01-24 10:08:31.124 20953-21169/? I/OpenRuntimeJNI: wechataudiosilk abi:1 check success
2021-01-24 10:08:31.124 20953-21169/? I/OpenRuntimeJNI: liteavsdk fileLen:3537504
2021-01-24 10:08:31.137 1684-2794/? W/DevicePolicyManager: Package com.tencent.qqlive (uid=10434, pid=20953) cannot access Device IDs
2021-01-24 10:08:31.137 1684-7023/? W/DevicePolicyManager: Package com.tencent.qqlive (uid=10434, pid=20953) cannot access Device IDs
2021-01-24 10:08:31.139 5133-5714/? W/TelephonyPermissions: reportAccessDeniedToReadIdentifiers:com.tencent.qqlive:getImeiForSlot:isPreinstalled=false:isPrivApp=false
2021-01-24 10:08:31.144 5133-5636/? W/TelephonyPermissions: reportAccessDeniedToReadIdentifiers:com.tencent.qqlive:getSubscriberId:isPreinstalled=false:isPrivApp=false
2021-01-24 10:08:31.144 5133-5634/? W/TelephonyPermissions: reportAccessDeniedToReadIdentifiers:com.tencent.qqlive:getImeiForSlot:isPreinstalled=false:isPrivApp=false
2021-01-24 10:08:31.149 1684-7570/? D/CompatibilityInfo: mCompatibilityFlags - 0
2021-01-24 10:08:31.150 1684-7570/? D/CompatibilityInfo: applicationDensity - 440
2021-01-24 10:08:31.150 1684-7570/? D/CompatibilityInfo: applicationScale - 1.0
2021-01-24 10:08:31.153 1684-4633/? W/DevicePolicyManager: Package com.tencent.qqlive (uid=10434, pid=20953) cannot access Device IDs
2021-01-24 10:08:31.153 5133-27821/? W/TelephonyPermissions: reportAccessDeniedToReadIdentifiers:com.tencent.qqlive:getSubscriberId:isPreinstalled=false:isPrivApp=false
2021-01-24 10:08:31.155 742-7835/? I//vendor/bin/hw/vendor.qti.hardware.servicetracker@1.1-service: startService() is called for servicecom.tencent.qqlive/.paylogic.cache.CachePayInfoService
2021-01-24 10:08:31.156 20953-21169/? D/OpenRuntimeJNI: faae96ae439706f0713a76036679f2fd md5String:liteavsdk
2021-01-24 10:08:31.156 20953-21169/? I/OpenRuntimeJNI: liteavsdk abi:1 check success
2021-01-24 10:08:31.157 20953-21169/? I/OpenRuntimeJNI: mmmediasdk fileLen:1140232
2021-01-24 10:08:31.165 742-7835/? I//vendor/bin/hw/vendor.qti.hardware.servicetracker@1.1-service: bindService is called for service : com.tencent.qqlive/.paylogic.cache.CachePayInfoService and for client com.tencent.qqlive
2021-01-24 10:08:31.165 742-7835/? I//vendor/bin/hw/vendor.qti.hardware.servicetracker@1.1-service: total connections for service : com.tencent.qqlive/.paylogic.cache.CachePayInfoServiceare :1
2021-01-24 10:08:31.165 742-7835/? I//vendor/bin/hw/vendor.qti.hardware.servicetracker@1.1-service: total connections for client : com.tencent.qqliveare :9
2021-01-24 10:08:31.166 1684-8874/? W/DevicePolicyManager: Package com.tencent.qqlive (uid=10434, pid=20953) cannot access Device IDs
2021-01-24 10:08:31.167 20953-21169/? D/OpenRuntimeJNI: fdccb39bfb5e38aeea97f1145ad3bc59 md5String:mmmediasdk
2021-01-24 10:08:31.167 20953-21169/? I/OpenRuntimeJNI: mmmediasdk abi:1 check success
2021-01-24 10:08:31.167 20953-21169/? I/OpenRuntimeJNI: mmmediasdkjni fileLen:46556
2021-01-24 10:08:31.167 20953-21169/? D/OpenRuntimeJNI: eedb69a7945489ad2aca936ece1afc87 md5String:mmmediasdkjni
2021-01-24 10:08:31.168 20953-21169/? I/OpenRuntimeJNI: mmmediasdkjni abi:1 check success
2021-01-24 10:08:31.168 5133-5151/? W/TelephonyPermissions: reportAccessDeniedToReadIdentifiers:com.tencent.qqlive:getSubscriberId:isPreinstalled=false:isPrivApp=false
2021-01-24 10:08:31.168 20953-21169/? I/OpenRuntimeJNI: qm_native_decoder_ape fileLen:198436
2021-01-24 10:08:31.169 1684-31081/? W/MessageQueue: Handler (android.media.audiofx.Visualizer$NativeEventHandler) {fabdefe} sending message to a Handler on a dead thread
    java.lang.IllegalStateException: Handler (android.media.audiofx.Visualizer$NativeEventHandler) {fabdefe} sending message to a Handler on a dead thread
        at android.os.MessageQueue.enqueueMessage(MessageQueue.java:561)
        at android.os.Handler.enqueueMessage(Handler.java:754)
        at android.os.Handler.sendMessageAtTime(Handler.java:703)
        at android.os.Handler.sendMessageDelayed(Handler.java:673)
        at android.os.Handler.sendMessage(Handler.java:611)
        at android.media.audiofx.Visualizer.postEventFromNative(Visualizer.java:787)
2021-01-24 10:08:31.170 20953-21453/? I/CarrierManager: getActiveSubscription()=[ EmptySubscription imsi = 3000501fda70e28de7cd040ab0a5cdc784f520453060010215509 ] hash=EmptySubscription@322817
2021-01-24 10:08:31.170 20953-21169/? D/OpenRuntimeJNI: 04c1604780ed1cef6143598aca9b730f md5String:qm_native_decoder_ape
2021-01-24 10:08:31.170 20953-21169/? I/OpenRuntimeJNI: qm_native_decoder_ape abi:1 check success
2021-01-24 10:08:31.170 20953-21169/? I/OpenRuntimeJNI: ilink_im fileLen:3328948
2021-01-24 10:08:31.172 20953-21424/? I/ColorStateListPreloadIntercepter#SkinEngineSkinnableColorStateList: [inflate]: colorRes =0,haveColor:true,color:-1,changeWay:1
2021-01-24 10:08:31.173 5133-7374/? I/SarService: Receiver polling >>>> Change receiver mode: off
2021-01-24 10:08:31.181 1684-7715/? W/DevicePolicyManager: Package com.tencent.qqlive (uid=10434, pid=20953) cannot access Device IDs
2021-01-24 10:08:31.188 6576-6576/? I/CNSS: Failed to send nl message
2021-01-24 10:08:31.191 5133-5149/? W/TelephonyPermissions: reportAccessDeniedToReadIdentifiers:com.tencent.qqlive:getSubscriberId:isPreinstalled=false:isPrivApp=false
2021-01-24 10:08:31.191 20953-21408/? I/ProtocolManager: createNetWorkTask: NACManager, serverInfo = acc.qq.com : acc.qq.com, nacState = 1, request = AppRemoteConfigRequest
2021-01-24 10:08:31.193 1684-7023/? W/DevicePolicyManager: Package com.tencent.qqlive (uid=10434, pid=20953) cannot access Device IDs
2021-01-24 10:08:31.194 5133-5690/? W/TelephonyPermissions: reportAccessDeniedToReadIdentifiers:com.tencent.qqlive:getImeiForSlot:isPreinstalled=false:isPrivApp=false
2021-01-24 10:08:31.199 20953-21169/? D/OpenRuntimeJNI: fc3faedd21a321fe48a8d4ffa2c1beec md5String:ilink_im
2021-01-24 10:08:31.199 20953-21169/? I/OpenRuntimeJNI: ilink_im abi:1 check success
2021-01-24 10:08:31.200 20953-21169/? I/OpenRuntimeJNI: skia-canvas-log-bridge fileLen:13996
2021-01-24 10:08:31.200 20953-21169/? D/OpenRuntimeJNI: 703af1158b15c36ad69561183847e781 md5String:skia-canvas-log-bridge
2021-01-24 10:08:31.200 20953-21169/? I/OpenRuntimeJNI: skia-canvas-log-bridge abi:1 check success
2021-01-24 10:08:31.200 20953-21169/? I/OpenRuntimeJNI: commonimgdec fileLen:304952
2021-01-24 10:08:31.201 20953-20965/? I/.tencent.qqliv: Background concurrent copying GC freed 120434(7814KB) AllocSpace objects, 29(1604KB) LOS objects, 49% free, 24MB/48MB, paused 22.939ms total 1.265s
2021-01-24 10:08:31.202 20953-21502/? I/.tencent.qqliv: WaitForGcToComplete blocked ClassLinker on ClassLinker for 651.570ms
2021-01-24 10:08:31.203 20953-21169/? D/OpenRuntimeJNI: fa644f8974b59d694630d174012ea7a2 md5String:commonimgdec
2021-01-24 10:08:31.203 20953-21169/? I/OpenRuntimeJNI: commonimgdec abi:1 check success
2021-01-24 10:08:31.203 1684-5085/? W/DevicePolicyManager: Package com.tencent.qqlive (uid=10434, pid=20953) cannot access Device IDs
2021-01-24 10:08:31.204 20953-21169/? I/OpenRuntimeJNI: ilink_dev fileLen:2965396
2021-01-24 10:08:31.211 5133-26270/? W/TelephonyPermissions: reportAccessDeniedToReadIdentifiers:com.tencent.qqlive:getSubscriberId:isPreinstalled=false:isPrivApp=false
2021-01-24 10:08:31.211 20953-20967/? W/System: A resource failed to call end.
2021-01-24 10:08:31.214 20953-21502/? D/ViewContentFactory: initViewContentFetcherClass
2021-01-24 10:08:31.214 20953-21502/? D/ViewContentFactory: getInterceptorPackageInfo
2021-01-24 10:08:31.215 20953-21502/? D/ViewContentFactory: getInitialApplication took 1ms
2021-01-24 10:08:31.215 20953-21502/? D/ViewContentFactory: packageInfo.packageName: com.miui.catcherpatch
2021-01-24 10:08:31.232 1684-8874/? W/DevicePolicyManager: Package com.tencent.qqlive (uid=10434, pid=20953) cannot access Device IDs
2021-01-24 10:08:31.232 20953-21169/? D/OpenRuntimeJNI: 6773749ba0afdd7a8486083af81542bc md5String:ilink_dev
2021-01-24 10:08:31.232 20953-21169/? I/OpenRuntimeJNI: ilink_dev abi:1 check success
2021-01-24 10:08:31.233 20953-21169/? I/OpenRuntimeJNI: mmskia fileLen:4812644
2021-01-24 10:08:31.234 4435-4782/? V/NFC: this device does not have NFC support
2021-01-24 10:08:31.236 20953-21502/? D/ViewContentFactory: initViewContentFetcherClass took 22ms
2021-01-24 10:08:31.236 20953-21502/? I/ContentCatcher: ViewContentFetcher : ViewContentFetcher
2021-01-24 10:08:31.236 20953-21502/? D/ViewContentFactory: createInterceptor took 22ms
2021-01-24 10:08:31.243 21008-21311/? I/MID: >>>   queryMatchContentProviders size:0
2021-01-24 10:08:31.247 21557-21557/? I/nt.qqlive:cach: The ClassLoaderContext is a special shared library.
2021-01-24 10:08:31.256 1684-7568/? W/DevicePolicyManager: Package com.tencent.qqlive (uid=10434, pid=20953) cannot access Device IDs
2021-01-24 10:08:31.258 1684-4633/? W/DevicePolicyManager: Package com.tencent.qqlive (uid=10434, pid=20953) cannot access Device IDs
2021-01-24 10:08:31.258 5133-5827/? W/TelephonyPermissions: reportAccessDeniedToReadIdentifiers:com.tencent.qqlive:getSubscriberId:isPreinstalled=false:isPrivApp=false
2021-01-24 10:08:31.258 1684-5089/? W/DevicePolicyManager: Package com.tencent.qqlive (uid=10434, pid=20953) cannot access Device IDs
2021-01-24 10:08:31.261 20953-21411/? W/BpBinder: Slow Binder: BpBinder transact took 215 ms, interface=com.android.internal.telephony.IPhoneSubInfo, code=8 oneway=false
2021-01-24 10:08:31.261 5133-29028/? W/TelephonyPermissions: reportAccessDeniedToReadIdentifiers:com.tencent.qqlive:getDeviceId:isPreinstalled=false:isPrivApp=false
2021-01-24 10:08:31.268 5133-5713/? W/TelephonyPermissions: reportAccessDeniedToReadIdentifiers:com.tencent.qqlive:getSubscriberId:isPreinstalled=false:isPrivApp=false
2021-01-24 10:08:31.268 20953-21190/? W/BpBinder: Slow Binder: BpBinder transact took 250 ms, interface=com.android.internal.telephony.IPhoneSubInfo, code=8 oneway=false
2021-01-24 10:08:31.272 1684-31081/? W/MessageQueue: Handler (android.media.audiofx.Visualizer$NativeEventHandler) {fabdefe} sending message to a Handler on a dead thread
    java.lang.IllegalStateException: Handler (android.media.audiofx.Visualizer$NativeEventHandler) {fabdefe} sending message to a Handler on a dead thread
        at android.os.MessageQueue.enqueueMessage(MessageQueue.java:561)
        at android.os.Handler.enqueueMessage(Handler.java:754)
        at android.os.Handler.sendMessageAtTime(Handler.java:703)
        at android.os.Handler.sendMessageDelayed(Handler.java:673)
        at android.os.Handler.sendMessage(Handler.java:611)
        at android.media.audiofx.Visualizer.postEventFromNative(Visualizer.java:787)
2021-01-24 10:08:31.276 1684-5089/? W/DevicePolicyManager: Package com.tencent.qqlive (uid=10434, pid=20953) cannot access Device IDs
2021-01-24 10:08:31.276 5133-5665/? W/TelephonyPermissions: reportAccessDeniedToReadIdentifiers:com.tencent.qqlive:getSubscriberId:isPreinstalled=false:isPrivApp=false
2021-01-24 10:08:31.278 20953-21169/? D/OpenRuntimeJNI: cfb1b20d29200a0e09c26ec6bdad4c80 md5String:mmskia
2021-01-24 10:08:31.278 20953-21169/? I/OpenRuntimeJNI: mmskia abi:1 check success
2021-01-24 10:08:31.278 20953-21101/? W/BpBinder: Slow Binder: BpBinder transact took 229 ms, interface=com.android.internal.telephony.IPhoneSubInfo, code=8 oneway=false
2021-01-24 10:08:31.278 20953-21169/? I/OpenRuntimeJNI: mmimgcodec fileLen:67524
2021-01-24 10:08:31.279 20953-21169/? D/OpenRuntimeJNI: ac51c9340a1e0cf9bff64ba0c37afb8d md5String:mmimgcodec
2021-01-24 10:08:31.279 20953-21169/? I/OpenRuntimeJNI: mmimgcodec abi:1 check success
2021-01-24 10:08:31.279 20953-21101/? D/UserStatusInfoModule: getCurUserStatusInfo
2021-01-24 10:08:31.279 20953-21169/? I/OpenRuntimeJNI: mmv8 fileLen:12329092
2021-01-24 10:08:31.281 5133-5794/? W/TelephonyPermissions: reportAccessDeniedToReadIdentifiers:com.tencent.qqlive:getSubscriberId:isPreinstalled=false:isPrivApp=false
2021-01-24 10:08:31.281 20953-21190/? I/ODK: init completed, appkey is AES1V77ZTU79 channel is 51 , sdk version is 5.1.9.012 report strategy : INSTANT
2021-01-24 10:08:31.284 1684-2794/? W/DevicePolicyManager: Package com.tencent.qqlive (uid=10434, pid=20953) cannot access Device IDs
2021-01-24 10:08:31.285 20953-21524/? E/NetWorkTask: run: nacState = 1, taskAddress = TaskAddress{mDestDomain='acc.qq.com', mDestIp='acc.qq.com', mDestPort='80', mPath='null', mCmdId=0, mRequestUrl='', mForceIpDirect=false}
2021-01-24 10:08:31.285 5133-5634/? W/TelephonyPermissions: reportAccessDeniedToReadIdentifiers:com.tencent.qqlive:getImeiForSlot:isPreinstalled=false:isPrivApp=false
2021-01-24 10:08:31.293 6576-6576/? I/CNSS: Failed to send nl message
2021-01-24 10:08:31.296 1684-5089/? W/DevicePolicyManager: Package com.tencent.qqlive (uid=10434, pid=21008) cannot access Device IDs
2021-01-24 10:08:31.297 5133-5828/? W/TelephonyPermissions: reportAccessDeniedToReadIdentifiers:com.tencent.qqlive:getSubscriberId:isPreinstalled=false:isPrivApp=false
2021-01-24 10:08:31.303 20953-21119/? D/MicroMsg.SDK.WXMsgImplComm: check signature:308202eb30820254a00302010202044d36f7a4300d06092a864886f70d01010505003081b9310b300906035504061302383631123010060355040813094775616e67646f6e673111300f060355040713085368656e7a68656e31353033060355040a132c54656e63656e7420546563686e6f6c6f6779285368656e7a68656e2920436f6d70616e79204c696d69746564313a3038060355040b133154656e63656e74204775616e677a686f7520526573656172636820616e6420446576656c6f706d656e742043656e7465723110300e0603550403130754656e63656e74301e170d3131303131393134333933325a170d3431303131313134333933325a3081b9310b300906035504061302383631123010060355040813094775616e67646f6e673111300f060355040713085368656e7a68656e31353033060355040a132c54656e63656e7420546563686e6f6c6f6779285368656e7a68656e2920436f6d70616e79204c696d69746564313a3038060355040b133154656e63656e74204775616e677a686f7520526573656172636820616e6420446576656c6f706d656e742043656e7465723110300e0603550403130754656e63656e7430819f300d06092a864886f70d010101050003818d0030818902818100c05f34b231b083fb1323670bfbe7bdab40c0c0a6efc87ef2072a1ff0d60cc67c8edb0d0847f210bea6cbfaa241be70c86daf56be08b723c859e52428a064555d80db448cdcacc1aea2501eba06f8bad12a4fa49d85cacd7abeb68945a5cb5e061629b52e3254c373550ee4e40cb7c8ae6f7a8151ccd8df582d446f39ae0c5e930203010001300d06092a864886f70d0101050500038181009c8d9d7f2f908c42081b4c764c377109a8b2c70582422125ce545842d5f520aea69550b6bd8bfd94e987b75a3077eb04ad341f481aac266e89d3864456e69fba13df018acdc168b9a19dfd7ad9d9cc6f6ace57c746515f71234df3a053e33ba93ece5cd0fc15f3e389a3f365588a9fcb439e069d3629cd7732a13fff7b891499
2021-01-24 10:08:31.303 20953-21119/? D/MicroMsg.SDK.WXMsgImplComm: pass
2021-01-24 10:08:31.307 1684-9257/? W/DevicePolicyManager: Package com.tencent.qqlive (uid=10434, pid=20953) cannot access Device IDs
2021-01-24 10:08:31.309 610-21595/? E/ResolverController: No valid NAT64 prefix (437, <unspecified>/0)
2021-01-24 10:08:31.311 5133-5714/? W/TelephonyPermissions: reportAccessDeniedToReadIdentifiers:com.tencent.qqlive:getImeiForSlot:isPreinstalled=false:isPrivApp=false
2021-01-24 10:08:31.313 610-21599/? E/ResolverController: No valid NAT64 prefix (437, <unspecified>/0)
2021-01-24 10:08:31.313 20953-21119/? D/MicroMsg.SDK.WXMsgImplComm: check signature:308202eb30820254a00302010202044d36f7a4300d06092a864886f70d01010505003081b9310b300906035504061302383631123010060355040813094775616e67646f6e673111300f060355040713085368656e7a68656e31353033060355040a132c54656e63656e7420546563686e6f6c6f6779285368656e7a68656e2920436f6d70616e79204c696d69746564313a3038060355040b133154656e63656e74204775616e677a686f7520526573656172636820616e6420446576656c6f706d656e742043656e7465723110300e0603550403130754656e63656e74301e170d3131303131393134333933325a170d3431303131313134333933325a3081b9310b300906035504061302383631123010060355040813094775616e67646f6e673111300f060355040713085368656e7a68656e31353033060355040a132c54656e63656e7420546563686e6f6c6f6779285368656e7a68656e2920436f6d70616e79204c696d69746564313a3038060355040b133154656e63656e74204775616e677a686f7520526573656172636820616e6420446576656c6f706d656e742043656e7465723110300e0603550403130754656e63656e7430819f300d06092a864886f70d010101050003818d0030818902818100c05f34b231b083fb1323670bfbe7bdab40c0c0a6efc87ef2072a1ff0d60cc67c8edb0d0847f210bea6cbfaa241be70c86daf56be08b723c859e52428a064555d80db448cdcacc1aea2501eba06f8bad12a4fa49d85cacd7abeb68945a5cb5e061629b52e3254c373550ee4e40cb7c8ae6f7a8151ccd8df582d446f39ae0c5e930203010001300d06092a864886f70d0101050500038181009c8d9d7f2f908c42081b4c764c377109a8b2c70582422125ce545842d5f520aea69550b6bd8bfd94e987b75a3077eb04ad341f481aac266e89d3864456e69fba13df018acdc168b9a19dfd7ad9d9cc6f6ace57c746515f71234df3a053e33ba93ece5cd0fc15f3e389a3f365588a9fcb439e069d3629cd7732a13fff7b891499
2021-01-24 10:08:31.313 20953-21119/? D/MicroMsg.SDK.WXMsgImplComm: pass
2021-01-24 10:08:31.317 610-21600/? E/ResolverController: No valid NAT64 prefix (437, <unspecified>/0)
2021-01-24 10:08:31.324 1684-14620/? W/DevicePolicyManager: Package com.tencent.qqlive (uid=10434, pid=20986) cannot access Device IDs
2021-01-24 10:08:31.326 5133-5684/? W/TelephonyPermissions: reportAccessDeniedToReadIdentifiers:com.tencent.qqlive:getSubscriberId:isPreinstalled=false:isPrivApp=false
2021-01-24 10:08:31.329 1684-4621/? W/DevicePolicyManager: Package com.tencent.qqlive (uid=10434, pid=20953) cannot access Device IDs
2021-01-24 10:08:31.330 20953-20953/? E/ObjectStorageUtil: readInfoFromFile CustomizeServer
    java.io.FileNotFoundException: /data/user/0/com.tencent.qqlive/filesCustomizeServer: open failed: ENOENT (No such file or directory)
        at libcore.io.IoBridge.open(IoBridge.java:496)
        at java.io.FileInputStream.<init>(FileInputStream.java:159)
        at java.io.FileInputStream.<init>(FileInputStream.java:115)
        at com.tencent.wns.util.e.a(ObjectStorageUtil.java:48)
        at com.tencent.wns.session.j.p(SessionManager.java:372)
        at com.tencent.wns.session.j.<init>(SessionManager.java:354)
        at com.tencent.wns.session.j.a(SessionManager.java:364)
        at com.tencent.wns.service.WnsMain.onCreate(WnsMain.java:75)
        at android.app.ActivityThread.handleCreateService(ActivityThread.java:4013)
        at android.app.ActivityThread.access$1600(ActivityThread.java:226)
        at android.app.ActivityThread$H.handleMessage(ActivityThread.java:1905)
        at android.os.Handler.dispatchMessage(Handler.java:107)
        at android.os.Looper.loop(Looper.java:225)
        at android.app.ActivityThread.main(ActivityThread.java:7564)
        at java.lang.reflect.Method.invoke(Native Method)
        at com.android.internal.os.RuntimeInit$MethodAndArgsCaller.run(RuntimeInit.java:539)
        at com.android.internal.os.ZygoteInit.main(ZygoteInit.java:950)
     Caused by: android.system.ErrnoException: open failed: ENOENT (No such file or directory)
        at libcore.io.Linux.open(Native Method)
        at libcore.io.ForwardingOs.open(ForwardingOs.java:167)
        at libcore.io.BlockGuardOs.open(BlockGuardOs.java:252)
        at libcore.io.ForwardingOs.open(ForwardingOs.java:167)
        at android.app.ActivityThread$AndroidOs.open(ActivityThread.java:7463)
        at libcore.io.IoBridge.open(IoBridge.java:482)
        at java.io.FileInputStream.<init>(FileInputStream.java:159) 
        at java.io.FileInputStream.<init>(FileInputStream.java:115) 
        at com.tencent.wns.util.e.a(ObjectStorageUtil.java:48) 
        at com.tencent.wns.session.j.p(SessionManager.java:372) 
        at com.tencent.wns.session.j.<init>(SessionManager.java:354) 
        at com.tencent.wns.session.j.a(SessionManager.java:364) 
        at com.tencent.wns.service.WnsMain.onCreate(WnsMain.java:75) 
        at android.app.ActivityThread.handleCreateService(ActivityThread.java:4013) 
        at android.app.ActivityThread.access$1600(ActivityThread.java:226) 
        at android.app.ActivityThread$H.handleMessage(ActivityThread.java:1905) 
        at android.os.Handler.dispatchMessage(Handler.java:107) 
        at android.os.Looper.loop(Looper.java:225) 
        at android.app.ActivityThread.main(ActivityThread.java:7564) 
        at java.lang.reflect.Method.invoke(Native Method) 
        at com.android.internal.os.RuntimeInit$MethodAndArgsCaller.run(RuntimeInit.java:539) 
        at com.android.internal.os.ZygoteInit.main(ZygoteInit.java:950) 
2021-01-24 10:08:31.332 5133-5636/? W/TelephonyPermissions: reportAccessDeniedToReadIdentifiers:com.tencent.qqlive:getSubscriberId:isPreinstalled=false:isPrivApp=false
2021-01-24 10:08:31.334 20953-21015/? D/UserStatusInfoModule: getCurUserStatusInfo
2021-01-24 10:08:31.334 21557-21557/? W/nt.qqlive:cach: resources.arsc in APK '/data/app/com.tencent.qqlive-OceE97h1buzx_N2O9Jabpw==/base.apk' is compressed.
2021-01-24 10:08:31.335 1684-4621/? W/DevicePolicyManager: Package com.tencent.qqlive (uid=10434, pid=20953) cannot access Device IDs
2021-01-24 10:08:31.337 610-21603/? E/ResolverController: No valid NAT64 prefix (437, <unspecified>/0)
2021-01-24 10:08:31.337 20953-21424/? I/SkinEngine: thread id : 21143,[doInBackground]: doInBackground done
2021-01-24 10:08:31.344 20986-21000/? I/qlive:pmservic: Background young concurrent copying GC freed 11569(758KB) AllocSpace objects, 4(208KB) LOS objects, 0% free, 9469KB/9469KB, paused 140us total 524.366ms
2021-01-24 10:08:31.346 1684-6874/? W/DevicePolicyManager: Package com.tencent.qqlive (uid=10434, pid=20953) cannot access Device IDs
2021-01-24 10:08:31.353 610-21610/? E/ResolverController: No valid NAT64 prefix (437, <unspecified>/0)
2021-01-24 10:08:31.353 5133-5151/? W/TelephonyPermissions: reportAccessDeniedToReadIdentifiers:com.tencent.qqlive:getSubscriberId:isPreinstalled=false:isPrivApp=false
2021-01-24 10:08:31.353 1684-4438/? W/DevicePolicyManager: Package com.tencent.qqlive (uid=10434, pid=20953) cannot access Device IDs
2021-01-24 10:08:31.354 5133-27821/? W/TelephonyPermissions: reportAccessDeniedToReadIdentifiers:com.tencent.qqlive:getImeiForSlot:isPreinstalled=false:isPrivApp=false
2021-01-24 10:08:31.356 1684-5167/? W/DevicePolicyManager: Package com.tencent.qqlive (uid=10434, pid=20953) cannot access Device IDs
2021-01-24 10:08:31.357 20953-20953/? I/NetworkReceiver: cur type: 1 last type: 65535 cur hash code253521596
2021-01-24 10:08:31.357 20953-20953/? E/NetworkReceiver: wifi avaiable!
2021-01-24 10:08:31.358 20953-20953/? E/NetworkReceiver: Last Type: 1
2021-01-24 10:08:31.358 5133-5149/? W/TelephonyPermissions: reportAccessDeniedToReadIdentifiers:com.tencent.qqlive:getImeiForSlot:isPreinstalled=false:isPrivApp=false
2021-01-24 10:08:31.359 1684-6874/? W/DevicePolicyManager: Package com.tencent.qqlive (uid=10434, pid=20953) cannot access Device IDs
2021-01-24 10:08:31.361 5133-26270/? W/TelephonyPermissions: reportAccessDeniedToReadIdentifiers:com.tencent.qqlive:getImeiForSlot:isPreinstalled=false:isPrivApp=false
2021-01-24 10:08:31.362 20986-21170/? I/ODK: init completed, appkey is AES1V77ZTU79 channel is 51 , sdk version is 5.1.9.012 report strategy : INSTANT
2021-01-24 10:08:31.370 1684-7023/? W/DevicePolicyManager: Package com.tencent.qqlive (uid=10434, pid=20953) cannot access Device IDs
2021-01-24 10:08:31.371 5133-5828/? W/TelephonyPermissions: reportAccessDeniedToReadIdentifiers:com.tencent.qqlive:getSubscriberId:isPreinstalled=false:isPrivApp=false
2021-01-24 10:08:31.372 1684-7023/? W/DevicePolicyManager: Package com.tencent.qqlive (uid=10434, pid=20953) cannot access Device IDs
2021-01-24 10:08:31.373 1684-31081/? W/MessageQueue: Handler (android.media.audiofx.Visualizer$NativeEventHandler) {fabdefe} sending message to a Handler on a dead thread
    java.lang.IllegalStateException: Handler (android.media.audiofx.Visualizer$NativeEventHandler) {fabdefe} sending message to a Handler on a dead thread
        at android.os.MessageQueue.enqueueMessage(MessageQueue.java:561)
        at android.os.Handler.enqueueMessage(Handler.java:754)
        at android.os.Handler.sendMessageAtTime(Handler.java:703)
        at android.os.Handler.sendMessageDelayed(Handler.java:673)
        at android.os.Handler.sendMessage(Handler.java:611)
        at android.media.audiofx.Visualizer.postEventFromNative(Visualizer.java:787)
2021-01-24 10:08:31.373 20953-21394/? I/g: onNetworkBegin
2021-01-24 10:08:31.374 5133-7374/? I/SarService: Receiver polling >>>> Change receiver mode: off
2021-01-24 10:08:31.374 5133-5690/? W/TelephonyPermissions: reportAccessDeniedToReadIdentifiers:com.tencent.qqlive:getImeiForSlot:isPreinstalled=false:isPrivApp=false
2021-01-24 10:08:31.380 20953-21509/? I/ProtocolManager: createNetWorkTask: NACManager, serverInfo = acc.qq.com : acc.qq.com, nacState = 1, request = VideoConfigRequest
2021-01-24 10:08:31.381 5133-5714/? W/TelephonyPermissions: reportAccessDeniedToReadIdentifiers:com.tencent.qqlive:getSubscriberId:isPreinstalled=false:isPrivApp=false
2021-01-24 10:08:31.383 4435-4435/? D/BluetoothController: fireStateChange
2021-01-24 10:08:31.383 4435-4435/? D/PhoneStatusBarPolicy: updateBluetooth bluetoothEnabled = false bluetoothBattery visible=false
2021-01-24 10:08:31.383 4435-4435/? D/QSTile.BluetoothTile: onBluetoothStateChange: enabled = false
2021-01-24 10:08:31.393 20953-21169/? D/OpenRuntimeJNI: d4b842d5e3bff09efc2aba38dbeea466 md5String:mmv8
2021-01-24 10:08:31.394 20953-21169/? I/OpenRuntimeJNI: mmv8 abi:1 check success
2021-01-24 10:08:31.394 6576-6576/? I/CNSS: Failed to send nl message
2021-01-24 10:08:31.420 20953-21169/? I/OpenRuntimeJNI: ilink_network fileLen:3551304
2021-01-24 10:08:31.420 20953-21119/? D/MicroMsg.SDK.WXApiImplV10: wxSdkVersion = 671088689
2021-01-24 10:08:31.431 1684-6937/? W/DevicePolicyManager: Package com.tencent.qqlive (uid=10434, pid=20953) cannot access Device IDs
2021-01-24 10:08:31.432 1684-14425/? W/DevicePolicyManager: Package com.tencent.qqlive (uid=10434, pid=20953) cannot access Device IDs
2021-01-24 10:08:31.433 5133-27821/? W/TelephonyPermissions: reportAccessDeniedToReadIdentifiers:com.tencent.qqlive:getSubscriberId:isPreinstalled=false:isPrivApp=false
2021-01-24 10:08:31.441 5133-5690/? W/TelephonyPermissions: reportAccessDeniedToReadIdentifiers:com.tencent.qqlive:getImeiForSlot:isPreinstalled=false:isPrivApp=false
2021-01-24 10:08:31.445 1684-8876/? W/DevicePolicyManager: Package com.tencent.qqlive (uid=10434, pid=20953) cannot access Device IDs
2021-01-24 10:08:31.446 1684-14425/? W/DevicePolicyManager: Package com.tencent.qqlive (uid=10434, pid=20953) cannot access Device IDs
2021-01-24 10:08:31.447 5133-5151/? W/TelephonyPermissions: reportAccessDeniedToReadIdentifiers:com.tencent.qqlive:getSubscriberId:isPreinstalled=false:isPrivApp=false
2021-01-24 10:08:31.453 5133-5149/? W/TelephonyPermissions: reportAccessDeniedToReadIdentifiers:com.tencent.qqlive:getSubscriberId:isPreinstalled=false:isPrivApp=false
2021-01-24 10:08:31.461 21008-21319/? I/MID: >>>   queryMatchContentProviders size:0
2021-01-24 10:08:31.462 1684-14425/? W/DevicePolicyManager: Package com.tencent.qqlive (uid=10434, pid=20953) cannot access Device IDs
2021-01-24 10:08:31.469 1684-14620/? W/DevicePolicyManager: Package com.tencent.qqlive (uid=10434, pid=20953) cannot access Device IDs
2021-01-24 10:08:31.469 1684-13448/? W/DevicePolicyManager: Package com.tencent.qqlive (uid=10434, pid=21215) cannot access Device IDs
2021-01-24 10:08:31.470 5133-5714/? W/TelephonyPermissions: reportAccessDeniedToReadIdentifiers:com.tencent.qqlive:getDeviceId:isPreinstalled=false:isPrivApp=false
2021-01-24 10:08:31.471 5133-5828/? W/TelephonyPermissions: reportAccessDeniedToReadIdentifiers:com.tencent.qqlive:getMeidForSlot:isPreinstalled=false:isPrivApp=false
2021-01-24 10:08:31.471 5133-26270/? W/TelephonyPermissions: reportAccessDeniedToReadIdentifiers:com.tencent.qqlive:getImeiForSlot:isPreinstalled=false:isPrivApp=false
2021-01-24 10:08:31.475 1684-31081/? W/MessageQueue: Handler (android.media.audiofx.Visualizer$NativeEventHandler) {fabdefe} sending message to a Handler on a dead thread
    java.lang.IllegalStateException: Handler (android.media.audiofx.Visualizer$NativeEventHandler) {fabdefe} sending message to a Handler on a dead thread
        at android.os.MessageQueue.enqueueMessage(MessageQueue.java:561)
        at android.os.Handler.enqueueMessage(Handler.java:754)
        at android.os.Handler.sendMessageAtTime(Handler.java:703)
        at android.os.Handler.sendMessageDelayed(Handler.java:673)
        at android.os.Handler.sendMessage(Handler.java:611)
        at android.media.audiofx.Visualizer.postEventFromNative(Visualizer.java:787)
2021-01-24 10:08:31.478 21557-21557/? I/Perf: Connecting to perf service.
2021-01-24 10:08:31.479 20953-21169/? D/OpenRuntimeJNI: e06360f4e1228f6bbe3bdf1d6e16c64b md5String:ilink_network
2021-01-24 10:08:31.479 20953-21169/? I/OpenRuntimeJNI: ilink_network abi:1 check success
2021-01-24 10:08:31.479 20953-21169/? I/OpenRuntimeJNI: mmnode fileLen:8140400
2021-01-24 10:08:31.480 1684-14620/? W/DevicePolicyManager: Package com.tencent.qqlive (uid=10434, pid=21008) cannot access Device IDs
2021-01-24 10:08:31.481 1684-13448/? W/DevicePolicyManager: Package com.tencent.qqlive (uid=10434, pid=20953) cannot access Device IDs
2021-01-24 10:08:31.487 21008-21080/? E/kc_test: notifyMsg: TO_FORE_RESULT_CHANGED content: 1611454111487
2021-01-24 10:08:31.496 21215-21232/? I/downloadServic: Background concurrent copying GC freed 62060(5672KB) AllocSpace objects, 47(1500KB) LOS objects, 49% free, 5085KB/10171KB, paused 10.923ms total 815.771ms
2021-01-24 10:08:31.501 21008-21090/? E/kc_test: ononEvent  baseProcess: true  MsgType: TO_FORE_RESULT_CHANGED
2021-01-24 10:08:31.515 21557-21557/? I/load_dex_tag: QQLiveApplication init
2021-01-24 10:08:31.516 1684-7538/? W/DevicePolicyManager: Package com.tencent.qqlive (uid=10434, pid=20953) cannot access Device IDs
2021-01-24 10:08:31.519 5133-5149/? W/TelephonyPermissions: reportAccessDeniedToReadIdentifiers:com.tencent.qqlive:getImeiForSlot:isPreinstalled=false:isPrivApp=false
2021-01-24 10:08:31.522 5133-5690/? W/TelephonyPermissions: reportAccessDeniedToReadIdentifiers:com.tencent.qqlive:getSubscriberId:isPreinstalled=false:isPrivApp=false
2021-01-24 10:08:31.522 5133-5684/? W/TelephonyPermissions: reportAccessDeniedToReadIdentifiers:com.tencent.qqlive:getImeiForSlot:isPreinstalled=false:isPrivApp=false
2021-01-24 10:08:31.525 1684-7538/? W/DevicePolicyManager: Package com.tencent.qqlive (uid=10434, pid=20953) cannot access Device IDs
