--------- beginning of system
02-12 08:41:55.282  3910  4122 E ActivityThread: Failed to find provider info for com.oplus.cardservice.repository.provider.CardServiceServerProvider
02-12 08:43:25.560  7783  7890 E ActivityThread: Failed to find provider info for com.oplus.cardservice.repository.provider.CardServiceServerProvider
02-12 08:43:45.702  9740  9853 E ActivityThread: Failed to find provider info for com.oplus.cardservice.repository.provider.CardServiceServerProvider
--------- beginning of main
02-12 09:39:59.679  3254  3254 E libc    : Access denied finding property "persist.device_config.runtime_native.use_app_image_startup_cache"
02-12 09:39:59.679  3254  3254 E .tencent.qqliv: LoadAppImageStartupCache enabled : 1
02-12 09:39:59.684  3254  3254 E .tencent.qqliv: Not starting debugger since process cannot load the jdwp agent.
02-12 09:39:59.938  3254  3254 E ApplicationProcessUtils: ApplicationWrapper:attachBaseContext: process = com.tencent.qqlive, processType = 16
02-12 09:39:59.975  3254  3254 E QQLiveXLogger: new:com.tencent.qqlive,
02-12 09:40:00.008  3254  3355 E SQLiteLog: (1) no such table: OnePrefs_UpdatePrefsFile
02-12 09:40:00.068  3383  3383 E libc    : Access denied finding property "persist.device_config.runtime_native.use_app_image_startup_cache"
02-12 09:40:00.068  3383  3383 E qqlive:service: LoadAppImageStartupCache enabled : 1
02-12 09:40:00.070  3383  3383 E qqlive:service: Not starting debugger since process cannot load the jdwp agent.
02-12 09:40:00.093  3254  3426 E AwareLog: AtomicFileUtils: readFileLines file not exist: android.util.AtomicFile@8c42b37
02-12 09:40:00.108  3254  3409 E Handler : This is not main thread, and the caller should invoke Looper.prepare()  and Looper.loop()called byandroid.os.Handler.<init>:122 androidx.lifecycle.ProcessLifecycleOwner.attach:158 androidx.lifecycle.ProcessLifecycleOwner.init:105 java.lang.reflect.Method.invoke:-2 com.tencent.qqlive.utils.ReflectUtil.invokeMethod:90 com.tencent.qqlive.hook.ProcessLifecycleOwnerInitializerHooker$1.run:57 com.tencent.qqlive.modules.vb.threadservice.impl.VBExecuteRunnable.run:54 java.util.concurrent.ThreadPoolExecutor.runWorker:1167 
02-12 09:40:00.112  3254  3434 E ActivityThread: Failed to find provider info for com.oplus.cardservice.repository.provider.CardServiceServerProvider
02-12 09:40:00.128  3440  3440 E libc    : Access denied finding property "persist.device_config.runtime_native.use_app_image_startup_cache"
02-12 09:40:00.129  3440  3440 E qlive:pmservic: LoadAppImageStartupCache enabled : 1
02-12 09:40:00.147  3440  3440 E qlive:pmservic: Not starting debugger since process cannot load the jdwp agent.
02-12 09:40:00.189  3254  3254 E RMonitor_looper_lifecycle: init error when lastAppState is not unknown.
02-12 09:40:00.309  3254  3254 E SysUtils: [variable fonts] error to update font wght scale:java.lang.NumberFormatException: empty String
02-12 09:40:00.317  3383  3383 E ApplicationProcessUtils: ApplicationWrapper:attachBaseContext: process = com.tencent.qqlive:services, processType = 17
02-12 09:40:00.349  3383  3383 E QQLiveXLogger: new:com.tencent.qqlive:services,services
02-12 09:40:00.411  3383  3612 E SQLiteLog: (1) no such table: OnePrefs_UpdatePrefsFile
02-12 09:40:00.426  3635  3635 E libc    : Access denied finding property "persist.device_config.runtime_native.use_app_image_startup_cache"
02-12 09:40:00.426  3635  3635 E nt.qqlive:cach: LoadAppImageStartupCache enabled : 1
02-12 09:40:00.442  3635  3635 E nt.qqlive:cach: Not starting debugger since process cannot load the jdwp agent.
02-12 09:40:00.453  3440  3440 E ApplicationProcessUtils: ApplicationWrapper:attachBaseContext: process = com.tencent.qqlive:pmservice, processType = 18
02-12 09:40:00.496  3254  3637 E ODK     : getMid no mid class
02-12 09:40:00.504  3254  3637 E ODK     : Could not get permission of android.permission.READ_PHONE_STATE
02-12 09:40:00.543  3254  3637 E ODK     : Could not get permission of android.permission.READ_PHONE_STATE
02-12 09:40:00.544  3440  3440 E QQLiveXLogger: new:com.tencent.qqlive:pmservice,pmservice
02-12 09:40:00.692  3254  3356 E ODK     : appkey in StatConfig.setAppKey() is null or exceed 256 bytes
02-12 09:40:00.701  3440  3735 E SQLiteLog: (1) no such table: OnePrefs_UpdatePrefsFile
02-12 09:40:00.831  3254  3254 E ThemeUtils: View class com.tencent.qqlive.modules.vb.lottie.adapter.VBLottieAnimationView is an AppCompat widget that can only be used with a Theme.AppCompat theme (or descendant).
02-12 09:40:00.831  3254  3254 E ThemeUtils: View class com.tencent.qqlive.modules.vb.lottie.adapter.VBLottieAnimationView is an AppCompat widget that can only be used with a Theme.AppCompat theme (or descendant).
02-12 09:40:00.832  3254  3254 E ColorUtils: Unknown color
02-12 09:40:00.880  3635  3635 E ApplicationProcessUtils: ApplicationWrapper:attachBaseContext: process = com.tencent.qqlive:cache, processType = 17
02-12 09:40:00.908  3383  3610 E ODK     : appkey in StatConfig.setAppKey() is null or exceed 256 bytes
02-12 09:40:00.915  3254  3514 E Luggage.WxaTdiLoginBoot: [, , 3514]:boot fail: fail:first boot: not activate device before
02-12 09:40:00.929  3254  3254 E ThemeUtils: View class com.tencent.qqlive.modules.vb.lottie.adapter.VBLottieAnimationView is an AppCompat widget that can only be used with a Theme.AppCompat theme (or descendant).
02-12 09:40:00.946  3635  3635 E QQLiveXLogger: new:com.tencent.qqlive:cache,cache
02-12 09:40:00.961  3383  3839 E ODK     : getMid no mid class
02-12 09:40:00.971  3254  3495 E error   : CommonModel onProtocolRequestFinish
02-12 09:40:00.972  3254  3493 E _V_lib_video_mixUtils: checkWidgetMD NameNotFoundException: e = com.vivo.videowidgetmix
02-12 09:40:00.972  3254  3493 E _V_lib_video_mixUtils: isMCheckPass NameNotFoundException: e = com.vivo.videowidgetmix
02-12 09:40:00.975  3383  3839 E ODK     : Could not get permission of android.permission.READ_PHONE_STATE
02-12 09:40:00.990  3383  3383 E KcSdk   : [KcState] com.tencent.qqlive:services-- notifyCheck msg: android.intent.action.SIM_STATE_CHANGED   immediate: false
02-12 09:40:00.990  3383  3383 E KcSdk   : [KcState] com.tencent.qqlive:services-- notifyCheck msg: android.net.conn.CONNECTIVITY_CHANGE   immediate: false
02-12 09:40:00.998  3254  3741 E MMKV    : <MMKV.cpp:554::getBytes> InvalidProtocolBuffer negativeSize
02-12 09:40:00.999  3254  3354 E error   : CommonModel onProtocolRequestFinish
02-12 09:40:00.999  3254  3354 E error   : CommonModel onGetJceStruct
02-12 09:40:01.018  3383  3839 E ODK     : Could not get permission of android.permission.READ_PHONE_STATE
02-12 09:40:01.024  3254  3741 E MMKV    : <MMKV.cpp:554::getBytes> InvalidProtocolBuffer negativeSize
02-12 09:40:01.047  3254  3254 E ThemeUtils: View class com.tencent.qqlive.modules.vb.lottie.adapter.VBLottieAnimationView is an AppCompat widget that can only be used with a Theme.AppCompat theme (or descendant).
02-12 09:40:02.030  3254  3254 E RecyclerViewPager: poster View 1008.0 hight 567.0
02-12 09:40:02.044  3254  3254 E RecyclerViewPager: poster View 1008.0 hight 567.0
02-12 09:40:02.053  3254  3254 E CarouselCell: poster cell width = 1008 height = 567
02-12 09:40:02.061  3254  3254 E CarouselCell: poster cell width = 1008 height = 567
02-12 09:40:02.078  3254  4240 E UpgradeCommonTag: UpgradeRequest : result = {"code":0,"data":{"title":"","newFeature":"","publishTime":"0","updateTime":"0","updateStrategy":0,"grayType":0,"popTimes":0,"popInterval":"0","apkBasicInfo":null,"tacticsId":"","status":0,"remindType":0,"clientInfo":null,"extra":{}},"message":""}
02-12 09:40:02.085  3254  4281 E GCloudVoice: [2022-02-12 09:40:02 085] | Error | [GCloudVoice] |4281| GCloudVoiceEngine.cpp:3970 |OnApplyAuthKey| OnApplyAuthKey Succ
02-12 09:40:02.135  3254  3254 E CarouselCell: poster cell width = 1008 height = 567
02-12 09:40:02.174  3254  3254 E CarouselCell: poster cell width = 1008 height = 567
02-12 09:40:02.191  3254  4267 E GVoiceAndroidLog: Java body size is 120
02-12 09:40:02.191  3254  4267 E GCloudVoice: [2022-02-12 09:40:02 191] | Error | [GCloudVoice] |4267| GCloudVoiceConfig.cpp:1055 |RecvResponse| No config_items Node
02-12 09:40:02.192  3254  4267 E GCloudVoice: [2022-02-12 09:40:02 191] | Error | [GCloudVoice] |4267| GCloudVoiceEngine.cpp:1819 |CheckServerAddrConfig| GetServerAddrConfig failed: 2
02-12 09:40:02.192  3254  4265 E GCloudVoice: [2022-02-12 09:40:02 192] | Error | [GCloudVoice] |4265| GCloudVoiceEngine.cpp:1819 |CheckServerAddrConfig| GetServerAddrConfig failed: 2
02-12 09:40:02.313  3254  3637 E ODK     : error  connection num , currentConnectionNum : 0
02-12 09:40:02.494  3254  3637 E ODK     : error  connection num , currentConnectionNum : 0
02-12 09:40:02.539  3254  3756 E error   : CommonModel onProtocolRequestFinish
02-12 09:40:02.539  3254  3756 E error   : CommonModel onGetJceStruct
02-12 09:40:02.557  3254  4243 E ThemeUtils: View class com.tencent.qqlive.modules.universal.commonview.primary.FeedTouchTextView is an AppCompat widget that can only be used with a Theme.AppCompat theme (or descendant).
02-12 09:40:02.640  3254  4243 E ThemeUtils: View class com.tencent.qqlive.modules.universal.commonview.primary.FeedTouchTextView is an AppCompat widget that can only be used with a Theme.AppCompat theme (or descendant).
02-12 09:40:02.643  3635  4057 E TMAssistantSDK: SDK尚未初始化，请先调用初始化方法，否则会出现异常。详细使用方法请参考《腾讯应用宝自更新SDK使用指南.doc》
02-12 09:40:02.646  3254  4243 E ThemeUtils: View class com.tencent.qqlive.modules.universal.commonview.primary.FeedTouchTextView is an AppCompat widget that can only be used with a Theme.AppCompat theme (or descendant).
02-12 09:40:02.657  3254  4243 E ThemeUtils: View class com.tencent.qqlive.modules.universal.commonview.primary.FeedTouchTextView is an AppCompat widget that can only be used with a Theme.AppCompat theme (or descendant).
02-12 09:40:02.674  3254  4243 E [ckey_sdk]: init plz~~
02-12 09:40:02.690  3254  3254 E ThemeUtils: View class com.tencent.qqlive.modules.vb.lottie.adapter.VBLottieAnimationView is an AppCompat widget that can only be used with a Theme.AppCompat theme (or descendant).
02-12 09:40:02.720  3254  3254 E ThemeUtils: View class com.tencent.qqlive.modules.vb.lottie.adapter.VBLottieAnimationView is an AppCompat widget that can only be used with a Theme.AppCompat theme (or descendant).
02-12 09:40:02.746  3254  3254 E ThemeUtils: View class com.tencent.qqlive.modules.vb.lottie.adapter.VBLottieAnimationView is an AppCompat widget that can only be used with a Theme.AppCompat theme (or descendant).
02-12 09:40:02.826  3254  3637 E ODK     : error  connection num , currentConnectionNum : 0
02-12 09:40:03.054  3254  3459 E ThemeUtils: View class com.tencent.qqlive.modules.universal.commonview.primary.FeedTouchTextView is an AppCompat widget that can only be used with a Theme.AppCompat theme (or descendant).
02-12 09:40:03.108  3254  3459 E ThemeUtils: View class com.tencent.qqlive.modules.universal.commonview.primary.FeedTouchTextView is an AppCompat widget that can only be used with a Theme.AppCompat theme (or descendant).
02-12 09:40:03.135  3254  3254 E ThemeUtils: View class com.tencent.qqlive.modules.vb.lottie.adapter.VBLottieAnimationView is an AppCompat widget that can only be used with a Theme.AppCompat theme (or descendant).
02-12 09:40:03.150  3254  3254 E ThemeUtils: View class com.tencent.qqlive.modules.vb.lottie.adapter.VBLottieAnimationView is an AppCompat widget that can only be used with a Theme.AppCompat theme (or descendant).
02-12 09:40:03.165  3254  3254 E ThemeUtils: View class com.tencent.qqlive.modules.vb.lottie.adapter.VBLottieAnimationView is an AppCompat widget that can only be used with a Theme.AppCompat theme (or descendant).
02-12 09:40:03.771  3254  3719 E memtrack: Couldn't load memtrack module
02-12 09:40:04.207  3254  3741 E MMKV    : <MMKV.cpp:554::getBytes> InvalidProtocolBuffer negativeSize
02-12 09:40:21.524  5336  5336 E libc    : Access denied finding property "persist.device_config.runtime_native.use_app_image_startup_cache"
02-12 09:40:21.524  5336  5336 E .tencent.qqliv: LoadAppImageStartupCache enabled : 1
02-12 09:40:21.527  5336  5336 E .tencent.qqliv: Not starting debugger since process cannot load the jdwp agent.
02-12 09:40:21.635  5336  5336 E ApplicationProcessUtils: ApplicationWrapper:attachBaseContext: process = com.tencent.qqlive, processType = 16
02-12 09:40:21.644  5336  5336 E QQLiveXLogger: new:com.tencent.qqlive,
02-12 09:40:21.652  5336  5501 E SQLiteLog: (1) no such table: OnePrefs_UpdatePrefsFile
02-12 09:40:21.680  5533  5533 E libc    : Access denied finding property "persist.device_config.runtime_native.use_app_image_startup_cache"
02-12 09:40:21.680  5533  5533 E qqlive:service: LoadAppImageStartupCache enabled : 1
02-12 09:40:21.690  5533  5533 E qqlive:service: Not starting debugger since process cannot load the jdwp agent.
02-12 09:40:21.693  5336  5566 E AwareLog: AtomicFileUtils: readFileLines file not exist: android.util.AtomicFile@f639fef
02-12 09:40:21.695  5336  5520 E Handler : This is not main thread, and the caller should invoke Looper.prepare()  and Looper.loop()called byandroid.os.Handler.<init>:122 androidx.lifecycle.ProcessLifecycleOwner.attach:158 androidx.lifecycle.ProcessLifecycleOwner.init:105 java.lang.reflect.Method.invoke:-2 com.tencent.qqlive.utils.ReflectUtil.invokeMethod:90 com.tencent.qqlive.hook.ProcessLifecycleOwnerInitializerHooker$1.run:57 com.tencent.qqlive.modules.vb.threadservice.impl.VBExecuteRunnable.run:54 java.util.concurrent.ThreadPoolExecutor.runWorker:1167 
02-12 09:40:21.697  5336  5574 E ActivityThread: Failed to find provider info for com.oplus.cardservice.repository.provider.CardServiceServerProvider
02-12 09:40:21.706  5598  5598 E libc    : Access denied finding property "persist.device_config.runtime_native.use_app_image_startup_cache"
02-12 09:40:21.706  5598  5598 E qlive:pmservic: LoadAppImageStartupCache enabled : 1
02-12 09:40:21.710  5598  5598 E qlive:pmservic: Not starting debugger since process cannot load the jdwp agent.
02-12 09:40:21.761  5336  5336 E RMonitor_looper_lifecycle: init error when lastAppState is not unknown.
02-12 09:40:21.929  5533  5533 E ApplicationProcessUtils: ApplicationWrapper:attachBaseContext: process = com.tencent.qqlive:services, processType = 17
02-12 09:40:21.948  5533  5533 E QQLiveXLogger: new:com.tencent.qqlive:services,services
02-12 09:40:21.953  5336  5336 E SysUtils: [variable fonts] error to update font wght scale:java.lang.NumberFormatException: empty String
02-12 09:40:21.992  5598  5598 E ApplicationProcessUtils: ApplicationWrapper:attachBaseContext: process = com.tencent.qqlive:pmservice, processType = 18
02-12 09:40:22.017  5533  5933 E SQLiteLog: (1) no such table: OnePrefs_UpdatePrefsFile
02-12 09:40:22.024  5598  5598 E QQLiveXLogger: new:com.tencent.qqlive:pmservice,pmservice
02-12 09:40:22.043  5598  5977 E SQLiteLog: (1) no such table: OnePrefs_UpdatePrefsFile
02-12 09:40:22.104  5336  5989 E ODK     : getMid no mid class
02-12 09:40:22.108  5336  5989 E ODK     : Could not get permission of android.permission.READ_PHONE_STATE
02-12 09:40:22.164  5336  5989 E ODK     : Could not get permission of android.permission.READ_PHONE_STATE
02-12 09:40:22.182  5336  5502 E ODK     : appkey in StatConfig.setAppKey() is null or exceed 256 bytes
02-12 09:40:22.187  6069  6069 E libc    : Access denied finding property "persist.device_config.runtime_native.use_app_image_startup_cache"
02-12 09:40:22.188  6069  6069 E nt.qqlive:cach: LoadAppImageStartupCache enabled : 1
02-12 09:40:22.195  6069  6069 E nt.qqlive:cach: Not starting debugger since process cannot load the jdwp agent.
02-12 09:40:22.483  5336  5643 E _V_lib_video_mixUtils: checkWidgetMD NameNotFoundException: e = com.vivo.videowidgetmix
02-12 09:40:22.483  5336  5643 E _V_lib_video_mixUtils: isMCheckPass NameNotFoundException: e = com.vivo.videowidgetmix
02-12 09:40:22.495  5336  5336 E ThemeUtils: View class com.tencent.qqlive.modules.vb.lottie.adapter.VBLottieAnimationView is an AppCompat widget that can only be used with a Theme.AppCompat theme (or descendant).
02-12 09:40:22.495  5336  5336 E ThemeUtils: View class com.tencent.qqlive.modules.vb.lottie.adapter.VBLottieAnimationView is an AppCompat widget that can only be used with a Theme.AppCompat theme (or descendant).
02-12 09:40:22.496  5336  5336 E ColorUtils: Unknown color
02-12 09:40:22.499  5336  6080 E MMKV    : <MMKV.cpp:554::getBytes> InvalidProtocolBuffer negativeSize
02-12 09:40:22.517  5336  6080 E MMKV    : <MMKV.cpp:554::getBytes> InvalidProtocolBuffer negativeSize
02-12 09:40:22.533  5336  5517 E error   : CommonModel onProtocolRequestFinish
02-12 09:40:22.544  5336  5336 E ThemeUtils: View class com.tencent.qqlive.modules.vb.lottie.adapter.VBLottieAnimationView is an AppCompat widget that can only be used with a Theme.AppCompat theme (or descendant).
02-12 09:40:22.573  6069  6069 E ApplicationProcessUtils: ApplicationWrapper:attachBaseContext: process = com.tencent.qqlive:cache, processType = 17
02-12 09:40:22.607  5336  5517 E error   : CommonModel onProtocolRequestFinish
02-12 09:40:22.607  5336  5517 E error   : CommonModel onGetJceStruct
02-12 09:40:22.626  5336  5336 E ThemeUtils: View class com.tencent.qqlive.modules.vb.lottie.adapter.VBLottieAnimationView is an AppCompat widget that can only be used with a Theme.AppCompat theme (or descendant).
02-12 09:40:22.658  5336  5336 E ThemeUtils: View class com.tencent.qqlive.modules.vb.lottie.adapter.VBLottieAnimationView is an AppCompat widget that can only be used with a Theme.AppCompat theme (or descendant).
02-12 09:40:22.659  6069  6069 E QQLiveXLogger: new:com.tencent.qqlive:cache,cache
02-12 09:40:22.670  5336  5336 E RAApplicationContext: cannot startup again
02-12 09:40:22.673  5336  5336 E DataBinding: make sure you want to bind UVTXImageView to com.tencent.qqlive.ona.activity.SplashHomeActivity@e7d54d1
02-12 09:40:22.674  5336  5336 E DataBinding: make sure you want to bind UVTXImageView to com.tencent.qqlive.ona.activity.SplashHomeActivity@e7d54d1
02-12 09:40:22.674  5336  5336 E DataBinding: make sure you want to bind View to com.tencent.qqlive.ona.activity.SplashHomeActivity@e7d54d1
02-12 09:40:22.674  5336  5336 E DataBinding: make sure you want to bind View to com.tencent.qqlive.ona.activity.SplashHomeActivity@e7d54d1
02-12 09:40:22.677  5533  5892 E ODK     : appkey in StatConfig.setAppKey() is null or exceed 256 bytes
02-12 09:40:22.680  5336  5336 E DataBinding: make sure you want to bind View to com.tencent.qqlive.ona.activity.SplashHomeActivity@e7d54d1
02-12 09:40:22.680  5336  5336 E DataBinding: make sure you want to bind View to com.tencent.qqlive.ona.activity.SplashHomeActivity@e7d54d1
02-12 09:40:22.680  5336  5336 E DataBinding: make sure you want to bind BigIpBackgroundView to com.tencent.qqlive.ona.activity.SplashHomeActivity@e7d54d1
02-12 09:40:22.687  5533  5533 E KcSdk   : [KcState] com.tencent.qqlive:services-- notifyCheck msg: android.intent.action.SIM_STATE_CHANGED   immediate: false
02-12 09:40:22.689  5533  5533 E KcSdk   : [KcState] com.tencent.qqlive:services-- notifyCheck msg: android.net.conn.CONNECTIVITY_CHANGE   immediate: false
02-12 09:40:22.697  5336  5697 E Luggage.WxaTdiLoginBoot: [, , 5697]:boot fail: fail:first boot: not activate device before
02-12 09:40:22.710  6069  6251 E SQLiteLog: (1) no such table: OnePrefs_UpdatePrefsFile
02-12 09:40:22.714  5533  6240 E ODK     : getMid no mid class
02-12 09:40:22.715  5533  6240 E ODK     : Could not get permission of android.permission.READ_PHONE_STATE
02-12 09:40:22.718  5336  5336 E ThemeUtils: View class com.tencent.qqlive.modules.vb.lottie.adapter.VBLottieAnimationView is an AppCompat widget that can only be used with a Theme.AppCompat theme (or descendant).
02-12 09:40:22.748  5336  5336 E ThemeUtils: View class com.tencent.qqlive.modules.vb.lottie.adapter.VBLottieAnimationView is an AppCompat widget that can only be used with a Theme.AppCompat theme (or descendant).
02-12 09:40:22.771  5533  6240 E ODK     : Could not get permission of android.permission.READ_PHONE_STATE
02-12 09:40:22.774  5336  5336 E HwViewGroupImpl: parse speed value length error
02-12 09:40:22.801  5336  5336 E ThemeUtils: View class com.tencent.qqlive.modules.vb.lottie.adapter.VBLottieAnimationView is an AppCompat widget that can only be used with a Theme.AppCompat theme (or descendant).
02-12 09:40:23.078  6069  6069 E JNI_DownloadProxy: initService
02-12 09:40:23.182  5336  5336 E RecyclerViewPager: poster View 1008.0 hight 567.0
02-12 09:40:23.196  5336  5336 E RecyclerViewPager: poster View 1008.0 hight 567.0
02-12 09:40:23.208  5336  5336 E CarouselCell: poster cell width = 1008 height = 567
02-12 09:40:23.218  5336  5336 E CarouselCell: poster cell width = 1008 height = 567
02-12 09:40:23.244  5336  5637 E memtrack: Couldn't load memtrack module
02-12 09:40:23.335  6069  6245 E ODK     : appkey in StatConfig.setAppKey() is null or exceed 256 bytes
02-12 09:40:23.386  5336  5336 E CarouselCell: poster cell width = 1008 height = 567
02-12 09:40:23.388  5336  5336 E CarouselCell: poster cell width = 1008 height = 567
02-12 09:40:23.425  6069  6475 E ODK     : getMid no mid class
02-12 09:40:23.430  6069  6475 E ODK     : Could not get permission of android.permission.READ_PHONE_STATE
02-12 09:40:23.433  5336  5998 E NetworkTypeUtil: Network getSubtypeName : LTE
02-12 09:40:23.433  5336  5998 E NetworkTypeUtil: Network getSubtype : 13
02-12 09:40:23.433  5336  5998 E NetworkTypeUtil: Network Type : 4
02-12 09:40:23.439  5336  5336 E NetworkTypeUtil: Network getSubtypeName : LTE
02-12 09:40:23.439  5336  5336 E NetworkTypeUtil: Network getSubtype : 13
02-12 09:40:23.439  5336  5336 E NetworkTypeUtil: Network Type : 4
02-12 09:40:23.446  6069  6418 E nt.qqlive:cach: No implementation found for int com.tencent.mobileqq.xps.x$d.bb(java.lang.String) (tried Java_com_tencent_mobileqq_xps_x_00024d_bb and Java_com_tencent_mobileqq_xps_x_00024d_bb__Ljava_lang_String_2)
02-12 09:40:23.456  5336  5989 E ODK     : error  connection num , currentConnectionNum : 0
02-12 09:40:23.496  6069  6475 E ODK     : Could not get permission of android.permission.READ_PHONE_STATE
02-12 09:40:23.611  5336  6425 E GVoiceAndroidLog: android.permission.INTERNET
02-12 09:40:23.611  5336  6425 E GVoiceAndroidLog: android.permission.ACCESS_NETWORK_STATE
02-12 09:40:23.611  5336  6425 E GVoiceAndroidLog: android.permission.ACCESS_WIFI_STATE
02-12 09:40:23.611  5336  6425 E GVoiceAndroidLog: android.permission.WRITE_EXTERNAL_STORAGE
02-12 09:40:23.611  5336  6425 E GVoiceAndroidLog: android.permission.READ_EXTERNAL_STORAGE
02-12 09:40:23.611  5336  6425 E GVoiceAndroidLog: android.permission.CHANGE_WIFI_STATE
02-12 09:40:23.611  5336  6425 E GVoiceAndroidLog: android.permission.RESTART_PACKAGES
02-12 09:40:23.611  5336  6425 E GVoiceAndroidLog: android.permission.READ_PHONE_STATE
02-12 09:40:23.611  5336  6425 E GVoiceAndroidLog: android.permission.WAKE_LOCK
02-12 09:40:23.611  5336  6425 E GVoiceAndroidLog: android.permission.DISABLE_KEYGUARD
02-12 09:40:23.612  5336  6425 E GVoiceAndroidLog: android.permission.GET_TASKS
02-12 09:40:23.612  5336  6425 E GVoiceAndroidLog: android.permission.BROADCAST_STICKY
02-12 09:40:23.612  5336  6425 E GVoiceAndroidLog: android.permission.WRITE_SETTINGS
02-12 09:40:23.612  5336  6425 E GVoiceAndroidLog: android.permission.REORDER_TASKS
02-12 09:40:23.759  5336  6425 E GCloudVoice: [2022-02-12 09:40:23 759] | Error | [GCloudVoice] |6425| av_config.cpp:123 |GetAndroidVoiceBinPath| path_str jstring get Null
02-12 09:40:23.759  5336  6425 E GCloudVoice: [2022-02-12 09:40:23 759] | Error | [GCloudVoice] |6425| av_config.cpp:238 |GetAndroidNSBinPath| path_str jstring get Null
02-12 09:40:23.759  5336  6425 E GCloudVoice: [2022-02-12 09:40:23 759] | Error | [GCloudVoice] |6425| av_config.cpp:161 |GetAndroid3DBinPath| path_str jstring get Null
02-12 09:40:23.759  5336  6425 E GCloudVoice: [2022-02-12 09:40:23 759] | Error | [GCloudVoice] |6425| av_config.cpp:199 |GetAndroidDAFXBinPath| path_str jstring get Null
02-12 09:40:23.759  5336  6425 E GCloudVoice: [2022-02-12 09:40:23 759] | Error | [GCloudVoice] |6425| av_config.cpp:276 |GetAndroidVPBinPath| path_str jstring get Null
02-12 09:40:23.760  5336  6425 E GCloudVoice: [2022-02-12 09:40:23 760] | Error | [GCloudVoice] |6425| av_config.cpp:84 |GetAndroidCfg| cfg jstring get Null
02-12 09:40:23.760  5336  6425 E GCloudVoice: [2022-02-12 09:40:23 760] | Error | [GCloudVoice] |6425| av_config.cpp:481 |InitFromConfigFile| Voice's configuration file [GCloudVoice/config.json] must be existed!
02-12 09:40:23.760  5336  5336 E GVoiceAndroidLog: BroadcastReceiver ACTION_HEADSET_PLUG onReceive bSetValue=true
02-12 09:40:23.763  5336  6425 E GCloudVoice: [2022-02-12 09:40:23 763] | Error | [GCloudVoice] |6425| av_config.cpp:1159 |GetConfigFromManifest| configValue_jstr is null
02-12 09:40:23.763  5336  6425 E GCloudVoice: [2022-02-12 09:40:23 763] | Error | [GCloudVoice] |6425| av_config.cpp:1159 |GetConfigFromManifest| configValue_jstr is null
02-12 09:40:23.764  5336  6425 E GCloudVoice: [2022-02-12 09:40:23 764] | Error | [GCloudVoice] |6425| av_config.cpp:1159 |GetConfigFromManifest| configValue_jstr is null
02-12 09:40:23.764  5336  6425 E GCloudVoice: [2022-02-12 09:40:23 764] | Error | [GCloudVoice] |6425| av_config.cpp:1159 |GetConfigFromManifest| configValue_jstr is null
02-12 09:40:23.765  5336  6425 E GCloudVoice: [2022-02-12 09:40:23 765] | Error | [GCloudVoice] |6425| av_config.cpp:1159 |GetConfigFromManifest| configValue_jstr is null
02-12 09:40:23.767  5336  6425 E GCloudVoice: [2022-02-12 09:40:23 767] | Error | [GCloudVoice] |6425| av_config.cpp:1159 |GetConfigFromManifest| configValue_jstr is null
02-12 09:40:23.768  5336  6425 E GCloudVoice: [2022-02-12 09:40:23 768] | Error | [GCloudVoice] |6425| av_config.cpp:1159 |GetConfigFromManifest| configValue_jstr is null
02-12 09:40:23.768  5336  6425 E GCloudVoice: [2022-02-12 09:40:23 768] | Error | [GCloudVoice] |6425| av_config.cpp:1159 |GetConfigFromManifest| configValue_jstr is null
02-12 09:40:23.768  5336  6425 E GCloudVoice: [2022-02-12 09:40:23 768] | Error | [GCloudVoice] |6425| GCloudVoiceEngine.cpp:542 |AndroidInit| Read config file error!
02-12 09:40:23.799  5336  5989 E ODK     : error  connection num , currentConnectionNum : 0
02-12 09:40:23.799  5336  5989 E ODK     : error  connection num , currentConnectionNum : 0
02-12 09:40:23.835  5336  6425 E IAudioFlinger: createRecord returned error -1
02-12 09:40:23.835  5336  6425 E AudioRecord: createRecord_l(22): AudioFlinger could not create record track, status: -1
02-12 09:40:23.835  5336  6425 E libOpenSLES: android_audioRecorder_realize(0x7b4a1ef000) error creating AudioRecord object; status -1
02-12 09:40:23.837  5336  6425 E GCloudVoice: [2022-02-12 09:40:23 837] | Error | [GCloudVoice] |6425| OpenSLESIO.cpp:632 |changeToNormalRecMode|  OpenSLESIO::openSLRecOpen  code  9
02-12 09:40:23.837  5336  6425 E GCloudVoice: [2022-02-12 09:40:23 837] | Error | [GCloudVoice] |6425| OpenSLESIO.cpp:986 |InitialRec| OpenSLESIO::InitialRec openSLRecOpen Error
02-12 09:40:23.837  5336  6425 E GCloudVoice: [2022-02-12 09:40:23 837] | Error | [GCloudVoice] |6425| AudCapSLES.cpp:118 |Init| CAudCapSLES::Init m_PlayStream is null 
02-12 09:40:23.861  5336  6425 E GCloudVoice: [2022-02-12 09:40:23 861] | Error | [GCloudVoice] |6425| AudRndSLES.cpp:170 |Init| framework| CAudRndSLES(0x7b6b44ec00).Init. With  sr = 16000 chn = 1 renderBufferFrame = 320, g_RenderBufferFrame = 320
02-12 09:40:23.909  5336  5336 E RecyclerViewPager: poster View 1008.0 hight 567.0
02-12 09:40:23.924  5336  5336 E RecyclerViewPager: poster View 1008.0 hight 567.0
02-12 09:40:23.931  5336  5336 E CarouselCell: poster cell width = 1008 height = 567
02-12 09:40:24.042  5336  5336 E CarouselCell: poster cell width = 1008 height = 567
02-12 09:40:24.068  5336  6625 E GCloudVoice: [2022-02-12 09:40:24 068] | Error | [GCloudVoice] |6625| GCloudVoiceEngine.cpp:3970 |OnApplyAuthKey| OnApplyAuthKey Succ
02-12 09:40:24.087  5336  6499 E UpgradeCommonTag: UpgradeRequest : result = {"code":0,"data":{"title":"","newFeature":"","publishTime":"0","updateTime":"0","updateStrategy":0,"grayType":0,"popTimes":0,"popInterval":"0","apkBasicInfo":null,"tacticsId":"","status":0,"remindType":0,"clientInfo":null,"extra":{}},"message":""}
02-12 09:40:24.090  5336  5644 E ThemeUtils: View class com.tencent.qqlive.modules.universal.commonview.primary.FeedTouchTextView is an AppCompat widget that can only be used with a Theme.AppCompat theme (or descendant).
02-12 09:40:24.091  5336  5639 E error   : CommonModel onProtocolRequestFinish
02-12 09:40:24.091  5336  5639 E error   : CommonModel onGetJceStruct
02-12 09:40:24.138  5336  5644 E ThemeUtils: View class com.tencent.qqlive.modules.universal.commonview.primary.FeedTouchTextView is an AppCompat widget that can only be used with a Theme.AppCompat theme (or descendant).
02-12 09:40:24.195  5336  5644 E ThemeUtils: View class com.tencent.qqlive.modules.universal.commonview.primary.FeedTouchTextView is an AppCompat widget that can only be used with a Theme.AppCompat theme (or descendant).
02-12 09:40:24.206  5336  6600 E GVoiceAndroidLog: Java body size is 120
02-12 09:40:24.206  5336  6600 E GCloudVoice: [2022-02-12 09:40:24 206] | Error | [GCloudVoice] |6600| GCloudVoiceConfig.cpp:1055 |RecvResponse| No config_items Node
02-12 09:40:24.206  5336  6600 E GCloudVoice: [2022-02-12 09:40:24 206] | Error | [GCloudVoice] |6600| GCloudVoiceEngine.cpp:1819 |CheckServerAddrConfig| GetServerAddrConfig failed: 2
02-12 09:40:24.214  5336  6592 E GCloudVoice: [2022-02-12 09:40:24 214] | Error | [GCloudVoice] |6592| GCloudVoiceEngine.cpp:1819 |CheckServerAddrConfig| GetServerAddrConfig failed: 2
02-12 09:40:24.238  5336  5336 E ThemeUtils: View class com.tencent.qqlive.modules.vb.lottie.adapter.VBLottieAnimationView is an AppCompat widget that can only be used with a Theme.AppCompat theme (or descendant).
02-12 09:40:24.289  5336  5336 E ThemeUtils: View class com.tencent.qqlive.modules.vb.lottie.adapter.VBLottieAnimationView is an AppCompat widget that can only be used with a Theme.AppCompat theme (or descendant).
02-12 09:40:24.418  5336  6663 E RMonitor_launch_report: report fail for you should set PROPERTY_KEY_APP_INSTANCE. you should set PROPERTY_KEY_APP_ID. we can not get your app version, you should set PROPERTY_KEY_APP_VERSION 
02-12 09:40:24.603  6069  6440 E TMAssistantSDK: SDK尚未初始化，请先调用初始化方法，否则会出现异常。详细使用方法请参考《腾讯应用宝自更新SDK使用指南.doc》
02-12 09:40:24.718  5336  5523 E ThemeUtils: View class com.tencent.qqlive.modules.universal.commonview.primary.FeedTouchTextView is an AppCompat widget that can only be used with a Theme.AppCompat theme (or descendant).
02-12 09:40:24.741  5336  5523 E ThemeUtils: View class com.tencent.qqlive.modules.universal.commonview.primary.FeedTouchTextView is an AppCompat widget that can only be used with a Theme.AppCompat theme (or descendant).
02-12 09:40:24.746  5336  5523 E ThemeUtils: View class com.tencent.qqlive.modules.universal.commonview.primary.FeedTouchTextView is an AppCompat widget that can only be used with a Theme.AppCompat theme (or descendant).
02-12 09:40:24.757  5336  5523 E ThemeUtils: View class com.tencent.qqlive.modules.universal.commonview.primary.FeedTouchTextView is an AppCompat widget that can only be used with a Theme.AppCompat theme (or descendant).
02-12 09:40:24.781  5336  5523 E ThemeUtils: View class com.tencent.qqlive.modules.universal.commonview.primary.FeedTouchTextView is an AppCompat widget that can only be used with a Theme.AppCompat theme (or descendant).
02-12 09:40:24.795  5336  5499 E NetWorkTask: run: nacState = 2, taskAddress = TaskAddress{mDestDomain='acc.qq.com', mDestIp='2408:8756:3af0:10::194', mDestPort='80', mPath='null', mCmdId=0, mRequestUrl='', mForceIpDirect=false}
02-12 09:40:24.798  5336  5523 E ThemeUtils: View class com.tencent.qqlive.modules.universal.commonview.primary.FeedTouchTextView is an AppCompat widget that can only be used with a Theme.AppCompat theme (or descendant).
02-12 09:40:24.814  5336  5523 E ThemeUtils: View class com.tencent.qqlive.modules.universal.commonview.primary.FeedTouchTextView is an AppCompat widget that can only be used with a Theme.AppCompat theme (or descendant).
02-12 09:40:24.869  5336  5336 E ThemeUtils: View class com.tencent.qqlive.modules.vb.lottie.adapter.VBLottieAnimationView is an AppCompat widget that can only be used with a Theme.AppCompat theme (or descendant).
02-12 09:40:24.892  5336  5336 E ThemeUtils: View class com.tencent.qqlive.modules.vb.lottie.adapter.VBLottieAnimationView is an AppCompat widget that can only be used with a Theme.AppCompat theme (or descendant).
02-12 09:40:25.326  5336  6112 E memtrack: Couldn't load memtrack module
02-12 09:40:25.967  5336  5989 E ODK     : Could not get permission of android.permission.READ_PHONE_STATE
02-12 09:40:26.061  5336  6080 E MMKV    : <MMKV.cpp:554::getBytes> InvalidProtocolBuffer negativeSize
02-12 09:40:26.391  6069  6476 E nt.qqlive:cach: No implementation found for int com.tencent.mobileqq.xps.x$d.bb(java.lang.String) (tried Java_com_tencent_mobileqq_xps_x_00024d_bb and Java_com_tencent_mobileqq_xps_x_00024d_bb__Ljava_lang_String_2)
02-12 09:40:27.139  5336  5989 E ODK     : error  connection num , currentConnectionNum : 0
02-12 09:40:27.139  5336  5989 E ODK     : error  connection num , currentConnectionNum : 0
02-12 09:40:28.451  5336  6112 E memtrack: Couldn't load memtrack module
02-12 09:40:31.596  5336  6110 E memtrack: Couldn't load memtrack module
02-12 09:40:34.677  5336  6110 E memtrack: Couldn't load memtrack module
02-12 09:41:46.290  5336  6192 E imsdk   : TIM: |-channel.cpp:408                         NotifyReadWriteError                    |Error occurred when reading or writing network data|channel id:1|error code:9508|error msg:ERR_CONNECTION_ABORTED
02-12 09:41:46.472  5336  5336 E TXImageView: loadImageFail, url = default_url, Unsupported uri scheme! Uri is: 
02-12 09:41:46.472  5336  5336 E TXImageView: java.lang.IllegalArgumentException: Unsupported uri scheme! Uri is: 
02-12 09:41:46.472  5336  5336 E TXImageView: 	at com.facebook.imagepipeline.core.ProducerSequenceFactory.getBasicDecodedImageSequence(Unknown Source:375)
02-12 09:41:46.472  5336  5336 E TXImageView: 	at com.facebook.imagepipeline.core.ProducerSequenceFactory.getDecodedImageProducerSequence(Unknown Source:310)
02-12 09:41:46.472  5336  5336 E TXImageView: 	at com.facebook.imagepipeline.core.ImagePipeline.fetchDecodedImage(Unknown Source:329)
02-12 09:41:46.472  5336  5336 E TXImageView: 	at com.facebook.drawee.backends.pipeline.PipelineDraweeControllerBuilder.getDataSourceForRequest(Unknown Source:168)
02-12 09:41:46.472  5336  5336 E TXImageView: 	at com.facebook.drawee.backends.pipeline.PipelineDraweeControllerBuilder.getDataSourceForRequest(Unknown Source:42)
02-12 09:41:46.472  5336  5336 E TXImageView: 	at com.facebook.drawee.controller.AbstractDraweeControllerBuilder$2.get(Unknown Source:421)
02-12 09:41:46.472  5336  5336 E TXImageView: 	at com.facebook.drawee.controller.AbstractDraweeControllerBuilder$2.get(Unknown Source:418)
02-12 09:41:46.472  5336  5336 E TXImageView: 	at com.facebook.drawee.backends.pipeline.PipelineDraweeController.getDataSource(Unknown Source:264)
02-12 09:41:46.472  5336  5336 E TXImageView: 	at com.facebook.drawee.controller.AbstractDraweeController.submitRequest(Unknown Source:572)
02-12 09:41:46.472  5336  5336 E TXImageView: 	at com.facebook.drawee.controller.AbstractDraweeController.onAttach(Unknown Source:467)
02-12 09:41:46.472  5336  5336 E TXImageView: 	at com.facebook.drawee.view.DraweeHolder.attachController(Unknown Source:252)
02-12 09:41:46.472  5336  5336 E TXImageView: 	at com.facebook.drawee.view.DraweeHolder.attachOrDetachController(Unknown Source:269)
02-12 09:41:46.472  5336  5336 E TXImageView: 	at com.facebook.drawee.view.DraweeHolder.onVisibilityChange(Unknown Source:138)
02-12 09:41:46.472  5336  5336 E TXImageView: 	at com.facebook.drawee.generic.RootDrawable.setVisible(Unknown Source:67)
02-12 09:41:46.472  5336  5336 E TXImageView: 	at android.widget.ImageView.onVisibilityAggregated(ImageView.java:1848)
02-12 09:41:46.472  5336  5336 E TXImageView: 	at com.tencent.qqlive.imagelib.view.TXImageView.onVisibilityAggregated(Unknown Source:358)
02-12 09:41:46.472  5336  5336 E TXImageView: 	at android.view.View.dispatchVisibilityAggregated(View.java:14104)
02-12 09:41:46.472  5336  5336 E TXImageView: 	at android.view.ViewGroup.dispatchVisibilityAggregated(ViewGroup.java:1648)
02-12 09:41:46.472  5336  5336 E TXImageView: 	at android.view.ViewGroup.dispatchVisibilityAggregated(ViewGroup.java:1648)
02-12 09:41:46.472  5336  5336 E TXImageView: 	at android.view.ViewGroup.dispatchVisibilityAggregated(ViewGroup.java:1648)
02-12 09:41:46.472  5336  5336 E TXImageView: 	at android.view.ViewGroup.dispatchVisibilityAggregated(ViewGroup.java:1648)
02-12 09:41:46.472  5336  5336 E TXImageView: 	at android.view.ViewGroup.dispatchVisibilityAggregated(ViewGroup.java:1648)
02-12 09:41:46.472  5336  5336 E TXImageView: 	at android.view.ViewGroup.dispatchVisibilityAggregated(ViewGroup.java:1648)
02-12 09:41:46.472  5336  5336 E TXImageView: 	at android.view.ViewRootImpl.performTraversals(ViewRootImpl.java:2584)
02-12 09:41:46.472  5336  5336 E TXImageView: 	at android.view.ViewRootImpl.doTraversal(ViewRootImpl.java:2166)
02-12 09:41:46.472  5336  5336 E TXImageView: 	at android.view.ViewRootImpl$TraversalRunnable.run(ViewRootImpl.java:8884)
02-12 09:41:46.472  5336  5336 E TXImageView: 	at android.view.Choreographer$CallbackRecord.run(Choreographer.java:1280)
02-12 09:41:46.472  5336  5336 E TXImageView: 	at android.view.Choreographer.doCallbacks(Choreographer.java:1019)
02-12 09:41:46.472  5336  5336 E TXImageView: 	at android.view.Choreographer.doFrame(Choreographer.java:911)
02-12 09:41:46.472  5336  5336 E TXImageView: 	at android.view.Choreographer$FrameDisplayEventReceiver.run(Choreographer.java:1248)
02-12 09:41:46.472  5336  5336 E TXImageView: 	at android.os.Handler.handleCallback(Handler.java:900)
02-12 09:41:46.472  5336  5336 E TXImageView: 	at android.os.Handler.dispatchMessage(Handler.java:103)
02-12 09:41:46.472  5336  5336 E TXImageView: 	at android.os.Looper.loop(Looper.java:219)
02-12 09:41:46.472  5336  5336 E TXImageView: 	at com.tencent.qqlive.whitecrash.CrashCatcher$1.run(Unknown Source:65)
02-12 09:41:46.472  5336  5336 E TXImageView: 	at android.os.Handler.handleCallback(Handler.java:900)
02-12 09:41:46.472  5336  5336 E TXImageView: 	at android.os.Handler.dispatchMessage(Handler.java:103)
02-12 09:41:46.472  5336  5336 E TXImageView: 	at android.os.Looper.loop(Looper.java:219)
02-12 09:41:46.472  5336  5336 E TXImageView: 	at android.app.ActivityThread.main(ActivityThread.java:8668)
02-12 09:41:46.472  5336  5336 E TXImageView: 	at java.lang.reflect.Method.invoke(Native Method)
02-12 09:41:46.472  5336  5336 E TXImageView: 	at com.android.internal.os.RuntimeInit$MethodAndArgsCaller.run(RuntimeInit.java:513)
02-12 09:41:46.472  5336  5336 E TXImageView: 	at com.android.internal.os.ZygoteInit.main(ZygoteInit.java:1109)
02-12 09:41:46.509  5336  5502 E 2g.outt : init
02-12 09:41:46.578  5336  5989 E ODK     : Could not get permission of android.permission.READ_PHONE_STATE
02-12 09:41:46.615  5336  6110 E memtrack: Couldn't load memtrack module
02-12 09:41:46.617  5336  6080 E MMKV    : <MMKV.cpp:554::getBytes> InvalidProtocolBuffer negativeSize
02-12 09:41:46.632  5336  7409 E NetWorkTask: run: nacState = 2, taskAddress = TaskAddress{mDestDomain='acc.qq.com', mDestIp='2408:8756:3af0:10::194', mDestPort='80', mPath='null', mCmdId=0, mRequestUrl='', mForceIpDirect=false}
02-12 09:41:46.852  5336  7409 E error   : CommonModel onProtocolRequestFinish
02-12 09:41:46.852  5336  7409 E error   : CommonModel onGetJceStruct
02-12 09:41:47.060  5336  5336 E NetworkReceiver: 3G/4G avaiable!
02-12 09:41:47.060  5336  5336 E NetworkReceiver: Last Type: 0
02-12 09:41:47.146  7523  7523 E libc    : Access denied finding property "persist.device_config.runtime_native.use_app_image_startup_cache"
02-12 09:41:47.146  7523  7523 E e:wnsnetservic: LoadAppImageStartupCache enabled : 1
02-12 09:41:47.148  7523  7523 E e:wnsnetservic: Not starting debugger since process cannot load the jdwp agent.
02-12 09:41:47.238  5336  5336 E ThemeUtils: View class com.tencent.qqlive.modules.vb.lottie.adapter.VBLottieAnimationView is an AppCompat widget that can only be used with a Theme.AppCompat theme (or descendant).
02-12 09:41:47.254  5336  5336 E ThemeUtils: View class com.tencent.qqlive.modules.vb.lottie.adapter.VBLottieAnimationView is an AppCompat widget that can only be used with a Theme.AppCompat theme (or descendant).
02-12 09:41:47.269  5336  5336 E DataBinding: make sure you want to bind TXImageView to com.tencent.qqlive.ona.activity.SplashHomeActivity@e7d54d1
02-12 09:41:47.271  5336  5336 E DataBinding: make sure you want to bind TXImageView to com.tencent.qqlive.ona.activity.SplashHomeActivity@e7d54d1
02-12 09:41:47.271  5336  5336 E DataBinding: make sure you want to bind TextView to com.tencent.qqlive.ona.activity.SplashHomeActivity@e7d54d1
02-12 09:41:47.339  7523  7523 E ApplicationProcessUtils: ApplicationWrapper:attachBaseContext: process = com.tencent.qqlive:wnsnetservice, processType = 18
02-12 09:41:47.361  7523  7523 E QQLiveXLogger: new:com.tencent.qqlive:wnsnetservice,wnsnetservice
02-12 09:41:47.386  7523  7583 E SQLiteLog: (1) no such table: OnePrefs_UpdatePrefsFile
02-12 09:41:47.440  5336  5336 E DataBinding: make sure you want to bind TXImageView to com.tencent.qqlive.ona.activity.SplashHomeActivity@e7d54d1
02-12 09:41:47.440  5336  5336 E DataBinding: make sure you want to bind TXImageView to com.tencent.qqlive.ona.activity.SplashHomeActivity@e7d54d1
02-12 09:41:47.440  5336  5336 E DataBinding: make sure you want to bind TextView to com.tencent.qqlive.ona.activity.SplashHomeActivity@e7d54d1
02-12 09:41:47.477  5336  7555 E libc    : Access denied finding property "net.dns1"
02-12 09:41:47.507  5336  7555 E TBSBugly: init #00
02-12 09:41:47.507  5336  7555 E TBSBugly: init return can not use
02-12 09:41:47.543  5336  7555 E libc    : Access denied finding property "net.dns1"
02-12 09:41:47.617  5336  7641 E libc    : Access denied finding property "net.dns1"
02-12 09:41:47.630  5336  7641 E libc    : Access denied finding property "net.dns1"
02-12 09:41:47.756  5336  5336 E DataBinding: make sure you want to bind TXImageView to com.tencent.qqlive.ona.activity.SplashHomeActivity@e7d54d1
02-12 09:41:47.757  5336  5336 E DataBinding: make sure you want to bind TXImageView to com.tencent.qqlive.ona.activity.SplashHomeActivity@e7d54d1
02-12 09:41:47.757  5336  5336 E DataBinding: make sure you want to bind TextView to com.tencent.qqlive.ona.activity.SplashHomeActivity@e7d54d1
02-12 09:41:47.860  5336  7625 E libc    : Access denied finding property "net.dns1"
02-12 09:41:47.902  5336  7694 E libc    : Access denied finding property "net.dns1"
02-12 09:41:47.907  5336  7694 E libc    : Access denied finding property "net.dns1"
02-12 09:41:47.979  5336  7673 E memtrack: Couldn't load memtrack module
02-12 09:41:48.607  5336  5336 E TXImageView: loadImageFail, url = default_url, Unsupported uri scheme! Uri is: 
02-12 09:41:48.607  5336  5336 E TXImageView: java.lang.IllegalArgumentException: Unsupported uri scheme! Uri is: 
02-12 09:41:48.607  5336  5336 E TXImageView: 	at com.facebook.imagepipeline.core.ProducerSequenceFactory.getBasicDecodedImageSequence(Unknown Source:375)
02-12 09:41:48.607  5336  5336 E TXImageView: 	at com.facebook.imagepipeline.core.ProducerSequenceFactory.getDecodedImageProducerSequence(Unknown Source:310)
02-12 09:41:48.607  5336  5336 E TXImageView: 	at com.facebook.imagepipeline.core.ImagePipeline.fetchDecodedImage(Unknown Source:329)
02-12 09:41:48.607  5336  5336 E TXImageView: 	at com.facebook.drawee.backends.pipeline.PipelineDraweeControllerBuilder.getDataSourceForRequest(Unknown Source:168)
02-12 09:41:48.607  5336  5336 E TXImageView: 	at com.facebook.drawee.backends.pipeline.PipelineDraweeControllerBuilder.getDataSourceForRequest(Unknown Source:42)
02-12 09:41:48.607  5336  5336 E TXImageView: 	at com.facebook.drawee.controller.AbstractDraweeControllerBuilder$2.get(Unknown Source:421)
02-12 09:41:48.607  5336  5336 E TXImageView: 	at com.facebook.drawee.controller.AbstractDraweeControllerBuilder$2.get(Unknown Source:418)
02-12 09:41:48.607  5336  5336 E TXImageView: 	at com.facebook.drawee.backends.pipeline.PipelineDraweeController.getDataSource(Unknown Source:264)
02-12 09:41:48.607  5336  5336 E TXImageView: 	at com.facebook.drawee.controller.AbstractDraweeController.submitRequest(Unknown Source:572)
02-12 09:41:48.607  5336  5336 E TXImageView: 	at com.facebook.drawee.controller.AbstractDraweeController.onAttach(Unknown Source:467)
02-12 09:41:48.607  5336  5336 E TXImageView: 	at com.facebook.drawee.view.DraweeHolder.attachController(Unknown Source:252)
02-12 09:41:48.607  5336  5336 E TXImageView: 	at com.facebook.drawee.view.DraweeHolder.attachOrDetachController(Unknown Source:269)
02-12 09:41:48.607  5336  5336 E TXImageView: 	at com.facebook.drawee.view.DraweeHolder.onVisibilityChange(Unknown Source:138)
02-12 09:41:48.607  5336  5336 E TXImageView: 	at com.facebook.drawee.generic.RootDrawable.setVisible(Unknown Source:67)
02-12 09:41:48.607  5336  5336 E TXImageView: 	at android.widget.ImageView.onVisibilityAggregated(ImageView.java:1848)
02-12 09:41:48.607  5336  5336 E TXImageView: 	at com.tencent.qqlive.imagelib.view.TXImageView.onVisibilityAggregated(Unknown Source:358)
02-12 09:41:48.607  5336  5336 E TXImageView: 	at android.view.View.dispatchVisibilityAggregated(View.java:14104)
02-12 09:41:48.607  5336  5336 E TXImageView: 	at android.view.ViewGroup.dispatchVisibilityAggregated(ViewGroup.java:1648)
02-12 09:41:48.607  5336  5336 E TXImageView: 	at android.view.ViewGroup.dispatchVisibilityAggregated(ViewGroup.java:1648)
02-12 09:41:48.607  5336  5336 E TXImageView: 	at android.view.ViewGroup.dispatchVisibilityAggregated(ViewGroup.java:1648)
02-12 09:41:48.607  5336  5336 E TXImageView: 	at android.view.ViewGroup.dispatchVisibilityAggregated(ViewGroup.java:1648)
02-12 09:41:48.607  5336  5336 E TXImageView: 	at android.view.View.setFlags(View.java:15707)
02-12 09:41:48.607  5336  5336 E TXImageView: 	at android.view.View.setVisibility(View.java:11102)
02-12 09:41:48.607  5336  5336 E TXImageView: 	at com.tencent.qqlive.recycler.layout.AdaptiveLayoutManager.layoutChildAtPosition(Unknown Source:758)
02-12 09:41:48.607  5336  5336 E TXImageView: 	at com.tencent.qqlive.recycler.layout.AdaptiveLayoutManager.layoutChild(Unknown Source:745)
02-12 09:41:48.607  5336  5336 E TXImageView: 	at com.tencent.qqlive.recycler.layout.AdaptiveLayoutManager.fill(Unknown Source:643)
02-12 09:41:48.607  5336  5336 E TXImageView: 	at com.tencent.qqlive.recycler.layout.AdaptiveLayoutManager.innerScrollBy(Unknown Source:294)
02-12 09:41:48.607  5336  5336 E TXImageView: 	at com.tencent.qqlive.recycler.layout.AdaptiveLayoutManager.scrollBy(Unknown Source:279)
02-12 09:41:48.607  5336  5336 E TXImageView: 	at com.tencent.qqlive.recycler.layout.AdaptiveLayoutManager.scrollVerticallyBy(Unknown Source:274)
02-12 09:41:48.607  5336  5336 E TXImageView: 	at androidx.recyclerview.widget.RecyclerView.scrollStep(Unknown Source:1972)
02-12 09:41:48.607  5336  5336 E TXImageView: 	at androidx.recyclerview.widget.RecyclerView$ViewFlinger.run(Unknown Source:5476)
02-12 09:41:48.607  5336  5336 E TXImageView: 	at android.view.Choreographer$CallbackRecord.run(Choreographer.java:1280)
02-12 09:41:48.607  5336  5336 E TXImageView: 	at android.view.Choreographer.doCallbacks(Choreographer.java:1019)
02-12 09:41:48.607  5336  5336 E TXImageView: 	at android.view.Choreographer.doFrame(Choreographer.java:907)
02-12 09:41:48.607  5336  5336 E TXImageView: 	at android.view.Choreographer$FrameDisplayEventReceiver.run(Choreographer.java:1248)
02-12 09:41:48.607  5336  5336 E TXImageView: 	at android.os.Handler.handleCallback(Handler.java:900)
02-12 09:41:48.607  5336  5336 E TXImageView: 	at android.os.Handler.dispatchMessage(Handler.java:103)
02-12 09:41:48.607  5336  5336 E TXImageView: 	at android.os.Looper.loop(Looper.java:219)
02-12 09:41:48.607  5336  5336 E TXImageView: 	at com.tencent.qqlive.whitecrash.CrashCatcher$1.run(Unknown Source:65)
02-12 09:41:48.607  5336  5336 E TXImageView: 	at android.os.Handler.handleCallback(Handler.java:900)
02-12 09:41:48.607  5336  5336 E TXImageView: 	at android.os.Handler.dispatchMessage(Handler.java:103)
02-12 09:41:48.607  5336  5336 E TXImageView: 	at android.os.Looper.loop(Looper.java:219)
02-12 09:41:48.607  5336  5336 E TXImageView: 	at android.app.ActivityThread.main(ActivityThread.java:8668)
02-12 09:41:48.607  5336  5336 E TXImageView: 	at java.lang.reflect.Method.invoke(Native Method)
02-12 09:41:48.607  5336  5336 E TXImageView: 	at com.android.internal.os.RuntimeInit$MethodAndArgsCaller.run(RuntimeInit.java:513)
02-12 09:41:48.607  5336  5336 E TXImageView: 	at com.android.internal.os.ZygoteInit.main(ZygoteInit.java:1109)
02-12 09:41:48.700  5336  7759 E HMSSDK_Util: In isAvailableLibExist, Failed to read meta data for the availableLoaded.
02-12 09:41:48.908  7792  7792 E libc    : Access denied finding property "persist.device_config.runtime_native.use_app_image_startup_cache"
02-12 09:41:48.908  7792  7792 E :xg_vip_servic: LoadAppImageStartupCache enabled : 1
02-12 09:41:48.910  7792  7792 E :xg_vip_servic: Not starting debugger since process cannot load the jdwp agent.
02-12 09:41:48.969  7813  7813 E libc    : Access denied finding property "persist.device_config.runtime_native.use_app_image_startup_cache"
