02-12 09:41:48.969  7813  7813 E .qqlive:webvie: LoadAppImageStartupCache enabled : 1
02-12 09:41:48.973  7813  7813 E .qqlive:webvie: Not starting debugger since process cannot load the jdwp agent.
02-12 09:41:49.049  7792  7792 E ApplicationProcessUtils: ApplicationWrapper:attachBaseContext: process = com.tencent.qqlive:xg_vip_service, processType = 18
02-12 09:41:49.063  7792  7792 E QQLiveXLogger: new:com.tencent.qqlive:xg_vip_service,xg_vip_service
02-12 09:41:49.080  7792  7857 E SQLiteLog: (1) no such table: OnePrefs_UpdatePrefsFile
02-12 09:41:49.098  7813  7813 E ApplicationProcessUtils: ApplicationWrapper:attachBaseContext: process = com.tencent.qqlive:webview, processType = 18
02-12 09:41:49.121  7813  7813 E QQLiveXLogger: new:com.tencent.qqlive:webview,webview
02-12 09:41:49.164  7813  7895 E SQLiteLog: (1) no such table: OnePrefs_UpdatePrefsFile
02-12 09:41:49.535  5336  5336 E UIController: initView:2131435562,root:com.tencent.qqlive.ona.player.view.PlayerView{e3b081f V.E...... ......I. 0,0-0,0 #7f0b22a8 app:id/arg}
02-12 09:41:49.535  5336  5336 E UIController: mPlayerContainerView:com.tencent.qqlive.ona.player.view.PlayerControllerView{c037edb V.E...... ......I. 0,0-0,0 #7f0b202a app:id/arg}
02-12 09:41:49.625  5336  5336 E ThemeUtils: View class com.tencent.qqlive.ona.player.view.SendPresentImageView is an AppCompat widget that can only be used with a Theme.AppCompat theme (or descendant).
02-12 09:41:49.646  5336  5336 E ThemeUtils: View class com.tencent.qqlive.modules.vb.lottie.adapter.VBLottieAnimationView is an AppCompat widget that can only be used with a Theme.AppCompat theme (or descendant).
02-12 09:41:49.712  5336  5336 E ThemeUtils: View class com.airbnb.lottie.LottieAnimationView is an AppCompat widget that can only be used with a Theme.AppCompat theme (or descendant).
02-12 09:41:49.724  5336  7742 E NetWorkTask: run: nacState = 2, taskAddress = TaskAddress{mDestDomain='acc.qq.com', mDestIp='2408:8756:3af0:10::194', mDestPort='80', mPath='null', mCmdId=0, mRequestUrl='', mForceIpDirect=false}
02-12 09:41:49.726  5336  6110 E memtrack: Couldn't load memtrack module
02-12 09:41:49.730  5336  5336 E ThemeUtils: View class com.tencent.qqlive.modules.vb.lottie.adapter.VBLottieAnimationView is an AppCompat widget that can only be used with a Theme.AppCompat theme (or descendant).
02-12 09:41:49.841  5336  5336 E ThemeUtils: View class com.tencent.qqlive.ona.vip.view.CastTVHintLowLevelView is an AppCompat widget that can only be used with a Theme.AppCompat theme (or descendant).
02-12 09:41:49.849  5336  7984 E ThemeUtils: View class com.tencent.qqlive.modules.vb.lottie.adapter.VBLottieAnimationView is an AppCompat widget that can only be used with a Theme.AppCompat theme (or descendant).
02-12 09:41:49.852  5336  7984 E ThemeUtils: View class com.tencent.qqlive.modules.vb.lottie.adapter.VBLottieAnimationView is an AppCompat widget that can only be used with a Theme.AppCompat theme (or descendant).
02-12 09:41:49.938  5336  7984 E ThemeUtils: View class com.tencent.qqlive.modules.vb.lottie.adapter.VBLottieAnimationView is an AppCompat widget that can only be used with a Theme.AppCompat theme (or descendant).
02-12 09:41:49.945  5336  7984 E ThemeUtils: View class com.tencent.qqlive.modules.vb.lottie.adapter.VBLottieAnimationView is an AppCompat widget that can only be used with a Theme.AppCompat theme (or descendant).
02-12 09:41:50.641  5336  7416 E NetWorkTask: run: nacState = 2, taskAddress = TaskAddress{mDestDomain='acc.qq.com', mDestIp='2408:8756:3af0:10::194', mDestPort='80', mPath='null', mCmdId=0, mRequestUrl='', mForceIpDirect=false}
02-12 09:41:51.013  8086  8086 E libc    : Access denied finding property "persist.device_config.runtime_native.use_app_image_startup_cache"
02-12 09:41:51.013  8086  8086 E nt.qqlive:mini: LoadAppImageStartupCache enabled : 1
02-12 09:41:51.015  8086  8086 E nt.qqlive:mini: Not starting debugger since process cannot load the jdwp agent.
02-12 09:41:51.139  5336  7416 E NetWorkTask: run: nacState = 2, taskAddress = TaskAddress{mDestDomain='acc.qq.com', mDestIp='2408:8756:3af0:10::194', mDestPort='80', mPath='null', mCmdId=0, mRequestUrl='', mForceIpDirect=false}
02-12 09:41:51.200  5336  7737 E Handler : This is not main thread, and the caller should invoke Looper.prepare()  and Looper.loop()called byandroid.os.Handler.<init>:122 android.telephony.SubscriptionManager$OnSubscriptionsChangedListener$OnSubscriptionsChangedListenerHandler.<init>:950 android.telephony.SubscriptionManager$OnSubscriptionsChangedListener.<init>:969 com.tencent.qqlive.ona.phonegateway.internal.SimStateDetect$1.<init>:45 com.tencent.qqlive.ona.phonegateway.internal.SimStateDetect.startDetect:44 com.tencent.qqlive.ona.phonegateway.PhoneGateWay.init:62 com.tencent.qqlive.ona.init.taskv2.PhoneGatewayInitTask.lambda$execute$0:21 com.tencent.qqlive.ona.init.taskv2.-$$Lambda$PhoneGatewayInitTask$5rT0461EfA7QgCpo9za1Te7QzBM.run:0 
02-12 09:41:51.272  5336  7416 E error   : CommonModel onProtocolRequestFinish
02-12 09:41:51.272  5336  7416 E error   : CommonModel onGetJceStruct
02-12 09:41:51.311  8086  8086 E ApplicationProcessUtils: ApplicationWrapper:attachBaseContext: process = com.tencent.qqlive:mini1, processType = 18
02-12 09:41:51.333  8086  8086 E QQLiveXLogger: new:com.tencent.qqlive:mini1,mini1
02-12 09:41:51.349  8086  8154 E SQLiteLog: (1) no such table: OnePrefs_UpdatePrefsFile
02-12 09:41:52.510  5336  7737 E error   : CommonPreGetNextPageModel onProtocolRequestFinish
02-12 09:41:52.541  5336  7738 E error   : CommonPreGetNextPageModel onProtocolRequestFinish
02-12 09:41:52.613  5336  7742 E error   : CommonPreGetNextPageModel onProtocolRequestFinish
02-12 09:41:52.640  5336  5336 E AwareLog: DynBufManager: endFling hash null
02-12 09:41:52.792  8253  8253 E libc    : Access denied finding property "persist.device_config.runtime_native.use_app_image_startup_cache"
02-12 09:41:52.792  8253  8253 E :wxa_container: LoadAppImageStartupCache enabled : 1
02-12 09:41:52.794  8253  8253 E :wxa_container: Not starting debugger since process cannot load the jdwp agent.
02-12 09:41:52.854  5336  6109 E memtrack: Couldn't load memtrack module
02-12 09:41:52.897  8253  8253 E ApplicationProcessUtils: ApplicationWrapper:attachBaseContext: process = com.tencent.qqlive:wxa_container0, processType = 18
02-12 09:41:52.911  8253  8253 E QQLiveXLogger: new:com.tencent.qqlive:wxa_container0,wxa_container0
02-12 09:41:52.924  8253  8309 E SQLiteLog: (1) no such table: OnePrefs_UpdatePrefsFile
02-12 09:41:52.944  8253  8253 E VFS.FileSystemManager: Invalid parcel file size: 0
02-12 09:41:52.985  8253  8253 E XWeb.SDK.ReflectionUtils: [, , 8253]:invokeStatic, error:java.lang.ClassNotFoundException: com.tencent.xweb.x5.X5WebFactory
02-12 09:41:53.474  5336  5510 E NetworkTypeUtil: Network getSubtypeName : LTE
02-12 09:41:53.474  5336  5510 E NetworkTypeUtil: Network getSubtype : 13
02-12 09:41:53.474  5336  5510 E NetworkTypeUtil: Network Type : 4
02-12 09:41:53.643  5336  8395 E UpgradeCommonTag: UpgradeRequest : result = {"code":0,"data":{"title":"","newFeature":"","publishTime":"0","updateTime":"0","updateStrategy":0,"grayType":0,"popTimes":0,"popInterval":"0","apkBasicInfo":null,"tacticsId":"","status":0,"remindType":0,"clientInfo":null,"extra":{}},"message":""}
02-12 09:41:54.157  6069  6440 E TMAssistantSDK: SDK尚未初始化，请先调用初始化方法，否则会出现异常。详细使用方法请参考《腾讯应用宝自更新SDK使用指南.doc》
02-12 09:41:54.403  8253  8253 E NTransXweb: NTransManager_Bind xweb78 bind to 0x0x7c36ab7240
02-12 09:41:54.403  8253  8253 E xxx     : xweb 78 bind native manager 0x36ab7240
02-12 09:41:55.957  5336  6110 E memtrack: Couldn't load memtrack module
02-12 09:41:56.725  5336  7416 E LogUploadManager: start upload1
